 BinaryTree

 Timestamp is 5c400c66 (Wed Jan 16 21:02:30 2019)

 Preferred load address is 00400000

 Start         Length     Name                   Class
 0001:00000000 00010000H .textbss                DATA
 0002:00000000 000064b0H .text$mn                CODE
 0002:000064b0 000010faH .text$x                 CODE
 0003:00000000 00000104H .CRT$XCA                DATA
 0003:00000104 00000104H .CRT$XCAA               DATA
 0003:00000208 00000104H .CRT$XCZ                DATA
 0003:0000030c 00000104H .CRT$XIA                DATA
 0003:00000410 00000104H .CRT$XIAA               DATA
 0003:00000514 00000104H .CRT$XIAC               DATA
 0003:00000618 00000104H .CRT$XIZ                DATA
 0003:0000071c 00000104H .CRT$XPA                DATA
 0003:00000820 00000104H .CRT$XPZ                DATA
 0003:00000924 00000104H .CRT$XTA                DATA
 0003:00000a28 00000108H .CRT$XTZ                DATA
 0003:00000b30 00000c94H .rdata                  DATA
 0003:000017c4 00000328H .rdata$r                DATA
 0003:00001aec 0000019cH .rdata$zzzdbg           DATA
 0003:00001c88 00000104H .rtc$IAA                DATA
 0003:00001d8c 0000010cH .rtc$IMZ                DATA
 0003:00001e98 00000104H .rtc$IZZ                DATA
 0003:00001f9c 00000104H .rtc$TAA                DATA
 0003:000020a0 0000010cH .rtc$TMZ                DATA
 0003:000021ac 00000104H .rtc$TZZ                DATA
 0003:000022b0 00000305H .xdata$x                DATA
 0003:000025b5 00000000H .edata                  DATA
 0004:00000000 00000138H .data                   DATA
 0004:00000138 00000200H .data$r                 DATA
 0004:00000338 00000468H .bss                    DATA
 0005:00000000 000001d4H .idata$5                DATA
 0005:000001d4 0000003cH .idata$2                DATA
 0005:00000210 00000014H .idata$3                DATA
 0005:00000224 000001d4H .idata$4                DATA
 0005:000003f8 00000729H .idata$6                DATA
 0006:00000000 0000012eH .msvcjmc                DATA
 0007:00000000 00000104H .00cfg                  DATA
 0008:00000000 00000170H .rsrc$01                DATA
 0008:00000170 000002ccH .rsrc$02                DATA

  Address         Publics by Value              Rva+Base       Lib:Object

 0000:00000000       ___guard_fids_count        00000000     <absolute>
 0000:00000000       ___guard_iat_table         00000000     <absolute>
 0000:00000000       ___hybrid_code_map         00000000     <absolute>
 0000:00000000       ___safe_se_handler_count   00000000     <absolute>
 0000:00000000       ___volatile_metadata       00000000     <absolute>
 0000:00000000       ___guard_fids_table        00000000     <absolute>
 0000:00000000       ___safe_se_handler_table   00000000     <absolute>
 0000:00000000       ___hybrid_auxiliary_iat    00000000     <absolute>
 0000:00000000       ___enclave_config          00000000     <absolute>
 0000:00000000       ___dynamic_value_reloc_table 00000000     <absolute>
 0000:00000000       ___guard_longjmp_count     00000000     <absolute>
 0000:00000000       ___hybrid_code_map_count   00000000     <absolute>
 0000:00000000       ___guard_longjmp_table     00000000     <absolute>
 0000:00000000       ___guard_iat_count         00000000     <absolute>
 0000:00000100       ___guard_flags             00000100     <absolute>
 0000:00000000       ___ImageBase               00400000     <linker-defined>
 0001:00000000       __enc$textbss$begin        00401000     <linker-defined>
 0001:00010000       __enc$textbss$end          00411000     <linker-defined>
 0002:000008e0       ??0BinaryTree@@QAE@XZ      004118e0 f   BinaryTree.obj
 0002:00000940       ??1BinaryTree@@QAE@XZ      00411940 f   BinaryTree.obj
 0002:000009d0       ?AddValue@BinaryTree@@QAE_NPAH@Z 004119d0 f   BinaryTree.obj
 0002:00000b00       ?CreateNode@BinaryTree@@IAEPAU_Node@@XZ 00411b00 f   BinaryTree.obj
 0002:00000b90       ?InsertNode@BinaryTree@@IAE_NPAU_Node@@0@Z 00411b90 f   BinaryTree.obj
 0002:00000c80       ?SearchTree@BinaryTree@@QAE_NH@Z 00411c80 f   BinaryTree.obj
 0002:00000d20       ?Traverse@BinaryTree@@IAE_NPAU_Node@@H@Z 00411d20 f   BinaryTree.obj
 0002:00000e00       __JustMyCode_Default       00411e00 f i BinaryTree.obj
 0002:00000e10       ??0?$CompareFunction@H@@QAE@XZ 00411e10 f i Main.obj
 0002:00000e60       ??0?$TBinaryTree@HU?$CompareFunction@H@@@@QAE@XZ 00411e60 f i Main.obj
 0002:00000ee0       ??0?$TNode@H@@QAE@ABH@Z    00411ee0 f i Main.obj
 0002:00000f60       ??1?$TBinaryTree@HU?$CompareFunction@H@@@@UAE@XZ 00411f60 f i Main.obj
 0002:00001000       ??R?$CompareFunction@H@@UBEKPAV?$TNode@H@@0@Z 00412000 f i Main.obj
 0002:00001070       ??_G?$TBinaryTree@HU?$CompareFunction@H@@@@UAEPAXI@Z 00412070 f i Main.obj
 0002:00001070       ??_E?$TBinaryTree@HU?$CompareFunction@H@@@@UAEPAXI@Z 00412070 f i Main.obj
 0002:000010e0       ?Put@?$TBinaryTree@HU?$CompareFunction@H@@@@QAE_NABH@Z 004120e0 f i Main.obj
 0002:00001210       ?RecurseAdd@?$TBinaryTree@HU?$CompareFunction@H@@@@AAE_NPAV?$TNode@H@@0@Z 00412210 f i Main.obj
 0002:00001310       ?__autoclassinit2@?$TBinaryTree@HU?$CompareFunction@H@@@@QAEXI@Z 00412310 f i Main.obj
 0002:00001370       ?__autoclassinit2@?$TNode@H@@QAEXI@Z 00412370 f i Main.obj
 0002:000013d0       ?__autoclassinit2@BinaryTree@@QAEXI@Z 004123d0 f i Main.obj
 0002:00001430       _main                      00412430 f   Main.obj
 0002:000016f0       @__CheckForDebuggerJustMyCode@4 004126f0 f   MSVCRTD:debugger_jmc.obj
 0002:00001740       @__security_check_cookie@4 00412740 f   MSVCRTD:_secchk_.obj
 0002:00001760       @_RTC_AllocaHelper@12      00412760 f   MSVCRTD:_stack_.obj
 0002:000017a0       @_RTC_CheckStackVars2@12   004127a0 f   MSVCRTD:_stack_.obj
 0002:000018c0       @_RTC_CheckStackVars@8     004128c0 f   MSVCRTD:_stack_.obj
 0002:00001940       __RTC_CheckEsp             00412940 f   MSVCRTD:_stack_.obj
 0002:00001980       __CRT_RTC_INIT             00412980 f   MSVCRTD:_init_.obj
 0002:00001990       __CRT_RTC_INITW            00412990 f   MSVCRTD:_init_.obj
 0002:000019a0       __RTC_InitBase             004129a0 f   MSVCRTD:_init_.obj
 0002:000019e0       __RTC_Shutdown             004129e0 f   MSVCRTD:_init_.obj
 0002:00001a00       ??2@YAPAXI@Z               00412a00 f   MSVCRTD:new_scalar.obj
 0002:00001a60       ??3@YAXPAXI@Z              00412a60 f   MSVCRTD:delete_scalar_size.obj
 0002:00001a80       ??1type_info@@UAE@XZ       00412a80 f   MSVCRTD:std_type_info_static.obj
 0002:00001aa0       ??_Gtype_info@@UAEPAXI@Z   00412aa0 f i MSVCRTD:std_type_info_static.obj
 0002:00001aa0       ??_Etype_info@@UAEPAXI@Z   00412aa0 f i MSVCRTD:std_type_info_static.obj
 0002:00001eb0       ?configure_argv@__scrt_narrow_argv_policy@@SAHXZ 00412eb0 f i MSVCRTD:exe_main.obj
 0002:00001ed0       ?initialize_environment@__scrt_narrow_environment_policy@@SAHXZ 00412ed0 f i MSVCRTD:exe_main.obj
 0002:00001f10       ?set_app_type@__scrt_main_policy@@SAXXZ 00412f10 f i MSVCRTD:exe_main.obj
 0002:00001f30       ?set_commode@__scrt_file_policy@@SAXXZ 00412f30 f i MSVCRTD:exe_main.obj
 0002:00001f50       ?set_fmode@__scrt_file_policy@@SAXXZ 00412f50 f i MSVCRTD:exe_main.obj
 0002:00001f70       _mainCRTStartup            00412f70 f   MSVCRTD:exe_main.obj
 0002:00001f80       ___raise_securityfailure   00412f80 f   MSVCRTD:gs_report.obj
 0002:00001fc0       ___report_gsfailure        00412fc0 f   MSVCRTD:gs_report.obj
 0002:00002110       ___report_rangecheckfailure 00413110 f   MSVCRTD:gs_report.obj
 0002:00002120       ___report_securityfailure  00413120 f   MSVCRTD:gs_report.obj
 0002:00002230       ___report_securityfailureEx 00413230 f   MSVCRTD:gs_report.obj
 0002:00002450       ?_RTC_AllocaFailure@@YAXPAXPAU_RTC_ALLOCA_NODE@@H@Z 00413450 f   MSVCRTD:_error_.obj
 0002:00002570       ?_RTC_Failure@@YAXPAXH@Z   00413570 f   MSVCRTD:_error_.obj
 0002:000025e0       ?_RTC_StackFailure@@YAXPAXPBD@Z 004135e0 f   MSVCRTD:_error_.obj
 0002:00002a90       __RTC_UninitUse            00413a90 f   MSVCRTD:_error_.obj
 0002:00002b70       ___local_stdio_printf_options 00413b70 f i MSVCRTD:_error_.obj
 0002:00002b80       __vsprintf_s_l             00413b80 f i MSVCRTD:_error_.obj
 0002:00002bc0       _sprintf_s                 00413bc0 f i MSVCRTD:_error_.obj
 0002:00002bf0       ?_RTC_GetErrorFunc@@YAP6AHHPBDH00ZZPBX@Z 00413bf0 f   MSVCRTD:_userapi_.obj
 0002:00002c00       ?_RTC_GetErrorFuncW@@YAP6AHHPB_WH00ZZPBX@Z 00413c00 f   MSVCRTD:_userapi_.obj
 0002:00002c10       __RTC_GetErrDesc           00413c10 f   MSVCRTD:_userapi_.obj
 0002:00002c30       __RTC_NumErrors            00413c30 f   MSVCRTD:_userapi_.obj
 0002:00002c40       __RTC_SetErrorFunc         00413c40 f   MSVCRTD:_userapi_.obj
 0002:00002c70       __RTC_SetErrorFuncW        00413c70 f   MSVCRTD:_userapi_.obj
 0002:00002ca0       __RTC_SetErrorType         00413ca0 f   MSVCRTD:_userapi_.obj
 0002:00002cd0       ??0bad_alloc@std@@AAE@QBD@Z 00413cd0 f i MSVCRTD:throw_bad_alloc.obj
 0002:00002d00       ??0bad_alloc@std@@QAE@ABV01@@Z 00413d00 f i MSVCRTD:throw_bad_alloc.obj
 0002:00002d30       ??0bad_alloc@std@@QAE@XZ   00413d30 f i MSVCRTD:throw_bad_alloc.obj
 0002:00002d60       ??0bad_array_new_length@std@@QAE@ABV01@@Z 00413d60 f i MSVCRTD:throw_bad_alloc.obj
 0002:00002d90       ??0bad_array_new_length@std@@QAE@XZ 00413d90 f i MSVCRTD:throw_bad_alloc.obj
 0002:00002dc0       ??0exception@std@@QAE@ABV01@@Z 00413dc0 f i MSVCRTD:throw_bad_alloc.obj
 0002:00002e10       ??0exception@std@@QAE@QBDH@Z 00413e10 f i MSVCRTD:throw_bad_alloc.obj
 0002:00002e50       ??1bad_alloc@std@@UAE@XZ   00413e50 f i MSVCRTD:throw_bad_alloc.obj
 0002:00002e70       ??1bad_array_new_length@std@@UAE@XZ 00413e70 f i MSVCRTD:throw_bad_alloc.obj
 0002:00002e90       ??1exception@std@@UAE@XZ   00413e90 f i MSVCRTD:throw_bad_alloc.obj
 0002:00002ec0       ??_Ebad_alloc@std@@UAEPAXI@Z 00413ec0 f i MSVCRTD:throw_bad_alloc.obj
 0002:00002ec0       ??_Gbad_alloc@std@@UAEPAXI@Z 00413ec0 f i MSVCRTD:throw_bad_alloc.obj
 0002:00002f00       ??_Gbad_array_new_length@std@@UAEPAXI@Z 00413f00 f i MSVCRTD:throw_bad_alloc.obj
 0002:00002f00       ??_Ebad_array_new_length@std@@UAEPAXI@Z 00413f00 f i MSVCRTD:throw_bad_alloc.obj
 0002:00002f40       ??_Eexception@std@@UAEPAXI@Z 00413f40 f i MSVCRTD:throw_bad_alloc.obj
 0002:00002f40       ??_Gexception@std@@UAEPAXI@Z 00413f40 f i MSVCRTD:throw_bad_alloc.obj
 0002:00002f80       ?__scrt_throw_std_bad_alloc@@YAXXZ 00413f80 f   MSVCRTD:throw_bad_alloc.obj
 0002:00002fb0       ?__scrt_throw_std_bad_array_new_length@@YAXXZ 00413fb0 f   MSVCRTD:throw_bad_alloc.obj
 0002:00002fe0       ?what@exception@std@@UBEPBDXZ 00413fe0 f i MSVCRTD:throw_bad_alloc.obj
 0002:00003020       ??3@YAXPAX@Z               00414020 f   MSVCRTD:delete_scalar.obj
 0002:00003040       ??$__crt_fast_decode_pointer@PAP6AXXZ@@YAPAP6AXXZQAP6AXXZ@Z 00414040 f i MSVCRTD:utility.obj
 0002:00003070       ??$__crt_fast_encode_pointer@PAP6AXXZ@@YAPAP6AXXZQAP6AXXZ@Z 00414070 f i MSVCRTD:utility.obj
 0002:000030b0       ?__crt_rotate_pointer_value@@YAIIH@Z 004140b0 f i MSVCRTD:utility.obj
 0002:00003200       _NtCurrentTeb              00414200 f i MSVCRTD:utility.obj
 0002:00003210       ___scrt_acquire_startup_lock 00414210 f   MSVCRTD:utility.obj
 0002:00003270       ___scrt_dllmain_after_initialize_c 00414270 f   MSVCRTD:utility.obj
 0002:000032b0       ___scrt_dllmain_before_initialize_c 004142b0 f   MSVCRTD:utility.obj
 0002:000032e0       ___scrt_dllmain_crt_thread_attach 004142e0 f   MSVCRTD:utility.obj
 0002:00003320       ___scrt_dllmain_crt_thread_detach 00414320 f   MSVCRTD:utility.obj
 0002:00003340       ___scrt_dllmain_exception_filter 00414340 f   MSVCRTD:utility.obj
 0002:000033a0       ___scrt_dllmain_uninitialize_c 004143a0 f   MSVCRTD:utility.obj
 0002:000033e0       ___scrt_dllmain_uninitialize_critical 004143e0 f   MSVCRTD:utility.obj
 0002:00003400       ___scrt_initialize_crt     00414400 f   MSVCRTD:utility.obj
 0002:00003460       ___scrt_initialize_onexit_tables 00414460 f   MSVCRTD:utility.obj
 0002:00003580       ___scrt_is_nonwritable_in_current_image 00414580 f   MSVCRTD:utility.obj
 0002:00003700       ___scrt_release_startup_lock 00414700 f   MSVCRTD:utility.obj
 0002:00003730       ___scrt_uninitialize_crt   00414730 f   MSVCRTD:utility.obj
 0002:00003780       __onexit                   00414780 f   MSVCRTD:utility.obj
 0002:00003810       _at_quick_exit             00414810 f   MSVCRTD:utility.obj
 0002:00003870       _atexit                    00414870 f   MSVCRTD:utility.obj
 0002:00003940       ___security_init_cookie    00414940 f   MSVCRTD:gs_support.obj
 0002:000039e0       __matherr                  004149e0 f   MSVCRTD:matherr.obj
 0002:000039f0       __get_startup_argv_mode    004149f0 f   MSVCRTD:argv_mode.obj
 0002:00003a00       __get_startup_commit_mode  00414a00 f   MSVCRTD:commit_mode.obj
 0002:00003a10       __get_startup_file_mode    00414a10 f   MSVCRTD:file_mode.obj
 0002:00003a20       __get_startup_new_mode     00414a20 f   MSVCRTD:new_mode.obj
 0002:00003a30       __get_startup_thread_locale_mode 00414a30 f   MSVCRTD:thread_locale.obj
 0002:00003a40       ?__scrt_initialize_type_info@@YAXXZ 00414a40 f   MSVCRTD:tncleanup.obj
 0002:00003a60       ?__scrt_uninitialize_type_info@@YAXXZ 00414a60 f   MSVCRTD:tncleanup.obj
 0002:00003a80       __should_initialize_environment 00414a80 f   MSVCRTD:env_mode.obj
 0002:00003a90       __initialize_default_precision 00414a90 f   MSVCRTD:default_precision.obj
 0002:00003ac0       __initialize_invalid_parameter_handler 00414ac0 f   MSVCRTD:invalid_parameter_handler.obj
 0002:00003ad0       __initialize_denormal_control 00414ad0 f   MSVCRTD:denormal_control.obj
 0002:00003ae0       ___local_stdio_scanf_options 00414ae0 f i MSVCRTD:default_local_stdio_options.obj
 0002:00003af0       ___scrt_initialize_default_local_stdio_options 00414af0 f   MSVCRTD:default_local_stdio_options.obj
 0002:00003b40       ___scrt_is_user_matherr_present 00414b40 f   MSVCRTD:matherr_detection.obj
 0002:00003b70       ___scrt_get_dyn_tls_init_callback 00414b70 f   MSVCRTD:dyn_tls_init.obj
 0002:00003b80       ___scrt_get_dyn_tls_dtor_callback 00414b80 f   MSVCRTD:dyn_tls_dtor.obj
 0002:00003b90       ___scrt_fastfail           00414b90 f   MSVCRTD:utility_desktop.obj
 0002:00003d20       ___scrt_get_show_window_mode 00414d20 f   MSVCRTD:utility_desktop.obj
 0002:00003d70       ___scrt_initialize_mta     00414d70 f   MSVCRTD:utility_desktop.obj
 0002:00003d80       ___scrt_initialize_winrt   00414d80 f   MSVCRTD:utility_desktop.obj
 0002:00003d90       ___scrt_is_managed_app     00414d90 f   MSVCRTD:utility_desktop.obj
 0002:00003e40       ___scrt_set_unhandled_exception_filter 00414e40 f   MSVCRTD:utility_desktop.obj
 0002:00003e60       ___scrt_stub_for_initialize_mta 00414e60 f   MSVCRTD:utility_desktop.obj
 0002:00003e60       ___scrt_exe_initialize_mta 00414e60 f   MSVCRTD:utility_desktop.obj
 0002:00003e70       ___scrt_unhandled_exception_filter@4 00414e70 f   MSVCRTD:utility_desktop.obj
 0002:00003ef0       __crt_debugger_hook        00414ef0 f   MSVCRTD:utility_desktop.obj
 0002:00003f10       __RTC_Initialize           00414f10 f   MSVCRTD:_initsect_.obj
 0002:00003f50       __RTC_Terminate            00414f50 f   MSVCRTD:_initsect_.obj
 0002:00003f90       __except_handler4          00414f90 f   MSVCRTD:_chandler4gs_.obj
 0002:00003fc0       @_guard_check_icall_nop@4  00414fc0 f i MSVCRTD:guard_support.obj
 0002:00003fd0       _ReadNoFence               00414fd0 f i MSVCRTD:guard_support.obj
 0002:00003ff0       _ReadPointerNoFence        00414ff0 f i MSVCRTD:guard_support.obj
 0002:00004010       __guard_icall_checks_enforced 00415010 f i MSVCRTD:guard_support.obj
 0002:000045e0       ?_RTC_GetSrcLine@@YAHPAEPA_WKPAH1K@Z 004155e0 f   MSVCRTD:_pdblkup_.obj
 0002:00004a50       __except_handler4_noexcept 00415a50 f   MSVCRTD:chandler4_noexcept.obj
 0002:00004ab0       ___isa_available_init      00415ab0 f   MSVCRTD:_cpu_disp_.obj
 0002:00004e40       ___scrt_is_ucrt_dll_in_use 00415e40 f   MSVCRTD:ucrt_detection.obj
 0002:00004e6d       ___CxxFrameHandler3        00415e6d f   vcruntimed:VCRUNTIME140D.dll
 0002:00004e73       _memset                    00415e73 f   vcruntimed:VCRUNTIME140D.dll
 0002:00004e79       ___std_exception_copy      00415e79 f   vcruntimed:VCRUNTIME140D.dll
 0002:00004e7f       ___std_exception_destroy   00415e7f f   vcruntimed:VCRUNTIME140D.dll
 0002:00004e85       __CxxThrowException@8      00415e85 f   vcruntimed:VCRUNTIME140D.dll
 0002:00004e8b       ___std_type_info_destroy_list 00415e8b f   vcruntimed:VCRUNTIME140D.dll
 0002:00004e91       __except_handler4_common   00415e91 f   vcruntimed:VCRUNTIME140D.dll
 0002:00004e97       ___vcrt_GetModuleFileNameW 00415e97 f   vcruntimed:VCRUNTIME140D.dll
 0002:00004e9d       ___vcrt_GetModuleHandleW   00415e9d f   vcruntimed:VCRUNTIME140D.dll
 0002:00004ea3       ___vcrt_LoadLibraryExW     00415ea3 f   vcruntimed:VCRUNTIME140D.dll
 0002:00004ea9       _malloc                    00415ea9 f   ucrtd:ucrtbased.dll
 0002:00004eaf       __CrtDbgReport             00415eaf f   ucrtd:ucrtbased.dll
 0002:00004eb5       __CrtDbgReportW            00415eb5 f   ucrtd:ucrtbased.dll
 0002:00004ebb       __callnewh                 00415ebb f   ucrtd:ucrtbased.dll
 0002:00004ec1       __seh_filter_exe           00415ec1 f   ucrtd:ucrtbased.dll
 0002:00004ec7       __set_app_type             00415ec7 f   ucrtd:ucrtbased.dll
 0002:00004ecd       ___setusermatherr          00415ecd f   ucrtd:ucrtbased.dll
 0002:00004ed3       __configure_narrow_argv    00415ed3 f   ucrtd:ucrtbased.dll
 0002:00004ed9       __initialize_narrow_environment 00415ed9 f   ucrtd:ucrtbased.dll
 0002:00004edf       __get_initial_narrow_environment 00415edf f   ucrtd:ucrtbased.dll
 0002:00004ee5       __initterm                 00415ee5 f   ucrtd:ucrtbased.dll
 0002:00004eeb       __initterm_e               00415eeb f   ucrtd:ucrtbased.dll
 0002:00004ef1       _exit                      00415ef1 f   ucrtd:ucrtbased.dll
 0002:00004ef7       __exit                     00415ef7 f   ucrtd:ucrtbased.dll
 0002:00004efd       __set_fmode                00415efd f   ucrtd:ucrtbased.dll
 0002:00004f03       ___p___argc                00415f03 f   ucrtd:ucrtbased.dll
 0002:00004f09       ___p___argv                00415f09 f   ucrtd:ucrtbased.dll
 0002:00004f0f       __cexit                    00415f0f f   ucrtd:ucrtbased.dll
 0002:00004f15       __c_exit                   00415f15 f   ucrtd:ucrtbased.dll
 0002:00004f1b       __register_thread_local_exe_atexit_callback 00415f1b f   ucrtd:ucrtbased.dll
 0002:00004f21       __configthreadlocale       00415f21 f   ucrtd:ucrtbased.dll
 0002:00004f27       __set_new_mode             00415f27 f   ucrtd:ucrtbased.dll
 0002:00004f2d       ___p__commode              00415f2d f   ucrtd:ucrtbased.dll
 0002:00004f33       _strcpy_s                  00415f33 f   ucrtd:ucrtbased.dll
 0002:00004f39       _strcat_s                  00415f39 f   ucrtd:ucrtbased.dll
 0002:00004f3f       ___stdio_common_vsprintf_s 00415f3f f   ucrtd:ucrtbased.dll
 0002:00004f45       __free_dbg                 00415f45 f   ucrtd:ucrtbased.dll
 0002:00004f4b       __seh_filter_dll           00415f4b f   ucrtd:ucrtbased.dll
 0002:00004f51       __initialize_onexit_table  00415f51 f   ucrtd:ucrtbased.dll
 0002:00004f57       __register_onexit_function 00415f57 f   ucrtd:ucrtbased.dll
 0002:00004f5d       __execute_onexit_table     00415f5d f   ucrtd:ucrtbased.dll
 0002:00004f63       __crt_atexit               00415f63 f   ucrtd:ucrtbased.dll
 0002:00004f69       __crt_at_quick_exit        00415f69 f   ucrtd:ucrtbased.dll
 0002:00004f6f       __controlfp_s              00415f6f f   ucrtd:ucrtbased.dll
 0002:00004f75       _terminate                 00415f75 f   ucrtd:ucrtbased.dll
 0002:00004f7b       __wmakepath_s              00415f7b f   ucrtd:ucrtbased.dll
 0002:00004f81       __wsplitpath_s             00415f81 f   ucrtd:ucrtbased.dll
 0002:00004f87       _wcscpy_s                  00415f87 f   ucrtd:ucrtbased.dll
 0002:00004f8d       _GetCurrentThreadId@0      00415f8d f   kernel32:KERNEL32.dll
 0002:00004f93       _UnhandledExceptionFilter@4 00415f93 f   kernel32:KERNEL32.dll
 0002:00004f99       _SetUnhandledExceptionFilter@4 00415f99 f   kernel32:KERNEL32.dll
 0002:00004f9f       _GetCurrentProcess@0       00415f9f f   kernel32:KERNEL32.dll
 0002:00004fa5       _TerminateProcess@8        00415fa5 f   kernel32:KERNEL32.dll
 0002:00004fab       _IsProcessorFeaturePresent@4 00415fab f   kernel32:KERNEL32.dll
 0002:00004fb1       _IsDebuggerPresent@0       00415fb1 f   kernel32:KERNEL32.dll
 0002:00004fb7       _RaiseException@16         00415fb7 f   kernel32:KERNEL32.dll
 0002:00004fbd       _MultiByteToWideChar@24    00415fbd f   kernel32:KERNEL32.dll
 0002:00004fc3       _WideCharToMultiByte@32    00415fc3 f   kernel32:KERNEL32.dll
 0002:00004fc9       _QueryPerformanceCounter@4 00415fc9 f   kernel32:KERNEL32.dll
 0002:00004fcf       _GetCurrentProcessId@0     00415fcf f   kernel32:KERNEL32.dll
 0002:00004fd5       _GetSystemTimeAsFileTime@4 00415fd5 f   kernel32:KERNEL32.dll
 0002:00004fdb       _InitializeSListHead@4     00415fdb f   kernel32:KERNEL32.dll
 0002:00004fe1       _GetStartupInfoW@4         00415fe1 f   kernel32:KERNEL32.dll
 0002:00004fe7       _GetModuleHandleW@4        00415fe7 f   kernel32:KERNEL32.dll
 0002:00004fed       _GetLastError@0            00415fed f   kernel32:KERNEL32.dll
 0002:00004ff3       _HeapAlloc@12              00415ff3 f   kernel32:KERNEL32.dll
 0002:00004ff9       _HeapFree@12               00415ff9 f   kernel32:KERNEL32.dll
 0002:00004fff       _GetProcessHeap@0          00415fff f   kernel32:KERNEL32.dll
 0002:00005005       _VirtualQuery@12           00416005 f   kernel32:KERNEL32.dll
 0002:0000500b       _FreeLibrary@4             0041600b f   kernel32:KERNEL32.dll
 0002:00005011       _GetProcAddress@8          00416011 f   kernel32:KERNEL32.dll
 0002:00005020       ___acrt_initialize         00416020 f   MSVCRTD:ucrt_stubs.obj
 0002:00005020       ___vcrt_initialize         00416020 f   MSVCRTD:ucrt_stubs.obj
 0002:00005020       ___scrt_stub_for_acrt_initialize 00416020 f   MSVCRTD:ucrt_stubs.obj
 0002:00005030       ___scrt_stub_for_acrt_thread_attach 00416030 f   MSVCRTD:ucrt_stubs.obj
 0002:00005030       ___vcrt_thread_attach      00416030 f   MSVCRTD:ucrt_stubs.obj
 0002:00005030       ___acrt_thread_attach      00416030 f   MSVCRTD:ucrt_stubs.obj
 0002:00005040       ___vcrt_thread_detach      00416040 f   MSVCRTD:ucrt_stubs.obj
 0002:00005040       ___acrt_thread_detach      00416040 f   MSVCRTD:ucrt_stubs.obj
 0002:00005040       ___scrt_stub_for_acrt_thread_detach 00416040 f   MSVCRTD:ucrt_stubs.obj
 0002:00005050       ___scrt_stub_for_acrt_uninitialize 00416050 f   MSVCRTD:ucrt_stubs.obj
 0002:00005050       ___acrt_uninitialize       00416050 f   MSVCRTD:ucrt_stubs.obj
 0002:00005050       ___vcrt_uninitialize       00416050 f   MSVCRTD:ucrt_stubs.obj
 0002:00005060       ___scrt_stub_for_acrt_uninitialize_critical 00416060 f   MSVCRTD:ucrt_stubs.obj
 0002:00005060       ___acrt_uninitialize_critical 00416060 f   MSVCRTD:ucrt_stubs.obj
 0002:00005060       ___vcrt_uninitialize_critical 00416060 f   MSVCRTD:ucrt_stubs.obj
 0002:00005070       __is_c_termination_complete 00416070 f   MSVCRTD:ucrt_stubs.obj
 0002:00005070       ___scrt_stub_for_is_c_termination_complete 00416070 f   MSVCRTD:ucrt_stubs.obj
 0003:00000000       ___xc_a                    00419000     MSVCRTD:initializers.obj
 0003:00000208       ___xc_z                    00419208     MSVCRTD:initializers.obj
 0003:0000030c       ___xi_a                    0041930c     MSVCRTD:initializers.obj
 0003:00000618       ___xi_z                    00419618     MSVCRTD:initializers.obj
 0003:0000071c       ___xp_a                    0041971c     MSVCRTD:initializers.obj
 0003:00000820       ___xp_z                    00419820     MSVCRTD:initializers.obj
 0003:00000924       ___xt_a                    00419924     MSVCRTD:initializers.obj
 0003:00000a28       ___xt_z                    00419a28     MSVCRTD:initializers.obj
 0003:00000b34       ??_7?$CompareFunction@H@@6B@ 00419b34     Main.obj
 0003:00000b40       ??_7?$TBinaryTree@HU?$CompareFunction@H@@@@6B@ 00419b40     Main.obj
 0003:00000b4c       ??_7type_info@@6B@         00419b4c     MSVCRTD:std_type_info_static.obj
 0003:00000c20       ??_C@_0NN@NGPKDKPD@The?5value?5of?5ESP?5was?5not?5proper@ 00419c20     MSVCRTD:_error_.obj
 0003:00000d30       ??_C@_0BBN@GPMLNJCF@A?5cast?5to?5a?5smaller?5data?5type?5h@ 00419d30     MSVCRTD:_error_.obj
 0003:00000e88       ??_C@_0BN@FFOINMNJ@Stack?5memory?5was?5corrupted?6?$AN@ 00419e88     MSVCRTD:_error_.obj
 0003:00000eac       ??_C@_0DG@HKJMLLLP@A?5local?5variable?5was?5used?5befor@ 00419eac     MSVCRTD:_error_.obj
 0003:00000eec       ??_C@_0CM@NGINOKPC@Stack?5memory?5around?5_alloca?5was@ 00419eec     MSVCRTD:_error_.obj
 0003:00000f20       ??_C@_0BO@GNIAFIKK@Unknown?5Runtime?5Check?5Error?6?$AN@ 00419f20     MSVCRTD:_error_.obj
 0003:00000f48       ??_C@_1GM@OLMCBDMB@?$AAR?$AAu?$AAn?$AAt?$AAi?$AAm?$AAe?$AA?5?$AAC?$AAh?$AAe?$AAc?$AAk?$AA?5?$AAE@ 00419f48     MSVCRTD:_error_.obj
 0003:00000fd0       ??_C@_1EA@NFKNIFJP@?$AAR?$AAu?$AAn?$AA?9?$AAT?$AAi?$AAm?$AAe?$AA?5?$AAC?$AAh?$AAe?$AAc?$AAk?$AA?5@ 00419fd0     MSVCRTD:_error_.obj
 0003:0000101c       ??_C@_0BB@PFFGGCJP@Unknown?5Filename@ 0041a01c     MSVCRTD:_error_.obj
 0003:00001030       ??_C@_0BE@GNBOBNCK@Unknown?5Module?5Name@ 0041a030     MSVCRTD:_error_.obj
 0003:00001048       ??_C@_0CA@IODNCDPG@Run?9Time?5Check?5Failure?5?$CD?$CFd?5?9?5?$CFs@ 0041a048     MSVCRTD:_error_.obj
 0003:00001070       ??_C@_0CG@IAFNJNEE@Stack?5corrupted?5near?5unknown?5va@ 0041a070     MSVCRTD:_error_.obj
 0003:000010a0       ??_C@_05MKKEDADM@?$CF?42X?5@ 0041a0a0     MSVCRTD:_error_.obj
 0003:000010a8       ??_C@_0EJ@LJKNEOLN@Stack?5area?5around?5_alloca?5memor@ 0041a0a8     MSVCRTD:_error_.obj
 0003:00001100       ??_C@_01EEMJAFIK@?6@       0041a100     MSVCRTD:_error_.obj
 0003:00001104       ??_C@_02LLMPMKNF@?$DO?5@   0041a104     MSVCRTD:_error_.obj
 0003:00001108       ??_C@_08OMAHNMHJ@?6Data?3?5?$DM@ 0041a108     MSVCRTD:_error_.obj
 0003:00001114       ??_C@_0CK@DKGBICFE@?6Allocation?5number?5within?5this?5@ 0041a114     MSVCRTD:_error_.obj
 0003:00001148       ??_C@_07DFDJCKFN@?6Size?3?5@ 0041a148     MSVCRTD:_error_.obj
 0003:00001154       ??_C@_0N@MHFFIMFG@?6Address?3?50x@ 0041a154     MSVCRTD:_error_.obj
 0003:00001168       ??_C@_0EI@CLEPFNGI@Stack?5area?5around?5_alloca?5memor@ 0041a168     MSVCRTD:_error_.obj
 0003:000011c0       ??_C@_0BK@ODNDAGKB@?$CFs?$CFs?$CFp?$CFs?$CFzd?$CFs?$CFd?$CFs?$CFs?$CFs?$CFs?$CFs@ 0041a1c0     MSVCRTD:_error_.obj
 0003:000011e0       ??_C@_0DE@OHJBPMBP@A?5variable?5is?5being?5used?5withou@ 0041a1e0     MSVCRTD:_error_.obj
 0003:00001238       ??_C@_0BJ@HEGAHDFO@Stack?5pointer?5corruption@ 0041a238     MSVCRTD:_userapi_.obj
 0003:00001258       ??_C@_0CK@FEGOIOPB@Cast?5to?5smaller?5type?5causing?5lo@ 0041a258     MSVCRTD:_userapi_.obj
 0003:0000128c       ??_C@_0BI@CIGMDCBH@Stack?5memory?5corruption@ 0041a28c     MSVCRTD:_userapi_.obj
 0003:000012a8       ??_C@_0CK@CNLNOEPB@Local?5variable?5used?5before?5init@ 0041a2a8     MSVCRTD:_userapi_.obj
 0003:000012dc       ??_C@_0BP@OGBCLIBO@Stack?5around?5_alloca?5corrupted@ 0041a2dc     MSVCRTD:_userapi_.obj
 0003:00001308       ??_7exception@std@@6B@     0041a308     MSVCRTD:throw_bad_alloc.obj
 0003:00001314       ??_C@_0BC@EOODALEL@Unknown?5exception@ 0041a314     MSVCRTD:throw_bad_alloc.obj
 0003:00001330       ??_7bad_alloc@std@@6B@     0041a330     MSVCRTD:throw_bad_alloc.obj
 0003:0000133c       ??_C@_0P@GHFPNOJB@bad?5allocation@ 0041a33c     MSVCRTD:throw_bad_alloc.obj
 0003:00001354       ??_7bad_array_new_length@std@@6B@ 0041a354     MSVCRTD:throw_bad_alloc.obj
 0003:00001360       ??_C@_0BF@KINCDENJ@bad?5array?5new?5length@ 0041a360     MSVCRTD:throw_bad_alloc.obj
 0003:000013d8       ??_C@_1EI@MLPKHBGE@?$AAa?$AAp?$AAi?$AA?9?$AAm?$AAs?$AA?9?$AAw?$AAi?$AAn?$AA?9?$AAc?$AAo?$AAr?$AAe@ 0041a3d8     MSVCRTD:_pdblkup_.obj
 0003:00001430       ??_C@_1BK@JHLNAEJL@?$AAa?$AAd?$AAv?$AAa?$AAp?$AAi?$AA3?$AA2?$AA?4?$AAd?$AAl?$AAl@ 0041a430     MSVCRTD:_pdblkup_.obj
 0003:00001450       ??_C@_0O@COHOBMLB@RegOpenKeyExW@ 0041a450     MSVCRTD:_pdblkup_.obj
 0003:00001460       ??_C@_0BB@GLNAEDBD@RegQueryValueExW@ 0041a460     MSVCRTD:_pdblkup_.obj
 0003:00001474       ??_C@_0M@HLOHPNFA@RegCloseKey@ 0041a474     MSVCRTD:_pdblkup_.obj
 0003:00001488       ??_C@_1HE@EBEAGLFB@?$AAS?$AAO?$AAF?$AAT?$AAW?$AAA?$AAR?$AAE?$AA?2?$AAW?$AAo?$AAw?$AA6?$AA4?$AA3@ 0041a488     MSVCRTD:_pdblkup_.obj
 0003:00001514       ??_C@_1BG@EABPBLLF@?$AAP?$AAr?$AAo?$AAd?$AAu?$AAc?$AAt?$AAD?$AAi?$AAr@ 0041a514     MSVCRTD:_pdblkup_.obj
 0003:00001554       ??_C@_1BC@JINFINNJ@?$AAM?$AAS?$AAP?$AAD?$AAB?$AA1?$AA4?$AA0@ 0041a554     MSVCRTD:_pdblkup_.obj
 0003:0000156c       ??_C@_0BB@KCIACLNC@PDBOpenValidate5@ 0041a56c     MSVCRTD:_pdblkup_.obj
 0003:00001580       ??_C@_01KDCPPGHE@r@        0041a580     MSVCRTD:_pdblkup_.obj
 0003:000015c8       __load_config_used         0041a5c8     MSVCRTD:loadcfg.obj
 0003:000017c4       ??_R4?$CompareFunction@H@@6B@ 0041a7c4     Main.obj
 0003:000017dc       ??_R3?$CompareFunction@H@@8 0041a7dc     Main.obj
 0003:000017f0       ??_R2?$CompareFunction@H@@8 0041a7f0     Main.obj
 0003:000017f8       ??_R1A@?0A@EA@?$CompareFunction@H@@8 0041a7f8     Main.obj
 0003:0000181c       ??_R4?$TBinaryTree@HU?$CompareFunction@H@@@@6B@ 0041a81c     Main.obj
 0003:00001834       ??_R3?$TBinaryTree@HU?$CompareFunction@H@@@@8 0041a834     Main.obj
 0003:00001848       ??_R2?$TBinaryTree@HU?$CompareFunction@H@@@@8 0041a848     Main.obj
 0003:00001850       ??_R1A@?0A@EA@?$TBinaryTree@HU?$CompareFunction@H@@@@8 0041a850     Main.obj
 0003:00001874       ??_R4type_info@@6B@        0041a874     MSVCRTD:std_type_info_static.obj
 0003:0000188c       ??_R3type_info@@8          0041a88c     MSVCRTD:std_type_info_static.obj
 0003:000018a0       ??_R2type_info@@8          0041a8a0     MSVCRTD:std_type_info_static.obj
 0003:000018a8       ??_R1A@?0A@EA@type_info@@8 0041a8a8     MSVCRTD:std_type_info_static.obj
 0003:000018cc       ??_R4exception@std@@6B@    0041a8cc     MSVCRTD:throw_bad_alloc.obj
 0003:000018e4       ??_R3exception@std@@8      0041a8e4     MSVCRTD:throw_bad_alloc.obj
 0003:000018f8       ??_R2exception@std@@8      0041a8f8     MSVCRTD:throw_bad_alloc.obj
 0003:00001900       ??_R1A@?0A@EA@exception@std@@8 0041a900     MSVCRTD:throw_bad_alloc.obj
 0003:00001924       ??_R4bad_alloc@std@@6B@    0041a924     MSVCRTD:throw_bad_alloc.obj
 0003:0000193c       ??_R3bad_alloc@std@@8      0041a93c     MSVCRTD:throw_bad_alloc.obj
 0003:00001950       ??_R2bad_alloc@std@@8      0041a950     MSVCRTD:throw_bad_alloc.obj
 0003:0000195c       ??_R1A@?0A@EA@bad_alloc@std@@8 0041a95c     MSVCRTD:throw_bad_alloc.obj
 0003:00001980       ??_R4bad_array_new_length@std@@6B@ 0041a980     MSVCRTD:throw_bad_alloc.obj
 0003:00001998       ??_R3bad_array_new_length@std@@8 0041a998     MSVCRTD:throw_bad_alloc.obj
 0003:000019ac       ??_R2bad_array_new_length@std@@8 0041a9ac     MSVCRTD:throw_bad_alloc.obj
 0003:000019bc       ??_R1A@?0A@EA@bad_array_new_length@std@@8 0041a9bc     MSVCRTD:throw_bad_alloc.obj
 0003:00001c88       ___rtc_iaa                 0041ac88     MSVCRTD:_initsect_.obj
 0003:00001e98       ___rtc_izz                 0041ae98     MSVCRTD:_initsect_.obj
 0003:00001f9c       ___rtc_taa                 0041af9c     MSVCRTD:_initsect_.obj
 0003:000021ac       ___rtc_tzz                 0041b1ac     MSVCRTD:_initsect_.obj
 0003:000023b0       __TI2?AVbad_alloc@std@@    0041b3b0     MSVCRTD:throw_bad_alloc.obj
 0003:000023c4       __CTA2?AVbad_alloc@std@@   0041b3c4     MSVCRTD:throw_bad_alloc.obj
 0003:000023d4       __CT??_R0?AVbad_alloc@std@@@8??0bad_alloc@std@@QAE@ABV01@@Z12 0041b3d4     MSVCRTD:throw_bad_alloc.obj
 0003:000023f4       __CT??_R0?AVexception@std@@@8??0exception@std@@QAE@ABV01@@Z12 0041b3f4     MSVCRTD:throw_bad_alloc.obj
 0003:00002414       __TI3?AVbad_array_new_length@std@@ 0041b414     MSVCRTD:throw_bad_alloc.obj
 0003:00002428       __CTA3?AVbad_array_new_length@std@@ 0041b428     MSVCRTD:throw_bad_alloc.obj
 0003:0000243c       __CT??_R0?AVbad_array_new_length@std@@@8??0bad_array_new_length@std@@QAE@ABV01@@Z12 0041b43c     MSVCRTD:throw_bad_alloc.obj
 0004:00000000       ___security_cookie_complement 0041c000     MSVCRTD:gs_cookie.obj
 0004:00000004       ___security_cookie         0041c004     MSVCRTD:gs_cookie.obj
 0004:0000000c       ?_RTC_ErrorLevels@@3PAHA   0041c00c     MSVCRTD:_error_.obj
 0004:00000024       ___scrt_native_dllmain_reason 0041c024     MSVCRTD:utility.obj
 0004:00000028       ___scrt_default_matherr    0041c028     MSVCRTD:matherr.obj
 0004:0000002c       ___isa_enabled             0041c02c     MSVCRTD:_cpu_disp_.obj
 0004:00000030       ___scrt_ucrt_dll_is_in_use 0041c030     MSVCRTD:ucrt_stubs.obj
 0004:00000138       ??_R0?AU?$CompareFunction@H@@@8 0041c138     Main.obj
 0004:00000160       ??_R0?AV?$TBinaryTree@HU?$CompareFunction@H@@@@@8 0041c160     Main.obj
 0004:000001a0       ??_R0?AVtype_info@@@8      0041c1a0     MSVCRTD:std_type_info_static.obj
 0004:000001bc       ??_R0?AVbad_alloc@std@@@8  0041c1bc     MSVCRTD:throw_bad_alloc.obj
 0004:000001e0       ??_R0?AVexception@std@@@8  0041c1e0     MSVCRTD:throw_bad_alloc.obj
 0004:00000204       ??_R0?AVbad_array_new_length@std@@@8 0041c204     MSVCRTD:throw_bad_alloc.obj
 0004:00000338       ___@@_PchSym_@00@UwveUkilqvxghUehgfwrlkilqvxghUyrmzibgivvkizxgrxvUyrmzibgivvUyrmzibgivvUwvyftUhgwzucOlyq@4B2008FD98C1DD4 0041c338     stdafx.obj
 0004:00000700       ?_OptionsStorage@?1??__local_stdio_printf_options@@9@4_KA 0041c700     MSVCRTD:_error_.obj
 0004:00000718       ___scrt_current_native_startup_state 0041c718     MSVCRTD:utility.obj
 0004:0000071c       ___scrt_native_startup_lock 0041c71c     MSVCRTD:utility.obj
 0004:00000748       ?__type_info_root_node@@3U__type_info_node@@A 0041c748     MSVCRTD:tncleanup.obj
 0004:00000758       ?_OptionsStorage@?1??__local_stdio_scanf_options@@9@4_KA 0041c758     MSVCRTD:default_local_stdio_options.obj
 0004:00000764       ___scrt_debugger_hook_flag 0041c764     MSVCRTD:utility_desktop.obj
 0004:00000770       ___isa_available           0041c770     MSVCRTD:_cpu_disp_.obj
 0004:00000774       ___favor                   0041c774     MSVCRTD:_cpu_disp_.obj
 0004:0000077c       ___dyn_tls_dtor_callback   0041c77c     <common>
 0004:00000788       ___dyn_tls_init_callback   0041c788     <common>
 0004:00000794       ___DebuggerCurrentSteppingThreadId 0041c794     <common>
 0005:00000000       __imp__GetLastError@0      0041d000     kernel32:KERNEL32.dll
 0005:00000004       __imp__UnhandledExceptionFilter@4 0041d004     kernel32:KERNEL32.dll
 0005:00000008       __imp__SetUnhandledExceptionFilter@4 0041d008     kernel32:KERNEL32.dll
 0005:0000000c       __imp__GetCurrentProcess@0 0041d00c     kernel32:KERNEL32.dll
 0005:00000010       __imp__TerminateProcess@8  0041d010     kernel32:KERNEL32.dll
 0005:00000014       __imp__IsProcessorFeaturePresent@4 0041d014     kernel32:KERNEL32.dll
 0005:00000018       __imp__IsDebuggerPresent@0 0041d018     kernel32:KERNEL32.dll
 0005:0000001c       __imp__RaiseException@16   0041d01c     kernel32:KERNEL32.dll
 0005:00000020       __imp__MultiByteToWideChar@24 0041d020     kernel32:KERNEL32.dll
 0005:00000024       __imp__WideCharToMultiByte@32 0041d024     kernel32:KERNEL32.dll
 0005:00000028       __imp__GetProcAddress@8    0041d028     kernel32:KERNEL32.dll
 0005:0000002c       __imp__FreeLibrary@4       0041d02c     kernel32:KERNEL32.dll
 0005:00000030       __imp__VirtualQuery@12     0041d030     kernel32:KERNEL32.dll
 0005:00000034       __imp__GetProcessHeap@0    0041d034     kernel32:KERNEL32.dll
 0005:00000038       __imp__HeapFree@12         0041d038     kernel32:KERNEL32.dll
 0005:0000003c       __imp__HeapAlloc@12        0041d03c     kernel32:KERNEL32.dll
 0005:00000040       __imp__GetCurrentThreadId@0 0041d040     kernel32:KERNEL32.dll
 0005:00000044       __imp__GetModuleHandleW@4  0041d044     kernel32:KERNEL32.dll
 0005:00000048       __imp__GetStartupInfoW@4   0041d048     kernel32:KERNEL32.dll
 0005:0000004c       __imp__InitializeSListHead@4 0041d04c     kernel32:KERNEL32.dll
 0005:00000050       __imp__GetSystemTimeAsFileTime@4 0041d050     kernel32:KERNEL32.dll
 0005:00000054       __imp__GetCurrentProcessId@0 0041d054     kernel32:KERNEL32.dll
 0005:00000058       __imp__QueryPerformanceCounter@4 0041d058     kernel32:KERNEL32.dll
 0005:0000005c       \177KERNEL32_NULL_THUNK_DATA 0041d05c     kernel32:KERNEL32.dll
 0005:00000098       __imp____vcrt_GetModuleHandleW 0041d098     vcruntimed:VCRUNTIME140D.dll
 0005:0000009c       __imp____vcrt_GetModuleFileNameW 0041d09c     vcruntimed:VCRUNTIME140D.dll
 0005:000000a0       __imp___except_handler4_common 0041d0a0     vcruntimed:VCRUNTIME140D.dll
 0005:000000a4       __imp____std_type_info_destroy_list 0041d0a4     vcruntimed:VCRUNTIME140D.dll
 0005:000000a8       __imp___CxxThrowException@8 0041d0a8     vcruntimed:VCRUNTIME140D.dll
 0005:000000ac       __imp____std_exception_destroy 0041d0ac     vcruntimed:VCRUNTIME140D.dll
 0005:000000b0       __imp____std_exception_copy 0041d0b0     vcruntimed:VCRUNTIME140D.dll
 0005:000000b4       __imp__memset              0041d0b4     vcruntimed:VCRUNTIME140D.dll
 0005:000000b8       __imp____vcrt_LoadLibraryExW 0041d0b8     vcruntimed:VCRUNTIME140D.dll
 0005:000000bc       __imp____CxxFrameHandler3  0041d0bc     vcruntimed:VCRUNTIME140D.dll
 0005:000000c0       \177VCRUNTIME140D_NULL_THUNK_DATA 0041d0c0     vcruntimed:VCRUNTIME140D.dll
 0005:000000f4       __imp__strcat_s            0041d0f4     ucrtd:ucrtbased.dll
 0005:000000f8       __imp____stdio_common_vsprintf_s 0041d0f8     ucrtd:ucrtbased.dll
 0005:000000fc       __imp____p__commode        0041d0fc     ucrtd:ucrtbased.dll
 0005:00000100       __imp___seh_filter_dll     0041d100     ucrtd:ucrtbased.dll
 0005:00000104       __imp___initialize_onexit_table 0041d104     ucrtd:ucrtbased.dll
 0005:00000108       __imp___register_onexit_function 0041d108     ucrtd:ucrtbased.dll
 0005:0000010c       __imp___execute_onexit_table 0041d10c     ucrtd:ucrtbased.dll
 0005:00000110       __imp___crt_atexit         0041d110     ucrtd:ucrtbased.dll
 0005:00000114       __imp___crt_at_quick_exit  0041d114     ucrtd:ucrtbased.dll
 0005:00000118       __imp___controlfp_s        0041d118     ucrtd:ucrtbased.dll
 0005:0000011c       __imp__terminate           0041d11c     ucrtd:ucrtbased.dll
 0005:00000120       __imp___wmakepath_s        0041d120     ucrtd:ucrtbased.dll
 0005:00000124       __imp___wsplitpath_s       0041d124     ucrtd:ucrtbased.dll
 0005:00000128       __imp__wcscpy_s            0041d128     ucrtd:ucrtbased.dll
 0005:0000012c       __imp__strcpy_s            0041d12c     ucrtd:ucrtbased.dll
 0005:00000130       __imp___set_new_mode       0041d130     ucrtd:ucrtbased.dll
 0005:00000134       __imp___configthreadlocale 0041d134     ucrtd:ucrtbased.dll
 0005:00000138       __imp___register_thread_local_exe_atexit_callback 0041d138     ucrtd:ucrtbased.dll
 0005:0000013c       __imp___c_exit             0041d13c     ucrtd:ucrtbased.dll
 0005:00000140       __imp___cexit              0041d140     ucrtd:ucrtbased.dll
 0005:00000144       __imp____p___argv          0041d144     ucrtd:ucrtbased.dll
 0005:00000148       __imp____p___argc          0041d148     ucrtd:ucrtbased.dll
 0005:0000014c       __imp___set_fmode          0041d14c     ucrtd:ucrtbased.dll
 0005:00000150       __imp___exit               0041d150     ucrtd:ucrtbased.dll
 0005:00000154       __imp__exit                0041d154     ucrtd:ucrtbased.dll
 0005:00000158       __imp___initterm_e         0041d158     ucrtd:ucrtbased.dll
 0005:0000015c       __imp___initterm           0041d15c     ucrtd:ucrtbased.dll
 0005:00000160       __imp___get_initial_narrow_environment 0041d160     ucrtd:ucrtbased.dll
 0005:00000164       __imp___initialize_narrow_environment 0041d164     ucrtd:ucrtbased.dll
 0005:00000168       __imp___configure_narrow_argv 0041d168     ucrtd:ucrtbased.dll
 0005:0000016c       __imp____setusermatherr    0041d16c     ucrtd:ucrtbased.dll
 0005:00000170       __imp___set_app_type       0041d170     ucrtd:ucrtbased.dll
 0005:00000174       __imp___seh_filter_exe     0041d174     ucrtd:ucrtbased.dll
 0005:00000178       __imp___callnewh           0041d178     ucrtd:ucrtbased.dll
 0005:0000017c       __imp___CrtDbgReportW      0041d17c     ucrtd:ucrtbased.dll
 0005:00000180       __imp___CrtDbgReport       0041d180     ucrtd:ucrtbased.dll
 0005:00000184       __imp__malloc              0041d184     ucrtd:ucrtbased.dll
 0005:00000188       __imp___free_dbg           0041d188     ucrtd:ucrtbased.dll
 0005:0000018c       \177ucrtbased_NULL_THUNK_DATA 0041d18c     ucrtd:ucrtbased.dll
 0005:000001d4       __IMPORT_DESCRIPTOR_VCRUNTIME140D 0041d1d4     vcruntimed:VCRUNTIME140D.dll
 0005:000001e8       __IMPORT_DESCRIPTOR_ucrtbased 0041d1e8     ucrtd:ucrtbased.dll
 0005:000001fc       __IMPORT_DESCRIPTOR_KERNEL32 0041d1fc     kernel32:KERNEL32.dll
 0005:00000210       __NULL_IMPORT_DESCRIPTOR   0041d210     vcruntimed:VCRUNTIME140D.dll
 0007:00000000       ___guard_check_icall_fptr  0041f000     MSVCRTD:guard_support.obj

 entry point at        0002:00000410

 Static symbols

 0000:fffe2000       __guard_fids__             00400000     MSVCRTD:throw_bad_alloc.obj
 0000:fffe2000       __guard_fids___except_handler4 00400000     MSVCRTD:_chandler4gs_.obj
 0000:fffe2000       __guard_fids__             00400000     MSVCRTD:guard_support.obj
 0000:fffe2000       __guard_fids___guard_icall_checks_enforced 00400000     MSVCRTD:guard_support.obj
 0000:fffe2000       __guard_fids____scrt_set_unhandled_exception_filter 00400000     MSVCRTD:utility_desktop.obj
 0000:fffe2000       __guard_fids__             00400000     MSVCRTD:exe_main.obj
 0000:fffe2000       __guard_fids__             00400000     MSVCRTD:throw_bad_alloc.obj
 0000:fffe2000       __guard_fids__             00400000     MSVCRTD:throw_bad_alloc.obj
 0000:fffe2000       __guard_fids__             00400000     MSVCRTD:throw_bad_alloc.obj
 0000:fffe2000       __guard_fids__             00400000     MSVCRTD:std_type_info_static.obj
 0000:fffe2000       __guard_fids___CRT_RTC_INITW 00400000     MSVCRTD:_init_.obj
 0000:fffe2000       __guard_fids___CRT_RTC_INIT 00400000     MSVCRTD:_init_.obj
 0000:fffe2000       __guard_fids__             00400000     MSVCRTD:throw_bad_alloc.obj
 0000:fffde000       .debug$S                   00400000     vcruntimed:VCRUNTIME140D.dll
 0000:fffde000       .debug$S                   00400000     vcruntimed:VCRUNTIME140D.dll
 0000:fffde000       .debug$S                   00400000     vcruntimed:VCRUNTIME140D.dll
 0000:fffde000       .debug$S                   00400000     vcruntimed:VCRUNTIME140D.dll
 0000:fffde000       .debug$S                   00400000     vcruntimed:VCRUNTIME140D.dll
 0000:fffde000       .debug$S                   00400000     vcruntimed:VCRUNTIME140D.dll
 0000:fffde000       .debug$S                   00400000     vcruntimed:VCRUNTIME140D.dll
 0000:fffde000       .debug$S                   00400000     vcruntimed:VCRUNTIME140D.dll
 0000:fffe2000       __guard_fids__             00400000     MSVCRTD:throw_bad_alloc.obj
 0000:fffe2000       __guard_fids_?pre_c_initialization@@YAHXZ 00400000     MSVCRTD:exe_main.obj
 0000:fffde000       .debug$S                   00400000     kernel32:KERNEL32.dll
 0000:fffde000       .debug$S                   00400000     kernel32:KERNEL32.dll
 0000:fffde000       .debug$S                   00400000     kernel32:KERNEL32.dll
 0000:fffde000       .debug$S                   00400000     kernel32:KERNEL32.dll
 0000:fffde000       .debug$S                   00400000     kernel32:KERNEL32.dll
 0000:fffde000       .debug$S                   00400000     kernel32:KERNEL32.dll
 0000:fffde000       .debug$S                   00400000     kernel32:KERNEL32.dll
 0000:fffde000       .debug$S                   00400000     kernel32:KERNEL32.dll
 0000:fffde000       .debug$S                   00400000     kernel32:KERNEL32.dll
 0000:fffde000       .debug$S                   00400000     kernel32:KERNEL32.dll
 0000:fffde000       .debug$S                   00400000     kernel32:KERNEL32.dll
 0000:fffde000       .debug$S                   00400000     kernel32:KERNEL32.dll
 0000:fffde000       .debug$S                   00400000     kernel32:KERNEL32.dll
 0000:fffde000       .debug$S                   00400000     kernel32:KERNEL32.dll
 0000:fffde000       .debug$S                   00400000     kernel32:KERNEL32.dll
 0000:fffde000       .debug$S                   00400000     kernel32:KERNEL32.dll
 0000:fffde000       .debug$S                   00400000     kernel32:KERNEL32.dll
 0000:fffde000       .debug$S                   00400000     kernel32:KERNEL32.dll
 0000:fffde000       .debug$S                   00400000     kernel32:KERNEL32.dll
 0000:fffde000       .debug$S                   00400000     kernel32:KERNEL32.dll
 0000:fffde000       .debug$S                   00400000     kernel32:KERNEL32.dll
 0000:fffde000       .debug$S                   00400000     kernel32:KERNEL32.dll
 0000:fffde000       .debug$S                   00400000     kernel32:KERNEL32.dll
 0000:fffe2000       __guard_fids__             00400000     MSVCRTD:throw_bad_alloc.obj
 0000:fffde000       .debug$S                   00400000     ucrtd:ucrtbased.dll
 0000:fffde000       .debug$S                   00400000     ucrtd:ucrtbased.dll
 0000:fffde000       .debug$S                   00400000     ucrtd:ucrtbased.dll
 0000:fffde000       .debug$S                   00400000     ucrtd:ucrtbased.dll
 0000:fffde000       .debug$S                   00400000     ucrtd:ucrtbased.dll
 0000:fffde000       .debug$S                   00400000     ucrtd:ucrtbased.dll
 0000:fffde000       .debug$S                   00400000     ucrtd:ucrtbased.dll
 0000:fffde000       .debug$S                   00400000     ucrtd:ucrtbased.dll
 0000:fffde000       .debug$S                   00400000     ucrtd:ucrtbased.dll
 0000:fffde000       .debug$S                   00400000     ucrtd:ucrtbased.dll
 0000:fffde000       .debug$S                   00400000     ucrtd:ucrtbased.dll
 0000:fffde000       .debug$S                   00400000     ucrtd:ucrtbased.dll
 0000:fffde000       .debug$S                   00400000     ucrtd:ucrtbased.dll
 0000:fffde000       .debug$S                   00400000     ucrtd:ucrtbased.dll
 0000:fffde000       .debug$S                   00400000     ucrtd:ucrtbased.dll
 0000:fffde000       .debug$S                   00400000     ucrtd:ucrtbased.dll
 0000:fffde000       .debug$S                   00400000     ucrtd:ucrtbased.dll
 0000:fffde000       .debug$S                   00400000     ucrtd:ucrtbased.dll
 0000:fffde000       .debug$S                   00400000     ucrtd:ucrtbased.dll
 0000:fffde000       .debug$S                   00400000     ucrtd:ucrtbased.dll
 0000:fffde000       .debug$S                   00400000     ucrtd:ucrtbased.dll
 0000:fffde000       .debug$S                   00400000     ucrtd:ucrtbased.dll
 0000:fffde000       .debug$S                   00400000     ucrtd:ucrtbased.dll
 0000:fffde000       .debug$S                   00400000     ucrtd:ucrtbased.dll
 0000:fffde000       .debug$S                   00400000     ucrtd:ucrtbased.dll
 0000:fffde000       .debug$S                   00400000     ucrtd:ucrtbased.dll
 0000:fffde000       .debug$S                   00400000     ucrtd:ucrtbased.dll
 0000:fffde000       .debug$S                   00400000     ucrtd:ucrtbased.dll
 0000:fffde000       .debug$S                   00400000     ucrtd:ucrtbased.dll
 0000:fffde000       .debug$S                   00400000     ucrtd:ucrtbased.dll
 0000:fffde000       .debug$S                   00400000     ucrtd:ucrtbased.dll
 0000:fffde000       .debug$S                   00400000     ucrtd:ucrtbased.dll
 0000:fffde000       .debug$S                   00400000     ucrtd:ucrtbased.dll
 0000:fffde000       .debug$S                   00400000     ucrtd:ucrtbased.dll
 0000:fffde000       .debug$S                   00400000     ucrtd:ucrtbased.dll
 0000:fffde000       .debug$S                   00400000     ucrtd:ucrtbased.dll
 0000:fffde000       .debug$S                   00400000     ucrtd:ucrtbased.dll
 0000:fffde000       .debug$S                   00400000     ucrtd:ucrtbased.dll
 0000:fffe2000       __guard_fids__             00400000     MSVCRTD:throw_bad_alloc.obj
 0000:fffde000       .debug$S                   00400000     vcruntimed:VCRUNTIME140D.dll
 0000:fffde000       .debug$S                   00400000     vcruntimed:VCRUNTIME140D.dll
 0000:fffe2004       __guard_fids__             00400004     MSVCRTD:exe_main.obj
 0000:fffe2008       __guard_fids__             00400008     MSVCRTD:exe_main.obj
 0002:0000162c       $LN14                      0041262c     Main.obj
 0002:00001634       $LN13                      00412634     Main.obj
 0002:0000164c       $LN11                      0041264c     Main.obj
 0002:00001652       $LN10                      00412652     Main.obj
 0002:00001ae0       ?pre_c_initialization@@YAHXZ 00412ae0 f   MSVCRTD:exe_main.obj
 0002:00001bc0       ?post_pgo_initialization@@YAHXZ 00412bc0 f   MSVCRTD:exe_main.obj
 0002:00001bd0       ?pre_cpp_initialization@@YAXXZ 00412bd0 f   MSVCRTD:exe_main.obj
 0002:00001bf0       ?__scrt_common_main@@YAHXZ 00412bf0 f   MSVCRTD:exe_main.obj
 0002:00001c10       ?__scrt_common_main_seh@@YAHXZ 00412c10 f   MSVCRTD:exe_main.obj
 0002:00001ee0       ?invoke_main@@YAHXZ        00412ee0 f   MSVCRTD:exe_main.obj
 0002:000023a0       ?DebuggerProbe@@YA_NK@Z    004133a0 f   MSVCRTD:_error_.obj
 0002:000023f0       ?DebuggerRuntime@@YA_NKHPAXPB_W@Z 004133f0 f   MSVCRTD:_error_.obj
 0002:000026c0       ?_getMemBlockDataString@@YAXPAD0PBDI@Z 004136c0 f   MSVCRTD:_error_.obj
 0002:00002750       ?_strlen_priv@@YAIPBD@Z    00413750 f   MSVCRTD:_error_.obj
 0002:00002770       ?failwithmessage@@YAXPAXHHPBD@Z 00413770 f   MSVCRTD:_error_.obj
 0002:000029f0       ?notify_debugger@@YAXABUtagEXCEPTION_VISUALCPP_DEBUG_INFO@@@Z 004139f0 f   MSVCRTD:_error_.obj
 0002:000030c0       ?find_pe_section@@YAPAU_IMAGE_SECTION_HEADER@@QAEI@Z 004140c0 f   MSVCRTD:utility.obj
 0002:00003170       ?is_potentially_valid_image_base@@YA_NQAX@Z 00414170 f   MSVCRTD:utility.obj
 0002:000038b0       ___get_entropy             004148b0 f   MSVCRTD:gs_support.obj
 0002:00004050       ?GetPdbDll@@YAPAUHINSTANCE__@@XZ 00415050 f   MSVCRTD:_pdblkup_.obj
 0002:000041e0       ?GetPdbDllFromInstallPath@@YAPAUHINSTANCE__@@XZ 004151e0 f   MSVCRTD:_pdblkup_.obj
 0002:000044d0       ?GetPdbDllPathFromFilePath@@YAHPB_WPA_WI@Z 004154d0 f   MSVCRTD:_pdblkup_.obj
 0002:000064b0       __ehhandler$??1BinaryTree@@QAE@XZ 004174b0 f   BinaryTree.obj
 0002:000064e0       __ehhandler$??1?$TBinaryTree@HU?$CompareFunction@H@@@@UAE@XZ 004174e0 f   Main.obj
 0002:00006510       __unwindfunclet$?Put@?$TBinaryTree@HU?$CompareFunction@H@@@@QAE_NABH@Z$0 00417510 f   Main.obj
 0002:00006522       __ehhandler$?Put@?$TBinaryTree@HU?$CompareFunction@H@@@@QAE_NABH@Z 00417522 f   Main.obj
 0002:00006550       __unwindfunclet$_main$0    00417550 f   Main.obj
 0002:00006562       __unwindfunclet$_main$1    00417562 f   Main.obj
 0002:0000656a       __ehhandler$_main          0041756a f   Main.obj
 0003:00000104       ?pre_cpp_initializer@@3P6AXXZA 00419104     MSVCRTD:exe_main.obj
 0003:00000410       ?pre_c_initializer@@3P6AHXZA 00419410     MSVCRTD:exe_main.obj
 0003:00000514       ?post_pgo_initializer@@3P6AHXZA 00419514     MSVCRTD:exe_main.obj
 0003:00000b54       _GS_ExceptionPointers      00419b54     MSVCRTD:gs_report.obj
 0003:00000b60       ?_RTC_ErrorMessages@@3QBQBDB 00419b60     MSVCRTD:_error_.obj
 0003:00000b78       ?_RTC_NoFalsePositives@@3QBHB 00419b78     MSVCRTD:_error_.obj
 0003:00000b90       ?stack_premsg@@3QBDB       00419b90     MSVCRTD:_error_.obj
 0003:00000bac       ?stack_postmsg@@3QBDB      00419bac     MSVCRTD:_error_.obj
 0003:00000bc0       ?uninit_premsg@@3QBDB      00419bc0     MSVCRTD:_error_.obj
 0003:00000bd0       ?uninit_postmsg@@3QBDB     00419bd0     MSVCRTD:_error_.obj
 0003:00001220       ?_RTC_errlist@@3QBQBDB     0041a220     MSVCRTD:_userapi_.obj
 0003:0000137c       ?mspdbName@@3QB_WB         0041a37c     MSVCRTD:_pdblkup_.obj
 0003:000013a0       ?debugCrtFileName@@3QB_WB  0041a3a0     MSVCRTD:_pdblkup_.obj
 0003:00001530       ?dllExt@?1??GetPdbDllPathFromFilePath@@YAHPB_WPA_WI@Z@4QB_WB 0041a530     MSVCRTD:_pdblkup_.obj
 0003:0000153c       ?mspdbFilename@?1??GetPdbDllPathFromFilePath@@YAHPB_WPA_WI@Z@4QB_WB 0041a53c     MSVCRTD:_pdblkup_.obj
 0003:00001d8c       __RTC_InitBase.rtc$IMZ     0041ad8c     BinaryTree.obj
 0003:00001d90       __RTC_InitBase.rtc$IMZ     0041ad90     Main.obj
 0003:000020a0       __RTC_Shutdown.rtc$TMZ     0041b0a0     BinaryTree.obj
 0003:000020a4       __RTC_Shutdown.rtc$TMZ     0041b0a4     Main.obj
 0003:000022b0       __ehfuncinfo$??1BinaryTree@@QAE@XZ 0041b2b0     BinaryTree.obj
 0003:000022d8       __unwindtable$_main        0041b2d8     Main.obj
 0003:000022e8       __ehfuncinfo$_main         0041b2e8     Main.obj
 0003:00002314       __ehfuncinfo$??1?$TBinaryTree@HU?$CompareFunction@H@@@@UAE@XZ 0041b314     Main.obj
 0003:0000233c       __unwindtable$?Put@?$TBinaryTree@HU?$CompareFunction@H@@@@QAE_NABH@Z 0041b33c     Main.obj
 0003:00002344       __ehfuncinfo$?Put@?$TBinaryTree@HU?$CompareFunction@H@@@@QAE_NABH@Z 0041b344     Main.obj
 0003:00002370       __sehtable$?__scrt_common_main_seh@@YAHXZ 0041b370     MSVCRTD:exe_main.obj
 0003:00002390       __sehtable$?notify_debugger@@YAXABUtagEXCEPTION_VISUALCPP_DEBUG_INFO@@@Z 0041b390     MSVCRTD:_error_.obj
 0003:00002460       __sehtable$___scrt_is_nonwritable_in_current_image 0041b460     MSVCRTD:utility.obj
 0004:0000033c       ?init@?1??_RTC_InitBase@@9@4_NA 0041c33c     MSVCRTD:_init_.obj
 0004:00000340       _GS_ExceptionRecord        0041c340     MSVCRTD:gs_report.obj
 0004:00000390       _GS_ContextRecord          0041c390     MSVCRTD:gs_report.obj
 0004:0000070c       ?_RTC_ErrorReportFunc@@3P6AHHPBDH00ZZA 0041c70c     MSVCRTD:_userapi_.obj
 0004:00000710       ?_RTC_ErrorReportFuncW@@3P6AHHPB_WH00ZZA 0041c710     MSVCRTD:_userapi_.obj
 0004:00000720       ?is_initialized_as_dll@@3_NA 0041c720     MSVCRTD:utility.obj
 0004:00000721       ?module_local_atexit_table_initialized@@3_NA 0041c721     MSVCRTD:utility.obj
 0004:00000724       ?module_local_atexit_table@@3U_onexit_table_t@@A 0041c724     MSVCRTD:utility.obj
 0004:00000730       ?module_local_at_quick_exit_table@@3U_onexit_table_t@@A 0041c730     MSVCRTD:utility.obj
 0004:00000768       ?mspdb@@3PAUHINSTANCE__@@A 0041c768     MSVCRTD:_pdblkup_.obj
 0004:0000076c       ?alreadyTried@?1??GetPdbDll@@YAPAUHINSTANCE__@@XZ@4_NA 0041c76c     MSVCRTD:_pdblkup_.obj
 0004:0000076d       ?PDBOK@?1??_RTC_GetSrcLine@@YAHPAEPA_WKPAH1K@Z@4_NA 0041c76d     MSVCRTD:_pdblkup_.obj
 0005:000004e8       .idata$6                   0041d4e8     vcruntimed:VCRUNTIME140D.dll
 0005:000007a0       .idata$6                   0041d7a0     ucrtd:ucrtbased.dll
 0005:00000984       .idata$6                   0041d984     kernel32:KERNEL32.dll
 0006:00000000       __F5DA006B_stdafx@h        0041e000     BinaryTree.obj
 0006:00000001       __C5B81F9F_binarytree@pch  0041e001     BinaryTree.obj
 0006:00000002       __6C939DF9_binarytree@h    0041e002     BinaryTree.obj
 0006:00000003       __38AF3EB5_binarytree@cpp  0041e003     BinaryTree.obj
 0006:00000004       __80164DCD_memory          0041e004     BinaryTree.obj
 0006:00000005       __EE59F769_vcruntime_typeinfo@h 0041e005     BinaryTree.obj
 0006:00000006       __252C55E8_xatomic0@h      0041e006     BinaryTree.obj
 0006:00000007       __911C26AD_xmemory0        0041e007     BinaryTree.obj
 0006:00000008       __404FE7FC_xutility        0041e008     BinaryTree.obj
 0006:00000009       __F05194C5_iosfwd          0041e009     BinaryTree.obj
 0006:0000000a       __78F4D6C6_string@h        0041e00a     BinaryTree.obj
 0006:0000000b       __9F081559_corecrt_memory@h 0041e00b     BinaryTree.obj
 0006:0000000c       __02751F76_exception       0041e00c     BinaryTree.obj
 0006:0000000d       __66FC6D92_vcruntime_exception@h 0041e00d     BinaryTree.obj
 0006:0000000e       __6AAA6594_malloc@h        0041e00e     BinaryTree.obj
 0006:0000000f       __A890CD55_type_traits     0041e00f     BinaryTree.obj
 0006:00000010       __3CB84143_limits          0041e010     BinaryTree.obj
 0006:00000011       __4C0A0615_xtgmath@h       0041e011     BinaryTree.obj
 0006:00000012       __54E05BE6_cmath           0041e012     BinaryTree.obj
 0006:00000013       __25D2DC36_cstdlib         0041e013     BinaryTree.obj
 0006:00000014       __EDC08FAA_corecrt_math@h  0041e014     BinaryTree.obj
 0006:00000015       __FE874262_stdlib@h        0041e015     BinaryTree.obj
 0006:00000016       __0BE25CBD_vcruntime_new@h 0041e016     BinaryTree.obj
 0006:0000001b       __F5DA006B_stdafx@h        0041e01b     Main.obj
 0006:0000001c       __C5B81F9F_binarytree@pch  0041e01c     Main.obj
 0006:0000001d       __4DA18247_tbinarytree@h   0041e01d     Main.obj
 0006:0000001e       __EE44C0DB_main@cpp        0041e01e     Main.obj
 0006:0000001f       __C5B81F9F_binarytree@pch  0041e01f     stdafx.obj
 0006:00000020       __320E01E0_corecrt_stdio_config@h 0041e020     stdafx.obj
 0006:00000021       __BAC7FC50_corecrt_wstdio@h 0041e021     stdafx.obj
 0006:00000022       __A3797CDC_stdio@h         0041e022     stdafx.obj
 0006:00000023       __07523DAF_corecrt_memcpy_s@h 0041e023     stdafx.obj
 0006:00000024       __FEB88A67_corecrt_wconio@h 0041e024     stdafx.obj
 0006:00000025       __BE076D93_corecrt_wio@h   0041e025     stdafx.obj
 0006:00000026       __9CE3A74D_corecrt_wstring@h 0041e026     stdafx.obj
 0006:00000027       __90701A18_corecrt_wtime@h 0041e027     stdafx.obj
 0006:00000028       __33831CCF_stat@h          0041e028     stdafx.obj
 0006:00000029       __5D5F9F21_wchar@h         0041e029     stdafx.obj
 0006:0000002a       __6CB785BC_tchar@h         0041e02a     stdafx.obj
 0008:00000170       $R000000                   00420170     * linker generated manifest res *
