 BinaryTree

 Timestamp is 5c40cfaf (Thu Jan 17 10:55:43 2019)

 Preferred load address is 00400000

 Start         Length     Name                   Class
 0001:00000000 00010000H .textbss                DATA
 0002:00000000 000068d0H .text$mn                CODE
 0002:000068d0 0000116eH .text$x                 CODE
 0003:00000000 00000104H .CRT$XCA                DATA
 0003:00000104 00000104H .CRT$XCAA               DATA
 0003:00000208 00000104H .CRT$XCZ                DATA
 0003:0000030c 00000104H .CRT$XIA                DATA
 0003:00000410 00000104H .CRT$XIAA               DATA
 0003:00000514 00000104H .CRT$XIAC               DATA
 0003:00000618 00000104H .CRT$XIZ                DATA
 0003:0000071c 00000104H .CRT$XPA                DATA
 0003:00000820 00000104H .CRT$XPZ                DATA
 0003:00000924 00000104H .CRT$XTA                DATA
 0003:00000a28 00000108H .CRT$XTZ                DATA
 0003:00000b30 00000c94H .rdata                  DATA
 0003:000017c4 00000328H .rdata$r                DATA
 0003:00001aec 0000019cH .rdata$zzzdbg           DATA
 0003:00001c88 00000104H .rtc$IAA                DATA
 0003:00001d8c 0000010cH .rtc$IMZ                DATA
 0003:00001e98 00000104H .rtc$IZZ                DATA
 0003:00001f9c 00000104H .rtc$TAA                DATA
 0003:000020a0 0000010cH .rtc$TMZ                DATA
 0003:000021ac 00000104H .rtc$TZZ                DATA
 0003:000022b0 00000366H .xdata$x                DATA
 0003:00002616 00000000H .edata                  DATA
 0004:00000000 00000138H .data                   DATA
 0004:00000138 00000248H .data$r                 DATA
 0004:00000380 00000468H .bss                    DATA
 0005:00000000 000001d4H .idata$5                DATA
 0005:000001d4 0000003cH .idata$2                DATA
 0005:00000210 00000014H .idata$3                DATA
 0005:00000224 000001d4H .idata$4                DATA
 0005:000003f8 00000729H .idata$6                DATA
 0006:00000000 0000012eH .msvcjmc                DATA
 0007:00000000 00000104H .00cfg                  DATA
 0008:00000000 00000170H .rsrc$01                DATA
 0008:00000170 000002ccH .rsrc$02                DATA

  Address         Publics by Value              Rva+Base       Lib:Object

 0000:00000000       ___volatile_metadata       00000000     <absolute>
 0000:00000000       ___hybrid_code_map_count   00000000     <absolute>
 0000:00000000       ___guard_longjmp_count     00000000     <absolute>
 0000:00000000       ___hybrid_code_map         00000000     <absolute>
 0000:00000000       ___dynamic_value_reloc_table 00000000     <absolute>
 0000:00000000       ___guard_fids_table        00000000     <absolute>
 0000:00000000       ___enclave_config          00000000     <absolute>
 0000:00000000       ___safe_se_handler_table   00000000     <absolute>
 0000:00000000       ___hybrid_auxiliary_iat    00000000     <absolute>
 0000:00000000       ___safe_se_handler_count   00000000     <absolute>
 0000:00000000       ___guard_fids_count        00000000     <absolute>
 0000:00000000       ___guard_iat_count         00000000     <absolute>
 0000:00000000       ___guard_iat_table         00000000     <absolute>
 0000:00000000       ___guard_longjmp_table     00000000     <absolute>
 0000:00000100       ___guard_flags             00000100     <absolute>
 0000:00000000       ___ImageBase               00400000     <linker-defined>
 0001:00000000       __enc$textbss$begin        00401000     <linker-defined>
 0001:00010000       __enc$textbss$end          00411000     <linker-defined>
 0002:00000910       ??0BinaryTree@@QAE@XZ      00411910 f   BinaryTree.obj
 0002:00000970       ??1BinaryTree@@QAE@XZ      00411970 f   BinaryTree.obj
 0002:00000a00       ?AddValue@BinaryTree@@QAE_NPAH@Z 00411a00 f   BinaryTree.obj
 0002:00000b30       ?CreateNode@BinaryTree@@IAEPAU_Node@@XZ 00411b30 f   BinaryTree.obj
 0002:00000bc0       ?InsertNode@BinaryTree@@IAE_NPAU_Node@@0@Z 00411bc0 f   BinaryTree.obj
 0002:00000cb0       ?SearchTree@BinaryTree@@QAE_NH@Z 00411cb0 f   BinaryTree.obj
 0002:00000d50       ?Traverse@BinaryTree@@IAE_NPAU_Node@@H@Z 00411d50 f   BinaryTree.obj
 0002:00000e30       __JustMyCode_Default       00411e30 f i BinaryTree.obj
 0002:00000e40       ??0?$CompareFunction@H@BinaryTreeTemplate@@QAE@XZ 00411e40 f i Main.obj
 0002:00000e90       ??0?$TBinaryTree@HU?$CompareFunction@H@BinaryTreeTemplate@@@BinaryTreeTemplate@@QAE@XZ 00411e90 f i Main.obj
 0002:00000f10       ??0?$TNode@H@BinaryTreeTemplate@@QAE@ABH@Z 00411f10 f i Main.obj
 0002:00000f90       ??1?$TBinaryTree@HU?$CompareFunction@H@BinaryTreeTemplate@@@BinaryTreeTemplate@@UAE@XZ 00411f90 f i Main.obj
 0002:00001030       ??1?$TNode@H@BinaryTreeTemplate@@QAE@XZ 00412030 f i Main.obj
 0002:000010c0       ??R?$CompareFunction@H@BinaryTreeTemplate@@UBEKPAV?$TNode@H@1@0@Z 004120c0 f i Main.obj
 0002:00001150       ??_E?$TBinaryTree@HU?$CompareFunction@H@BinaryTreeTemplate@@@BinaryTreeTemplate@@UAEPAXI@Z 00412150 f i Main.obj
 0002:00001150       ??_G?$TBinaryTree@HU?$CompareFunction@H@BinaryTreeTemplate@@@BinaryTreeTemplate@@UAEPAXI@Z 00412150 f i Main.obj
 0002:000011c0       ??_G?$TNode@H@BinaryTreeTemplate@@QAEPAXI@Z 004121c0 f i Main.obj
 0002:00001230       ?Put@?$TBinaryTree@HU?$CompareFunction@H@BinaryTreeTemplate@@@BinaryTreeTemplate@@QAE_NABH@Z 00412230 f i Main.obj
 0002:00001370       ?RecurseAdd@?$TBinaryTree@HU?$CompareFunction@H@BinaryTreeTemplate@@@BinaryTreeTemplate@@AAE_NPAV?$TNode@H@2@0@Z 00412370 f i Main.obj
 0002:00001470       ?RecurseSearch@?$TBinaryTree@HU?$CompareFunction@H@BinaryTreeTemplate@@@BinaryTreeTemplate@@AAE_NPAV?$TNode@H@2@0@Z 00412470 f i Main.obj
 0002:00001570       ?Search@?$TBinaryTree@HU?$CompareFunction@H@BinaryTreeTemplate@@@BinaryTreeTemplate@@QAE_NABH@Z 00412570 f i Main.obj
 0002:00001700       ?__autoclassinit2@?$TBinaryTree@HU?$CompareFunction@H@BinaryTreeTemplate@@@BinaryTreeTemplate@@QAEXI@Z 00412700 f i Main.obj
 0002:00001760       ?__autoclassinit2@?$TNode@H@BinaryTreeTemplate@@QAEXI@Z 00412760 f i Main.obj
 0002:000017c0       ?__autoclassinit2@BinaryTree@@QAEXI@Z 004127c0 f i Main.obj
 0002:00001820       _main                      00412820 f   Main.obj
 0002:00001b10       @__CheckForDebuggerJustMyCode@4 00412b10 f   MSVCRTD:debugger_jmc.obj
 0002:00001b60       @__security_check_cookie@4 00412b60 f   MSVCRTD:_secchk_.obj
 0002:00001b80       @_RTC_AllocaHelper@12      00412b80 f   MSVCRTD:_stack_.obj
 0002:00001bc0       @_RTC_CheckStackVars2@12   00412bc0 f   MSVCRTD:_stack_.obj
 0002:00001ce0       @_RTC_CheckStackVars@8     00412ce0 f   MSVCRTD:_stack_.obj
 0002:00001d60       __RTC_CheckEsp             00412d60 f   MSVCRTD:_stack_.obj
 0002:00001da0       __CRT_RTC_INIT             00412da0 f   MSVCRTD:_init_.obj
 0002:00001db0       __CRT_RTC_INITW            00412db0 f   MSVCRTD:_init_.obj
 0002:00001dc0       __RTC_InitBase             00412dc0 f   MSVCRTD:_init_.obj
 0002:00001e00       __RTC_Shutdown             00412e00 f   MSVCRTD:_init_.obj
 0002:00001e20       ??2@YAPAXI@Z               00412e20 f   MSVCRTD:new_scalar.obj
 0002:00001e80       ??3@YAXPAXI@Z              00412e80 f   MSVCRTD:delete_scalar_size.obj
 0002:00001ea0       ??1type_info@@UAE@XZ       00412ea0 f   MSVCRTD:std_type_info_static.obj
 0002:00001ec0       ??_Etype_info@@UAEPAXI@Z   00412ec0 f i MSVCRTD:std_type_info_static.obj
 0002:00001ec0       ??_Gtype_info@@UAEPAXI@Z   00412ec0 f i MSVCRTD:std_type_info_static.obj
 0002:000022d0       ?configure_argv@__scrt_narrow_argv_policy@@SAHXZ 004132d0 f i MSVCRTD:exe_main.obj
 0002:000022f0       ?initialize_environment@__scrt_narrow_environment_policy@@SAHXZ 004132f0 f i MSVCRTD:exe_main.obj
 0002:00002330       ?set_app_type@__scrt_main_policy@@SAXXZ 00413330 f i MSVCRTD:exe_main.obj
 0002:00002350       ?set_commode@__scrt_file_policy@@SAXXZ 00413350 f i MSVCRTD:exe_main.obj
 0002:00002370       ?set_fmode@__scrt_file_policy@@SAXXZ 00413370 f i MSVCRTD:exe_main.obj
 0002:00002390       _mainCRTStartup            00413390 f   MSVCRTD:exe_main.obj
 0002:000023a0       ___raise_securityfailure   004133a0 f   MSVCRTD:gs_report.obj
 0002:000023e0       ___report_gsfailure        004133e0 f   MSVCRTD:gs_report.obj
 0002:00002530       ___report_rangecheckfailure 00413530 f   MSVCRTD:gs_report.obj
 0002:00002540       ___report_securityfailure  00413540 f   MSVCRTD:gs_report.obj
 0002:00002650       ___report_securityfailureEx 00413650 f   MSVCRTD:gs_report.obj
 0002:00002870       ?_RTC_AllocaFailure@@YAXPAXPAU_RTC_ALLOCA_NODE@@H@Z 00413870 f   MSVCRTD:_error_.obj
 0002:00002990       ?_RTC_Failure@@YAXPAXH@Z   00413990 f   MSVCRTD:_error_.obj
 0002:00002a00       ?_RTC_StackFailure@@YAXPAXPBD@Z 00413a00 f   MSVCRTD:_error_.obj
 0002:00002eb0       __RTC_UninitUse            00413eb0 f   MSVCRTD:_error_.obj
 0002:00002f90       ___local_stdio_printf_options 00413f90 f i MSVCRTD:_error_.obj
 0002:00002fa0       __vsprintf_s_l             00413fa0 f i MSVCRTD:_error_.obj
 0002:00002fe0       _sprintf_s                 00413fe0 f i MSVCRTD:_error_.obj
 0002:00003010       ?_RTC_GetErrorFunc@@YAP6AHHPBDH00ZZPBX@Z 00414010 f   MSVCRTD:_userapi_.obj
 0002:00003020       ?_RTC_GetErrorFuncW@@YAP6AHHPB_WH00ZZPBX@Z 00414020 f   MSVCRTD:_userapi_.obj
 0002:00003030       __RTC_GetErrDesc           00414030 f   MSVCRTD:_userapi_.obj
 0002:00003050       __RTC_NumErrors            00414050 f   MSVCRTD:_userapi_.obj
 0002:00003060       __RTC_SetErrorFunc         00414060 f   MSVCRTD:_userapi_.obj
 0002:00003090       __RTC_SetErrorFuncW        00414090 f   MSVCRTD:_userapi_.obj
 0002:000030c0       __RTC_SetErrorType         004140c0 f   MSVCRTD:_userapi_.obj
 0002:000030f0       ??0bad_alloc@std@@AAE@QBD@Z 004140f0 f i MSVCRTD:throw_bad_alloc.obj
 0002:00003120       ??0bad_alloc@std@@QAE@ABV01@@Z 00414120 f i MSVCRTD:throw_bad_alloc.obj
 0002:00003150       ??0bad_alloc@std@@QAE@XZ   00414150 f i MSVCRTD:throw_bad_alloc.obj
 0002:00003180       ??0bad_array_new_length@std@@QAE@ABV01@@Z 00414180 f i MSVCRTD:throw_bad_alloc.obj
 0002:000031b0       ??0bad_array_new_length@std@@QAE@XZ 004141b0 f i MSVCRTD:throw_bad_alloc.obj
 0002:000031e0       ??0exception@std@@QAE@ABV01@@Z 004141e0 f i MSVCRTD:throw_bad_alloc.obj
 0002:00003230       ??0exception@std@@QAE@QBDH@Z 00414230 f i MSVCRTD:throw_bad_alloc.obj
 0002:00003270       ??1bad_alloc@std@@UAE@XZ   00414270 f i MSVCRTD:throw_bad_alloc.obj
 0002:00003290       ??1bad_array_new_length@std@@UAE@XZ 00414290 f i MSVCRTD:throw_bad_alloc.obj
 0002:000032b0       ??1exception@std@@UAE@XZ   004142b0 f i MSVCRTD:throw_bad_alloc.obj
 0002:000032e0       ??_Ebad_alloc@std@@UAEPAXI@Z 004142e0 f i MSVCRTD:throw_bad_alloc.obj
 0002:000032e0       ??_Gbad_alloc@std@@UAEPAXI@Z 004142e0 f i MSVCRTD:throw_bad_alloc.obj
 0002:00003320       ??_Gbad_array_new_length@std@@UAEPAXI@Z 00414320 f i MSVCRTD:throw_bad_alloc.obj
 0002:00003320       ??_Ebad_array_new_length@std@@UAEPAXI@Z 00414320 f i MSVCRTD:throw_bad_alloc.obj
 0002:00003360       ??_Eexception@std@@UAEPAXI@Z 00414360 f i MSVCRTD:throw_bad_alloc.obj
 0002:00003360       ??_Gexception@std@@UAEPAXI@Z 00414360 f i MSVCRTD:throw_bad_alloc.obj
 0002:000033a0       ?__scrt_throw_std_bad_alloc@@YAXXZ 004143a0 f   MSVCRTD:throw_bad_alloc.obj
 0002:000033d0       ?__scrt_throw_std_bad_array_new_length@@YAXXZ 004143d0 f   MSVCRTD:throw_bad_alloc.obj
 0002:00003400       ?what@exception@std@@UBEPBDXZ 00414400 f i MSVCRTD:throw_bad_alloc.obj
 0002:00003440       ??3@YAXPAX@Z               00414440 f   MSVCRTD:delete_scalar.obj
 0002:00003460       ??$__crt_fast_decode_pointer@PAP6AXXZ@@YAPAP6AXXZQAP6AXXZ@Z 00414460 f i MSVCRTD:utility.obj
 0002:00003490       ??$__crt_fast_encode_pointer@PAP6AXXZ@@YAPAP6AXXZQAP6AXXZ@Z 00414490 f i MSVCRTD:utility.obj
 0002:000034d0       ?__crt_rotate_pointer_value@@YAIIH@Z 004144d0 f i MSVCRTD:utility.obj
 0002:00003620       _NtCurrentTeb              00414620 f i MSVCRTD:utility.obj
 0002:00003630       ___scrt_acquire_startup_lock 00414630 f   MSVCRTD:utility.obj
 0002:00003690       ___scrt_dllmain_after_initialize_c 00414690 f   MSVCRTD:utility.obj
 0002:000036d0       ___scrt_dllmain_before_initialize_c 004146d0 f   MSVCRTD:utility.obj
 0002:00003700       ___scrt_dllmain_crt_thread_attach 00414700 f   MSVCRTD:utility.obj
 0002:00003740       ___scrt_dllmain_crt_thread_detach 00414740 f   MSVCRTD:utility.obj
 0002:00003760       ___scrt_dllmain_exception_filter 00414760 f   MSVCRTD:utility.obj
 0002:000037c0       ___scrt_dllmain_uninitialize_c 004147c0 f   MSVCRTD:utility.obj
 0002:00003800       ___scrt_dllmain_uninitialize_critical 00414800 f   MSVCRTD:utility.obj
 0002:00003820       ___scrt_initialize_crt     00414820 f   MSVCRTD:utility.obj
 0002:00003880       ___scrt_initialize_onexit_tables 00414880 f   MSVCRTD:utility.obj
 0002:000039a0       ___scrt_is_nonwritable_in_current_image 004149a0 f   MSVCRTD:utility.obj
 0002:00003b20       ___scrt_release_startup_lock 00414b20 f   MSVCRTD:utility.obj
 0002:00003b50       ___scrt_uninitialize_crt   00414b50 f   MSVCRTD:utility.obj
 0002:00003ba0       __onexit                   00414ba0 f   MSVCRTD:utility.obj
 0002:00003c30       _at_quick_exit             00414c30 f   MSVCRTD:utility.obj
 0002:00003c90       _atexit                    00414c90 f   MSVCRTD:utility.obj
 0002:00003d60       ___security_init_cookie    00414d60 f   MSVCRTD:gs_support.obj
 0002:00003e00       __matherr                  00414e00 f   MSVCRTD:matherr.obj
 0002:00003e10       __get_startup_argv_mode    00414e10 f   MSVCRTD:argv_mode.obj
 0002:00003e20       __get_startup_commit_mode  00414e20 f   MSVCRTD:commit_mode.obj
 0002:00003e30       __get_startup_file_mode    00414e30 f   MSVCRTD:file_mode.obj
 0002:00003e40       __get_startup_new_mode     00414e40 f   MSVCRTD:new_mode.obj
 0002:00003e50       __get_startup_thread_locale_mode 00414e50 f   MSVCRTD:thread_locale.obj
 0002:00003e60       ?__scrt_initialize_type_info@@YAXXZ 00414e60 f   MSVCRTD:tncleanup.obj
 0002:00003e80       ?__scrt_uninitialize_type_info@@YAXXZ 00414e80 f   MSVCRTD:tncleanup.obj
 0002:00003ea0       __should_initialize_environment 00414ea0 f   MSVCRTD:env_mode.obj
 0002:00003eb0       __initialize_default_precision 00414eb0 f   MSVCRTD:default_precision.obj
 0002:00003ee0       __initialize_invalid_parameter_handler 00414ee0 f   MSVCRTD:invalid_parameter_handler.obj
 0002:00003ef0       __initialize_denormal_control 00414ef0 f   MSVCRTD:denormal_control.obj
 0002:00003f00       ___local_stdio_scanf_options 00414f00 f i MSVCRTD:default_local_stdio_options.obj
 0002:00003f10       ___scrt_initialize_default_local_stdio_options 00414f10 f   MSVCRTD:default_local_stdio_options.obj
 0002:00003f60       ___scrt_is_user_matherr_present 00414f60 f   MSVCRTD:matherr_detection.obj
 0002:00003f90       ___scrt_get_dyn_tls_init_callback 00414f90 f   MSVCRTD:dyn_tls_init.obj
 0002:00003fa0       ___scrt_get_dyn_tls_dtor_callback 00414fa0 f   MSVCRTD:dyn_tls_dtor.obj
 0002:00003fb0       ___scrt_fastfail           00414fb0 f   MSVCRTD:utility_desktop.obj
 0002:00004140       ___scrt_get_show_window_mode 00415140 f   MSVCRTD:utility_desktop.obj
 0002:00004190       ___scrt_initialize_mta     00415190 f   MSVCRTD:utility_desktop.obj
 0002:000041a0       ___scrt_initialize_winrt   004151a0 f   MSVCRTD:utility_desktop.obj
 0002:000041b0       ___scrt_is_managed_app     004151b0 f   MSVCRTD:utility_desktop.obj
 0002:00004260       ___scrt_set_unhandled_exception_filter 00415260 f   MSVCRTD:utility_desktop.obj
 0002:00004280       ___scrt_stub_for_initialize_mta 00415280 f   MSVCRTD:utility_desktop.obj
 0002:00004280       ___scrt_exe_initialize_mta 00415280 f   MSVCRTD:utility_desktop.obj
 0002:00004290       ___scrt_unhandled_exception_filter@4 00415290 f   MSVCRTD:utility_desktop.obj
 0002:00004310       __crt_debugger_hook        00415310 f   MSVCRTD:utility_desktop.obj
 0002:00004330       __RTC_Initialize           00415330 f   MSVCRTD:_initsect_.obj
 0002:00004370       __RTC_Terminate            00415370 f   MSVCRTD:_initsect_.obj
 0002:000043b0       __except_handler4          004153b0 f   MSVCRTD:_chandler4gs_.obj
 0002:000043e0       @_guard_check_icall_nop@4  004153e0 f i MSVCRTD:guard_support.obj
 0002:000043f0       _ReadNoFence               004153f0 f i MSVCRTD:guard_support.obj
 0002:00004410       _ReadPointerNoFence        00415410 f i MSVCRTD:guard_support.obj
 0002:00004430       __guard_icall_checks_enforced 00415430 f i MSVCRTD:guard_support.obj
 0002:00004a00       ?_RTC_GetSrcLine@@YAHPAEPA_WKPAH1K@Z 00415a00 f   MSVCRTD:_pdblkup_.obj
 0002:00004e70       __except_handler4_noexcept 00415e70 f   MSVCRTD:chandler4_noexcept.obj
 0002:00004ed0       ___isa_available_init      00415ed0 f   MSVCRTD:_cpu_disp_.obj
 0002:00005260       ___scrt_is_ucrt_dll_in_use 00416260 f   MSVCRTD:ucrt_detection.obj
 0002:0000528d       ___CxxFrameHandler3        0041628d f   vcruntimed:VCRUNTIME140D.dll
 0002:00005293       _memset                    00416293 f   vcruntimed:VCRUNTIME140D.dll
 0002:00005299       ___std_exception_copy      00416299 f   vcruntimed:VCRUNTIME140D.dll
 0002:0000529f       ___std_exception_destroy   0041629f f   vcruntimed:VCRUNTIME140D.dll
 0002:000052a5       __CxxThrowException@8      004162a5 f   vcruntimed:VCRUNTIME140D.dll
 0002:000052ab       ___std_type_info_destroy_list 004162ab f   vcruntimed:VCRUNTIME140D.dll
 0002:000052b1       __except_handler4_common   004162b1 f   vcruntimed:VCRUNTIME140D.dll
 0002:000052b7       ___vcrt_GetModuleFileNameW 004162b7 f   vcruntimed:VCRUNTIME140D.dll
 0002:000052bd       ___vcrt_GetModuleHandleW   004162bd f   vcruntimed:VCRUNTIME140D.dll
 0002:000052c3       ___vcrt_LoadLibraryExW     004162c3 f   vcruntimed:VCRUNTIME140D.dll
 0002:000052c9       _malloc                    004162c9 f   ucrtd:ucrtbased.dll
 0002:000052cf       __CrtDbgReport             004162cf f   ucrtd:ucrtbased.dll
 0002:000052d5       __CrtDbgReportW            004162d5 f   ucrtd:ucrtbased.dll
 0002:000052db       __callnewh                 004162db f   ucrtd:ucrtbased.dll
 0002:000052e1       __seh_filter_exe           004162e1 f   ucrtd:ucrtbased.dll
 0002:000052e7       __set_app_type             004162e7 f   ucrtd:ucrtbased.dll
 0002:000052ed       ___setusermatherr          004162ed f   ucrtd:ucrtbased.dll
 0002:000052f3       __configure_narrow_argv    004162f3 f   ucrtd:ucrtbased.dll
 0002:000052f9       __initialize_narrow_environment 004162f9 f   ucrtd:ucrtbased.dll
 0002:000052ff       __get_initial_narrow_environment 004162ff f   ucrtd:ucrtbased.dll
 0002:00005305       __initterm                 00416305 f   ucrtd:ucrtbased.dll
 0002:0000530b       __initterm_e               0041630b f   ucrtd:ucrtbased.dll
 0002:00005311       _exit                      00416311 f   ucrtd:ucrtbased.dll
 0002:00005317       __exit                     00416317 f   ucrtd:ucrtbased.dll
 0002:0000531d       __set_fmode                0041631d f   ucrtd:ucrtbased.dll
 0002:00005323       ___p___argc                00416323 f   ucrtd:ucrtbased.dll
 0002:00005329       ___p___argv                00416329 f   ucrtd:ucrtbased.dll
 0002:0000532f       __cexit                    0041632f f   ucrtd:ucrtbased.dll
 0002:00005335       __c_exit                   00416335 f   ucrtd:ucrtbased.dll
 0002:0000533b       __register_thread_local_exe_atexit_callback 0041633b f   ucrtd:ucrtbased.dll
 0002:00005341       __configthreadlocale       00416341 f   ucrtd:ucrtbased.dll
 0002:00005347       __set_new_mode             00416347 f   ucrtd:ucrtbased.dll
 0002:0000534d       ___p__commode              0041634d f   ucrtd:ucrtbased.dll
 0002:00005353       _strcpy_s                  00416353 f   ucrtd:ucrtbased.dll
 0002:00005359       _strcat_s                  00416359 f   ucrtd:ucrtbased.dll
 0002:0000535f       ___stdio_common_vsprintf_s 0041635f f   ucrtd:ucrtbased.dll
 0002:00005365       __free_dbg                 00416365 f   ucrtd:ucrtbased.dll
 0002:0000536b       __seh_filter_dll           0041636b f   ucrtd:ucrtbased.dll
 0002:00005371       __initialize_onexit_table  00416371 f   ucrtd:ucrtbased.dll
 0002:00005377       __register_onexit_function 00416377 f   ucrtd:ucrtbased.dll
 0002:0000537d       __execute_onexit_table     0041637d f   ucrtd:ucrtbased.dll
 0002:00005383       __crt_atexit               00416383 f   ucrtd:ucrtbased.dll
 0002:00005389       __crt_at_quick_exit        00416389 f   ucrtd:ucrtbased.dll
 0002:0000538f       __controlfp_s              0041638f f   ucrtd:ucrtbased.dll
 0002:00005395       _terminate                 00416395 f   ucrtd:ucrtbased.dll
 0002:0000539b       __wmakepath_s              0041639b f   ucrtd:ucrtbased.dll
 0002:000053a1       __wsplitpath_s             004163a1 f   ucrtd:ucrtbased.dll
 0002:000053a7       _wcscpy_s                  004163a7 f   ucrtd:ucrtbased.dll
 0002:000053ad       _GetCurrentThreadId@0      004163ad f   kernel32:KERNEL32.dll
 0002:000053b3       _UnhandledExceptionFilter@4 004163b3 f   kernel32:KERNEL32.dll
 0002:000053b9       _SetUnhandledExceptionFilter@4 004163b9 f   kernel32:KERNEL32.dll
 0002:000053bf       _GetCurrentProcess@0       004163bf f   kernel32:KERNEL32.dll
 0002:000053c5       _TerminateProcess@8        004163c5 f   kernel32:KERNEL32.dll
 0002:000053cb       _IsProcessorFeaturePresent@4 004163cb f   kernel32:KERNEL32.dll
 0002:000053d1       _IsDebuggerPresent@0       004163d1 f   kernel32:KERNEL32.dll
 0002:000053d7       _RaiseException@16         004163d7 f   kernel32:KERNEL32.dll
 0002:000053dd       _MultiByteToWideChar@24    004163dd f   kernel32:KERNEL32.dll
 0002:000053e3       _WideCharToMultiByte@32    004163e3 f   kernel32:KERNEL32.dll
 0002:000053e9       _QueryPerformanceCounter@4 004163e9 f   kernel32:KERNEL32.dll
 0002:000053ef       _GetCurrentProcessId@0     004163ef f   kernel32:KERNEL32.dll
 0002:000053f5       _GetSystemTimeAsFileTime@4 004163f5 f   kernel32:KERNEL32.dll
 0002:000053fb       _InitializeSListHead@4     004163fb f   kernel32:KERNEL32.dll
 0002:00005401       _GetStartupInfoW@4         00416401 f   kernel32:KERNEL32.dll
 0002:00005407       _GetModuleHandleW@4        00416407 f   kernel32:KERNEL32.dll
 0002:0000540d       _GetLastError@0            0041640d f   kernel32:KERNEL32.dll
 0002:00005413       _HeapAlloc@12              00416413 f   kernel32:KERNEL32.dll
 0002:00005419       _HeapFree@12               00416419 f   kernel32:KERNEL32.dll
 0002:0000541f       _GetProcessHeap@0          0041641f f   kernel32:KERNEL32.dll
 0002:00005425       _VirtualQuery@12           00416425 f   kernel32:KERNEL32.dll
 0002:0000542b       _FreeLibrary@4             0041642b f   kernel32:KERNEL32.dll
 0002:00005431       _GetProcAddress@8          00416431 f   kernel32:KERNEL32.dll
 0002:00005440       ___acrt_initialize         00416440 f   MSVCRTD:ucrt_stubs.obj
 0002:00005440       ___scrt_stub_for_acrt_initialize 00416440 f   MSVCRTD:ucrt_stubs.obj
 0002:00005440       ___vcrt_initialize         00416440 f   MSVCRTD:ucrt_stubs.obj
 0002:00005450       ___vcrt_thread_attach      00416450 f   MSVCRTD:ucrt_stubs.obj
 0002:00005450       ___acrt_thread_attach      00416450 f   MSVCRTD:ucrt_stubs.obj
 0002:00005450       ___scrt_stub_for_acrt_thread_attach 00416450 f   MSVCRTD:ucrt_stubs.obj
 0002:00005460       ___scrt_stub_for_acrt_thread_detach 00416460 f   MSVCRTD:ucrt_stubs.obj
 0002:00005460       ___acrt_thread_detach      00416460 f   MSVCRTD:ucrt_stubs.obj
 0002:00005460       ___vcrt_thread_detach      00416460 f   MSVCRTD:ucrt_stubs.obj
 0002:00005470       ___vcrt_uninitialize       00416470 f   MSVCRTD:ucrt_stubs.obj
 0002:00005470       ___scrt_stub_for_acrt_uninitialize 00416470 f   MSVCRTD:ucrt_stubs.obj
 0002:00005470       ___acrt_uninitialize       00416470 f   MSVCRTD:ucrt_stubs.obj
 0002:00005480       ___scrt_stub_for_acrt_uninitialize_critical 00416480 f   MSVCRTD:ucrt_stubs.obj
 0002:00005480       ___acrt_uninitialize_critical 00416480 f   MSVCRTD:ucrt_stubs.obj
 0002:00005480       ___vcrt_uninitialize_critical 00416480 f   MSVCRTD:ucrt_stubs.obj
 0002:00005490       __is_c_termination_complete 00416490 f   MSVCRTD:ucrt_stubs.obj
 0002:00005490       ___scrt_stub_for_is_c_termination_complete 00416490 f   MSVCRTD:ucrt_stubs.obj
 0003:00000000       ___xc_a                    00419000     MSVCRTD:initializers.obj
 0003:00000208       ___xc_z                    00419208     MSVCRTD:initializers.obj
 0003:0000030c       ___xi_a                    0041930c     MSVCRTD:initializers.obj
 0003:00000618       ___xi_z                    00419618     MSVCRTD:initializers.obj
 0003:0000071c       ___xp_a                    0041971c     MSVCRTD:initializers.obj
 0003:00000820       ___xp_z                    00419820     MSVCRTD:initializers.obj
 0003:00000924       ___xt_a                    00419924     MSVCRTD:initializers.obj
 0003:00000a28       ___xt_z                    00419a28     MSVCRTD:initializers.obj
 0003:00000b34       ??_7?$CompareFunction@H@BinaryTreeTemplate@@6B@ 00419b34     Main.obj
 0003:00000b40       ??_7?$TBinaryTree@HU?$CompareFunction@H@BinaryTreeTemplate@@@BinaryTreeTemplate@@6B@ 00419b40     Main.obj
 0003:00000b4c       ??_7type_info@@6B@         00419b4c     MSVCRTD:std_type_info_static.obj
 0003:00000c20       ??_C@_0NN@NGPKDKPD@The?5value?5of?5ESP?5was?5not?5proper@ 00419c20     MSVCRTD:_error_.obj
 0003:00000d30       ??_C@_0BBN@GPMLNJCF@A?5cast?5to?5a?5smaller?5data?5type?5h@ 00419d30     MSVCRTD:_error_.obj
 0003:00000e88       ??_C@_0BN@FFOINMNJ@Stack?5memory?5was?5corrupted?6?$AN@ 00419e88     MSVCRTD:_error_.obj
 0003:00000eac       ??_C@_0DG@HKJMLLLP@A?5local?5variable?5was?5used?5befor@ 00419eac     MSVCRTD:_error_.obj
 0003:00000eec       ??_C@_0CM@NGINOKPC@Stack?5memory?5around?5_alloca?5was@ 00419eec     MSVCRTD:_error_.obj
 0003:00000f20       ??_C@_0BO@GNIAFIKK@Unknown?5Runtime?5Check?5Error?6?$AN@ 00419f20     MSVCRTD:_error_.obj
 0003:00000f48       ??_C@_1GM@OLMCBDMB@?$AAR?$AAu?$AAn?$AAt?$AAi?$AAm?$AAe?$AA?5?$AAC?$AAh?$AAe?$AAc?$AAk?$AA?5?$AAE@ 00419f48     MSVCRTD:_error_.obj
 0003:00000fd0       ??_C@_1EA@NFKNIFJP@?$AAR?$AAu?$AAn?$AA?9?$AAT?$AAi?$AAm?$AAe?$AA?5?$AAC?$AAh?$AAe?$AAc?$AAk?$AA?5@ 00419fd0     MSVCRTD:_error_.obj
 0003:0000101c       ??_C@_0BB@PFFGGCJP@Unknown?5Filename@ 0041a01c     MSVCRTD:_error_.obj
 0003:00001030       ??_C@_0BE@GNBOBNCK@Unknown?5Module?5Name@ 0041a030     MSVCRTD:_error_.obj
 0003:00001048       ??_C@_0CA@IODNCDPG@Run?9Time?5Check?5Failure?5?$CD?$CFd?5?9?5?$CFs@ 0041a048     MSVCRTD:_error_.obj
 0003:00001070       ??_C@_0CG@IAFNJNEE@Stack?5corrupted?5near?5unknown?5va@ 0041a070     MSVCRTD:_error_.obj
 0003:000010a0       ??_C@_05MKKEDADM@?$CF?42X?5@ 0041a0a0     MSVCRTD:_error_.obj
 0003:000010a8       ??_C@_0EJ@LJKNEOLN@Stack?5area?5around?5_alloca?5memor@ 0041a0a8     MSVCRTD:_error_.obj
 0003:00001100       ??_C@_01EEMJAFIK@?6@       0041a100     MSVCRTD:_error_.obj
 0003:00001104       ??_C@_02LLMPMKNF@?$DO?5@   0041a104     MSVCRTD:_error_.obj
 0003:00001108       ??_C@_08OMAHNMHJ@?6Data?3?5?$DM@ 0041a108     MSVCRTD:_error_.obj
 0003:00001114       ??_C@_0CK@DKGBICFE@?6Allocation?5number?5within?5this?5@ 0041a114     MSVCRTD:_error_.obj
 0003:00001148       ??_C@_07DFDJCKFN@?6Size?3?5@ 0041a148     MSVCRTD:_error_.obj
 0003:00001154       ??_C@_0N@MHFFIMFG@?6Address?3?50x@ 0041a154     MSVCRTD:_error_.obj
 0003:00001168       ??_C@_0EI@CLEPFNGI@Stack?5area?5around?5_alloca?5memor@ 0041a168     MSVCRTD:_error_.obj
 0003:000011c0       ??_C@_0BK@ODNDAGKB@?$CFs?$CFs?$CFp?$CFs?$CFzd?$CFs?$CFd?$CFs?$CFs?$CFs?$CFs?$CFs@ 0041a1c0     MSVCRTD:_error_.obj
 0003:000011e0       ??_C@_0DE@OHJBPMBP@A?5variable?5is?5being?5used?5withou@ 0041a1e0     MSVCRTD:_error_.obj
 0003:00001238       ??_C@_0BJ@HEGAHDFO@Stack?5pointer?5corruption@ 0041a238     MSVCRTD:_userapi_.obj
 0003:00001258       ??_C@_0CK@FEGOIOPB@Cast?5to?5smaller?5type?5causing?5lo@ 0041a258     MSVCRTD:_userapi_.obj
 0003:0000128c       ??_C@_0BI@CIGMDCBH@Stack?5memory?5corruption@ 0041a28c     MSVCRTD:_userapi_.obj
 0003:000012a8       ??_C@_0CK@CNLNOEPB@Local?5variable?5used?5before?5init@ 0041a2a8     MSVCRTD:_userapi_.obj
 0003:000012dc       ??_C@_0BP@OGBCLIBO@Stack?5around?5_alloca?5corrupted@ 0041a2dc     MSVCRTD:_userapi_.obj
 0003:00001308       ??_7exception@std@@6B@     0041a308     MSVCRTD:throw_bad_alloc.obj
 0003:00001314       ??_C@_0BC@EOODALEL@Unknown?5exception@ 0041a314     MSVCRTD:throw_bad_alloc.obj
 0003:00001330       ??_7bad_alloc@std@@6B@     0041a330     MSVCRTD:throw_bad_alloc.obj
 0003:0000133c       ??_C@_0P@GHFPNOJB@bad?5allocation@ 0041a33c     MSVCRTD:throw_bad_alloc.obj
 0003:00001354       ??_7bad_array_new_length@std@@6B@ 0041a354     MSVCRTD:throw_bad_alloc.obj
 0003:00001360       ??_C@_0BF@KINCDENJ@bad?5array?5new?5length@ 0041a360     MSVCRTD:throw_bad_alloc.obj
 0003:000013d8       ??_C@_1EI@MLPKHBGE@?$AAa?$AAp?$AAi?$AA?9?$AAm?$AAs?$AA?9?$AAw?$AAi?$AAn?$AA?9?$AAc?$AAo?$AAr?$AAe@ 0041a3d8     MSVCRTD:_pdblkup_.obj
 0003:00001430       ??_C@_1BK@JHLNAEJL@?$AAa?$AAd?$AAv?$AAa?$AAp?$AAi?$AA3?$AA2?$AA?4?$AAd?$AAl?$AAl@ 0041a430     MSVCRTD:_pdblkup_.obj
 0003:00001450       ??_C@_0O@COHOBMLB@RegOpenKeyExW@ 0041a450     MSVCRTD:_pdblkup_.obj
 0003:00001460       ??_C@_0BB@GLNAEDBD@RegQueryValueExW@ 0041a460     MSVCRTD:_pdblkup_.obj
 0003:00001474       ??_C@_0M@HLOHPNFA@RegCloseKey@ 0041a474     MSVCRTD:_pdblkup_.obj
 0003:00001488       ??_C@_1HE@EBEAGLFB@?$AAS?$AAO?$AAF?$AAT?$AAW?$AAA?$AAR?$AAE?$AA?2?$AAW?$AAo?$AAw?$AA6?$AA4?$AA3@ 0041a488     MSVCRTD:_pdblkup_.obj
 0003:00001514       ??_C@_1BG@EABPBLLF@?$AAP?$AAr?$AAo?$AAd?$AAu?$AAc?$AAt?$AAD?$AAi?$AAr@ 0041a514     MSVCRTD:_pdblkup_.obj
 0003:00001554       ??_C@_1BC@JINFINNJ@?$AAM?$AAS?$AAP?$AAD?$AAB?$AA1?$AA4?$AA0@ 0041a554     MSVCRTD:_pdblkup_.obj
 0003:0000156c       ??_C@_0BB@KCIACLNC@PDBOpenValidate5@ 0041a56c     MSVCRTD:_pdblkup_.obj
 0003:00001580       ??_C@_01KDCPPGHE@r@        0041a580     MSVCRTD:_pdblkup_.obj
 0003:000015c8       __load_config_used         0041a5c8     MSVCRTD:loadcfg.obj
 0003:000017c4       ??_R4?$CompareFunction@H@BinaryTreeTemplate@@6B@ 0041a7c4     Main.obj
 0003:000017dc       ??_R3?$CompareFunction@H@BinaryTreeTemplate@@8 0041a7dc     Main.obj
 0003:000017f0       ??_R2?$CompareFunction@H@BinaryTreeTemplate@@8 0041a7f0     Main.obj
 0003:000017f8       ??_R1A@?0A@EA@?$CompareFunction@H@BinaryTreeTemplate@@8 0041a7f8     Main.obj
 0003:0000181c       ??_R4?$TBinaryTree@HU?$CompareFunction@H@BinaryTreeTemplate@@@BinaryTreeTemplate@@6B@ 0041a81c     Main.obj
 0003:00001834       ??_R3?$TBinaryTree@HU?$CompareFunction@H@BinaryTreeTemplate@@@BinaryTreeTemplate@@8 0041a834     Main.obj
 0003:00001848       ??_R2?$TBinaryTree@HU?$CompareFunction@H@BinaryTreeTemplate@@@BinaryTreeTemplate@@8 0041a848     Main.obj
 0003:00001850       ??_R1A@?0A@EA@?$TBinaryTree@HU?$CompareFunction@H@BinaryTreeTemplate@@@BinaryTreeTemplate@@8 0041a850     Main.obj
 0003:00001874       ??_R4type_info@@6B@        0041a874     MSVCRTD:std_type_info_static.obj
 0003:0000188c       ??_R3type_info@@8          0041a88c     MSVCRTD:std_type_info_static.obj
 0003:000018a0       ??_R2type_info@@8          0041a8a0     MSVCRTD:std_type_info_static.obj
 0003:000018a8       ??_R1A@?0A@EA@type_info@@8 0041a8a8     MSVCRTD:std_type_info_static.obj
 0003:000018cc       ??_R4exception@std@@6B@    0041a8cc     MSVCRTD:throw_bad_alloc.obj
 0003:000018e4       ??_R3exception@std@@8      0041a8e4     MSVCRTD:throw_bad_alloc.obj
 0003:000018f8       ??_R2exception@std@@8      0041a8f8     MSVCRTD:throw_bad_alloc.obj
 0003:00001900       ??_R1A@?0A@EA@exception@std@@8 0041a900     MSVCRTD:throw_bad_alloc.obj
 0003:00001924       ??_R4bad_alloc@std@@6B@    0041a924     MSVCRTD:throw_bad_alloc.obj
 0003:0000193c       ??_R3bad_alloc@std@@8      0041a93c     MSVCRTD:throw_bad_alloc.obj
 0003:00001950       ??_R2bad_alloc@std@@8      0041a950     MSVCRTD:throw_bad_alloc.obj
 0003:0000195c       ??_R1A@?0A@EA@bad_alloc@std@@8 0041a95c     MSVCRTD:throw_bad_alloc.obj
 0003:00001980       ??_R4bad_array_new_length@std@@6B@ 0041a980     MSVCRTD:throw_bad_alloc.obj
 0003:00001998       ??_R3bad_array_new_length@std@@8 0041a998     MSVCRTD:throw_bad_alloc.obj
 0003:000019ac       ??_R2bad_array_new_length@std@@8 0041a9ac     MSVCRTD:throw_bad_alloc.obj
 0003:000019bc       ??_R1A@?0A@EA@bad_array_new_length@std@@8 0041a9bc     MSVCRTD:throw_bad_alloc.obj
 0003:00001c88       ___rtc_iaa                 0041ac88     MSVCRTD:_initsect_.obj
 0003:00001e98       ___rtc_izz                 0041ae98     MSVCRTD:_initsect_.obj
 0003:00001f9c       ___rtc_taa                 0041af9c     MSVCRTD:_initsect_.obj
 0003:000021ac       ___rtc_tzz                 0041b1ac     MSVCRTD:_initsect_.obj
 0003:00002408       __TI2?AVbad_alloc@std@@    0041b408     MSVCRTD:throw_bad_alloc.obj
 0003:0000241c       __CTA2?AVbad_alloc@std@@   0041b41c     MSVCRTD:throw_bad_alloc.obj
 0003:0000242c       __CT??_R0?AVbad_alloc@std@@@8??0bad_alloc@std@@QAE@ABV01@@Z12 0041b42c     MSVCRTD:throw_bad_alloc.obj
 0003:0000244c       __CT??_R0?AVexception@std@@@8??0exception@std@@QAE@ABV01@@Z12 0041b44c     MSVCRTD:throw_bad_alloc.obj
 0003:0000246c       __TI3?AVbad_array_new_length@std@@ 0041b46c     MSVCRTD:throw_bad_alloc.obj
 0003:00002480       __CTA3?AVbad_array_new_length@std@@ 0041b480     MSVCRTD:throw_bad_alloc.obj
 0003:00002494       __CT??_R0?AVbad_array_new_length@std@@@8??0bad_array_new_length@std@@QAE@ABV01@@Z12 0041b494     MSVCRTD:throw_bad_alloc.obj
 0004:00000000       ___security_cookie_complement 0041c000     MSVCRTD:gs_cookie.obj
 0004:00000004       ___security_cookie         0041c004     MSVCRTD:gs_cookie.obj
 0004:0000000c       ?_RTC_ErrorLevels@@3PAHA   0041c00c     MSVCRTD:_error_.obj
 0004:00000024       ___scrt_native_dllmain_reason 0041c024     MSVCRTD:utility.obj
 0004:00000028       ___scrt_default_matherr    0041c028     MSVCRTD:matherr.obj
 0004:0000002c       ___isa_enabled             0041c02c     MSVCRTD:_cpu_disp_.obj
 0004:00000030       ___scrt_ucrt_dll_is_in_use 0041c030     MSVCRTD:ucrt_stubs.obj
 0004:00000138       ??_R0?AU?$CompareFunction@H@BinaryTreeTemplate@@@8 0041c138     Main.obj
 0004:00000178       ??_R0?AV?$TBinaryTree@HU?$CompareFunction@H@BinaryTreeTemplate@@@BinaryTreeTemplate@@@8 0041c178     Main.obj
 0004:000001e4       ??_R0?AVtype_info@@@8      0041c1e4     MSVCRTD:std_type_info_static.obj
 0004:00000200       ??_R0?AVbad_alloc@std@@@8  0041c200     MSVCRTD:throw_bad_alloc.obj
 0004:00000224       ??_R0?AVexception@std@@@8  0041c224     MSVCRTD:throw_bad_alloc.obj
 0004:00000248       ??_R0?AVbad_array_new_length@std@@@8 0041c248     MSVCRTD:throw_bad_alloc.obj
 0004:00000380       ___@@_PchSym_@00@UwveUkilqvxghUehgfwrlkilqvxghUyrmzibgivvkizxgrxvUyrmzibgivvUyrmzibgivvUwvyftUhgwzucOlyq@4B2008FD98C1DD4 0041c380     stdafx.obj
 0004:00000748       ?_OptionsStorage@?1??__local_stdio_printf_options@@9@4_KA 0041c748     MSVCRTD:_error_.obj
 0004:00000760       ___scrt_current_native_startup_state 0041c760     MSVCRTD:utility.obj
 0004:00000764       ___scrt_native_startup_lock 0041c764     MSVCRTD:utility.obj
 0004:00000790       ?__type_info_root_node@@3U__type_info_node@@A 0041c790     MSVCRTD:tncleanup.obj
 0004:000007a0       ?_OptionsStorage@?1??__local_stdio_scanf_options@@9@4_KA 0041c7a0     MSVCRTD:default_local_stdio_options.obj
 0004:000007ac       ___scrt_debugger_hook_flag 0041c7ac     MSVCRTD:utility_desktop.obj
 0004:000007b8       ___isa_available           0041c7b8     MSVCRTD:_cpu_disp_.obj
 0004:000007bc       ___favor                   0041c7bc     MSVCRTD:_cpu_disp_.obj
 0004:000007c4       ___dyn_tls_dtor_callback   0041c7c4     <common>
 0004:000007d0       ___dyn_tls_init_callback   0041c7d0     <common>
 0004:000007dc       ___DebuggerCurrentSteppingThreadId 0041c7dc     <common>
 0005:00000000       __imp__GetLastError@0      0041d000     kernel32:KERNEL32.dll
 0005:00000004       __imp__UnhandledExceptionFilter@4 0041d004     kernel32:KERNEL32.dll
 0005:00000008       __imp__SetUnhandledExceptionFilter@4 0041d008     kernel32:KERNEL32.dll
 0005:0000000c       __imp__GetCurrentProcess@0 0041d00c     kernel32:KERNEL32.dll
 0005:00000010       __imp__TerminateProcess@8  0041d010     kernel32:KERNEL32.dll
 0005:00000014       __imp__IsProcessorFeaturePresent@4 0041d014     kernel32:KERNEL32.dll
 0005:00000018       __imp__IsDebuggerPresent@0 0041d018     kernel32:KERNEL32.dll
 0005:0000001c       __imp__RaiseException@16   0041d01c     kernel32:KERNEL32.dll
 0005:00000020       __imp__MultiByteToWideChar@24 0041d020     kernel32:KERNEL32.dll
 0005:00000024       __imp__WideCharToMultiByte@32 0041d024     kernel32:KERNEL32.dll
 0005:00000028       __imp__GetProcAddress@8    0041d028     kernel32:KERNEL32.dll
 0005:0000002c       __imp__FreeLibrary@4       0041d02c     kernel32:KERNEL32.dll
 0005:00000030       __imp__VirtualQuery@12     0041d030     kernel32:KERNEL32.dll
 0005:00000034       __imp__GetProcessHeap@0    0041d034     kernel32:KERNEL32.dll
 0005:00000038       __imp__HeapFree@12         0041d038     kernel32:KERNEL32.dll
 0005:0000003c       __imp__HeapAlloc@12        0041d03c     kernel32:KERNEL32.dll
 0005:00000040       __imp__GetCurrentThreadId@0 0041d040     kernel32:KERNEL32.dll
 0005:00000044       __imp__GetModuleHandleW@4  0041d044     kernel32:KERNEL32.dll
 0005:00000048       __imp__GetStartupInfoW@4   0041d048     kernel32:KERNEL32.dll
 0005:0000004c       __imp__InitializeSListHead@4 0041d04c     kernel32:KERNEL32.dll
 0005:00000050       __imp__GetSystemTimeAsFileTime@4 0041d050     kernel32:KERNEL32.dll
 0005:00000054       __imp__GetCurrentProcessId@0 0041d054     kernel32:KERNEL32.dll
 0005:00000058       __imp__QueryPerformanceCounter@4 0041d058     kernel32:KERNEL32.dll
 0005:0000005c       \177KERNEL32_NULL_THUNK_DATA 0041d05c     kernel32:KERNEL32.dll
 0005:00000098       __imp____vcrt_GetModuleHandleW 0041d098     vcruntimed:VCRUNTIME140D.dll
 0005:0000009c       __imp____vcrt_GetModuleFileNameW 0041d09c     vcruntimed:VCRUNTIME140D.dll
 0005:000000a0       __imp___except_handler4_common 0041d0a0     vcruntimed:VCRUNTIME140D.dll
 0005:000000a4       __imp____std_type_info_destroy_list 0041d0a4     vcruntimed:VCRUNTIME140D.dll
 0005:000000a8       __imp___CxxThrowException@8 0041d0a8     vcruntimed:VCRUNTIME140D.dll
 0005:000000ac       __imp____std_exception_destroy 0041d0ac     vcruntimed:VCRUNTIME140D.dll
 0005:000000b0       __imp____std_exception_copy 0041d0b0     vcruntimed:VCRUNTIME140D.dll
 0005:000000b4       __imp__memset              0041d0b4     vcruntimed:VCRUNTIME140D.dll
 0005:000000b8       __imp____vcrt_LoadLibraryExW 0041d0b8     vcruntimed:VCRUNTIME140D.dll
 0005:000000bc       __imp____CxxFrameHandler3  0041d0bc     vcruntimed:VCRUNTIME140D.dll
 0005:000000c0       \177VCRUNTIME140D_NULL_THUNK_DATA 0041d0c0     vcruntimed:VCRUNTIME140D.dll
 0005:000000f4       __imp__strcat_s            0041d0f4     ucrtd:ucrtbased.dll
 0005:000000f8       __imp____stdio_common_vsprintf_s 0041d0f8     ucrtd:ucrtbased.dll
 0005:000000fc       __imp____p__commode        0041d0fc     ucrtd:ucrtbased.dll
 0005:00000100       __imp___seh_filter_dll     0041d100     ucrtd:ucrtbased.dll
 0005:00000104       __imp___initialize_onexit_table 0041d104     ucrtd:ucrtbased.dll
 0005:00000108       __imp___register_onexit_function 0041d108     ucrtd:ucrtbased.dll
 0005:0000010c       __imp___execute_onexit_table 0041d10c     ucrtd:ucrtbased.dll
 0005:00000110       __imp___crt_atexit         0041d110     ucrtd:ucrtbased.dll
 0005:00000114       __imp___crt_at_quick_exit  0041d114     ucrtd:ucrtbased.dll
 0005:00000118       __imp___controlfp_s        0041d118     ucrtd:ucrtbased.dll
 0005:0000011c       __imp__terminate           0041d11c     ucrtd:ucrtbased.dll
 0005:00000120       __imp___wmakepath_s        0041d120     ucrtd:ucrtbased.dll
 0005:00000124       __imp___wsplitpath_s       0041d124     ucrtd:ucrtbased.dll
 0005:00000128       __imp__wcscpy_s            0041d128     ucrtd:ucrtbased.dll
 0005:0000012c       __imp__strcpy_s            0041d12c     ucrtd:ucrtbased.dll
 0005:00000130       __imp___set_new_mode       0041d130     ucrtd:ucrtbased.dll
 0005:00000134       __imp___configthreadlocale 0041d134     ucrtd:ucrtbased.dll
 0005:00000138       __imp___register_thread_local_exe_atexit_callback 0041d138     ucrtd:ucrtbased.dll
 0005:0000013c       __imp___c_exit             0041d13c     ucrtd:ucrtbased.dll
 0005:00000140       __imp___cexit              0041d140     ucrtd:ucrtbased.dll
 0005:00000144       __imp____p___argv          0041d144     ucrtd:ucrtbased.dll
 0005:00000148       __imp____p___argc          0041d148     ucrtd:ucrtbased.dll
 0005:0000014c       __imp___set_fmode          0041d14c     ucrtd:ucrtbased.dll
 0005:00000150       __imp___exit               0041d150     ucrtd:ucrtbased.dll
 0005:00000154       __imp__exit                0041d154     ucrtd:ucrtbased.dll
 0005:00000158       __imp___initterm_e         0041d158     ucrtd:ucrtbased.dll
 0005:0000015c       __imp___initterm           0041d15c     ucrtd:ucrtbased.dll
 0005:00000160       __imp___get_initial_narrow_environment 0041d160     ucrtd:ucrtbased.dll
 0005:00000164       __imp___initialize_narrow_environment 0041d164     ucrtd:ucrtbased.dll
 0005:00000168       __imp___configure_narrow_argv 0041d168     ucrtd:ucrtbased.dll
 0005:0000016c       __imp____setusermatherr    0041d16c     ucrtd:ucrtbased.dll
 0005:00000170       __imp___set_app_type       0041d170     ucrtd:ucrtbased.dll
 0005:00000174       __imp___seh_filter_exe     0041d174     ucrtd:ucrtbased.dll
 0005:00000178       __imp___callnewh           0041d178     ucrtd:ucrtbased.dll
 0005:0000017c       __imp___CrtDbgReportW      0041d17c     ucrtd:ucrtbased.dll
 0005:00000180       __imp___CrtDbgReport       0041d180     ucrtd:ucrtbased.dll
 0005:00000184       __imp__malloc              0041d184     ucrtd:ucrtbased.dll
 0005:00000188       __imp___free_dbg           0041d188     ucrtd:ucrtbased.dll
 0005:0000018c       \177ucrtbased_NULL_THUNK_DATA 0041d18c     ucrtd:ucrtbased.dll
 0005:000001d4       __IMPORT_DESCRIPTOR_VCRUNTIME140D 0041d1d4     vcruntimed:VCRUNTIME140D.dll
 0005:000001e8       __IMPORT_DESCRIPTOR_ucrtbased 0041d1e8     ucrtd:ucrtbased.dll
 0005:000001fc       __IMPORT_DESCRIPTOR_KERNEL32 0041d1fc     kernel32:KERNEL32.dll
 0005:00000210       __NULL_IMPORT_DESCRIPTOR   0041d210     vcruntimed:VCRUNTIME140D.dll
 0007:00000000       ___guard_check_icall_fptr  0041f000     MSVCRTD:guard_support.obj

 entry point at        0002:00000415

 Static symbols

 0000:fffde000       .debug$S                   00400000     ucrtd:ucrtbased.dll
 0000:fffde000       .debug$S                   00400000     ucrtd:ucrtbased.dll
 0000:fffde000       .debug$S                   00400000     ucrtd:ucrtbased.dll
 0000:fffde000       .debug$S                   00400000     ucrtd:ucrtbased.dll
 0000:fffde000       .debug$S                   00400000     ucrtd:ucrtbased.dll
 0000:fffde000       .debug$S                   00400000     ucrtd:ucrtbased.dll
 0000:fffde000       .debug$S                   00400000     ucrtd:ucrtbased.dll
 0000:fffde000       .debug$S                   00400000     ucrtd:ucrtbased.dll
 0000:fffde000       .debug$S                   00400000     ucrtd:ucrtbased.dll
 0000:fffde000       .debug$S                   00400000     ucrtd:ucrtbased.dll
 0000:fffde000       .debug$S                   00400000     ucrtd:ucrtbased.dll
 0000:fffde000       .debug$S                   00400000     ucrtd:ucrtbased.dll
 0000:fffde000       .debug$S                   00400000     ucrtd:ucrtbased.dll
 0000:fffde000       .debug$S                   00400000     ucrtd:ucrtbased.dll
 0000:fffde000       .debug$S                   00400000     ucrtd:ucrtbased.dll
 0000:fffde000       .debug$S                   00400000     ucrtd:ucrtbased.dll
 0000:fffde000       .debug$S                   00400000     ucrtd:ucrtbased.dll
 0000:fffde000       .debug$S                   00400000     ucrtd:ucrtbased.dll
 0000:fffde000       .debug$S                   00400000     ucrtd:ucrtbased.dll
 0000:fffde000       .debug$S                   00400000     ucrtd:ucrtbased.dll
 0000:fffde000       .debug$S                   00400000     ucrtd:ucrtbased.dll
 0000:fffde000       .debug$S                   00400000     ucrtd:ucrtbased.dll
 0000:fffde000       .debug$S                   00400000     ucrtd:ucrtbased.dll
 0000:fffde000       .debug$S                   00400000     ucrtd:ucrtbased.dll
 0000:fffde000       .debug$S                   00400000     ucrtd:ucrtbased.dll
 0000:fffde000       .debug$S                   00400000     ucrtd:ucrtbased.dll
 0000:fffde000       .debug$S                   00400000     ucrtd:ucrtbased.dll
 0000:fffe2000       __guard_fids__             00400000     MSVCRTD:throw_bad_alloc.obj
 0000:fffe2000       __guard_fids_?pre_c_initialization@@YAHXZ 00400000     MSVCRTD:exe_main.obj
 0000:fffe2000       __guard_fids__             00400000     MSVCRTD:guard_support.obj
 0000:fffe2000       __guard_fids___guard_icall_checks_enforced 00400000     MSVCRTD:guard_support.obj
 0000:fffe2000       __guard_fids___except_handler4 00400000     MSVCRTD:_chandler4gs_.obj
 0000:fffe2000       __guard_fids___CRT_RTC_INIT 00400000     MSVCRTD:_init_.obj
 0000:fffe2000       __guard_fids____scrt_set_unhandled_exception_filter 00400000     MSVCRTD:utility_desktop.obj
 0000:fffe2000       __guard_fids___CRT_RTC_INITW 00400000     MSVCRTD:_init_.obj
 0000:fffe2000       __guard_fids__             00400000     MSVCRTD:std_type_info_static.obj
 0000:fffe2000       __guard_fids__             00400000     MSVCRTD:throw_bad_alloc.obj
 0000:fffe2000       __guard_fids__             00400000     MSVCRTD:throw_bad_alloc.obj
 0000:fffe2000       __guard_fids__             00400000     MSVCRTD:throw_bad_alloc.obj
 0000:fffe2000       __guard_fids__             00400000     MSVCRTD:throw_bad_alloc.obj
 0000:fffde000       .debug$S                   00400000     vcruntimed:VCRUNTIME140D.dll
 0000:fffde000       .debug$S                   00400000     vcruntimed:VCRUNTIME140D.dll
 0000:fffde000       .debug$S                   00400000     vcruntimed:VCRUNTIME140D.dll
 0000:fffde000       .debug$S                   00400000     vcruntimed:VCRUNTIME140D.dll
 0000:fffde000       .debug$S                   00400000     vcruntimed:VCRUNTIME140D.dll
 0000:fffde000       .debug$S                   00400000     vcruntimed:VCRUNTIME140D.dll
 0000:fffde000       .debug$S                   00400000     vcruntimed:VCRUNTIME140D.dll
 0000:fffde000       .debug$S                   00400000     vcruntimed:VCRUNTIME140D.dll
 0000:fffde000       .debug$S                   00400000     vcruntimed:VCRUNTIME140D.dll
 0000:fffde000       .debug$S                   00400000     vcruntimed:VCRUNTIME140D.dll
 0000:fffe2000       __guard_fids__             00400000     MSVCRTD:throw_bad_alloc.obj
 0000:fffde000       .debug$S                   00400000     ucrtd:ucrtbased.dll
 0000:fffde000       .debug$S                   00400000     ucrtd:ucrtbased.dll
 0000:fffde000       .debug$S                   00400000     ucrtd:ucrtbased.dll
 0000:fffe2000       __guard_fids__             00400000     MSVCRTD:throw_bad_alloc.obj
 0000:fffe2000       __guard_fids__             00400000     MSVCRTD:exe_main.obj
 0000:fffde000       .debug$S                   00400000     kernel32:KERNEL32.dll
 0000:fffde000       .debug$S                   00400000     kernel32:KERNEL32.dll
 0000:fffde000       .debug$S                   00400000     kernel32:KERNEL32.dll
 0000:fffde000       .debug$S                   00400000     kernel32:KERNEL32.dll
 0000:fffde000       .debug$S                   00400000     kernel32:KERNEL32.dll
 0000:fffde000       .debug$S                   00400000     kernel32:KERNEL32.dll
 0000:fffde000       .debug$S                   00400000     kernel32:KERNEL32.dll
 0000:fffde000       .debug$S                   00400000     kernel32:KERNEL32.dll
 0000:fffde000       .debug$S                   00400000     kernel32:KERNEL32.dll
 0000:fffde000       .debug$S                   00400000     kernel32:KERNEL32.dll
 0000:fffde000       .debug$S                   00400000     kernel32:KERNEL32.dll
 0000:fffde000       .debug$S                   00400000     kernel32:KERNEL32.dll
 0000:fffde000       .debug$S                   00400000     kernel32:KERNEL32.dll
 0000:fffde000       .debug$S                   00400000     kernel32:KERNEL32.dll
 0000:fffde000       .debug$S                   00400000     kernel32:KERNEL32.dll
 0000:fffde000       .debug$S                   00400000     kernel32:KERNEL32.dll
 0000:fffde000       .debug$S                   00400000     kernel32:KERNEL32.dll
 0000:fffde000       .debug$S                   00400000     kernel32:KERNEL32.dll
 0000:fffde000       .debug$S                   00400000     kernel32:KERNEL32.dll
 0000:fffde000       .debug$S                   00400000     kernel32:KERNEL32.dll
 0000:fffde000       .debug$S                   00400000     kernel32:KERNEL32.dll
 0000:fffde000       .debug$S                   00400000     kernel32:KERNEL32.dll
 0000:fffde000       .debug$S                   00400000     kernel32:KERNEL32.dll
 0000:fffe2000       __guard_fids__             00400000     MSVCRTD:throw_bad_alloc.obj
 0000:fffde000       .debug$S                   00400000     ucrtd:ucrtbased.dll
 0000:fffde000       .debug$S                   00400000     ucrtd:ucrtbased.dll
 0000:fffde000       .debug$S                   00400000     ucrtd:ucrtbased.dll
 0000:fffde000       .debug$S                   00400000     ucrtd:ucrtbased.dll
 0000:fffde000       .debug$S                   00400000     ucrtd:ucrtbased.dll
 0000:fffde000       .debug$S                   00400000     ucrtd:ucrtbased.dll
 0000:fffde000       .debug$S                   00400000     ucrtd:ucrtbased.dll
 0000:fffde000       .debug$S                   00400000     ucrtd:ucrtbased.dll
 0000:fffe2004       __guard_fids__             00400004     MSVCRTD:exe_main.obj
 0000:fffe2008       __guard_fids__             00400008     MSVCRTD:exe_main.obj
 0002:00001a98       $LN14                      00412a98     Main.obj
 0002:00001aa0       $LN13                      00412aa0     Main.obj
 0002:00001ab8       $LN11                      00412ab8     Main.obj
 0002:00001abe       $LN10                      00412abe     Main.obj
 0002:00001f00       ?pre_c_initialization@@YAHXZ 00412f00 f   MSVCRTD:exe_main.obj
 0002:00001fe0       ?post_pgo_initialization@@YAHXZ 00412fe0 f   MSVCRTD:exe_main.obj
 0002:00001ff0       ?pre_cpp_initialization@@YAXXZ 00412ff0 f   MSVCRTD:exe_main.obj
 0002:00002010       ?__scrt_common_main@@YAHXZ 00413010 f   MSVCRTD:exe_main.obj
 0002:00002030       ?__scrt_common_main_seh@@YAHXZ 00413030 f   MSVCRTD:exe_main.obj
 0002:00002300       ?invoke_main@@YAHXZ        00413300 f   MSVCRTD:exe_main.obj
 0002:000027c0       ?DebuggerProbe@@YA_NK@Z    004137c0 f   MSVCRTD:_error_.obj
 0002:00002810       ?DebuggerRuntime@@YA_NKHPAXPB_W@Z 00413810 f   MSVCRTD:_error_.obj
 0002:00002ae0       ?_getMemBlockDataString@@YAXPAD0PBDI@Z 00413ae0 f   MSVCRTD:_error_.obj
 0002:00002b70       ?_strlen_priv@@YAIPBD@Z    00413b70 f   MSVCRTD:_error_.obj
 0002:00002b90       ?failwithmessage@@YAXPAXHHPBD@Z 00413b90 f   MSVCRTD:_error_.obj
 0002:00002e10       ?notify_debugger@@YAXABUtagEXCEPTION_VISUALCPP_DEBUG_INFO@@@Z 00413e10 f   MSVCRTD:_error_.obj
 0002:000034e0       ?find_pe_section@@YAPAU_IMAGE_SECTION_HEADER@@QAEI@Z 004144e0 f   MSVCRTD:utility.obj
 0002:00003590       ?is_potentially_valid_image_base@@YA_NQAX@Z 00414590 f   MSVCRTD:utility.obj
 0002:00003cd0       ___get_entropy             00414cd0 f   MSVCRTD:gs_support.obj
 0002:00004470       ?GetPdbDll@@YAPAUHINSTANCE__@@XZ 00415470 f   MSVCRTD:_pdblkup_.obj
 0002:00004600       ?GetPdbDllFromInstallPath@@YAPAUHINSTANCE__@@XZ 00415600 f   MSVCRTD:_pdblkup_.obj
 0002:000048f0       ?GetPdbDllPathFromFilePath@@YAHPB_WPA_WI@Z 004158f0 f   MSVCRTD:_pdblkup_.obj
 0002:000068d0       __ehhandler$??1BinaryTree@@QAE@XZ 004178d0 f   BinaryTree.obj
 0002:00006900       __ehhandler$??1?$TBinaryTree@HU?$CompareFunction@H@BinaryTreeTemplate@@@BinaryTreeTemplate@@UAE@XZ 00417900 f   Main.obj
 0002:00006930       __ehhandler$??1?$TNode@H@BinaryTreeTemplate@@QAE@XZ 00417930 f   Main.obj
 0002:00006960       __unwindfunclet$?Put@?$TBinaryTree@HU?$CompareFunction@H@BinaryTreeTemplate@@@BinaryTreeTemplate@@QAE_NABH@Z$0 00417960 f   Main.obj
 0002:00006972       __ehhandler$?Put@?$TBinaryTree@HU?$CompareFunction@H@BinaryTreeTemplate@@@BinaryTreeTemplate@@QAE_NABH@Z 00417972 f   Main.obj
 0002:000069a0       __unwindfunclet$?Search@?$TBinaryTree@HU?$CompareFunction@H@BinaryTreeTemplate@@@BinaryTreeTemplate@@QAE_NABH@Z$0 004179a0 f   Main.obj
 0002:000069b2       __ehhandler$?Search@?$TBinaryTree@HU?$CompareFunction@H@BinaryTreeTemplate@@@BinaryTreeTemplate@@QAE_NABH@Z 004179b2 f   Main.obj
 0002:000069e0       __unwindfunclet$_main$0    004179e0 f   Main.obj
 0002:000069f2       __unwindfunclet$_main$1    004179f2 f   Main.obj
 0002:000069fa       __ehhandler$_main          004179fa f   Main.obj
 0003:00000104       ?pre_cpp_initializer@@3P6AXXZA 00419104     MSVCRTD:exe_main.obj
 0003:00000410       ?pre_c_initializer@@3P6AHXZA 00419410     MSVCRTD:exe_main.obj
 0003:00000514       ?post_pgo_initializer@@3P6AHXZA 00419514     MSVCRTD:exe_main.obj
 0003:00000b54       _GS_ExceptionPointers      00419b54     MSVCRTD:gs_report.obj
 0003:00000b60       ?_RTC_ErrorMessages@@3QBQBDB 00419b60     MSVCRTD:_error_.obj
 0003:00000b78       ?_RTC_NoFalsePositives@@3QBHB 00419b78     MSVCRTD:_error_.obj
 0003:00000b90       ?stack_premsg@@3QBDB       00419b90     MSVCRTD:_error_.obj
 0003:00000bac       ?stack_postmsg@@3QBDB      00419bac     MSVCRTD:_error_.obj
 0003:00000bc0       ?uninit_premsg@@3QBDB      00419bc0     MSVCRTD:_error_.obj
 0003:00000bd0       ?uninit_postmsg@@3QBDB     00419bd0     MSVCRTD:_error_.obj
 0003:00001220       ?_RTC_errlist@@3QBQBDB     0041a220     MSVCRTD:_userapi_.obj
 0003:0000137c       ?mspdbName@@3QB_WB         0041a37c     MSVCRTD:_pdblkup_.obj
 0003:000013a0       ?debugCrtFileName@@3QB_WB  0041a3a0     MSVCRTD:_pdblkup_.obj
 0003:00001530       ?dllExt@?1??GetPdbDllPathFromFilePath@@YAHPB_WPA_WI@Z@4QB_WB 0041a530     MSVCRTD:_pdblkup_.obj
 0003:0000153c       ?mspdbFilename@?1??GetPdbDllPathFromFilePath@@YAHPB_WPA_WI@Z@4QB_WB 0041a53c     MSVCRTD:_pdblkup_.obj
 0003:00001d8c       __RTC_InitBase.rtc$IMZ     0041ad8c     BinaryTree.obj
 0003:00001d90       __RTC_InitBase.rtc$IMZ     0041ad90     Main.obj
 0003:000020a0       __RTC_Shutdown.rtc$TMZ     0041b0a0     BinaryTree.obj
 0003:000020a4       __RTC_Shutdown.rtc$TMZ     0041b0a4     Main.obj
 0003:000022b0       __ehfuncinfo$??1BinaryTree@@QAE@XZ 0041b2b0     BinaryTree.obj
 0003:000022d8       __unwindtable$_main        0041b2d8     Main.obj
 0003:000022e8       __ehfuncinfo$_main         0041b2e8     Main.obj
 0003:00002314       __ehfuncinfo$??1?$TBinaryTree@HU?$CompareFunction@H@BinaryTreeTemplate@@@BinaryTreeTemplate@@UAE@XZ 0041b314     Main.obj
 0003:0000233c       __unwindtable$?Put@?$TBinaryTree@HU?$CompareFunction@H@BinaryTreeTemplate@@@BinaryTreeTemplate@@QAE_NABH@Z 0041b33c     Main.obj
 0003:00002344       __ehfuncinfo$?Put@?$TBinaryTree@HU?$CompareFunction@H@BinaryTreeTemplate@@@BinaryTreeTemplate@@QAE_NABH@Z 0041b344     Main.obj
 0003:0000236c       __unwindtable$?Search@?$TBinaryTree@HU?$CompareFunction@H@BinaryTreeTemplate@@@BinaryTreeTemplate@@QAE_NABH@Z 0041b36c     Main.obj
 0003:00002374       __ehfuncinfo$?Search@?$TBinaryTree@HU?$CompareFunction@H@BinaryTreeTemplate@@@BinaryTreeTemplate@@QAE_NABH@Z 0041b374     Main.obj
 0003:0000239c       __ehfuncinfo$??1?$TNode@H@BinaryTreeTemplate@@QAE@XZ 0041b39c     Main.obj
 0003:000023c8       __sehtable$?__scrt_common_main_seh@@YAHXZ 0041b3c8     MSVCRTD:exe_main.obj
 0003:000023e8       __sehtable$?notify_debugger@@YAXABUtagEXCEPTION_VISUALCPP_DEBUG_INFO@@@Z 0041b3e8     MSVCRTD:_error_.obj
 0003:000024b8       __sehtable$___scrt_is_nonwritable_in_current_image 0041b4b8     MSVCRTD:utility.obj
 0004:00000384       ?init@?1??_RTC_InitBase@@9@4_NA 0041c384     MSVCRTD:_init_.obj
 0004:00000388       _GS_ExceptionRecord        0041c388     MSVCRTD:gs_report.obj
 0004:000003d8       _GS_ContextRecord          0041c3d8     MSVCRTD:gs_report.obj
 0004:00000754       ?_RTC_ErrorReportFunc@@3P6AHHPBDH00ZZA 0041c754     MSVCRTD:_userapi_.obj
 0004:00000758       ?_RTC_ErrorReportFuncW@@3P6AHHPB_WH00ZZA 0041c758     MSVCRTD:_userapi_.obj
 0004:00000768       ?is_initialized_as_dll@@3_NA 0041c768     MSVCRTD:utility.obj
 0004:00000769       ?module_local_atexit_table_initialized@@3_NA 0041c769     MSVCRTD:utility.obj
 0004:0000076c       ?module_local_atexit_table@@3U_onexit_table_t@@A 0041c76c     MSVCRTD:utility.obj
 0004:00000778       ?module_local_at_quick_exit_table@@3U_onexit_table_t@@A 0041c778     MSVCRTD:utility.obj
 0004:000007b0       ?mspdb@@3PAUHINSTANCE__@@A 0041c7b0     MSVCRTD:_pdblkup_.obj
 0004:000007b4       ?alreadyTried@?1??GetPdbDll@@YAPAUHINSTANCE__@@XZ@4_NA 0041c7b4     MSVCRTD:_pdblkup_.obj
 0004:000007b5       ?PDBOK@?1??_RTC_GetSrcLine@@YAHPAEPA_WKPAH1K@Z@4_NA 0041c7b5     MSVCRTD:_pdblkup_.obj
 0005:000004e8       .idata$6                   0041d4e8     vcruntimed:VCRUNTIME140D.dll
 0005:000007a0       .idata$6                   0041d7a0     ucrtd:ucrtbased.dll
 0005:00000984       .idata$6                   0041d984     kernel32:KERNEL32.dll
 0006:00000000       __F5DA006B_stdafx@h        0041e000     BinaryTree.obj
 0006:00000001       __C5B81F9F_binarytree@pch  0041e001     BinaryTree.obj
 0006:00000002       __6C939DF9_binarytree@h    0041e002     BinaryTree.obj
 0006:00000003       __38AF3EB5_binarytree@cpp  0041e003     BinaryTree.obj
 0006:00000004       __80164DCD_memory          0041e004     BinaryTree.obj
 0006:00000005       __EE59F769_vcruntime_typeinfo@h 0041e005     BinaryTree.obj
 0006:00000006       __252C55E8_xatomic0@h      0041e006     BinaryTree.obj
 0006:00000007       __911C26AD_xmemory0        0041e007     BinaryTree.obj
 0006:00000008       __404FE7FC_xutility        0041e008     BinaryTree.obj
 0006:00000009       __F05194C5_iosfwd          0041e009     BinaryTree.obj
 0006:0000000a       __78F4D6C6_string@h        0041e00a     BinaryTree.obj
 0006:0000000b       __9F081559_corecrt_memory@h 0041e00b     BinaryTree.obj
 0006:0000000c       __02751F76_exception       0041e00c     BinaryTree.obj
 0006:0000000d       __66FC6D92_vcruntime_exception@h 0041e00d     BinaryTree.obj
 0006:0000000e       __6AAA6594_malloc@h        0041e00e     BinaryTree.obj
 0006:0000000f       __A890CD55_type_traits     0041e00f     BinaryTree.obj
 0006:00000010       __3CB84143_limits          0041e010     BinaryTree.obj
 0006:00000011       __4C0A0615_xtgmath@h       0041e011     BinaryTree.obj
 0006:00000012       __54E05BE6_cmath           0041e012     BinaryTree.obj
 0006:00000013       __25D2DC36_cstdlib         0041e013     BinaryTree.obj
 0006:00000014       __EDC08FAA_corecrt_math@h  0041e014     BinaryTree.obj
 0006:00000015       __FE874262_stdlib@h        0041e015     BinaryTree.obj
 0006:00000016       __0BE25CBD_vcruntime_new@h 0041e016     BinaryTree.obj
 0006:0000001b       __F5DA006B_stdafx@h        0041e01b     Main.obj
 0006:0000001c       __C5B81F9F_binarytree@pch  0041e01c     Main.obj
 0006:0000001d       __4DA18247_tbinarytree@h   0041e01d     Main.obj
 0006:0000001e       __EE44C0DB_main@cpp        0041e01e     Main.obj
 0006:0000001f       __C5B81F9F_binarytree@pch  0041e01f     stdafx.obj
 0006:00000020       __320E01E0_corecrt_stdio_config@h 0041e020     stdafx.obj
 0006:00000021       __BAC7FC50_corecrt_wstdio@h 0041e021     stdafx.obj
 0006:00000022       __A3797CDC_stdio@h         0041e022     stdafx.obj
 0006:00000023       __07523DAF_corecrt_memcpy_s@h 0041e023     stdafx.obj
 0006:00000024       __FEB88A67_corecrt_wconio@h 0041e024     stdafx.obj
 0006:00000025       __BE076D93_corecrt_wio@h   0041e025     stdafx.obj
 0006:00000026       __9CE3A74D_corecrt_wstring@h 0041e026     stdafx.obj
 0006:00000027       __90701A18_corecrt_wtime@h 0041e027     stdafx.obj
 0006:00000028       __33831CCF_stat@h          0041e028     stdafx.obj
 0006:00000029       __5D5F9F21_wchar@h         0041e029     stdafx.obj
 0006:0000002a       __6CB785BC_tchar@h         0041e02a     stdafx.obj
 0008:00000170       $R000000                   00420170     * linker generated manifest res *
