 BinaryTree

 Timestamp is 5c42523b (Fri Jan 18 14:24:59 2019)

 Preferred load address is 00400000

 Start         Length     Name                   Class
 0001:00000000 00010000H .textbss                DATA
 0002:00000000 0000aac0H .text$mn                CODE
 0002:0000aac0 000017a1H .text$x                 CODE
 0003:00000000 00000104H .CRT$XCA                DATA
 0003:00000104 00000104H .CRT$XCAA               DATA
 0003:00000208 00000104H .CRT$XCZ                DATA
 0003:0000030c 00000104H .CRT$XIA                DATA
 0003:00000410 00000104H .CRT$XIAA               DATA
 0003:00000514 00000104H .CRT$XIAC               DATA
 0003:00000618 00000104H .CRT$XIZ                DATA
 0003:0000071c 00000104H .CRT$XPA                DATA
 0003:00000820 00000104H .CRT$XPZ                DATA
 0003:00000924 00000104H .CRT$XTA                DATA
 0003:00000a28 00000108H .CRT$XTZ                DATA
 0003:00000b30 00000e90H .rdata                  DATA
 0003:000019c0 000003dcH .rdata$r                DATA
 0003:00001d9c 0000019cH .rdata$zzzdbg           DATA
 0003:00001f38 00000104H .rtc$IAA                DATA
 0003:0000203c 0000010cH .rtc$IMZ                DATA
 0003:00002148 00000104H .rtc$IZZ                DATA
 0003:0000224c 00000104H .rtc$TAA                DATA
 0003:00002350 0000010cH .rtc$TMZ                DATA
 0003:0000245c 00000104H .rtc$TZZ                DATA
 0003:00002560 0000089bH .xdata$x                DATA
 0003:00002dfb 00000000H .edata                  DATA
 0004:00000000 00000140H .data                   DATA
 0004:00000140 000002f8H .data$r                 DATA
 0004:00000438 00000468H .bss                    DATA
 0005:00000000 00000278H .idata$5                DATA
 0005:00000278 00000050H .idata$2                DATA
 0005:000002c8 00000014H .idata$3                DATA
 0005:000002dc 00000278H .idata$4                DATA
 0005:00000554 00000bf2H .idata$6                DATA
 0006:00000000 00000166H .msvcjmc                DATA
 0007:00000000 00000104H .00cfg                  DATA
 0008:00000000 00000170H .rsrc$01                DATA
 0008:00000170 000002ccH .rsrc$02                DATA

  Address         Publics by Value              Rva+Base       Lib:Object

 0000:00000000       ___safe_se_handler_table   00000000     <absolute>
 0000:00000000       ___hybrid_auxiliary_iat    00000000     <absolute>
 0000:00000000       ___guard_longjmp_count     00000000     <absolute>
 0000:00000000       ___hybrid_code_map         00000000     <absolute>
 0000:00000000       ___dynamic_value_reloc_table 00000000     <absolute>
 0000:00000000       ___guard_iat_count         00000000     <absolute>
 0000:00000000       ___enclave_config          00000000     <absolute>
 0000:00000000       ___volatile_metadata       00000000     <absolute>
 0000:00000000       ___guard_fids_count        00000000     <absolute>
 0000:00000000       ___guard_longjmp_table     00000000     <absolute>
 0000:00000000       ___hybrid_code_map_count   00000000     <absolute>
 0000:00000000       ___guard_fids_table        00000000     <absolute>
 0000:00000000       ___guard_iat_table         00000000     <absolute>
 0000:00000000       ___safe_se_handler_count   00000000     <absolute>
 0000:00000100       ___guard_flags             00000100     <absolute>
 0000:00000000       ___ImageBase               00400000     <linker-defined>
 0001:00000000       __enc$textbss$begin        00401000     <linker-defined>
 0001:00010000       __enc$textbss$end          00411000     <linker-defined>
 0002:00000c40       ??0BinaryTree@@QAE@XZ      00411c40 f   BinaryTree.obj
 0002:00000ca0       ??1BinaryTree@@QAE@XZ      00411ca0 f   BinaryTree.obj
 0002:00000d30       ?AddValue@BinaryTree@@QAE_NPAH@Z 00411d30 f   BinaryTree.obj
 0002:00000e60       ?CreateNode@BinaryTree@@IAEPAU_Node@@XZ 00411e60 f   BinaryTree.obj
 0002:00000ef0       ?InsertNode@BinaryTree@@IAE_NPAU_Node@@0@Z 00411ef0 f   BinaryTree.obj
 0002:00000fe0       ?SearchTree@BinaryTree@@QAE_NH@Z 00411fe0 f   BinaryTree.obj
 0002:00001080       ?Traverse@BinaryTree@@IAE_NPAU_Node@@H@Z 00412080 f   BinaryTree.obj
 0002:00001160       __JustMyCode_Default       00412160 f i BinaryTree.obj
 0002:00001170       ??$?6U?$char_traits@D@std@@@std@@YAAAV?$basic_ostream@DU?$char_traits@D@std@@@0@AAV10@PBD@Z 00412170 f i Main.obj
 0002:00001750       ??0?$CompareFunction@H@BinaryTreeTemplate@@QAE@XZ 00412750 f i Main.obj
 0002:000017a0       ??0?$CompareFunction@M@BinaryTreeTemplate@@QAE@XZ 004127a0 f i Main.obj
 0002:000017f0       ??0?$TBinaryTree@HU?$CompareFunction@H@BinaryTreeTemplate@@@BinaryTreeTemplate@@QAE@XZ 004127f0 f i Main.obj
 0002:00001880       ??0?$TBinaryTree@MU?$CompareFunction@M@BinaryTreeTemplate@@@BinaryTreeTemplate@@QAE@XZ 00412880 f i Main.obj
 0002:00001910       ??0?$TNode@H@BinaryTreeTemplate@@QAE@ABH@Z 00412910 f i Main.obj
 0002:00001990       ??0?$TNode@M@BinaryTreeTemplate@@QAE@ABM@Z 00412990 f i Main.obj
 0002:00001a10       ??0?$lock_guard@Vmutex@std@@@std@@QAE@AAVmutex@1@@Z 00412a10 f i Main.obj
 0002:00001a80       ??0_Mutex_base@std@@QAE@H@Z 00412a80 f i Main.obj
 0002:00001b30       ??0_Sentry_base@?$basic_ostream@DU?$char_traits@D@std@@@std@@QAE@AAV12@@Z 00412b30 f i Main.obj
 0002:00001c30       ??0mutex@std@@QAE@XZ       00412c30 f i Main.obj
 0002:00001cd0       ??0sentry@?$basic_ostream@DU?$char_traits@D@std@@@std@@QAE@AAV12@@Z 00412cd0 f i Main.obj
 0002:00001e60       ??1?$TBinaryTree@HU?$CompareFunction@H@BinaryTreeTemplate@@@BinaryTreeTemplate@@UAE@XZ 00412e60 f i Main.obj
 0002:00001f20       ??1?$TBinaryTree@MU?$CompareFunction@M@BinaryTreeTemplate@@@BinaryTreeTemplate@@UAE@XZ 00412f20 f i Main.obj
 0002:00001fe0       ??1?$TNode@H@BinaryTreeTemplate@@QAE@XZ 00412fe0 f i Main.obj
 0002:00002070       ??1?$TNode@M@BinaryTreeTemplate@@QAE@XZ 00413070 f i Main.obj
 0002:00002100       ??1?$lock_guard@Vmutex@std@@@std@@QAE@XZ 00413100 f i Main.obj
 0002:000021a0       ??1_Mutex_base@std@@QAE@XZ 004131a0 f i Main.obj
 0002:00002240       ??1_Sentry_base@?$basic_ostream@DU?$char_traits@D@std@@@std@@QAE@XZ 00413240 f i Main.obj
 0002:00002360       ??1mutex@std@@QAE@XZ       00413360 f i Main.obj
 0002:000023b0       ??1sentry@?$basic_ostream@DU?$char_traits@D@std@@@std@@QAE@XZ 004133b0 f i Main.obj
 0002:00002470       ??Bsentry@?$basic_ostream@DU?$char_traits@D@std@@@std@@QBE_NXZ 00413470 f i Main.obj
 0002:000024d0       ??R?$CompareFunction@H@BinaryTreeTemplate@@UBEKPAV?$TNode@H@1@0@Z 004134d0 f i Main.obj
 0002:00002560       ??R?$CompareFunction@M@BinaryTreeTemplate@@UBEKPAV?$TNode@M@1@0@Z 00413560 f i Main.obj
 0002:00002600       ??_E?$TBinaryTree@HU?$CompareFunction@H@BinaryTreeTemplate@@@BinaryTreeTemplate@@UAEPAXI@Z 00413600 f i Main.obj
 0002:00002600       ??_G?$TBinaryTree@HU?$CompareFunction@H@BinaryTreeTemplate@@@BinaryTreeTemplate@@UAEPAXI@Z 00413600 f i Main.obj
 0002:00002670       ??_E?$TBinaryTree@MU?$CompareFunction@M@BinaryTreeTemplate@@@BinaryTreeTemplate@@UAEPAXI@Z 00413670 f i Main.obj
 0002:00002670       ??_G?$TBinaryTree@MU?$CompareFunction@M@BinaryTreeTemplate@@@BinaryTreeTemplate@@UAEPAXI@Z 00413670 f i Main.obj
 0002:000026e0       ??_G?$TNode@H@BinaryTreeTemplate@@QAEPAXI@Z 004136e0 f i Main.obj
 0002:00002750       ??_G?$TNode@M@BinaryTreeTemplate@@QAEPAXI@Z 00413750 f i Main.obj
 0002:000027c0       ?AddNode@?$TBinaryTree@HU?$CompareFunction@H@BinaryTreeTemplate@@@BinaryTreeTemplate@@EAE_NPAV?$TNode@H@2@@Z 004137c0 f i Main.obj
 0002:00002940       ?AddNode@?$TBinaryTree@MU?$CompareFunction@M@BinaryTreeTemplate@@@BinaryTreeTemplate@@EAE_NPAV?$TNode@M@2@@Z 00413940 f i Main.obj
 0002:00002ac0       ?AddTreeBranch@?$TBinaryTree@HU?$CompareFunction@H@BinaryTreeTemplate@@@BinaryTreeTemplate@@EAE_NPAV?$TNode@H@2@@Z 00413ac0 f i Main.obj
 0002:00002bd0       ?AddTreeBranch@?$TBinaryTree@MU?$CompareFunction@M@BinaryTreeTemplate@@@BinaryTreeTemplate@@EAE_NPAV?$TNode@M@2@@Z 00413bd0 f i Main.obj
 0002:00002ce0       ?ClearTree@?$TBinaryTree@HU?$CompareFunction@H@BinaryTreeTemplate@@@BinaryTreeTemplate@@UAE_NXZ 00413ce0 f i Main.obj
 0002:00002e10       ?ClearTree@?$TBinaryTree@MU?$CompareFunction@M@BinaryTreeTemplate@@@BinaryTreeTemplate@@UAE_NXZ 00413e10 f i Main.obj
 0002:00002f40       ?DeleteTree@?$TBinaryTree@HU?$CompareFunction@H@BinaryTreeTemplate@@@BinaryTreeTemplate@@EAE_NPAV?$TNode@H@2@@Z 00413f40 f i Main.obj
 0002:00003050       ?DeleteTree@?$TBinaryTree@MU?$CompareFunction@M@BinaryTreeTemplate@@@BinaryTreeTemplate@@EAE_NPAV?$TNode@M@2@@Z 00414050 f i Main.obj
 0002:00003160       ?PrintTree@?$TBinaryTree@HU?$CompareFunction@H@BinaryTreeTemplate@@@BinaryTreeTemplate@@UAE_NXZ 00414160 f i Main.obj
 0002:000032c0       ?PrintTree@?$TBinaryTree@MU?$CompareFunction@M@BinaryTreeTemplate@@@BinaryTreeTemplate@@UAE_NXZ 004142c0 f i Main.obj
 0002:00003420       ?Put@?$TBinaryTree@HU?$CompareFunction@H@BinaryTreeTemplate@@@BinaryTreeTemplate@@UAE_NABH@Z 00414420 f i Main.obj
 0002:00003610       ?Put@?$TBinaryTree@MU?$CompareFunction@M@BinaryTreeTemplate@@@BinaryTreeTemplate@@UAE_NABM@Z 00414610 f i Main.obj
 0002:00003800       ?RecurseAdd@?$TBinaryTree@HU?$CompareFunction@H@BinaryTreeTemplate@@@BinaryTreeTemplate@@MAE_NPAV?$TNode@H@2@0@Z 00414800 f i Main.obj
 0002:00003920       ?RecurseAdd@?$TBinaryTree@MU?$CompareFunction@M@BinaryTreeTemplate@@@BinaryTreeTemplate@@MAE_NPAV?$TNode@M@2@0@Z 00414920 f i Main.obj
 0002:00003a40       ?RecursePrint@?$TBinaryTree@HU?$CompareFunction@H@BinaryTreeTemplate@@@BinaryTreeTemplate@@MAE_NPAV?$TNode@H@2@@Z 00414a40 f i Main.obj
 0002:00003b30       ?RecursePrint@?$TBinaryTree@MU?$CompareFunction@M@BinaryTreeTemplate@@@BinaryTreeTemplate@@MAE_NPAV?$TNode@M@2@@Z 00414b30 f i Main.obj
 0002:00003c20       ?RecurseRemove@?$TBinaryTree@HU?$CompareFunction@H@BinaryTreeTemplate@@@BinaryTreeTemplate@@MAE_NPAV?$TNode@H@2@00@Z 00414c20 f i Main.obj
 0002:00003e40       ?RecurseRemove@?$TBinaryTree@MU?$CompareFunction@M@BinaryTreeTemplate@@@BinaryTreeTemplate@@MAE_NPAV?$TNode@M@2@00@Z 00414e40 f i Main.obj
 0002:00004060       ?RecurseSearch@?$TBinaryTree@HU?$CompareFunction@H@BinaryTreeTemplate@@@BinaryTreeTemplate@@MAE_NPAV?$TNode@H@2@0@Z 00415060 f i Main.obj
 0002:000041c0       ?RecurseSearch@?$TBinaryTree@MU?$CompareFunction@M@BinaryTreeTemplate@@@BinaryTreeTemplate@@MAE_NPAV?$TNode@M@2@0@Z 004151c0 f i Main.obj
 0002:00004320       ?Remove@?$TBinaryTree@HU?$CompareFunction@H@BinaryTreeTemplate@@@BinaryTreeTemplate@@UAE_NABH@Z 00415320 f i Main.obj
 0002:00004550       ?Remove@?$TBinaryTree@MU?$CompareFunction@M@BinaryTreeTemplate@@@BinaryTreeTemplate@@UAE_NABM@Z 00415550 f i Main.obj
 0002:00004780       ?Search@?$TBinaryTree@HU?$CompareFunction@H@BinaryTreeTemplate@@@BinaryTreeTemplate@@UAE_NABH@Z 00415780 f i Main.obj
 0002:00004930       ?Search@?$TBinaryTree@MU?$CompareFunction@M@BinaryTreeTemplate@@@BinaryTreeTemplate@@UAE_NABM@Z 00415930 f i Main.obj
 0002:00004ae0       ?StandardBinaryTreePractice@@YAXXZ 00415ae0 f   Main.obj
 0002:00004cc0       ?TemplateBinaryTreePractice@@YAXXZ 00415cc0 f   Main.obj
 0002:00005200       ?_Check_C_return@std@@YAHH@Z 00416200 f i Main.obj
 0002:00005270       ?_Mtx_lockX@std@@YAHPAU_Mtx_internal_imp_t@@@Z 00416270 f i Main.obj
 0002:000052e0       ?_Mtx_unlockX@std@@YAHPAU_Mtx_internal_imp_t@@@Z 004162e0 f i Main.obj
 0002:00005350       ?_Mymtx@_Mutex_base@std@@AAEPAU_Mtx_internal_imp_t@@XZ 00416350 f i Main.obj
 0002:000053e0       ?__autoclassinit2@?$TBinaryTree@HU?$CompareFunction@H@BinaryTreeTemplate@@@BinaryTreeTemplate@@QAEXI@Z 004163e0 f i Main.obj
 0002:00005440       ?__autoclassinit2@?$TBinaryTree@MU?$CompareFunction@M@BinaryTreeTemplate@@@BinaryTreeTemplate@@QAEXI@Z 00416440 f i Main.obj
 0002:000054a0       ?__autoclassinit2@?$TNode@H@BinaryTreeTemplate@@QAEXI@Z 004164a0 f i Main.obj
 0002:00005500       ?__autoclassinit2@?$TNode@M@BinaryTreeTemplate@@QAEXI@Z 00416500 f i Main.obj
 0002:00005560       ?__autoclassinit2@BinaryTree@@QAEXI@Z 00416560 f i Main.obj
 0002:000055c0       ?__empty_global_delete@@YAXPAX@Z 004165c0 f i Main.obj
 0002:00005610       ?__empty_global_delete@@YAXPAXI@Z 00416610 f i Main.obj
 0002:00005660       ?eof@?$char_traits@D@std@@SAHXZ 00416660 f i Main.obj
 0002:000056f0       ?eq_int_type@?$char_traits@D@std@@SA_NABH0@Z 004166f0 f i Main.obj
 0002:000057b0       ?length@?$char_traits@D@std@@SAIQBD@Z 004167b0 f i Main.obj
 0002:00005840       ?lock@_Mutex_base@std@@QAEXXZ 00416840 f i Main.obj
 0002:000058b0       ?unlock@_Mutex_base@std@@QAEXXZ 004168b0 f i Main.obj
 0002:00005920       ___local_stdio_printf_options 00416920 f i Main.obj
 0002:00005980       __vfprintf_l               00416980 f i Main.obj
 0002:00005a10       _main                      00416a10 f   Main.obj
 0002:00005a70       _printf                    00416a70 f i Main.obj
 0002:00005b03       ?uncaught_exception@std@@YA_NXZ 00416b03 f   msvcprtd:MSVCP140D.dll
 0002:00005b09       ?good@ios_base@std@@QBE_NXZ 00416b09 f   msvcprtd:MSVCP140D.dll
 0002:00005b0f       ?flags@ios_base@std@@QBEHXZ 00416b0f f   msvcprtd:MSVCP140D.dll
 0002:00005b15       ?width@ios_base@std@@QBE_JXZ 00416b15 f   msvcprtd:MSVCP140D.dll
 0002:00005b1b       ?width@ios_base@std@@QAE_J_J@Z 00416b1b f   msvcprtd:MSVCP140D.dll
 0002:00005b21       ?sputc@?$basic_streambuf@DU?$char_traits@D@std@@@std@@QAEHD@Z 00416b21 f   msvcprtd:MSVCP140D.dll
 0002:00005b27       ?sputn@?$basic_streambuf@DU?$char_traits@D@std@@@std@@QAE_JPBD_J@Z 00416b27 f   msvcprtd:MSVCP140D.dll
 0002:00005b2d       ?setstate@?$basic_ios@DU?$char_traits@D@std@@@std@@QAEXH_N@Z 00416b2d f   msvcprtd:MSVCP140D.dll
 0002:00005b33       ?tie@?$basic_ios@DU?$char_traits@D@std@@@std@@QBEPAV?$basic_ostream@DU?$char_traits@D@std@@@2@XZ 00416b33 f   msvcprtd:MSVCP140D.dll
 0002:00005b39       ?rdbuf@?$basic_ios@DU?$char_traits@D@std@@@std@@QBEPAV?$basic_streambuf@DU?$char_traits@D@std@@@2@XZ 00416b39 f   msvcprtd:MSVCP140D.dll
 0002:00005b3f       ?fill@?$basic_ios@DU?$char_traits@D@std@@@std@@QBEDXZ 00416b3f f   msvcprtd:MSVCP140D.dll
 0002:00005b45       ?_Osfx@?$basic_ostream@DU?$char_traits@D@std@@@std@@QAEXXZ 00416b45 f   msvcprtd:MSVCP140D.dll
 0002:00005b4b       ??6?$basic_ostream@DU?$char_traits@D@std@@@std@@QAEAAV01@H@Z 00416b4b f   msvcprtd:MSVCP140D.dll
 0002:00005b51       ??6?$basic_ostream@DU?$char_traits@D@std@@@std@@QAEAAV01@M@Z 00416b51 f   msvcprtd:MSVCP140D.dll
 0002:00005b57       ?flush@?$basic_ostream@DU?$char_traits@D@std@@@std@@QAEAAV12@XZ 00416b57 f   msvcprtd:MSVCP140D.dll
 0002:00005b5d       __Mtx_init_in_situ         00416b5d f   msvcprtd:MSVCP140D.dll
 0002:00005b63       __Mtx_destroy_in_situ      00416b63 f   msvcprtd:MSVCP140D.dll
 0002:00005b69       __Mtx_lock                 00416b69 f   msvcprtd:MSVCP140D.dll
 0002:00005b6f       __Mtx_unlock               00416b6f f   msvcprtd:MSVCP140D.dll
 0002:00005b75       ?_Throw_C_error@std@@YAXH@Z 00416b75 f   msvcprtd:MSVCP140D.dll
 0002:00005b80       @__CheckForDebuggerJustMyCode@4 00416b80 f   MSVCRTD:debugger_jmc.obj
 0002:00005bd0       @__security_check_cookie@4 00416bd0 f   MSVCRTD:_secchk_.obj
 0002:00005bf0       @_RTC_AllocaHelper@12      00416bf0 f   MSVCRTD:_stack_.obj
 0002:00005c30       @_RTC_CheckStackVars2@12   00416c30 f   MSVCRTD:_stack_.obj
 0002:00005d50       @_RTC_CheckStackVars@8     00416d50 f   MSVCRTD:_stack_.obj
 0002:00005dd0       __RTC_CheckEsp             00416dd0 f   MSVCRTD:_stack_.obj
 0002:00005e10       __CRT_RTC_INIT             00416e10 f   MSVCRTD:_init_.obj
 0002:00005e20       __CRT_RTC_INITW            00416e20 f   MSVCRTD:_init_.obj
 0002:00005e30       __RTC_InitBase             00416e30 f   MSVCRTD:_init_.obj
 0002:00005e70       __RTC_Shutdown             00416e70 f   MSVCRTD:_init_.obj
 0002:00005e90       ??2@YAPAXI@Z               00416e90 f   MSVCRTD:new_scalar.obj
 0002:00005ef0       ??3@YAXPAXI@Z              00416ef0 f   MSVCRTD:delete_scalar_size.obj
 0002:00005f10       ??1type_info@@UAE@XZ       00416f10 f   MSVCRTD:std_type_info_static.obj
 0002:00005f30       ??_Gtype_info@@UAEPAXI@Z   00416f30 f i MSVCRTD:std_type_info_static.obj
 0002:00005f30       ??_Etype_info@@UAEPAXI@Z   00416f30 f i MSVCRTD:std_type_info_static.obj
 0002:00006340       ?configure_argv@__scrt_narrow_argv_policy@@SAHXZ 00417340 f i MSVCRTD:exe_main.obj
 0002:00006360       ?initialize_environment@__scrt_narrow_environment_policy@@SAHXZ 00417360 f i MSVCRTD:exe_main.obj
 0002:000063a0       ?set_app_type@__scrt_main_policy@@SAXXZ 004173a0 f i MSVCRTD:exe_main.obj
 0002:000063c0       ?set_commode@__scrt_file_policy@@SAXXZ 004173c0 f i MSVCRTD:exe_main.obj
 0002:000063e0       ?set_fmode@__scrt_file_policy@@SAXXZ 004173e0 f i MSVCRTD:exe_main.obj
 0002:00006400       _mainCRTStartup            00417400 f   MSVCRTD:exe_main.obj
 0002:00006410       ___raise_securityfailure   00417410 f   MSVCRTD:gs_report.obj
 0002:00006450       ___report_gsfailure        00417450 f   MSVCRTD:gs_report.obj
 0002:000065a0       ___report_rangecheckfailure 004175a0 f   MSVCRTD:gs_report.obj
 0002:000065b0       ___report_securityfailure  004175b0 f   MSVCRTD:gs_report.obj
 0002:000066c0       ___report_securityfailureEx 004176c0 f   MSVCRTD:gs_report.obj
 0002:000068e0       ?_RTC_AllocaFailure@@YAXPAXPAU_RTC_ALLOCA_NODE@@H@Z 004178e0 f   MSVCRTD:_error_.obj
 0002:00006a00       ?_RTC_Failure@@YAXPAXH@Z   00417a00 f   MSVCRTD:_error_.obj
 0002:00006a70       ?_RTC_StackFailure@@YAXPAXPBD@Z 00417a70 f   MSVCRTD:_error_.obj
 0002:00006f20       __RTC_UninitUse            00417f20 f   MSVCRTD:_error_.obj
 0002:00007000       __vsprintf_s_l             00418000 f i MSVCRTD:_error_.obj
 0002:00007040       _sprintf_s                 00418040 f i MSVCRTD:_error_.obj
 0002:00007070       ?_RTC_GetErrorFunc@@YAP6AHHPBDH00ZZPBX@Z 00418070 f   MSVCRTD:_userapi_.obj
 0002:00007080       ?_RTC_GetErrorFuncW@@YAP6AHHPB_WH00ZZPBX@Z 00418080 f   MSVCRTD:_userapi_.obj
 0002:00007090       __RTC_GetErrDesc           00418090 f   MSVCRTD:_userapi_.obj
 0002:000070b0       __RTC_NumErrors            004180b0 f   MSVCRTD:_userapi_.obj
 0002:000070c0       __RTC_SetErrorFunc         004180c0 f   MSVCRTD:_userapi_.obj
 0002:000070f0       __RTC_SetErrorFuncW        004180f0 f   MSVCRTD:_userapi_.obj
 0002:00007120       __RTC_SetErrorType         00418120 f   MSVCRTD:_userapi_.obj
 0002:00007150       ??0bad_alloc@std@@AAE@QBD@Z 00418150 f i MSVCRTD:throw_bad_alloc.obj
 0002:00007180       ??0bad_alloc@std@@QAE@ABV01@@Z 00418180 f i MSVCRTD:throw_bad_alloc.obj
 0002:000071b0       ??0bad_alloc@std@@QAE@XZ   004181b0 f i MSVCRTD:throw_bad_alloc.obj
 0002:000071e0       ??0bad_array_new_length@std@@QAE@ABV01@@Z 004181e0 f i MSVCRTD:throw_bad_alloc.obj
 0002:00007210       ??0bad_array_new_length@std@@QAE@XZ 00418210 f i MSVCRTD:throw_bad_alloc.obj
 0002:00007240       ??0exception@std@@QAE@ABV01@@Z 00418240 f i MSVCRTD:throw_bad_alloc.obj
 0002:00007290       ??0exception@std@@QAE@QBDH@Z 00418290 f i MSVCRTD:throw_bad_alloc.obj
 0002:000072d0       ??1bad_alloc@std@@UAE@XZ   004182d0 f i MSVCRTD:throw_bad_alloc.obj
 0002:000072f0       ??1bad_array_new_length@std@@UAE@XZ 004182f0 f i MSVCRTD:throw_bad_alloc.obj
 0002:00007310       ??1exception@std@@UAE@XZ   00418310 f i MSVCRTD:throw_bad_alloc.obj
 0002:00007340       ??_Gbad_alloc@std@@UAEPAXI@Z 00418340 f i MSVCRTD:throw_bad_alloc.obj
 0002:00007340       ??_Ebad_alloc@std@@UAEPAXI@Z 00418340 f i MSVCRTD:throw_bad_alloc.obj
 0002:00007380       ??_Ebad_array_new_length@std@@UAEPAXI@Z 00418380 f i MSVCRTD:throw_bad_alloc.obj
 0002:00007380       ??_Gbad_array_new_length@std@@UAEPAXI@Z 00418380 f i MSVCRTD:throw_bad_alloc.obj
 0002:000073c0       ??_Eexception@std@@UAEPAXI@Z 004183c0 f i MSVCRTD:throw_bad_alloc.obj
 0002:000073c0       ??_Gexception@std@@UAEPAXI@Z 004183c0 f i MSVCRTD:throw_bad_alloc.obj
 0002:00007400       ?__scrt_throw_std_bad_alloc@@YAXXZ 00418400 f   MSVCRTD:throw_bad_alloc.obj
 0002:00007430       ?__scrt_throw_std_bad_array_new_length@@YAXXZ 00418430 f   MSVCRTD:throw_bad_alloc.obj
 0002:00007460       ?what@exception@std@@UBEPBDXZ 00418460 f i MSVCRTD:throw_bad_alloc.obj
 0002:000074a0       ??3@YAXPAX@Z               004184a0 f   MSVCRTD:delete_scalar.obj
 0002:000074c0       ??$__crt_fast_decode_pointer@PAP6AXXZ@@YAPAP6AXXZQAP6AXXZ@Z 004184c0 f i MSVCRTD:utility.obj
 0002:000074f0       ??$__crt_fast_encode_pointer@PAP6AXXZ@@YAPAP6AXXZQAP6AXXZ@Z 004184f0 f i MSVCRTD:utility.obj
 0002:00007530       ?__crt_rotate_pointer_value@@YAIIH@Z 00418530 f i MSVCRTD:utility.obj
 0002:00007680       _NtCurrentTeb              00418680 f i MSVCRTD:utility.obj
 0002:00007690       ___scrt_acquire_startup_lock 00418690 f   MSVCRTD:utility.obj
 0002:000076f0       ___scrt_dllmain_after_initialize_c 004186f0 f   MSVCRTD:utility.obj
 0002:00007730       ___scrt_dllmain_before_initialize_c 00418730 f   MSVCRTD:utility.obj
 0002:00007760       ___scrt_dllmain_crt_thread_attach 00418760 f   MSVCRTD:utility.obj
 0002:000077a0       ___scrt_dllmain_crt_thread_detach 004187a0 f   MSVCRTD:utility.obj
 0002:000077c0       ___scrt_dllmain_exception_filter 004187c0 f   MSVCRTD:utility.obj
 0002:00007820       ___scrt_dllmain_uninitialize_c 00418820 f   MSVCRTD:utility.obj
 0002:00007860       ___scrt_dllmain_uninitialize_critical 00418860 f   MSVCRTD:utility.obj
 0002:00007880       ___scrt_initialize_crt     00418880 f   MSVCRTD:utility.obj
 0002:000078e0       ___scrt_initialize_onexit_tables 004188e0 f   MSVCRTD:utility.obj
 0002:00007a00       ___scrt_is_nonwritable_in_current_image 00418a00 f   MSVCRTD:utility.obj
 0002:00007b80       ___scrt_release_startup_lock 00418b80 f   MSVCRTD:utility.obj
 0002:00007bb0       ___scrt_uninitialize_crt   00418bb0 f   MSVCRTD:utility.obj
 0002:00007c00       __onexit                   00418c00 f   MSVCRTD:utility.obj
 0002:00007c90       _at_quick_exit             00418c90 f   MSVCRTD:utility.obj
 0002:00007cf0       _atexit                    00418cf0 f   MSVCRTD:utility.obj
 0002:00007dc0       ___security_init_cookie    00418dc0 f   MSVCRTD:gs_support.obj
 0002:00007e60       __matherr                  00418e60 f   MSVCRTD:matherr.obj
 0002:00007e70       __get_startup_argv_mode    00418e70 f   MSVCRTD:argv_mode.obj
 0002:00007e80       __get_startup_commit_mode  00418e80 f   MSVCRTD:commit_mode.obj
 0002:00007e90       __get_startup_file_mode    00418e90 f   MSVCRTD:file_mode.obj
 0002:00007ea0       __get_startup_new_mode     00418ea0 f   MSVCRTD:new_mode.obj
 0002:00007eb0       __get_startup_thread_locale_mode 00418eb0 f   MSVCRTD:thread_locale.obj
 0002:00007ec0       ?__scrt_initialize_type_info@@YAXXZ 00418ec0 f   MSVCRTD:tncleanup.obj
 0002:00007ee0       ?__scrt_uninitialize_type_info@@YAXXZ 00418ee0 f   MSVCRTD:tncleanup.obj
 0002:00007f00       __should_initialize_environment 00418f00 f   MSVCRTD:env_mode.obj
 0002:00007f10       __initialize_default_precision 00418f10 f   MSVCRTD:default_precision.obj
 0002:00007f40       __initialize_invalid_parameter_handler 00418f40 f   MSVCRTD:invalid_parameter_handler.obj
 0002:00007f50       __initialize_denormal_control 00418f50 f   MSVCRTD:denormal_control.obj
 0002:00007f60       ___local_stdio_scanf_options 00418f60 f i MSVCRTD:default_local_stdio_options.obj
 0002:00007f70       ___scrt_initialize_default_local_stdio_options 00418f70 f   MSVCRTD:default_local_stdio_options.obj
 0002:00007fc0       ___scrt_is_user_matherr_present 00418fc0 f   MSVCRTD:matherr_detection.obj
 0002:00007ff0       ___scrt_get_dyn_tls_init_callback 00418ff0 f   MSVCRTD:dyn_tls_init.obj
 0002:00008000       ___scrt_get_dyn_tls_dtor_callback 00419000 f   MSVCRTD:dyn_tls_dtor.obj
 0002:00008010       ___scrt_fastfail           00419010 f   MSVCRTD:utility_desktop.obj
 0002:000081a0       ___scrt_get_show_window_mode 004191a0 f   MSVCRTD:utility_desktop.obj
 0002:000081f0       ___scrt_initialize_mta     004191f0 f   MSVCRTD:utility_desktop.obj
 0002:00008200       ___scrt_initialize_winrt   00419200 f   MSVCRTD:utility_desktop.obj
 0002:00008210       ___scrt_is_managed_app     00419210 f   MSVCRTD:utility_desktop.obj
 0002:000082c0       ___scrt_set_unhandled_exception_filter 004192c0 f   MSVCRTD:utility_desktop.obj
 0002:000082e0       ___scrt_exe_initialize_mta 004192e0 f   MSVCRTD:utility_desktop.obj
 0002:000082e0       ___scrt_stub_for_initialize_mta 004192e0 f   MSVCRTD:utility_desktop.obj
 0002:000082f0       ___scrt_unhandled_exception_filter@4 004192f0 f   MSVCRTD:utility_desktop.obj
 0002:00008370       __crt_debugger_hook        00419370 f   MSVCRTD:utility_desktop.obj
 0002:00008390       __RTC_Initialize           00419390 f   MSVCRTD:_initsect_.obj
 0002:000083d0       __RTC_Terminate            004193d0 f   MSVCRTD:_initsect_.obj
 0002:00008410       __except_handler4          00419410 f   MSVCRTD:_chandler4gs_.obj
 0002:00008440       @_guard_check_icall_nop@4  00419440 f i MSVCRTD:guard_support.obj
 0002:00008450       _ReadNoFence               00419450 f i MSVCRTD:guard_support.obj
 0002:00008470       _ReadPointerNoFence        00419470 f i MSVCRTD:guard_support.obj
 0002:00008490       __guard_icall_checks_enforced 00419490 f i MSVCRTD:guard_support.obj
 0002:00008a60       ?_RTC_GetSrcLine@@YAHPAEPA_WKPAH1K@Z 00419a60 f   MSVCRTD:_pdblkup_.obj
 0002:00008ed0       __except_handler4_noexcept 00419ed0 f   MSVCRTD:chandler4_noexcept.obj
 0002:00008f30       ___isa_available_init      00419f30 f   MSVCRTD:_cpu_disp_.obj
 0002:000092c0       ___scrt_is_ucrt_dll_in_use 0041a2c0 f   MSVCRTD:ucrt_detection.obj
 0002:000092ed       ___CxxFrameHandler3        0041a2ed f   vcruntimed:VCRUNTIME140D.dll
 0002:000092f3       _memset                    0041a2f3 f   vcruntimed:VCRUNTIME140D.dll
 0002:000092f9       ___std_exception_copy      0041a2f9 f   vcruntimed:VCRUNTIME140D.dll
 0002:000092ff       ___std_exception_destroy   0041a2ff f   vcruntimed:VCRUNTIME140D.dll
 0002:00009305       __CxxThrowException@8      0041a305 f   vcruntimed:VCRUNTIME140D.dll
 0002:0000930b       ___std_type_info_destroy_list 0041a30b f   vcruntimed:VCRUNTIME140D.dll
 0002:00009311       __except_handler4_common   0041a311 f   vcruntimed:VCRUNTIME140D.dll
 0002:00009317       ___vcrt_GetModuleFileNameW 0041a317 f   vcruntimed:VCRUNTIME140D.dll
 0002:0000931d       ___vcrt_GetModuleHandleW   0041a31d f   vcruntimed:VCRUNTIME140D.dll
 0002:00009323       ___vcrt_LoadLibraryExW     0041a323 f   vcruntimed:VCRUNTIME140D.dll
 0002:00009329       _malloc                    0041a329 f   ucrtd:ucrtbased.dll
 0002:0000932f       ___acrt_iob_func           0041a32f f   ucrtd:ucrtbased.dll
 0002:00009335       ___stdio_common_vfprintf   0041a335 f   ucrtd:ucrtbased.dll
 0002:0000933b       __wassert                  0041a33b f   ucrtd:ucrtbased.dll
 0002:00009341       _strlen                    0041a341 f   ucrtd:ucrtbased.dll
 0002:00009347       __CrtDbgReport             0041a347 f   ucrtd:ucrtbased.dll
 0002:0000934d       __CrtDbgReportW            0041a34d f   ucrtd:ucrtbased.dll
 0002:00009353       __callnewh                 0041a353 f   ucrtd:ucrtbased.dll
 0002:00009359       __seh_filter_exe           0041a359 f   ucrtd:ucrtbased.dll
 0002:0000935f       __set_app_type             0041a35f f   ucrtd:ucrtbased.dll
 0002:00009365       ___setusermatherr          0041a365 f   ucrtd:ucrtbased.dll
 0002:0000936b       __configure_narrow_argv    0041a36b f   ucrtd:ucrtbased.dll
 0002:00009371       __initialize_narrow_environment 0041a371 f   ucrtd:ucrtbased.dll
 0002:00009377       __get_initial_narrow_environment 0041a377 f   ucrtd:ucrtbased.dll
 0002:0000937d       __initterm                 0041a37d f   ucrtd:ucrtbased.dll
 0002:00009383       __initterm_e               0041a383 f   ucrtd:ucrtbased.dll
 0002:00009389       _exit                      0041a389 f   ucrtd:ucrtbased.dll
 0002:0000938f       __exit                     0041a38f f   ucrtd:ucrtbased.dll
 0002:00009395       __set_fmode                0041a395 f   ucrtd:ucrtbased.dll
 0002:0000939b       ___p___argc                0041a39b f   ucrtd:ucrtbased.dll
 0002:000093a1       ___p___argv                0041a3a1 f   ucrtd:ucrtbased.dll
 0002:000093a7       __cexit                    0041a3a7 f   ucrtd:ucrtbased.dll
 0002:000093ad       __c_exit                   0041a3ad f   ucrtd:ucrtbased.dll
 0002:000093b3       __register_thread_local_exe_atexit_callback 0041a3b3 f   ucrtd:ucrtbased.dll
 0002:000093b9       __configthreadlocale       0041a3b9 f   ucrtd:ucrtbased.dll
 0002:000093bf       __set_new_mode             0041a3bf f   ucrtd:ucrtbased.dll
 0002:000093c5       ___p__commode              0041a3c5 f   ucrtd:ucrtbased.dll
 0002:000093cb       _strcpy_s                  0041a3cb f   ucrtd:ucrtbased.dll
 0002:000093d1       _strcat_s                  0041a3d1 f   ucrtd:ucrtbased.dll
 0002:000093d7       ___stdio_common_vsprintf_s 0041a3d7 f   ucrtd:ucrtbased.dll
 0002:000093dd       __free_dbg                 0041a3dd f   ucrtd:ucrtbased.dll
 0002:000093e3       __seh_filter_dll           0041a3e3 f   ucrtd:ucrtbased.dll
 0002:000093e9       __initialize_onexit_table  0041a3e9 f   ucrtd:ucrtbased.dll
 0002:000093ef       __register_onexit_function 0041a3ef f   ucrtd:ucrtbased.dll
 0002:000093f5       __execute_onexit_table     0041a3f5 f   ucrtd:ucrtbased.dll
 0002:000093fb       __crt_atexit               0041a3fb f   ucrtd:ucrtbased.dll
 0002:00009401       __crt_at_quick_exit        0041a401 f   ucrtd:ucrtbased.dll
 0002:00009407       __controlfp_s              0041a407 f   ucrtd:ucrtbased.dll
 0002:0000940d       _terminate                 0041a40d f   ucrtd:ucrtbased.dll
 0002:00009413       __wmakepath_s              0041a413 f   ucrtd:ucrtbased.dll
 0002:00009419       __wsplitpath_s             0041a419 f   ucrtd:ucrtbased.dll
 0002:0000941f       _wcscpy_s                  0041a41f f   ucrtd:ucrtbased.dll
 0002:00009425       _GetCurrentThreadId@0      0041a425 f   kernel32:KERNEL32.dll
 0002:0000942b       _UnhandledExceptionFilter@4 0041a42b f   kernel32:KERNEL32.dll
 0002:00009431       _SetUnhandledExceptionFilter@4 0041a431 f   kernel32:KERNEL32.dll
 0002:00009437       _GetCurrentProcess@0       0041a437 f   kernel32:KERNEL32.dll
 0002:0000943d       _TerminateProcess@8        0041a43d f   kernel32:KERNEL32.dll
 0002:00009443       _IsProcessorFeaturePresent@4 0041a443 f   kernel32:KERNEL32.dll
 0002:00009449       _IsDebuggerPresent@0       0041a449 f   kernel32:KERNEL32.dll
 0002:0000944f       _RaiseException@16         0041a44f f   kernel32:KERNEL32.dll
 0002:00009455       _MultiByteToWideChar@24    0041a455 f   kernel32:KERNEL32.dll
 0002:0000945b       _WideCharToMultiByte@32    0041a45b f   kernel32:KERNEL32.dll
 0002:00009461       _QueryPerformanceCounter@4 0041a461 f   kernel32:KERNEL32.dll
 0002:00009467       _GetCurrentProcessId@0     0041a467 f   kernel32:KERNEL32.dll
 0002:0000946d       _GetSystemTimeAsFileTime@4 0041a46d f   kernel32:KERNEL32.dll
 0002:00009473       _InitializeSListHead@4     0041a473 f   kernel32:KERNEL32.dll
 0002:00009479       _GetStartupInfoW@4         0041a479 f   kernel32:KERNEL32.dll
 0002:0000947f       _GetModuleHandleW@4        0041a47f f   kernel32:KERNEL32.dll
 0002:00009485       _GetLastError@0            0041a485 f   kernel32:KERNEL32.dll
 0002:0000948b       _HeapAlloc@12              0041a48b f   kernel32:KERNEL32.dll
 0002:00009491       _HeapFree@12               0041a491 f   kernel32:KERNEL32.dll
 0002:00009497       _GetProcessHeap@0          0041a497 f   kernel32:KERNEL32.dll
 0002:0000949d       _VirtualQuery@12           0041a49d f   kernel32:KERNEL32.dll
 0002:000094a3       _FreeLibrary@4             0041a4a3 f   kernel32:KERNEL32.dll
 0002:000094a9       _GetProcAddress@8          0041a4a9 f   kernel32:KERNEL32.dll
 0002:000094b0       ___vcrt_initialize         0041a4b0 f   MSVCRTD:ucrt_stubs.obj
 0002:000094b0       ___acrt_initialize         0041a4b0 f   MSVCRTD:ucrt_stubs.obj
 0002:000094b0       ___scrt_stub_for_acrt_initialize 0041a4b0 f   MSVCRTD:ucrt_stubs.obj
 0002:000094c0       ___scrt_stub_for_acrt_thread_attach 0041a4c0 f   MSVCRTD:ucrt_stubs.obj
 0002:000094c0       ___vcrt_thread_attach      0041a4c0 f   MSVCRTD:ucrt_stubs.obj
 0002:000094c0       ___acrt_thread_attach      0041a4c0 f   MSVCRTD:ucrt_stubs.obj
 0002:000094d0       ___scrt_stub_for_acrt_thread_detach 0041a4d0 f   MSVCRTD:ucrt_stubs.obj
 0002:000094d0       ___acrt_thread_detach      0041a4d0 f   MSVCRTD:ucrt_stubs.obj
 0002:000094d0       ___vcrt_thread_detach      0041a4d0 f   MSVCRTD:ucrt_stubs.obj
 0002:000094e0       ___scrt_stub_for_acrt_uninitialize 0041a4e0 f   MSVCRTD:ucrt_stubs.obj
 0002:000094e0       ___vcrt_uninitialize       0041a4e0 f   MSVCRTD:ucrt_stubs.obj
 0002:000094e0       ___acrt_uninitialize       0041a4e0 f   MSVCRTD:ucrt_stubs.obj
 0002:000094f0       ___acrt_uninitialize_critical 0041a4f0 f   MSVCRTD:ucrt_stubs.obj
 0002:000094f0       ___scrt_stub_for_acrt_uninitialize_critical 0041a4f0 f   MSVCRTD:ucrt_stubs.obj
 0002:000094f0       ___vcrt_uninitialize_critical 0041a4f0 f   MSVCRTD:ucrt_stubs.obj
 0002:00009500       __is_c_termination_complete 0041a500 f   MSVCRTD:ucrt_stubs.obj
 0002:00009500       ___scrt_stub_for_is_c_termination_complete 0041a500 f   MSVCRTD:ucrt_stubs.obj
 0003:00000000       ___xc_a                    0041e000     MSVCRTD:initializers.obj
 0003:00000208       ___xc_z                    0041e208     MSVCRTD:initializers.obj
 0003:0000030c       ___xi_a                    0041e30c     MSVCRTD:initializers.obj
 0003:00000618       ___xi_z                    0041e618     MSVCRTD:initializers.obj
 0003:0000071c       ___xp_a                    0041e71c     MSVCRTD:initializers.obj
 0003:00000820       ___xp_z                    0041e820     MSVCRTD:initializers.obj
 0003:00000924       ___xt_a                    0041e924     MSVCRTD:initializers.obj
 0003:00000a28       ___xt_z                    0041ea28     MSVCRTD:initializers.obj
 0003:00000b34       ??_7?$CompareFunction@H@BinaryTreeTemplate@@6B@ 0041eb34     Main.obj
 0003:00000b40       ??_7?$TBinaryTree@HU?$CompareFunction@H@BinaryTreeTemplate@@@BinaryTreeTemplate@@6B@ 0041eb40     Main.obj
 0003:00000b84       ??_7?$CompareFunction@M@BinaryTreeTemplate@@6B@ 0041eb84     Main.obj
 0003:00000b90       ??_7?$TBinaryTree@MU?$CompareFunction@M@BinaryTreeTemplate@@@BinaryTreeTemplate@@6B@ 0041eb90     Main.obj
 0003:00000bd0       ??_C@_0BF@OHBEEKFJ@?6?5Int?5Implementation@ 0041ebd0     Main.obj
 0003:00000bec       ??_C@_01EEMJAFIK@?6@       0041ebec     Main.obj
 0003:00000bf0       ??_C@_0BH@NJADKNDE@?6?5Float?5Implementation@ 0041ebf0     Main.obj
 0003:00000c10       ??_C@_1KO@BJKKBBNK@?$AAe?$AA?3?$AA?2?$AAd?$AAe?$AAv?$AA?2?$AAp?$AAr?$AAo?$AAj?$AAe?$AAc?$AAt?$AAs@ 0041ec10     Main.obj
 0003:00000ce0       ??_C@_1DK@HELIGCNI@?$AA0?$AA?5?$AA?$CG?$AA?$CG?$AA?5?$AA?$CC?$AAS?$AAh?$AAo?$AAu?$AAl?$AAd?$AA?5?$AAn?$AAe@ 0041ece0     Main.obj
 0003:00000d28       __real@3f8ccccd            0041ed28     Main.obj
 0003:00000d2c       __real@3f99999a            0041ed2c     Main.obj
 0003:00000d30       __real@400ccccd            0041ed30     Main.obj
 0003:00000d34       __real@40533333            0041ed34     Main.obj
 0003:00000d38       __real@408ccccd            0041ed38     Main.obj
 0003:00000d3c       __real@40a33333            0041ed3c     Main.obj
 0003:00000d44       ??_7type_info@@6B@         0041ed44     MSVCRTD:std_type_info_static.obj
 0003:00000e18       ??_C@_0NN@NGPKDKPD@The?5value?5of?5ESP?5was?5not?5proper@ 0041ee18     MSVCRTD:_error_.obj
 0003:00000f28       ??_C@_0BBN@GPMLNJCF@A?5cast?5to?5a?5smaller?5data?5type?5h@ 0041ef28     MSVCRTD:_error_.obj
 0003:00001080       ??_C@_0BN@FFOINMNJ@Stack?5memory?5was?5corrupted?6?$AN@ 0041f080     MSVCRTD:_error_.obj
 0003:000010a4       ??_C@_0DG@HKJMLLLP@A?5local?5variable?5was?5used?5befor@ 0041f0a4     MSVCRTD:_error_.obj
 0003:000010e4       ??_C@_0CM@NGINOKPC@Stack?5memory?5around?5_alloca?5was@ 0041f0e4     MSVCRTD:_error_.obj
 0003:00001118       ??_C@_0BO@GNIAFIKK@Unknown?5Runtime?5Check?5Error?6?$AN@ 0041f118     MSVCRTD:_error_.obj
 0003:00001140       ??_C@_1GM@OLMCBDMB@?$AAR?$AAu?$AAn?$AAt?$AAi?$AAm?$AAe?$AA?5?$AAC?$AAh?$AAe?$AAc?$AAk?$AA?5?$AAE@ 0041f140     MSVCRTD:_error_.obj
 0003:000011c8       ??_C@_1EA@NFKNIFJP@?$AAR?$AAu?$AAn?$AA?9?$AAT?$AAi?$AAm?$AAe?$AA?5?$AAC?$AAh?$AAe?$AAc?$AAk?$AA?5@ 0041f1c8     MSVCRTD:_error_.obj
 0003:00001214       ??_C@_0BB@PFFGGCJP@Unknown?5Filename@ 0041f214     MSVCRTD:_error_.obj
 0003:00001228       ??_C@_0BE@GNBOBNCK@Unknown?5Module?5Name@ 0041f228     MSVCRTD:_error_.obj
 0003:00001240       ??_C@_0CA@IODNCDPG@Run?9Time?5Check?5Failure?5?$CD?$CFd?5?9?5?$CFs@ 0041f240     MSVCRTD:_error_.obj
 0003:00001268       ??_C@_0CG@IAFNJNEE@Stack?5corrupted?5near?5unknown?5va@ 0041f268     MSVCRTD:_error_.obj
 0003:00001298       ??_C@_05MKKEDADM@?$CF?42X?5@ 0041f298     MSVCRTD:_error_.obj
 0003:000012a0       ??_C@_0EJ@LJKNEOLN@Stack?5area?5around?5_alloca?5memor@ 0041f2a0     MSVCRTD:_error_.obj
 0003:000012f8       ??_C@_02LLMPMKNF@?$DO?5@   0041f2f8     MSVCRTD:_error_.obj
 0003:000012fc       ??_C@_08OMAHNMHJ@?6Data?3?5?$DM@ 0041f2fc     MSVCRTD:_error_.obj
 0003:00001308       ??_C@_0CK@DKGBICFE@?6Allocation?5number?5within?5this?5@ 0041f308     MSVCRTD:_error_.obj
 0003:0000133c       ??_C@_07DFDJCKFN@?6Size?3?5@ 0041f33c     MSVCRTD:_error_.obj
 0003:00001348       ??_C@_0N@MHFFIMFG@?6Address?3?50x@ 0041f348     MSVCRTD:_error_.obj
 0003:00001358       ??_C@_0EI@CLEPFNGI@Stack?5area?5around?5_alloca?5memor@ 0041f358     MSVCRTD:_error_.obj
 0003:000013b0       ??_C@_0BK@ODNDAGKB@?$CFs?$CFs?$CFp?$CFs?$CFzd?$CFs?$CFd?$CFs?$CFs?$CFs?$CFs?$CFs@ 0041f3b0     MSVCRTD:_error_.obj
 0003:000013d0       ??_C@_0DE@OHJBPMBP@A?5variable?5is?5being?5used?5withou@ 0041f3d0     MSVCRTD:_error_.obj
 0003:00001428       ??_C@_0BJ@HEGAHDFO@Stack?5pointer?5corruption@ 0041f428     MSVCRTD:_userapi_.obj
 0003:00001448       ??_C@_0CK@FEGOIOPB@Cast?5to?5smaller?5type?5causing?5lo@ 0041f448     MSVCRTD:_userapi_.obj
 0003:0000147c       ??_C@_0BI@CIGMDCBH@Stack?5memory?5corruption@ 0041f47c     MSVCRTD:_userapi_.obj
 0003:00001498       ??_C@_0CK@CNLNOEPB@Local?5variable?5used?5before?5init@ 0041f498     MSVCRTD:_userapi_.obj
 0003:000014cc       ??_C@_0BP@OGBCLIBO@Stack?5around?5_alloca?5corrupted@ 0041f4cc     MSVCRTD:_userapi_.obj
 0003:000014f8       ??_7exception@std@@6B@     0041f4f8     MSVCRTD:throw_bad_alloc.obj
 0003:00001504       ??_C@_0BC@EOODALEL@Unknown?5exception@ 0041f504     MSVCRTD:throw_bad_alloc.obj
 0003:00001520       ??_7bad_alloc@std@@6B@     0041f520     MSVCRTD:throw_bad_alloc.obj
 0003:0000152c       ??_C@_0P@GHFPNOJB@bad?5allocation@ 0041f52c     MSVCRTD:throw_bad_alloc.obj
 0003:00001544       ??_7bad_array_new_length@std@@6B@ 0041f544     MSVCRTD:throw_bad_alloc.obj
 0003:00001550       ??_C@_0BF@KINCDENJ@bad?5array?5new?5length@ 0041f550     MSVCRTD:throw_bad_alloc.obj
 0003:000015c8       ??_C@_1EI@MLPKHBGE@?$AAa?$AAp?$AAi?$AA?9?$AAm?$AAs?$AA?9?$AAw?$AAi?$AAn?$AA?9?$AAc?$AAo?$AAr?$AAe@ 0041f5c8     MSVCRTD:_pdblkup_.obj
 0003:00001620       ??_C@_1BK@JHLNAEJL@?$AAa?$AAd?$AAv?$AAa?$AAp?$AAi?$AA3?$AA2?$AA?4?$AAd?$AAl?$AAl@ 0041f620     MSVCRTD:_pdblkup_.obj
 0003:00001640       ??_C@_0O@COHOBMLB@RegOpenKeyExW@ 0041f640     MSVCRTD:_pdblkup_.obj
 0003:00001650       ??_C@_0BB@GLNAEDBD@RegQueryValueExW@ 0041f650     MSVCRTD:_pdblkup_.obj
 0003:00001664       ??_C@_0M@HLOHPNFA@RegCloseKey@ 0041f664     MSVCRTD:_pdblkup_.obj
 0003:00001678       ??_C@_1HE@EBEAGLFB@?$AAS?$AAO?$AAF?$AAT?$AAW?$AAA?$AAR?$AAE?$AA?2?$AAW?$AAo?$AAw?$AA6?$AA4?$AA3@ 0041f678     MSVCRTD:_pdblkup_.obj
 0003:00001704       ??_C@_1BG@EABPBLLF@?$AAP?$AAr?$AAo?$AAd?$AAu?$AAc?$AAt?$AAD?$AAi?$AAr@ 0041f704     MSVCRTD:_pdblkup_.obj
 0003:00001744       ??_C@_1BC@JINFINNJ@?$AAM?$AAS?$AAP?$AAD?$AAB?$AA1?$AA4?$AA0@ 0041f744     MSVCRTD:_pdblkup_.obj
 0003:0000175c       ??_C@_0BB@KCIACLNC@PDBOpenValidate5@ 0041f75c     MSVCRTD:_pdblkup_.obj
 0003:00001770       ??_C@_01KDCPPGHE@r@        0041f770     MSVCRTD:_pdblkup_.obj
 0003:000017b8       __load_config_used         0041f7b8     MSVCRTD:loadcfg.obj
 0003:000019c0       ??_R4?$CompareFunction@H@BinaryTreeTemplate@@6B@ 0041f9c0     Main.obj
 0003:000019d8       ??_R3?$CompareFunction@H@BinaryTreeTemplate@@8 0041f9d8     Main.obj
 0003:000019ec       ??_R2?$CompareFunction@H@BinaryTreeTemplate@@8 0041f9ec     Main.obj
 0003:000019f4       ??_R1A@?0A@EA@?$CompareFunction@H@BinaryTreeTemplate@@8 0041f9f4     Main.obj
 0003:00001a18       ??_R4?$TBinaryTree@HU?$CompareFunction@H@BinaryTreeTemplate@@@BinaryTreeTemplate@@6B@ 0041fa18     Main.obj
 0003:00001a30       ??_R3?$TBinaryTree@HU?$CompareFunction@H@BinaryTreeTemplate@@@BinaryTreeTemplate@@8 0041fa30     Main.obj
 0003:00001a44       ??_R2?$TBinaryTree@HU?$CompareFunction@H@BinaryTreeTemplate@@@BinaryTreeTemplate@@8 0041fa44     Main.obj
 0003:00001a4c       ??_R1A@?0A@EA@?$TBinaryTree@HU?$CompareFunction@H@BinaryTreeTemplate@@@BinaryTreeTemplate@@8 0041fa4c     Main.obj
 0003:00001a70       ??_R4?$CompareFunction@M@BinaryTreeTemplate@@6B@ 0041fa70     Main.obj
 0003:00001a88       ??_R3?$CompareFunction@M@BinaryTreeTemplate@@8 0041fa88     Main.obj
 0003:00001a9c       ??_R2?$CompareFunction@M@BinaryTreeTemplate@@8 0041fa9c     Main.obj
 0003:00001aa4       ??_R1A@?0A@EA@?$CompareFunction@M@BinaryTreeTemplate@@8 0041faa4     Main.obj
 0003:00001ac8       ??_R4?$TBinaryTree@MU?$CompareFunction@M@BinaryTreeTemplate@@@BinaryTreeTemplate@@6B@ 0041fac8     Main.obj
 0003:00001ae0       ??_R3?$TBinaryTree@MU?$CompareFunction@M@BinaryTreeTemplate@@@BinaryTreeTemplate@@8 0041fae0     Main.obj
 0003:00001af4       ??_R2?$TBinaryTree@MU?$CompareFunction@M@BinaryTreeTemplate@@@BinaryTreeTemplate@@8 0041faf4     Main.obj
 0003:00001afc       ??_R1A@?0A@EA@?$TBinaryTree@MU?$CompareFunction@M@BinaryTreeTemplate@@@BinaryTreeTemplate@@8 0041fafc     Main.obj
 0003:00001b20       ??_R4type_info@@6B@        0041fb20     MSVCRTD:std_type_info_static.obj
 0003:00001b38       ??_R3type_info@@8          0041fb38     MSVCRTD:std_type_info_static.obj
 0003:00001b4c       ??_R2type_info@@8          0041fb4c     MSVCRTD:std_type_info_static.obj
 0003:00001b54       ??_R1A@?0A@EA@type_info@@8 0041fb54     MSVCRTD:std_type_info_static.obj
 0003:00001b78       ??_R4exception@std@@6B@    0041fb78     MSVCRTD:throw_bad_alloc.obj
 0003:00001b90       ??_R3exception@std@@8      0041fb90     MSVCRTD:throw_bad_alloc.obj
 0003:00001ba4       ??_R2exception@std@@8      0041fba4     MSVCRTD:throw_bad_alloc.obj
 0003:00001bac       ??_R1A@?0A@EA@exception@std@@8 0041fbac     MSVCRTD:throw_bad_alloc.obj
 0003:00001bd0       ??_R4bad_alloc@std@@6B@    0041fbd0     MSVCRTD:throw_bad_alloc.obj
 0003:00001be8       ??_R3bad_alloc@std@@8      0041fbe8     MSVCRTD:throw_bad_alloc.obj
 0003:00001bfc       ??_R2bad_alloc@std@@8      0041fbfc     MSVCRTD:throw_bad_alloc.obj
 0003:00001c08       ??_R1A@?0A@EA@bad_alloc@std@@8 0041fc08     MSVCRTD:throw_bad_alloc.obj
 0003:00001c2c       ??_R4bad_array_new_length@std@@6B@ 0041fc2c     MSVCRTD:throw_bad_alloc.obj
 0003:00001c44       ??_R3bad_array_new_length@std@@8 0041fc44     MSVCRTD:throw_bad_alloc.obj
 0003:00001c58       ??_R2bad_array_new_length@std@@8 0041fc58     MSVCRTD:throw_bad_alloc.obj
 0003:00001c68       ??_R1A@?0A@EA@bad_array_new_length@std@@8 0041fc68     MSVCRTD:throw_bad_alloc.obj
 0003:00001f38       ___rtc_iaa                 0041ff38     MSVCRTD:_initsect_.obj
 0003:00002148       ___rtc_izz                 00420148     MSVCRTD:_initsect_.obj
 0003:0000224c       ___rtc_taa                 0042024c     MSVCRTD:_initsect_.obj
 0003:0000245c       ___rtc_tzz                 0042045c     MSVCRTD:_initsect_.obj
 0003:00002b70       __TI2?AVbad_alloc@std@@    00420b70     MSVCRTD:throw_bad_alloc.obj
 0003:00002b84       __CTA2?AVbad_alloc@std@@   00420b84     MSVCRTD:throw_bad_alloc.obj
 0003:00002b94       __CT??_R0?AVbad_alloc@std@@@8??0bad_alloc@std@@QAE@ABV01@@Z12 00420b94     MSVCRTD:throw_bad_alloc.obj
 0003:00002bb4       __CT??_R0?AVexception@std@@@8??0exception@std@@QAE@ABV01@@Z12 00420bb4     MSVCRTD:throw_bad_alloc.obj
 0003:00002bd4       __TI3?AVbad_array_new_length@std@@ 00420bd4     MSVCRTD:throw_bad_alloc.obj
 0003:00002be8       __CTA3?AVbad_array_new_length@std@@ 00420be8     MSVCRTD:throw_bad_alloc.obj
 0003:00002bfc       __CT??_R0?AVbad_array_new_length@std@@@8??0bad_array_new_length@std@@QAE@ABV01@@Z12 00420bfc     MSVCRTD:throw_bad_alloc.obj
 0004:00000000       ___security_cookie_complement 00421000     MSVCRTD:gs_cookie.obj
 0004:00000004       ___security_cookie         00421004     MSVCRTD:gs_cookie.obj
 0004:0000000c       __fltused                  0042100c     MSVCRTD:fltused.obj
 0004:00000010       ?_RTC_ErrorLevels@@3PAHA   00421010     MSVCRTD:_error_.obj
 0004:00000028       ___scrt_native_dllmain_reason 00421028     MSVCRTD:utility.obj
 0004:0000002c       ___scrt_default_matherr    0042102c     MSVCRTD:matherr.obj
 0004:00000030       ___isa_enabled             00421030     MSVCRTD:_cpu_disp_.obj
 0004:00000034       ___scrt_ucrt_dll_is_in_use 00421034     MSVCRTD:ucrt_stubs.obj
 0004:00000140       ??_R0?AU?$CompareFunction@H@BinaryTreeTemplate@@@8 00421140     Main.obj
 0004:00000180       ??_R0?AV?$TBinaryTree@HU?$CompareFunction@H@BinaryTreeTemplate@@@BinaryTreeTemplate@@@8 00421180     Main.obj
 0004:000001ec       ??_R0?AU?$CompareFunction@M@BinaryTreeTemplate@@@8 004211ec     Main.obj
 0004:00000230       ??_R0?AV?$TBinaryTree@MU?$CompareFunction@M@BinaryTreeTemplate@@@BinaryTreeTemplate@@@8 00421230     Main.obj
 0004:0000029c       ??_R0?AVtype_info@@@8      0042129c     MSVCRTD:std_type_info_static.obj
 0004:000002b8       ??_R0?AVbad_alloc@std@@@8  004212b8     MSVCRTD:throw_bad_alloc.obj
 0004:000002dc       ??_R0?AVexception@std@@@8  004212dc     MSVCRTD:throw_bad_alloc.obj
 0004:00000300       ??_R0?AVbad_array_new_length@std@@@8 00421300     MSVCRTD:throw_bad_alloc.obj
 0004:00000438       ?_OptionsStorage@?1??__local_stdio_printf_options@@9@4_KA 00421438     Main.obj
 0004:00000444       ___@@_PchSym_@00@UwveUkilqvxghUehgfwrlkilqvxghUyrmzibgivvkizxgrxvUyrmzibgivvUyrmzibgivvUwvyftUhgwzucOlyq@4B2008FD98C1DD4 00421444     stdafx.obj
 0004:00000818       ___scrt_current_native_startup_state 00421818     MSVCRTD:utility.obj
 0004:0000081c       ___scrt_native_startup_lock 0042181c     MSVCRTD:utility.obj
 0004:00000848       ?__type_info_root_node@@3U__type_info_node@@A 00421848     MSVCRTD:tncleanup.obj
 0004:00000858       ?_OptionsStorage@?1??__local_stdio_scanf_options@@9@4_KA 00421858     MSVCRTD:default_local_stdio_options.obj
 0004:00000864       ___scrt_debugger_hook_flag 00421864     MSVCRTD:utility_desktop.obj
 0004:00000870       ___isa_available           00421870     MSVCRTD:_cpu_disp_.obj
 0004:00000874       ___favor                   00421874     MSVCRTD:_cpu_disp_.obj
 0004:0000087c       ___dyn_tls_dtor_callback   0042187c     <common>
 0004:00000888       ___dyn_tls_init_callback   00421888     <common>
 0004:00000894       ___DebuggerCurrentSteppingThreadId 00421894     <common>
 0005:00000000       __imp__FreeLibrary@4       00422000     kernel32:KERNEL32.dll
 0005:00000004       __imp__UnhandledExceptionFilter@4 00422004     kernel32:KERNEL32.dll
 0005:00000008       __imp__SetUnhandledExceptionFilter@4 00422008     kernel32:KERNEL32.dll
 0005:0000000c       __imp__GetCurrentProcess@0 0042200c     kernel32:KERNEL32.dll
 0005:00000010       __imp__TerminateProcess@8  00422010     kernel32:KERNEL32.dll
 0005:00000014       __imp__IsProcessorFeaturePresent@4 00422014     kernel32:KERNEL32.dll
 0005:00000018       __imp__IsDebuggerPresent@0 00422018     kernel32:KERNEL32.dll
 0005:0000001c       __imp__RaiseException@16   0042201c     kernel32:KERNEL32.dll
 0005:00000020       __imp__MultiByteToWideChar@24 00422020     kernel32:KERNEL32.dll
 0005:00000024       __imp__WideCharToMultiByte@32 00422024     kernel32:KERNEL32.dll
 0005:00000028       __imp__QueryPerformanceCounter@4 00422028     kernel32:KERNEL32.dll
 0005:0000002c       __imp__GetCurrentProcessId@0 0042202c     kernel32:KERNEL32.dll
 0005:00000030       __imp__GetSystemTimeAsFileTime@4 00422030     kernel32:KERNEL32.dll
 0005:00000034       __imp__InitializeSListHead@4 00422034     kernel32:KERNEL32.dll
 0005:00000038       __imp__GetStartupInfoW@4   00422038     kernel32:KERNEL32.dll
 0005:0000003c       __imp__GetModuleHandleW@4  0042203c     kernel32:KERNEL32.dll
 0005:00000040       __imp__GetLastError@0      00422040     kernel32:KERNEL32.dll
 0005:00000044       __imp__HeapAlloc@12        00422044     kernel32:KERNEL32.dll
 0005:00000048       __imp__HeapFree@12         00422048     kernel32:KERNEL32.dll
 0005:0000004c       __imp__GetProcessHeap@0    0042204c     kernel32:KERNEL32.dll
 0005:00000050       __imp__VirtualQuery@12     00422050     kernel32:KERNEL32.dll
 0005:00000054       __imp__GetProcAddress@8    00422054     kernel32:KERNEL32.dll
 0005:00000058       __imp__GetCurrentThreadId@0 00422058     kernel32:KERNEL32.dll
 0005:0000005c       \177KERNEL32_NULL_THUNK_DATA 0042205c     kernel32:KERNEL32.dll
 0005:00000098       __imp_?_Throw_C_error@std@@YAXH@Z 00422098     msvcprtd:MSVCP140D.dll
 0005:0000009c       __imp___Mtx_unlock         0042209c     msvcprtd:MSVCP140D.dll
 0005:000000a0       __imp___Mtx_lock           004220a0     msvcprtd:MSVCP140D.dll
 0005:000000a4       __imp___Mtx_destroy_in_situ 004220a4     msvcprtd:MSVCP140D.dll
 0005:000000a8       __imp___Mtx_init_in_situ   004220a8     msvcprtd:MSVCP140D.dll
 0005:000000ac       __imp_?flush@?$basic_ostream@DU?$char_traits@D@std@@@std@@QAEAAV12@XZ 004220ac     msvcprtd:MSVCP140D.dll
 0005:000000b0       __imp_??6?$basic_ostream@DU?$char_traits@D@std@@@std@@QAEAAV01@M@Z 004220b0     msvcprtd:MSVCP140D.dll
 0005:000000b4       __imp_??6?$basic_ostream@DU?$char_traits@D@std@@@std@@QAEAAV01@H@Z 004220b4     msvcprtd:MSVCP140D.dll
 0005:000000b8       __imp_?_Osfx@?$basic_ostream@DU?$char_traits@D@std@@@std@@QAEXXZ 004220b8     msvcprtd:MSVCP140D.dll
 0005:000000bc       __imp_?fill@?$basic_ios@DU?$char_traits@D@std@@@std@@QBEDXZ 004220bc     msvcprtd:MSVCP140D.dll
 0005:000000c0       __imp_?rdbuf@?$basic_ios@DU?$char_traits@D@std@@@std@@QBEPAV?$basic_streambuf@DU?$char_traits@D@std@@@2@XZ 004220c0     msvcprtd:MSVCP140D.dll
 0005:000000c4       __imp_?tie@?$basic_ios@DU?$char_traits@D@std@@@std@@QBEPAV?$basic_ostream@DU?$char_traits@D@std@@@2@XZ 004220c4     msvcprtd:MSVCP140D.dll
 0005:000000c8       __imp_?setstate@?$basic_ios@DU?$char_traits@D@std@@@std@@QAEXH_N@Z 004220c8     msvcprtd:MSVCP140D.dll
 0005:000000cc       __imp_?sputn@?$basic_streambuf@DU?$char_traits@D@std@@@std@@QAE_JPBD_J@Z 004220cc     msvcprtd:MSVCP140D.dll
 0005:000000d0       __imp_?sputc@?$basic_streambuf@DU?$char_traits@D@std@@@std@@QAEHD@Z 004220d0     msvcprtd:MSVCP140D.dll
 0005:000000d4       __imp_?width@ios_base@std@@QAE_J_J@Z 004220d4     msvcprtd:MSVCP140D.dll
 0005:000000d8       __imp_?width@ios_base@std@@QBE_JXZ 004220d8     msvcprtd:MSVCP140D.dll
 0005:000000dc       __imp_?flags@ios_base@std@@QBEHXZ 004220dc     msvcprtd:MSVCP140D.dll
 0005:000000e0       __imp_?good@ios_base@std@@QBE_NXZ 004220e0     msvcprtd:MSVCP140D.dll
 0005:000000e4       __imp_?cout@std@@3V?$basic_ostream@DU?$char_traits@D@std@@@1@A 004220e4     msvcprtd:MSVCP140D.dll
 0005:000000e8       __imp_?uncaught_exception@std@@YA_NXZ 004220e8     msvcprtd:MSVCP140D.dll
 0005:000000ec       \177MSVCP140D_NULL_THUNK_DATA 004220ec     msvcprtd:MSVCP140D.dll
 0005:00000128       __imp____std_exception_copy 00422128     vcruntimed:VCRUNTIME140D.dll
 0005:0000012c       __imp____std_exception_destroy 0042212c     vcruntimed:VCRUNTIME140D.dll
 0005:00000130       __imp___CxxThrowException@8 00422130     vcruntimed:VCRUNTIME140D.dll
 0005:00000134       __imp____std_type_info_destroy_list 00422134     vcruntimed:VCRUNTIME140D.dll
 0005:00000138       __imp___except_handler4_common 00422138     vcruntimed:VCRUNTIME140D.dll
 0005:0000013c       __imp____vcrt_GetModuleFileNameW 0042213c     vcruntimed:VCRUNTIME140D.dll
 0005:00000140       __imp____vcrt_GetModuleHandleW 00422140     vcruntimed:VCRUNTIME140D.dll
 0005:00000144       __imp____vcrt_LoadLibraryExW 00422144     vcruntimed:VCRUNTIME140D.dll
 0005:00000148       __imp____CxxFrameHandler3  00422148     vcruntimed:VCRUNTIME140D.dll
 0005:0000014c       __imp__memset              0042214c     vcruntimed:VCRUNTIME140D.dll
 0005:00000150       \177VCRUNTIME140D_NULL_THUNK_DATA 00422150     vcruntimed:VCRUNTIME140D.dll
 0005:00000184       __imp___configthreadlocale 00422184     ucrtd:ucrtbased.dll
 0005:00000188       __imp___set_new_mode       00422188     ucrtd:ucrtbased.dll
 0005:0000018c       __imp____p__commode        0042218c     ucrtd:ucrtbased.dll
 0005:00000190       __imp__strcpy_s            00422190     ucrtd:ucrtbased.dll
 0005:00000194       __imp__strcat_s            00422194     ucrtd:ucrtbased.dll
 0005:00000198       __imp____stdio_common_vsprintf_s 00422198     ucrtd:ucrtbased.dll
 0005:0000019c       __imp___free_dbg           0042219c     ucrtd:ucrtbased.dll
 0005:000001a0       __imp___seh_filter_dll     004221a0     ucrtd:ucrtbased.dll
 0005:000001a4       __imp___initialize_onexit_table 004221a4     ucrtd:ucrtbased.dll
 0005:000001a8       __imp___register_onexit_function 004221a8     ucrtd:ucrtbased.dll
 0005:000001ac       __imp___execute_onexit_table 004221ac     ucrtd:ucrtbased.dll
 0005:000001b0       __imp___crt_atexit         004221b0     ucrtd:ucrtbased.dll
 0005:000001b4       __imp___crt_at_quick_exit  004221b4     ucrtd:ucrtbased.dll
 0005:000001b8       __imp___controlfp_s        004221b8     ucrtd:ucrtbased.dll
 0005:000001bc       __imp___c_exit             004221bc     ucrtd:ucrtbased.dll
 0005:000001c0       __imp___wmakepath_s        004221c0     ucrtd:ucrtbased.dll
 0005:000001c4       __imp___wsplitpath_s       004221c4     ucrtd:ucrtbased.dll
 0005:000001c8       __imp__wcscpy_s            004221c8     ucrtd:ucrtbased.dll
 0005:000001cc       __imp___cexit              004221cc     ucrtd:ucrtbased.dll
 0005:000001d0       __imp____setusermatherr    004221d0     ucrtd:ucrtbased.dll
 0005:000001d4       __imp___set_app_type       004221d4     ucrtd:ucrtbased.dll
 0005:000001d8       __imp___seh_filter_exe     004221d8     ucrtd:ucrtbased.dll
 0005:000001dc       __imp___callnewh           004221dc     ucrtd:ucrtbased.dll
 0005:000001e0       __imp___CrtDbgReportW      004221e0     ucrtd:ucrtbased.dll
 0005:000001e4       __imp___CrtDbgReport       004221e4     ucrtd:ucrtbased.dll
 0005:000001e8       __imp__strlen              004221e8     ucrtd:ucrtbased.dll
 0005:000001ec       __imp___wassert            004221ec     ucrtd:ucrtbased.dll
 0005:000001f0       __imp____stdio_common_vfprintf 004221f0     ucrtd:ucrtbased.dll
 0005:000001f4       __imp____acrt_iob_func     004221f4     ucrtd:ucrtbased.dll
 0005:000001f8       __imp__malloc              004221f8     ucrtd:ucrtbased.dll
 0005:000001fc       __imp___register_thread_local_exe_atexit_callback 004221fc     ucrtd:ucrtbased.dll
 0005:00000200       __imp____p___argv          00422200     ucrtd:ucrtbased.dll
 0005:00000204       __imp____p___argc          00422204     ucrtd:ucrtbased.dll
 0005:00000208       __imp___set_fmode          00422208     ucrtd:ucrtbased.dll
 0005:0000020c       __imp___configure_narrow_argv 0042220c     ucrtd:ucrtbased.dll
 0005:00000210       __imp__exit                00422210     ucrtd:ucrtbased.dll
 0005:00000214       __imp___initterm_e         00422214     ucrtd:ucrtbased.dll
 0005:00000218       __imp___initterm           00422218     ucrtd:ucrtbased.dll
 0005:0000021c       __imp___get_initial_narrow_environment 0042221c     ucrtd:ucrtbased.dll
 0005:00000220       __imp__terminate           00422220     ucrtd:ucrtbased.dll
 0005:00000224       __imp___initialize_narrow_environment 00422224     ucrtd:ucrtbased.dll
 0005:00000228       __imp___exit               00422228     ucrtd:ucrtbased.dll
 0005:0000022c       \177ucrtbased_NULL_THUNK_DATA 0042222c     ucrtd:ucrtbased.dll
 0005:00000278       __IMPORT_DESCRIPTOR_MSVCP140D 00422278     msvcprtd:MSVCP140D.dll
 0005:0000028c       __IMPORT_DESCRIPTOR_VCRUNTIME140D 0042228c     vcruntimed:VCRUNTIME140D.dll
 0005:000002a0       __IMPORT_DESCRIPTOR_ucrtbased 004222a0     ucrtd:ucrtbased.dll
 0005:000002b4       __IMPORT_DESCRIPTOR_KERNEL32 004222b4     kernel32:KERNEL32.dll
 0005:000002c8       __NULL_IMPORT_DESCRIPTOR   004222c8     msvcprtd:MSVCP140D.dll
 0007:00000000       ___guard_check_icall_fptr  00425000     MSVCRTD:guard_support.obj

 entry point at        0002:000005a5

 Static symbols

 0000:fffd8000       .debug$S                   00400000     msvcprtd:MSVCP140D.dll
 0000:fffdc000       __guard_fids__             00400000     MSVCRTD:exe_main.obj
 0000:fffd8000       .debug$S                   00400000     kernel32:KERNEL32.dll
 0000:fffd8000       .debug$S                   00400000     kernel32:KERNEL32.dll
 0000:fffd8000       .debug$S                   00400000     kernel32:KERNEL32.dll
 0000:fffd8000       .debug$S                   00400000     kernel32:KERNEL32.dll
 0000:fffd8000       .debug$S                   00400000     kernel32:KERNEL32.dll
 0000:fffd8000       .debug$S                   00400000     kernel32:KERNEL32.dll
 0000:fffd8000       .debug$S                   00400000     kernel32:KERNEL32.dll
 0000:fffd8000       .debug$S                   00400000     kernel32:KERNEL32.dll
 0000:fffd8000       .debug$S                   00400000     kernel32:KERNEL32.dll
 0000:fffd8000       .debug$S                   00400000     kernel32:KERNEL32.dll
 0000:fffd8000       .debug$S                   00400000     kernel32:KERNEL32.dll
 0000:fffd8000       .debug$S                   00400000     kernel32:KERNEL32.dll
 0000:fffd8000       .debug$S                   00400000     kernel32:KERNEL32.dll
 0000:fffd8000       .debug$S                   00400000     kernel32:KERNEL32.dll
 0000:fffd8000       .debug$S                   00400000     kernel32:KERNEL32.dll
 0000:fffd8000       .debug$S                   00400000     kernel32:KERNEL32.dll
 0000:fffd8000       .debug$S                   00400000     kernel32:KERNEL32.dll
 0000:fffd8000       .debug$S                   00400000     kernel32:KERNEL32.dll
 0000:fffd8000       .debug$S                   00400000     kernel32:KERNEL32.dll
 0000:fffd8000       .debug$S                   00400000     kernel32:KERNEL32.dll
 0000:fffd8000       .debug$S                   00400000     kernel32:KERNEL32.dll
 0000:fffd8000       .debug$S                   00400000     kernel32:KERNEL32.dll
 0000:fffd8000       .debug$S                   00400000     kernel32:KERNEL32.dll
 0000:fffdc000       __guard_fids__             00400000     MSVCRTD:std_type_info_static.obj
 0000:fffd8000       .debug$S                   00400000     ucrtd:ucrtbased.dll
 0000:fffd8000       .debug$S                   00400000     ucrtd:ucrtbased.dll
 0000:fffd8000       .debug$S                   00400000     ucrtd:ucrtbased.dll
 0000:fffd8000       .debug$S                   00400000     ucrtd:ucrtbased.dll
 0000:fffd8000       .debug$S                   00400000     ucrtd:ucrtbased.dll
 0000:fffd8000       .debug$S                   00400000     ucrtd:ucrtbased.dll
 0000:fffd8000       .debug$S                   00400000     ucrtd:ucrtbased.dll
 0000:fffd8000       .debug$S                   00400000     ucrtd:ucrtbased.dll
 0000:fffd8000       .debug$S                   00400000     ucrtd:ucrtbased.dll
 0000:fffd8000       .debug$S                   00400000     ucrtd:ucrtbased.dll
 0000:fffd8000       .debug$S                   00400000     ucrtd:ucrtbased.dll
 0000:fffd8000       .debug$S                   00400000     ucrtd:ucrtbased.dll
 0000:fffd8000       .debug$S                   00400000     ucrtd:ucrtbased.dll
 0000:fffd8000       .debug$S                   00400000     ucrtd:ucrtbased.dll
 0000:fffd8000       .debug$S                   00400000     ucrtd:ucrtbased.dll
 0000:fffd8000       .debug$S                   00400000     ucrtd:ucrtbased.dll
 0000:fffd8000       .debug$S                   00400000     ucrtd:ucrtbased.dll
 0000:fffd8000       .debug$S                   00400000     ucrtd:ucrtbased.dll
 0000:fffd8000       .debug$S                   00400000     ucrtd:ucrtbased.dll
 0000:fffd8000       .debug$S                   00400000     ucrtd:ucrtbased.dll
 0000:fffd8000       .debug$S                   00400000     ucrtd:ucrtbased.dll
 0000:fffd8000       .debug$S                   00400000     ucrtd:ucrtbased.dll
 0000:fffd8000       .debug$S                   00400000     ucrtd:ucrtbased.dll
 0000:fffd8000       .debug$S                   00400000     ucrtd:ucrtbased.dll
 0000:fffd8000       .debug$S                   00400000     ucrtd:ucrtbased.dll
 0000:fffd8000       .debug$S                   00400000     ucrtd:ucrtbased.dll
 0000:fffd8000       .debug$S                   00400000     ucrtd:ucrtbased.dll
 0000:fffd8000       .debug$S                   00400000     ucrtd:ucrtbased.dll
 0000:fffd8000       .debug$S                   00400000     ucrtd:ucrtbased.dll
 0000:fffd8000       .debug$S                   00400000     ucrtd:ucrtbased.dll
 0000:fffd8000       .debug$S                   00400000     ucrtd:ucrtbased.dll
 0000:fffd8000       .debug$S                   00400000     ucrtd:ucrtbased.dll
 0000:fffd8000       .debug$S                   00400000     ucrtd:ucrtbased.dll
 0000:fffd8000       .debug$S                   00400000     ucrtd:ucrtbased.dll
 0000:fffd8000       .debug$S                   00400000     ucrtd:ucrtbased.dll
 0000:fffd8000       .debug$S                   00400000     ucrtd:ucrtbased.dll
 0000:fffd8000       .debug$S                   00400000     ucrtd:ucrtbased.dll
 0000:fffd8000       .debug$S                   00400000     ucrtd:ucrtbased.dll
 0000:fffd8000       .debug$S                   00400000     ucrtd:ucrtbased.dll
 0000:fffd8000       .debug$S                   00400000     ucrtd:ucrtbased.dll
 0000:fffd8000       .debug$S                   00400000     ucrtd:ucrtbased.dll
 0000:fffd8000       .debug$S                   00400000     ucrtd:ucrtbased.dll
 0000:fffdc000       __guard_fids___CRT_RTC_INITW 00400000     MSVCRTD:_init_.obj
 0000:fffd8000       .debug$S                   00400000     vcruntimed:VCRUNTIME140D.dll
 0000:fffd8000       .debug$S                   00400000     vcruntimed:VCRUNTIME140D.dll
 0000:fffd8000       .debug$S                   00400000     vcruntimed:VCRUNTIME140D.dll
 0000:fffd8000       .debug$S                   00400000     vcruntimed:VCRUNTIME140D.dll
 0000:fffd8000       .debug$S                   00400000     vcruntimed:VCRUNTIME140D.dll
 0000:fffd8000       .debug$S                   00400000     vcruntimed:VCRUNTIME140D.dll
 0000:fffd8000       .debug$S                   00400000     vcruntimed:VCRUNTIME140D.dll
 0000:fffd8000       .debug$S                   00400000     vcruntimed:VCRUNTIME140D.dll
 0000:fffd8000       .debug$S                   00400000     vcruntimed:VCRUNTIME140D.dll
 0000:fffd8000       .debug$S                   00400000     vcruntimed:VCRUNTIME140D.dll
 0000:fffdc000       __guard_fids_?pre_c_initialization@@YAHXZ 00400000     MSVCRTD:exe_main.obj
 0000:fffdc000       __guard_fids___CRT_RTC_INIT 00400000     MSVCRTD:_init_.obj
 0000:fffd8000       .debug$S                   00400000     msvcprtd:MSVCP140D.dll
 0000:fffd8000       .debug$S                   00400000     msvcprtd:MSVCP140D.dll
 0000:fffd8000       .debug$S                   00400000     msvcprtd:MSVCP140D.dll
 0000:fffd8000       .debug$S                   00400000     msvcprtd:MSVCP140D.dll
 0000:fffd8000       .debug$S                   00400000     msvcprtd:MSVCP140D.dll
 0000:fffd8000       .debug$S                   00400000     msvcprtd:MSVCP140D.dll
 0000:fffd8000       .debug$S                   00400000     msvcprtd:MSVCP140D.dll
 0000:fffd8000       .debug$S                   00400000     msvcprtd:MSVCP140D.dll
 0000:fffdc000       __guard_fids___guard_icall_checks_enforced 00400000     MSVCRTD:guard_support.obj
 0000:fffdc000       __guard_fids__             00400000     MSVCRTD:guard_support.obj
 0000:fffdc000       __guard_fids___except_handler4 00400000     MSVCRTD:_chandler4gs_.obj
 0000:fffdc000       __guard_fids____scrt_set_unhandled_exception_filter 00400000     MSVCRTD:utility_desktop.obj
 0000:fffd8000       .debug$S                   00400000     msvcprtd:MSVCP140D.dll
 0000:fffd8000       .debug$S                   00400000     msvcprtd:MSVCP140D.dll
 0000:fffd8000       .debug$S                   00400000     msvcprtd:MSVCP140D.dll
 0000:fffd8000       .debug$S                   00400000     msvcprtd:MSVCP140D.dll
 0000:fffd8000       .debug$S                   00400000     msvcprtd:MSVCP140D.dll
 0000:fffd8000       .debug$S                   00400000     msvcprtd:MSVCP140D.dll
 0000:fffd8000       .debug$S                   00400000     msvcprtd:MSVCP140D.dll
 0000:fffd8000       .debug$S                   00400000     msvcprtd:MSVCP140D.dll
 0000:fffdc000       __guard_fids__             00400000     MSVCRTD:throw_bad_alloc.obj
 0000:fffdc000       __guard_fids__             00400000     MSVCRTD:throw_bad_alloc.obj
 0000:fffdc000       __guard_fids__             00400000     MSVCRTD:throw_bad_alloc.obj
 0000:fffdc000       __guard_fids__             00400000     MSVCRTD:throw_bad_alloc.obj
 0000:fffdc000       __guard_fids__             00400000     MSVCRTD:throw_bad_alloc.obj
 0000:fffdc000       __guard_fids__             00400000     MSVCRTD:throw_bad_alloc.obj
 0000:fffdc000       __guard_fids__             00400000     MSVCRTD:throw_bad_alloc.obj
 0000:fffdc000       __guard_fids__             00400000     MSVCRTD:throw_bad_alloc.obj
 0000:fffd8000       .debug$S                   00400000     msvcprtd:MSVCP140D.dll
 0000:fffd8000       .debug$S                   00400000     msvcprtd:MSVCP140D.dll
 0000:fffd8000       .debug$S                   00400000     msvcprtd:MSVCP140D.dll
 0000:fffd8000       .debug$S                   00400000     msvcprtd:MSVCP140D.dll
 0000:fffdc004       __guard_fids__             00400004     MSVCRTD:exe_main.obj
 0000:fffdc008       __guard_fids__             00400008     MSVCRTD:exe_main.obj
 0002:00001554       __catch$??$?6U?$char_traits@D@std@@@std@@YAAAV?$basic_ostream@DU?$char_traits@D@std@@@0@AAV10@PBD@Z$0 00412554 f i Main.obj
 0002:00001604       $LN32                      00412604     Main.obj
 0002:0000160c       $LN31                      0041260c     Main.obj
 0002:00001618       $LN29                      00412618     Main.obj
 0002:000028d0       $LN8                       004138d0     Main.obj
 0002:000028d8       $LN7                       004138d8     Main.obj
 0002:000028e4       $LN5                       004138e4     Main.obj
 0002:00002a50       $LN8                       00413a50     Main.obj
 0002:00002a58       $LN7                       00413a58     Main.obj
 0002:00002a64       $LN5                       00413a64     Main.obj
 0002:00002db8       $LN7                       00413db8     Main.obj
 0002:00002dc0       $LN6                       00413dc0     Main.obj
 0002:00002dcc       $LN4                       00413dcc     Main.obj
 0002:00002ee8       $LN7                       00413ee8     Main.obj
 0002:00002ef0       $LN6                       00413ef0     Main.obj
 0002:00002efc       $LN4                       00413efc     Main.obj
 0002:00003260       $LN8                       00414260     Main.obj
 0002:00003268       $LN7                       00414268     Main.obj
 0002:00003274       $LN5                       00414274     Main.obj
 0002:000033c0       $LN8                       004143c0     Main.obj
 0002:000033c8       $LN7                       004143c8     Main.obj
 0002:000033d4       $LN5                       004143d4     Main.obj
 0002:00003594       $LN11                      00414594     Main.obj
 0002:0000359c       $LN10                      0041459c     Main.obj
 0002:000035a8       $LN8                       004145a8     Main.obj
 0002:00003784       $LN11                      00414784     Main.obj
 0002:0000378c       $LN10                      0041478c     Main.obj
 0002:00003798       $LN8                       00414798     Main.obj
 0002:000044bc       $LN14                      004154bc     Main.obj
 0002:000044c4       $LN13                      004154c4     Main.obj
 0002:000044d0       $LN11                      004154d0     Main.obj
 0002:000046ec       $LN14                      004156ec     Main.obj
 0002:000046f4       $LN13                      004156f4     Main.obj
 0002:00004700       $LN11                      00415700     Main.obj
 0002:00004c40       $LN12                      00415c40     Main.obj
 0002:00004c48       $LN11                      00415c48     Main.obj
 0002:00004c54       $LN9                       00415c54     Main.obj
 0002:000050bc       $LN9                       004160bc     Main.obj
 0002:000050c4       $LN8                       004160c4     Main.obj
 0002:000050dc       $LN6                       004160dc     Main.obj
 0002:000050e3       $LN5                       004160e3     Main.obj
 0002:00005f70       ?pre_c_initialization@@YAHXZ 00416f70 f   MSVCRTD:exe_main.obj
 0002:00006050       ?post_pgo_initialization@@YAHXZ 00417050 f   MSVCRTD:exe_main.obj
 0002:00006060       ?pre_cpp_initialization@@YAXXZ 00417060 f   MSVCRTD:exe_main.obj
 0002:00006080       ?__scrt_common_main@@YAHXZ 00417080 f   MSVCRTD:exe_main.obj
 0002:000060a0       ?__scrt_common_main_seh@@YAHXZ 004170a0 f   MSVCRTD:exe_main.obj
 0002:00006370       ?invoke_main@@YAHXZ        00417370 f   MSVCRTD:exe_main.obj
 0002:00006830       ?DebuggerProbe@@YA_NK@Z    00417830 f   MSVCRTD:_error_.obj
 0002:00006880       ?DebuggerRuntime@@YA_NKHPAXPB_W@Z 00417880 f   MSVCRTD:_error_.obj
 0002:00006b50       ?_getMemBlockDataString@@YAXPAD0PBDI@Z 00417b50 f   MSVCRTD:_error_.obj
 0002:00006be0       ?_strlen_priv@@YAIPBD@Z    00417be0 f   MSVCRTD:_error_.obj
 0002:00006c00       ?failwithmessage@@YAXPAXHHPBD@Z 00417c00 f   MSVCRTD:_error_.obj
 0002:00006e80       ?notify_debugger@@YAXABUtagEXCEPTION_VISUALCPP_DEBUG_INFO@@@Z 00417e80 f   MSVCRTD:_error_.obj
 0002:00007540       ?find_pe_section@@YAPAU_IMAGE_SECTION_HEADER@@QAEI@Z 00418540 f   MSVCRTD:utility.obj
 0002:000075f0       ?is_potentially_valid_image_base@@YA_NQAX@Z 004185f0 f   MSVCRTD:utility.obj
 0002:00007d30       ___get_entropy             00418d30 f   MSVCRTD:gs_support.obj
 0002:000084d0       ?GetPdbDll@@YAPAUHINSTANCE__@@XZ 004194d0 f   MSVCRTD:_pdblkup_.obj
 0002:00008660       ?GetPdbDllFromInstallPath@@YAPAUHINSTANCE__@@XZ 00419660 f   MSVCRTD:_pdblkup_.obj
 0002:00008950       ?GetPdbDllPathFromFilePath@@YAHPB_WPA_WI@Z 00419950 f   MSVCRTD:_pdblkup_.obj
 0002:0000aac0       __ehhandler$??1BinaryTree@@QAE@XZ 0041bac0 f   BinaryTree.obj
 0002:0000aaf0       __unwindfunclet$??$?6U?$char_traits@D@std@@@std@@YAAAV?$basic_ostream@DU?$char_traits@D@std@@@0@AAV10@PBD@Z$2 0041baf0 f   Main.obj
 0002:0000aaf8       __ehhandler$??$?6U?$char_traits@D@std@@@std@@YAAAV?$basic_ostream@DU?$char_traits@D@std@@@0@AAV10@PBD@Z 0041baf8 f   Main.obj
 0002:0000ab30       __ehhandler$??0_Mutex_base@std@@QAE@H@Z 0041bb30 f   Main.obj
 0002:0000ab60       __ehhandler$??0mutex@std@@QAE@XZ 0041bb60 f   Main.obj
 0002:0000ab90       __unwindfunclet$??0sentry@?$basic_ostream@DU?$char_traits@D@std@@@std@@QAE@AAV12@@Z$0 0041bb90 f   Main.obj
 0002:0000ab98       __ehhandler$??0sentry@?$basic_ostream@DU?$char_traits@D@std@@@std@@QAE@AAV12@@Z 0041bb98 f   Main.obj
 0002:0000abc0       __ehhandler$??1?$TBinaryTree@HU?$CompareFunction@H@BinaryTreeTemplate@@@BinaryTreeTemplate@@UAE@XZ 0041bbc0 f   Main.obj
 0002:0000abf0       __ehhandler$??1?$TBinaryTree@MU?$CompareFunction@M@BinaryTreeTemplate@@@BinaryTreeTemplate@@UAE@XZ 0041bbf0 f   Main.obj
 0002:0000ac20       __ehhandler$??1?$TNode@H@BinaryTreeTemplate@@QAE@XZ 0041bc20 f   Main.obj
 0002:0000ac50       __ehhandler$??1?$TNode@M@BinaryTreeTemplate@@QAE@XZ 0041bc50 f   Main.obj
 0002:0000ac80       __ehhandler$??1?$lock_guard@Vmutex@std@@@std@@QAE@XZ 0041bc80 f   Main.obj
 0002:0000acb0       __ehhandler$??1_Mutex_base@std@@QAE@XZ 0041bcb0 f   Main.obj
 0002:0000ace0       __ehhandler$??1_Sentry_base@?$basic_ostream@DU?$char_traits@D@std@@@std@@QAE@XZ 0041bce0 f   Main.obj
 0002:0000ad10       __ehhandler$??1sentry@?$basic_ostream@DU?$char_traits@D@std@@@std@@QAE@XZ 0041bd10 f   Main.obj
 0002:0000ad40       __unwindfunclet$?AddNode@?$TBinaryTree@HU?$CompareFunction@H@BinaryTreeTemplate@@@BinaryTreeTemplate@@EAE_NPAV?$TNode@H@2@@Z$0 0041bd40 f   Main.obj
 0002:0000ad48       __ehhandler$?AddNode@?$TBinaryTree@HU?$CompareFunction@H@BinaryTreeTemplate@@@BinaryTreeTemplate@@EAE_NPAV?$TNode@H@2@@Z 0041bd48 f   Main.obj
 0002:0000ad80       __unwindfunclet$?AddNode@?$TBinaryTree@MU?$CompareFunction@M@BinaryTreeTemplate@@@BinaryTreeTemplate@@EAE_NPAV?$TNode@M@2@@Z$0 0041bd80 f   Main.obj
 0002:0000ad88       __ehhandler$?AddNode@?$TBinaryTree@MU?$CompareFunction@M@BinaryTreeTemplate@@@BinaryTreeTemplate@@EAE_NPAV?$TNode@M@2@@Z 0041bd88 f   Main.obj
 0002:0000adc0       __unwindfunclet$?ClearTree@?$TBinaryTree@HU?$CompareFunction@H@BinaryTreeTemplate@@@BinaryTreeTemplate@@UAE_NXZ$0 0041bdc0 f   Main.obj
 0002:0000adc8       __ehhandler$?ClearTree@?$TBinaryTree@HU?$CompareFunction@H@BinaryTreeTemplate@@@BinaryTreeTemplate@@UAE_NXZ 0041bdc8 f   Main.obj
 0002:0000ae00       __unwindfunclet$?ClearTree@?$TBinaryTree@MU?$CompareFunction@M@BinaryTreeTemplate@@@BinaryTreeTemplate@@UAE_NXZ$0 0041be00 f   Main.obj
 0002:0000ae08       __ehhandler$?ClearTree@?$TBinaryTree@MU?$CompareFunction@M@BinaryTreeTemplate@@@BinaryTreeTemplate@@UAE_NXZ 0041be08 f   Main.obj
 0002:0000ae40       __unwindfunclet$?PrintTree@?$TBinaryTree@HU?$CompareFunction@H@BinaryTreeTemplate@@@BinaryTreeTemplate@@UAE_NXZ$0 0041be40 f   Main.obj
 0002:0000ae48       __ehhandler$?PrintTree@?$TBinaryTree@HU?$CompareFunction@H@BinaryTreeTemplate@@@BinaryTreeTemplate@@UAE_NXZ 0041be48 f   Main.obj
 0002:0000ae80       __unwindfunclet$?PrintTree@?$TBinaryTree@MU?$CompareFunction@M@BinaryTreeTemplate@@@BinaryTreeTemplate@@UAE_NXZ$0 0041be80 f   Main.obj
 0002:0000ae88       __ehhandler$?PrintTree@?$TBinaryTree@MU?$CompareFunction@M@BinaryTreeTemplate@@@BinaryTreeTemplate@@UAE_NXZ 0041be88 f   Main.obj
 0002:0000aec0       __unwindfunclet$?Put@?$TBinaryTree@HU?$CompareFunction@H@BinaryTreeTemplate@@@BinaryTreeTemplate@@UAE_NABH@Z$0 0041bec0 f   Main.obj
 0002:0000aec8       __unwindfunclet$?Put@?$TBinaryTree@HU?$CompareFunction@H@BinaryTreeTemplate@@@BinaryTreeTemplate@@UAE_NABH@Z$1 0041bec8 f   Main.obj
 0002:0000aeda       __ehhandler$?Put@?$TBinaryTree@HU?$CompareFunction@H@BinaryTreeTemplate@@@BinaryTreeTemplate@@UAE_NABH@Z 0041beda f   Main.obj
 0002:0000af20       __unwindfunclet$?Put@?$TBinaryTree@MU?$CompareFunction@M@BinaryTreeTemplate@@@BinaryTreeTemplate@@UAE_NABM@Z$0 0041bf20 f   Main.obj
 0002:0000af28       __unwindfunclet$?Put@?$TBinaryTree@MU?$CompareFunction@M@BinaryTreeTemplate@@@BinaryTreeTemplate@@UAE_NABM@Z$1 0041bf28 f   Main.obj
 0002:0000af3a       __ehhandler$?Put@?$TBinaryTree@MU?$CompareFunction@M@BinaryTreeTemplate@@@BinaryTreeTemplate@@UAE_NABM@Z 0041bf3a f   Main.obj
 0002:0000af80       __unwindfunclet$?Remove@?$TBinaryTree@HU?$CompareFunction@H@BinaryTreeTemplate@@@BinaryTreeTemplate@@UAE_NABH@Z$0 0041bf80 f   Main.obj
 0002:0000af88       __unwindfunclet$?Remove@?$TBinaryTree@HU?$CompareFunction@H@BinaryTreeTemplate@@@BinaryTreeTemplate@@UAE_NABH@Z$1 0041bf88 f   Main.obj
 0002:0000af9a       __ehhandler$?Remove@?$TBinaryTree@HU?$CompareFunction@H@BinaryTreeTemplate@@@BinaryTreeTemplate@@UAE_NABH@Z 0041bf9a f   Main.obj
 0002:0000afe0       __unwindfunclet$?Remove@?$TBinaryTree@MU?$CompareFunction@M@BinaryTreeTemplate@@@BinaryTreeTemplate@@UAE_NABM@Z$0 0041bfe0 f   Main.obj
 0002:0000afe8       __unwindfunclet$?Remove@?$TBinaryTree@MU?$CompareFunction@M@BinaryTreeTemplate@@@BinaryTreeTemplate@@UAE_NABM@Z$1 0041bfe8 f   Main.obj
 0002:0000affa       __ehhandler$?Remove@?$TBinaryTree@MU?$CompareFunction@M@BinaryTreeTemplate@@@BinaryTreeTemplate@@UAE_NABM@Z 0041bffa f   Main.obj
 0002:0000b040       __unwindfunclet$?Search@?$TBinaryTree@HU?$CompareFunction@H@BinaryTreeTemplate@@@BinaryTreeTemplate@@UAE_NABH@Z$0 0041c040 f   Main.obj
 0002:0000b052       __ehhandler$?Search@?$TBinaryTree@HU?$CompareFunction@H@BinaryTreeTemplate@@@BinaryTreeTemplate@@UAE_NABH@Z 0041c052 f   Main.obj
 0002:0000b080       __unwindfunclet$?Search@?$TBinaryTree@MU?$CompareFunction@M@BinaryTreeTemplate@@@BinaryTreeTemplate@@UAE_NABM@Z$0 0041c080 f   Main.obj
 0002:0000b092       __ehhandler$?Search@?$TBinaryTree@MU?$CompareFunction@M@BinaryTreeTemplate@@@BinaryTreeTemplate@@UAE_NABM@Z 0041c092 f   Main.obj
 0002:0000b0c0       __unwindfunclet$?StandardBinaryTreePractice@@YAXXZ$0 0041c0c0 f   Main.obj
 0002:0000b0d2       __ehhandler$?StandardBinaryTreePractice@@YAXXZ 0041c0d2 f   Main.obj
 0002:0000b110       __unwindfunclet$?TemplateBinaryTreePractice@@YAXXZ$0 0041c110 f   Main.obj
 0002:0000b118       __unwindfunclet$?TemplateBinaryTreePractice@@YAXXZ$1 0041c118 f   Main.obj
 0002:0000b123       __ehhandler$?TemplateBinaryTreePractice@@YAXXZ 0041c123 f   Main.obj
 0002:0000b160       __ehhandler$?_Mymtx@_Mutex_base@std@@AAEPAU_Mtx_internal_imp_t@@XZ 0041c160 f   Main.obj
 0002:0000b190       __ehhandler$?eof@?$char_traits@D@std@@SAHXZ 0041c190 f   Main.obj
 0002:0000b1c0       __ehhandler$?eq_int_type@?$char_traits@D@std@@SA_NABH0@Z 0041c1c0 f   Main.obj
 0002:0000b1f0       __ehhandler$?length@?$char_traits@D@std@@SAIQBD@Z 0041c1f0 f   Main.obj
 0003:00000104       ?pre_cpp_initializer@@3P6AXXZA 0041e104     MSVCRTD:exe_main.obj
 0003:00000410       ?pre_c_initializer@@3P6AHXZA 0041e410     MSVCRTD:exe_main.obj
 0003:00000514       ?post_pgo_initializer@@3P6AHXZA 0041e514     MSVCRTD:exe_main.obj
 0003:00000d4c       _GS_ExceptionPointers      0041ed4c     MSVCRTD:gs_report.obj
 0003:00000d58       ?_RTC_ErrorMessages@@3QBQBDB 0041ed58     MSVCRTD:_error_.obj
 0003:00000d70       ?_RTC_NoFalsePositives@@3QBHB 0041ed70     MSVCRTD:_error_.obj
 0003:00000d88       ?stack_premsg@@3QBDB       0041ed88     MSVCRTD:_error_.obj
 0003:00000da4       ?stack_postmsg@@3QBDB      0041eda4     MSVCRTD:_error_.obj
 0003:00000db8       ?uninit_premsg@@3QBDB      0041edb8     MSVCRTD:_error_.obj
 0003:00000dc8       ?uninit_postmsg@@3QBDB     0041edc8     MSVCRTD:_error_.obj
 0003:00001410       ?_RTC_errlist@@3QBQBDB     0041f410     MSVCRTD:_userapi_.obj
 0003:0000156c       ?mspdbName@@3QB_WB         0041f56c     MSVCRTD:_pdblkup_.obj
 0003:00001590       ?debugCrtFileName@@3QB_WB  0041f590     MSVCRTD:_pdblkup_.obj
 0003:00001720       ?dllExt@?1??GetPdbDllPathFromFilePath@@YAHPB_WPA_WI@Z@4QB_WB 0041f720     MSVCRTD:_pdblkup_.obj
 0003:0000172c       ?mspdbFilename@?1??GetPdbDllPathFromFilePath@@YAHPB_WPA_WI@Z@4QB_WB 0041f72c     MSVCRTD:_pdblkup_.obj
 0003:0000203c       __RTC_InitBase.rtc$IMZ     0042003c     BinaryTree.obj
 0003:00002040       __RTC_InitBase.rtc$IMZ     00420040     Main.obj
 0003:00002350       __RTC_Shutdown.rtc$TMZ     00420350     BinaryTree.obj
 0003:00002354       __RTC_Shutdown.rtc$TMZ     00420354     Main.obj
 0003:00002560       __ehfuncinfo$??1BinaryTree@@QAE@XZ 00420560     BinaryTree.obj
 0003:00002588       __ehfuncinfo$?length@?$char_traits@D@std@@SAIQBD@Z 00420588     Main.obj
 0003:000025b0       __ehfuncinfo$?eq_int_type@?$char_traits@D@std@@SA_NABH0@Z 004205b0     Main.obj
 0003:000025d8       __ehfuncinfo$?eof@?$char_traits@D@std@@SAHXZ 004205d8     Main.obj
 0003:00002600       __ehfuncinfo$??0_Mutex_base@std@@QAE@H@Z 00420600     Main.obj
 0003:00002628       __ehfuncinfo$??1_Mutex_base@std@@QAE@XZ 00420628     Main.obj
 0003:00002650       __ehfuncinfo$?_Mymtx@_Mutex_base@std@@AAEPAU_Mtx_internal_imp_t@@XZ 00420650     Main.obj
 0003:00002678       __ehfuncinfo$??0mutex@std@@QAE@XZ 00420678     Main.obj
 0003:000026a0       __ehfuncinfo$??1?$lock_guard@Vmutex@std@@@std@@QAE@XZ 004206a0     Main.obj
 0003:000026c8       __unwindtable$?StandardBinaryTreePractice@@YAXXZ 004206c8     Main.obj
 0003:000026d0       __ehfuncinfo$?StandardBinaryTreePractice@@YAXXZ 004206d0     Main.obj
 0003:000026f8       __unwindtable$?TemplateBinaryTreePractice@@YAXXZ 004206f8     Main.obj
 0003:00002708       __ehfuncinfo$?TemplateBinaryTreePractice@@YAXXZ 00420708     Main.obj
 0003:00002734       __unwindtable$?AddNode@?$TBinaryTree@HU?$CompareFunction@H@BinaryTreeTemplate@@@BinaryTreeTemplate@@EAE_NPAV?$TNode@H@2@@Z 00420734     Main.obj
 0003:0000273c       __ehfuncinfo$?AddNode@?$TBinaryTree@HU?$CompareFunction@H@BinaryTreeTemplate@@@BinaryTreeTemplate@@EAE_NPAV?$TNode@H@2@@Z 0042073c     Main.obj
 0003:00002764       __ehfuncinfo$??1?$TBinaryTree@HU?$CompareFunction@H@BinaryTreeTemplate@@@BinaryTreeTemplate@@UAE@XZ 00420764     Main.obj
 0003:0000278c       __unwindtable$?Put@?$TBinaryTree@HU?$CompareFunction@H@BinaryTreeTemplate@@@BinaryTreeTemplate@@UAE_NABH@Z 0042078c     Main.obj
 0003:0000279c       __ehfuncinfo$?Put@?$TBinaryTree@HU?$CompareFunction@H@BinaryTreeTemplate@@@BinaryTreeTemplate@@UAE_NABH@Z 0042079c     Main.obj
 0003:000027c8       __unwindtable$?Remove@?$TBinaryTree@HU?$CompareFunction@H@BinaryTreeTemplate@@@BinaryTreeTemplate@@UAE_NABH@Z 004207c8     Main.obj
 0003:000027d8       __ehfuncinfo$?Remove@?$TBinaryTree@HU?$CompareFunction@H@BinaryTreeTemplate@@@BinaryTreeTemplate@@UAE_NABH@Z 004207d8     Main.obj
 0003:00002804       __unwindtable$?Search@?$TBinaryTree@HU?$CompareFunction@H@BinaryTreeTemplate@@@BinaryTreeTemplate@@UAE_NABH@Z 00420804     Main.obj
 0003:0000280c       __ehfuncinfo$?Search@?$TBinaryTree@HU?$CompareFunction@H@BinaryTreeTemplate@@@BinaryTreeTemplate@@UAE_NABH@Z 0042080c     Main.obj
 0003:00002834       __unwindtable$?ClearTree@?$TBinaryTree@HU?$CompareFunction@H@BinaryTreeTemplate@@@BinaryTreeTemplate@@UAE_NXZ 00420834     Main.obj
 0003:0000283c       __ehfuncinfo$?ClearTree@?$TBinaryTree@HU?$CompareFunction@H@BinaryTreeTemplate@@@BinaryTreeTemplate@@UAE_NXZ 0042083c     Main.obj
 0003:00002864       __unwindtable$?PrintTree@?$TBinaryTree@HU?$CompareFunction@H@BinaryTreeTemplate@@@BinaryTreeTemplate@@UAE_NXZ 00420864     Main.obj
 0003:0000286c       __ehfuncinfo$?PrintTree@?$TBinaryTree@HU?$CompareFunction@H@BinaryTreeTemplate@@@BinaryTreeTemplate@@UAE_NXZ 0042086c     Main.obj
 0003:00002894       __unwindtable$?AddNode@?$TBinaryTree@MU?$CompareFunction@M@BinaryTreeTemplate@@@BinaryTreeTemplate@@EAE_NPAV?$TNode@M@2@@Z 00420894     Main.obj
 0003:0000289c       __ehfuncinfo$?AddNode@?$TBinaryTree@MU?$CompareFunction@M@BinaryTreeTemplate@@@BinaryTreeTemplate@@EAE_NPAV?$TNode@M@2@@Z 0042089c     Main.obj
 0003:000028c4       __ehfuncinfo$??1?$TBinaryTree@MU?$CompareFunction@M@BinaryTreeTemplate@@@BinaryTreeTemplate@@UAE@XZ 004208c4     Main.obj
 0003:000028ec       __unwindtable$?Put@?$TBinaryTree@MU?$CompareFunction@M@BinaryTreeTemplate@@@BinaryTreeTemplate@@UAE_NABM@Z 004208ec     Main.obj
 0003:000028fc       __ehfuncinfo$?Put@?$TBinaryTree@MU?$CompareFunction@M@BinaryTreeTemplate@@@BinaryTreeTemplate@@UAE_NABM@Z 004208fc     Main.obj
 0003:00002928       __unwindtable$?Remove@?$TBinaryTree@MU?$CompareFunction@M@BinaryTreeTemplate@@@BinaryTreeTemplate@@UAE_NABM@Z 00420928     Main.obj
 0003:00002938       __ehfuncinfo$?Remove@?$TBinaryTree@MU?$CompareFunction@M@BinaryTreeTemplate@@@BinaryTreeTemplate@@UAE_NABM@Z 00420938     Main.obj
 0003:00002964       __unwindtable$?Search@?$TBinaryTree@MU?$CompareFunction@M@BinaryTreeTemplate@@@BinaryTreeTemplate@@UAE_NABM@Z 00420964     Main.obj
 0003:0000296c       __ehfuncinfo$?Search@?$TBinaryTree@MU?$CompareFunction@M@BinaryTreeTemplate@@@BinaryTreeTemplate@@UAE_NABM@Z 0042096c     Main.obj
 0003:00002994       __unwindtable$?ClearTree@?$TBinaryTree@MU?$CompareFunction@M@BinaryTreeTemplate@@@BinaryTreeTemplate@@UAE_NXZ 00420994     Main.obj
 0003:0000299c       __ehfuncinfo$?ClearTree@?$TBinaryTree@MU?$CompareFunction@M@BinaryTreeTemplate@@@BinaryTreeTemplate@@UAE_NXZ 0042099c     Main.obj
 0003:000029c4       __unwindtable$?PrintTree@?$TBinaryTree@MU?$CompareFunction@M@BinaryTreeTemplate@@@BinaryTreeTemplate@@UAE_NXZ 004209c4     Main.obj
 0003:000029cc       __ehfuncinfo$?PrintTree@?$TBinaryTree@MU?$CompareFunction@M@BinaryTreeTemplate@@@BinaryTreeTemplate@@UAE_NXZ 004209cc     Main.obj
 0003:000029f4       __ehfuncinfo$??1?$TNode@M@BinaryTreeTemplate@@QAE@XZ 004209f4     Main.obj
 0003:00002a1c       __ehfuncinfo$??1?$TNode@H@BinaryTreeTemplate@@QAE@XZ 00420a1c     Main.obj
 0003:00002a44       __catchsym$??$?6U?$char_traits@D@std@@@std@@YAAAV?$basic_ostream@DU?$char_traits@D@std@@@0@AAV10@PBD@Z$3 00420a44     Main.obj
 0003:00002a54       __tryblocktable$??$?6U?$char_traits@D@std@@@std@@YAAAV?$basic_ostream@DU?$char_traits@D@std@@@0@AAV10@PBD@Z 00420a54     Main.obj
 0003:00002a68       __unwindtable$??$?6U?$char_traits@D@std@@@std@@YAAAV?$basic_ostream@DU?$char_traits@D@std@@@0@AAV10@PBD@Z 00420a68     Main.obj
 0003:00002a80       __ehfuncinfo$??$?6U?$char_traits@D@std@@@std@@YAAAV?$basic_ostream@DU?$char_traits@D@std@@@0@AAV10@PBD@Z 00420a80     Main.obj
 0003:00002ab0       __ehfuncinfo$??1_Sentry_base@?$basic_ostream@DU?$char_traits@D@std@@@std@@QAE@XZ 00420ab0     Main.obj
 0003:00002ad8       __unwindtable$??0sentry@?$basic_ostream@DU?$char_traits@D@std@@@std@@QAE@AAV12@@Z 00420ad8     Main.obj
 0003:00002ae0       __ehfuncinfo$??0sentry@?$basic_ostream@DU?$char_traits@D@std@@@std@@QAE@AAV12@@Z 00420ae0     Main.obj
 0003:00002b08       __ehfuncinfo$??1sentry@?$basic_ostream@DU?$char_traits@D@std@@@std@@QAE@XZ 00420b08     Main.obj
 0003:00002b30       __sehtable$?__scrt_common_main_seh@@YAHXZ 00420b30     MSVCRTD:exe_main.obj
 0003:00002b50       __sehtable$?notify_debugger@@YAXABUtagEXCEPTION_VISUALCPP_DEBUG_INFO@@@Z 00420b50     MSVCRTD:_error_.obj
 0003:00002c20       __sehtable$___scrt_is_nonwritable_in_current_image 00420c20     MSVCRTD:utility.obj
 0004:00000448       ?init@?1??_RTC_InitBase@@9@4_NA 00421448     MSVCRTD:_init_.obj
 0004:00000450       _GS_ExceptionRecord        00421450     MSVCRTD:gs_report.obj
 0004:000004a0       _GS_ContextRecord          004214a0     MSVCRTD:gs_report.obj
 0004:0000080c       ?_RTC_ErrorReportFunc@@3P6AHHPBDH00ZZA 0042180c     MSVCRTD:_userapi_.obj
 0004:00000810       ?_RTC_ErrorReportFuncW@@3P6AHHPB_WH00ZZA 00421810     MSVCRTD:_userapi_.obj
 0004:00000820       ?is_initialized_as_dll@@3_NA 00421820     MSVCRTD:utility.obj
 0004:00000821       ?module_local_atexit_table_initialized@@3_NA 00421821     MSVCRTD:utility.obj
 0004:00000824       ?module_local_atexit_table@@3U_onexit_table_t@@A 00421824     MSVCRTD:utility.obj
 0004:00000830       ?module_local_at_quick_exit_table@@3U_onexit_table_t@@A 00421830     MSVCRTD:utility.obj
 0004:00000868       ?mspdb@@3PAUHINSTANCE__@@A 00421868     MSVCRTD:_pdblkup_.obj
 0004:0000086c       ?alreadyTried@?1??GetPdbDll@@YAPAUHINSTANCE__@@XZ@4_NA 0042186c     MSVCRTD:_pdblkup_.obj
 0004:0000086d       ?PDBOK@?1??_RTC_GetSrcLine@@YAHPAEPA_WKPAH1K@Z@4_NA 0042186d     MSVCRTD:_pdblkup_.obj
 0005:0000095e       .idata$6                   0042295e     msvcprtd:MSVCP140D.dll
 0005:00000a5c       .idata$6                   00422a5c     vcruntimed:VCRUNTIME140D.dll
 0005:00000d56       .idata$6                   00422d56     ucrtd:ucrtbased.dll
 0005:00000f3a       .idata$6                   00422f3a     kernel32:KERNEL32.dll
 0006:00000000       __F5DA006B_stdafx@h        00424000     BinaryTree.obj
 0006:00000001       __C5B81F9F_binarytree@pch  00424001     BinaryTree.obj
 0006:00000002       __6C939DF9_binarytree@h    00424002     BinaryTree.obj
 0006:00000003       __38AF3EB5_binarytree@cpp  00424003     BinaryTree.obj
 0006:00000004       __80164DCD_memory          00424004     BinaryTree.obj
 0006:00000005       __EE59F769_vcruntime_typeinfo@h 00424005     BinaryTree.obj
 0006:00000006       __252C55E8_xatomic0@h      00424006     BinaryTree.obj
 0006:00000007       __911C26AD_xmemory0        00424007     BinaryTree.obj
 0006:00000008       __404FE7FC_xutility        00424008     BinaryTree.obj
 0006:00000009       __F05194C5_iosfwd          00424009     BinaryTree.obj
 0006:0000000a       __78F4D6C6_string@h        0042400a     BinaryTree.obj
 0006:0000000b       __9F081559_corecrt_memory@h 0042400b     BinaryTree.obj
 0006:0000000c       __02751F76_exception       0042400c     BinaryTree.obj
 0006:0000000d       __66FC6D92_vcruntime_exception@h 0042400d     BinaryTree.obj
 0006:0000000e       __6AAA6594_malloc@h        0042400e     BinaryTree.obj
 0006:0000000f       __A890CD55_type_traits     0042400f     BinaryTree.obj
 0006:00000010       __3CB84143_limits          00424010     BinaryTree.obj
 0006:00000011       __4C0A0615_xtgmath@h       00424011     BinaryTree.obj
 0006:00000012       __54E05BE6_cmath           00424012     BinaryTree.obj
 0006:00000013       __25D2DC36_cstdlib         00424013     BinaryTree.obj
 0006:00000014       __EDC08FAA_corecrt_math@h  00424014     BinaryTree.obj
 0006:00000015       __FE874262_stdlib@h        00424015     BinaryTree.obj
 0006:00000016       __0BE25CBD_vcruntime_new@h 00424016     BinaryTree.obj
 0006:0000001b       __F5DA006B_stdafx@h        0042401b     Main.obj
 0006:0000001c       __C5B81F9F_binarytree@pch  0042401c     Main.obj
 0006:0000001d       __E5C0CEAF_xstddef         0042401d     Main.obj
 0006:0000001e       __12DF59BD_utility         0042401e     Main.obj
 0006:0000001f       __899B9D97_streambuf       0042401f     Main.obj
 0006:00000020       __C0B71217_ostream         00424020     Main.obj
 0006:00000021       __A367272D_istream         00424021     Main.obj
 0006:00000022       __0C99BCE2_xstring         00424022     Main.obj
 0006:00000023       __4DA18247_tbinarytree@h   00424023     Main.obj
 0006:00000024       __A3797CDC_stdio@h         00424024     Main.obj
 0006:00000025       __320E01E0_corecrt_stdio_config@h 00424025     Main.obj
 0006:00000026       __EE44C0DB_main@cpp        00424026     Main.obj
 0006:00000027       __2AFEC818_mutex           00424027     Main.obj
 0006:00000028       __5B5B357B_thread          00424028     Main.obj
 0006:00000029       __0B12ADA4_xthread         00424029     Main.obj
 0006:0000002a       __BF1DC8DB_functional      0042402a     Main.obj
 0006:0000002b       __F2C342A7_tuple           0042402b     Main.obj
 0006:0000002c       __585547C9_chrono          0042402c     Main.obj
 0006:0000002d       __42C6E78E_time@h          0042402d     Main.obj
 0006:0000002e       __3853C248_ratio           0042402e     Main.obj
 0006:0000002f       __AEA0D38F_ios             0042402f     Main.obj
 0006:00000030       __5D5F9F21_wchar@h         00424030     Main.obj
 0006:00000031       __4D20AEC4_xlocnum         00424031     Main.obj
 0006:00000032       __16FC803E_xiosbase        00424032     Main.obj
 0006:00000033       __4CADF6E9_system_error    00424033     Main.obj
 0006:00000034       __F3F0E4C9_xcall_once@h    00424034     Main.obj
 0006:00000035       __D3A7C8D3_xlocale         00424035     Main.obj
 0006:00000036       __AC531AC2_xfacet          00424036     Main.obj
 0006:00000037       __80164DCD_memory          00424037     Main.obj
 0006:00000038       __2F19F72D_xlocinfo        00424038     Main.obj
 0006:00000039       __7C512EE2_ctype@h         00424039     Main.obj
 0006:0000003a       __EE59F769_vcruntime_typeinfo@h 0042403a     Main.obj
 0006:0000003b       __8B3B252B_stdexcept       0042403b     Main.obj
 0006:0000003c       __252C55E8_xatomic0@h      0042403c     Main.obj
 0006:0000003d       __911C26AD_xmemory0        0042403d     Main.obj
 0006:0000003e       __404FE7FC_xutility        0042403e     Main.obj
 0006:0000003f       __F05194C5_iosfwd          0042403f     Main.obj
 0006:00000040       __3CB84143_limits          00424040     Main.obj
 0006:00000041       __02751F76_exception       00424041     Main.obj
 0006:00000042       __66FC6D92_vcruntime_exception@h 00424042     Main.obj
 0006:00000043       __6AAA6594_malloc@h        00424043     Main.obj
 0006:00000044       __A890CD55_type_traits     00424044     Main.obj
 0006:00000045       __78F4D6C6_string@h        00424045     Main.obj
 0006:00000046       __9F081559_corecrt_memory@h 00424046     Main.obj
 0006:00000047       __4C0A0615_xtgmath@h       00424047     Main.obj
 0006:00000048       __54E05BE6_cmath           00424048     Main.obj
 0006:00000049       __25D2DC36_cstdlib         00424049     Main.obj
 0006:0000004a       __EDC08FAA_corecrt_math@h  0042404a     Main.obj
 0006:0000004b       __FE874262_stdlib@h        0042404b     Main.obj
 0006:0000004c       __0BE25CBD_vcruntime_new@h 0042404c     Main.obj
 0006:00000057       __C5B81F9F_binarytree@pch  00424057     stdafx.obj
 0006:00000058       __320E01E0_corecrt_stdio_config@h 00424058     stdafx.obj
 0006:00000059       __BAC7FC50_corecrt_wstdio@h 00424059     stdafx.obj
 0006:0000005a       __A3797CDC_stdio@h         0042405a     stdafx.obj
 0006:0000005b       __07523DAF_corecrt_memcpy_s@h 0042405b     stdafx.obj
 0006:0000005c       __FEB88A67_corecrt_wconio@h 0042405c     stdafx.obj
 0006:0000005d       __BE076D93_corecrt_wio@h   0042405d     stdafx.obj
 0006:0000005e       __9CE3A74D_corecrt_wstring@h 0042405e     stdafx.obj
 0006:0000005f       __90701A18_corecrt_wtime@h 0042405f     stdafx.obj
 0006:00000060       __33831CCF_stat@h          00424060     stdafx.obj
 0006:00000061       __5D5F9F21_wchar@h         00424061     stdafx.obj
 0006:00000062       __6CB785BC_tchar@h         00424062     stdafx.obj
 0008:00000170       $R000000                   00426170     * linker generated manifest res *

 Exports

  ordinal    name

