 BinaryTree

 Timestamp is 5c4125f4 (Thu Jan 17 17:03:48 2019)

 Preferred load address is 00400000

 Start         Length     Name                   Class
 0001:00000000 00010000H .textbss                DATA
 0002:00000000 000098e0H .text$mn                CODE
 0002:000098e0 0000148fH .text$x                 CODE
 0003:00000000 00000104H .CRT$XCA                DATA
 0003:00000104 00000104H .CRT$XCAA               DATA
 0003:00000208 00000104H .CRT$XCZ                DATA
 0003:0000030c 00000104H .CRT$XIA                DATA
 0003:00000410 00000104H .CRT$XIAA               DATA
 0003:00000514 00000104H .CRT$XIAC               DATA
 0003:00000618 00000104H .CRT$XIZ                DATA
 0003:0000071c 00000104H .CRT$XPA                DATA
 0003:00000820 00000104H .CRT$XPZ                DATA
 0003:00000924 00000104H .CRT$XTA                DATA
 0003:00000a28 00000108H .CRT$XTZ                DATA
 0003:00000b30 00000eb0H .rdata                  DATA
 0003:000019e0 000003dcH .rdata$r                DATA
 0003:00001dbc 0000019cH .rdata$zzzdbg           DATA
 0003:00001f58 00000104H .rtc$IAA                DATA
 0003:0000205c 0000010cH .rtc$IMZ                DATA
 0003:00002168 00000104H .rtc$IZZ                DATA
 0003:0000226c 00000104H .rtc$TAA                DATA
 0003:00002370 0000010cH .rtc$TMZ                DATA
 0003:0000247c 00000104H .rtc$TZZ                DATA
 0003:00002580 0000064cH .xdata$x                DATA
 0003:00002bcc 00000000H .edata                  DATA
 0004:00000000 00000140H .data                   DATA
 0004:00000140 000002f8H .data$r                 DATA
 0004:00000438 00000468H .bss                    DATA
 0005:00000000 00000260H .idata$5                DATA
 0005:00000260 00000050H .idata$2                DATA
 0005:000002b0 00000014H .idata$3                DATA
 0005:000002c4 00000260H .idata$4                DATA
 0005:00000524 00000b84H .idata$6                DATA
 0006:00000000 0000015cH .msvcjmc                DATA
 0007:00000000 00000104H .00cfg                  DATA
 0008:00000000 00000170H .rsrc$01                DATA
 0008:00000170 000002ccH .rsrc$02                DATA

  Address         Publics by Value              Rva+Base       Lib:Object

 0000:00000000       ___hybrid_auxiliary_iat    00000000     <absolute>
 0000:00000000       ___guard_longjmp_table     00000000     <absolute>
 0000:00000000       ___guard_fids_count        00000000     <absolute>
 0000:00000000       ___hybrid_code_map         00000000     <absolute>
 0000:00000000       ___enclave_config          00000000     <absolute>
 0000:00000000       ___volatile_metadata       00000000     <absolute>
 0000:00000000       ___safe_se_handler_table   00000000     <absolute>
 0000:00000000       ___safe_se_handler_count   00000000     <absolute>
 0000:00000000       ___guard_iat_count         00000000     <absolute>
 0000:00000000       ___hybrid_code_map_count   00000000     <absolute>
 0000:00000000       ___guard_iat_table         00000000     <absolute>
 0000:00000000       ___dynamic_value_reloc_table 00000000     <absolute>
 0000:00000000       ___guard_longjmp_count     00000000     <absolute>
 0000:00000000       ___guard_fids_table        00000000     <absolute>
 0000:00000100       ___guard_flags             00000100     <absolute>
 0000:00000000       ___ImageBase               00400000     <linker-defined>
 0001:00000000       __enc$textbss$begin        00401000     <linker-defined>
 0001:00010000       __enc$textbss$end          00411000     <linker-defined>
 0002:00000b50       ??0BinaryTree@@QAE@XZ      00411b50 f   BinaryTree.obj
 0002:00000bb0       ??1BinaryTree@@QAE@XZ      00411bb0 f   BinaryTree.obj
 0002:00000c40       ?AddValue@BinaryTree@@QAE_NPAH@Z 00411c40 f   BinaryTree.obj
 0002:00000d70       ?CreateNode@BinaryTree@@IAEPAU_Node@@XZ 00411d70 f   BinaryTree.obj
 0002:00000e00       ?InsertNode@BinaryTree@@IAE_NPAU_Node@@0@Z 00411e00 f   BinaryTree.obj
 0002:00000ef0       ?SearchTree@BinaryTree@@QAE_NH@Z 00411ef0 f   BinaryTree.obj
 0002:00000f90       ?Traverse@BinaryTree@@IAE_NPAU_Node@@H@Z 00411f90 f   BinaryTree.obj
 0002:00001070       __JustMyCode_Default       00412070 f i BinaryTree.obj
 0002:00001080       ??$?6U?$char_traits@D@std@@@std@@YAAAV?$basic_ostream@DU?$char_traits@D@std@@@0@AAV10@PBD@Z 00412080 f i Main.obj
 0002:00001530       ?ClearTree@?$TBinaryTree@HU?$CompareFunction@H@BinaryTreeTemplate@@@BinaryTreeTemplate@@UAE_NXZ 00412530 f i Main.obj
 0002:00001590       _main                      00412590 f   Main.obj
 0002:00001610       ___local_stdio_printf_options 00412610 f i Main.obj
 0002:00001660       ??0?$CompareFunction@H@BinaryTreeTemplate@@QAE@XZ 00412660 f i Main.obj
 0002:000016b0       ??0?$CompareFunction@M@BinaryTreeTemplate@@QAE@XZ 004126b0 f i Main.obj
 0002:00001700       ??0?$TBinaryTree@HU?$CompareFunction@H@BinaryTreeTemplate@@@BinaryTreeTemplate@@QAE@XZ 00412700 f i Main.obj
 0002:00001780       ??0?$TBinaryTree@MU?$CompareFunction@M@BinaryTreeTemplate@@@BinaryTreeTemplate@@QAE@XZ 00412780 f i Main.obj
 0002:00001800       ??0?$TNode@H@BinaryTreeTemplate@@QAE@ABH@Z 00412800 f i Main.obj
 0002:00001880       ??0?$TNode@M@BinaryTreeTemplate@@QAE@ABM@Z 00412880 f i Main.obj
 0002:00001900       ??0_Sentry_base@?$basic_ostream@DU?$char_traits@D@std@@@std@@QAE@AAV12@@Z 00412900 f i Main.obj
 0002:00001a00       ??0sentry@?$basic_ostream@DU?$char_traits@D@std@@@std@@QAE@AAV12@@Z 00412a00 f i Main.obj
 0002:00001b90       ??1?$TBinaryTree@HU?$CompareFunction@H@BinaryTreeTemplate@@@BinaryTreeTemplate@@UAE@XZ 00412b90 f i Main.obj
 0002:00001c30       ??1?$TBinaryTree@MU?$CompareFunction@M@BinaryTreeTemplate@@@BinaryTreeTemplate@@UAE@XZ 00412c30 f i Main.obj
 0002:00001cd0       ??1?$TNode@H@BinaryTreeTemplate@@QAE@XZ 00412cd0 f i Main.obj
 0002:00001d60       ??1?$TNode@M@BinaryTreeTemplate@@QAE@XZ 00412d60 f i Main.obj
 0002:00001df0       ??1_Sentry_base@?$basic_ostream@DU?$char_traits@D@std@@@std@@QAE@XZ 00412df0 f i Main.obj
 0002:00001f10       ??1sentry@?$basic_ostream@DU?$char_traits@D@std@@@std@@QAE@XZ 00412f10 f i Main.obj
 0002:00001fd0       ??Bsentry@?$basic_ostream@DU?$char_traits@D@std@@@std@@QBE_NXZ 00412fd0 f i Main.obj
 0002:00002030       ??R?$CompareFunction@H@BinaryTreeTemplate@@UBEKPAV?$TNode@H@1@0@Z 00413030 f i Main.obj
 0002:000020c0       ??R?$CompareFunction@M@BinaryTreeTemplate@@UBEKPAV?$TNode@M@1@0@Z 004130c0 f i Main.obj
 0002:00002160       ??_E?$TBinaryTree@HU?$CompareFunction@H@BinaryTreeTemplate@@@BinaryTreeTemplate@@UAEPAXI@Z 00413160 f i Main.obj
 0002:00002160       ??_G?$TBinaryTree@HU?$CompareFunction@H@BinaryTreeTemplate@@@BinaryTreeTemplate@@UAEPAXI@Z 00413160 f i Main.obj
 0002:000021d0       ??_G?$TBinaryTree@MU?$CompareFunction@M@BinaryTreeTemplate@@@BinaryTreeTemplate@@UAEPAXI@Z 004131d0 f i Main.obj
 0002:000021d0       ??_E?$TBinaryTree@MU?$CompareFunction@M@BinaryTreeTemplate@@@BinaryTreeTemplate@@UAEPAXI@Z 004131d0 f i Main.obj
 0002:00002240       ??_G?$TNode@H@BinaryTreeTemplate@@QAEPAXI@Z 00413240 f i Main.obj
 0002:000022b0       ??_G?$TNode@M@BinaryTreeTemplate@@QAEPAXI@Z 004132b0 f i Main.obj
 0002:00002320       ?AddTreeBranch@?$TBinaryTree@HU?$CompareFunction@H@BinaryTreeTemplate@@@BinaryTreeTemplate@@EAE_NPAV?$TNode@H@2@@Z 00413320 f i Main.obj
 0002:00002430       ?AddTreeBranch@?$TBinaryTree@MU?$CompareFunction@M@BinaryTreeTemplate@@@BinaryTreeTemplate@@EAE_NPAV?$TNode@M@2@@Z 00413430 f i Main.obj
 0002:00002510       ?ClearTree@?$TBinaryTree@MU?$CompareFunction@M@BinaryTreeTemplate@@@BinaryTreeTemplate@@UAE_NXZ 00413510 f i Main.obj
 0002:00002570       ?DeleteTree@?$TBinaryTree@HU?$CompareFunction@H@BinaryTreeTemplate@@@BinaryTreeTemplate@@EAE_NPAV?$TNode@H@2@@Z 00413570 f i Main.obj
 0002:00002650       _printf                    00413650 f i Main.obj
 0002:000026d0       ?__empty_global_delete@@YAXPAXI@Z 004136d0 f i Main.obj
 0002:00002710       ?eq_int_type@?$char_traits@D@std@@SA_NABH0@Z 00413710 f i Main.obj
 0002:00002830       __vfprintf_l               00413830 f i Main.obj
 0002:00002920       ?PrintTree@?$TBinaryTree@HU?$CompareFunction@H@BinaryTreeTemplate@@@BinaryTreeTemplate@@UAE_NXZ 00413920 f i Main.obj
 0002:00002a40       ?PrintTree@?$TBinaryTree@MU?$CompareFunction@M@BinaryTreeTemplate@@@BinaryTreeTemplate@@UAE_NXZ 00413a40 f i Main.obj
 0002:00002ab0       ?Put@?$TBinaryTree@HU?$CompareFunction@H@BinaryTreeTemplate@@@BinaryTreeTemplate@@UAE_NABH@Z 00413ab0 f i Main.obj
 0002:00002bc0       ?Put@?$TBinaryTree@MU?$CompareFunction@M@BinaryTreeTemplate@@@BinaryTreeTemplate@@UAE_NABM@Z 00413bc0 f i Main.obj
 0002:00002cd0       ?RecurseAdd@?$TBinaryTree@HU?$CompareFunction@H@BinaryTreeTemplate@@@BinaryTreeTemplate@@MAE_NPAV?$TNode@H@2@0@Z 00413cd0 f i Main.obj
 0002:00002e00       ?DeleteTree@?$TBinaryTree@MU?$CompareFunction@M@BinaryTreeTemplate@@@BinaryTreeTemplate@@EAE_NPAV?$TNode@M@2@@Z 00413e00 f i Main.obj
 0002:00002ee0       ?RecurseAdd@?$TBinaryTree@MU?$CompareFunction@M@BinaryTreeTemplate@@@BinaryTreeTemplate@@MAE_NPAV?$TNode@M@2@0@Z 00413ee0 f i Main.obj
 0002:00003030       ?RecursePrint@?$TBinaryTree@HU?$CompareFunction@H@BinaryTreeTemplate@@@BinaryTreeTemplate@@MAE_NPAV?$TNode@H@2@@Z 00414030 f i Main.obj
 0002:000031f0       ?RecursePrint@?$TBinaryTree@MU?$CompareFunction@M@BinaryTreeTemplate@@@BinaryTreeTemplate@@MAE_NPAV?$TNode@M@2@@Z 004141f0 f i Main.obj
 0002:000032b0       ?RecurseRemove@?$TBinaryTree@HU?$CompareFunction@H@BinaryTreeTemplate@@@BinaryTreeTemplate@@MAE_NPAV?$TNode@H@2@00@Z 004142b0 f i Main.obj
 0002:00003580       ?Search@?$TBinaryTree@HU?$CompareFunction@H@BinaryTreeTemplate@@@BinaryTreeTemplate@@UAE_NABH@Z 00414580 f i Main.obj
 0002:00003820       ?RecurseSearch@?$TBinaryTree@HU?$CompareFunction@H@BinaryTreeTemplate@@@BinaryTreeTemplate@@MAE_NPAV?$TNode@H@2@0@Z 00414820 f i Main.obj
 0002:00003a40       ?RecurseSearch@?$TBinaryTree@MU?$CompareFunction@M@BinaryTreeTemplate@@@BinaryTreeTemplate@@MAE_NPAV?$TNode@M@2@0@Z 00414a40 f i Main.obj
 0002:00003b60       ?Remove@?$TBinaryTree@HU?$CompareFunction@H@BinaryTreeTemplate@@@BinaryTreeTemplate@@UAE_NABH@Z 00414b60 f i Main.obj
 0002:00003d80       ?Remove@?$TBinaryTree@MU?$CompareFunction@M@BinaryTreeTemplate@@@BinaryTreeTemplate@@UAE_NABM@Z 00414d80 f i Main.obj
 0002:00004030       ?Search@?$TBinaryTree@MU?$CompareFunction@M@BinaryTreeTemplate@@@BinaryTreeTemplate@@UAE_NABM@Z 00415030 f i Main.obj
 0002:00004180       ?StandardBinaryTreePractice@@YAXXZ 00415180 f   Main.obj
 0002:000044e0       ?__autoclassinit2@?$TBinaryTree@HU?$CompareFunction@H@BinaryTreeTemplate@@@BinaryTreeTemplate@@QAEXI@Z 004154e0 f i Main.obj
 0002:00004540       ?__autoclassinit2@?$TBinaryTree@MU?$CompareFunction@M@BinaryTreeTemplate@@@BinaryTreeTemplate@@QAEXI@Z 00415540 f i Main.obj
 0002:00004590       ?__autoclassinit2@?$TNode@H@BinaryTreeTemplate@@QAEXI@Z 00415590 f i Main.obj
 0002:000045e0       ?__autoclassinit2@?$TNode@M@BinaryTreeTemplate@@QAEXI@Z 004155e0 f i Main.obj
 0002:00004670       ?__autoclassinit2@BinaryTree@@QAEXI@Z 00415670 f i Main.obj
 0002:00004730       ?__empty_global_delete@@YAXPAX@Z 00415730 f i Main.obj
 0002:00004820       ?eof@?$char_traits@D@std@@SAHXZ 00415820 f i Main.obj
 0002:00004910       ?length@?$char_traits@D@std@@SAIQBD@Z 00415910 f i Main.obj
 0002:000049a3       ?uncaught_exception@std@@YA_NXZ 004159a3 f   msvcprtd:MSVCP140D.dll
 0002:000049a9       ?good@ios_base@std@@QBE_NXZ 004159a9 f   msvcprtd:MSVCP140D.dll
 0002:000049af       ?flags@ios_base@std@@QBEHXZ 004159af f   msvcprtd:MSVCP140D.dll
 0002:000049b5       ?width@ios_base@std@@QBE_JXZ 004159b5 f   msvcprtd:MSVCP140D.dll
 0002:000049bb       ?width@ios_base@std@@QAE_J_J@Z 004159bb f   msvcprtd:MSVCP140D.dll
 0002:000049c1       ?sputc@?$basic_streambuf@DU?$char_traits@D@std@@@std@@QAEHD@Z 004159c1 f   msvcprtd:MSVCP140D.dll
 0002:000049c7       ?sputn@?$basic_streambuf@DU?$char_traits@D@std@@@std@@QAE_JPBD_J@Z 004159c7 f   msvcprtd:MSVCP140D.dll
 0002:000049cd       ?setstate@?$basic_ios@DU?$char_traits@D@std@@@std@@QAEXH_N@Z 004159cd f   msvcprtd:MSVCP140D.dll
 0002:000049d3       ?tie@?$basic_ios@DU?$char_traits@D@std@@@std@@QBEPAV?$basic_ostream@DU?$char_traits@D@std@@@2@XZ 004159d3 f   msvcprtd:MSVCP140D.dll
 0002:000049d9       ?rdbuf@?$basic_ios@DU?$char_traits@D@std@@@std@@QBEPAV?$basic_streambuf@DU?$char_traits@D@std@@@2@XZ 004159d9 f   msvcprtd:MSVCP140D.dll
 0002:000049df       ?fill@?$basic_ios@DU?$char_traits@D@std@@@std@@QBEDXZ 004159df f   msvcprtd:MSVCP140D.dll
 0002:000049e5       ?_Osfx@?$basic_ostream@DU?$char_traits@D@std@@@std@@QAEXXZ 004159e5 f   msvcprtd:MSVCP140D.dll
 0002:000049eb       ??6?$basic_ostream@DU?$char_traits@D@std@@@std@@QAEAAV01@H@Z 004159eb f   msvcprtd:MSVCP140D.dll
 0002:000049f1       ??6?$basic_ostream@DU?$char_traits@D@std@@@std@@QAEAAV01@M@Z 004159f1 f   msvcprtd:MSVCP140D.dll
 0002:000049f7       ?flush@?$basic_ostream@DU?$char_traits@D@std@@@std@@QAEAAV12@XZ 004159f7 f   msvcprtd:MSVCP140D.dll
 0002:00004a00       @__CheckForDebuggerJustMyCode@4 00415a00 f   MSVCRTD:debugger_jmc.obj
 0002:00004a50       @__security_check_cookie@4 00415a50 f   MSVCRTD:_secchk_.obj
 0002:00004a70       @_RTC_AllocaHelper@12      00415a70 f   MSVCRTD:_stack_.obj
 0002:00004ab0       @_RTC_CheckStackVars2@12   00415ab0 f   MSVCRTD:_stack_.obj
 0002:00004bd0       @_RTC_CheckStackVars@8     00415bd0 f   MSVCRTD:_stack_.obj
 0002:00004c50       __RTC_CheckEsp             00415c50 f   MSVCRTD:_stack_.obj
 0002:00004c90       __CRT_RTC_INIT             00415c90 f   MSVCRTD:_init_.obj
 0002:00004ca0       __CRT_RTC_INITW            00415ca0 f   MSVCRTD:_init_.obj
 0002:00004cb0       __RTC_InitBase             00415cb0 f   MSVCRTD:_init_.obj
 0002:00004cf0       __RTC_Shutdown             00415cf0 f   MSVCRTD:_init_.obj
 0002:00004d10       ??2@YAPAXI@Z               00415d10 f   MSVCRTD:new_scalar.obj
 0002:00004d70       ??3@YAXPAXI@Z              00415d70 f   MSVCRTD:delete_scalar_size.obj
 0002:00004d90       ??1type_info@@UAE@XZ       00415d90 f   MSVCRTD:std_type_info_static.obj
 0002:00004db0       ??_Etype_info@@UAEPAXI@Z   00415db0 f i MSVCRTD:std_type_info_static.obj
 0002:00004db0       ??_Gtype_info@@UAEPAXI@Z   00415db0 f i MSVCRTD:std_type_info_static.obj
 0002:000051c0       ?configure_argv@__scrt_narrow_argv_policy@@SAHXZ 004161c0 f i MSVCRTD:exe_main.obj
 0002:000051e0       ?initialize_environment@__scrt_narrow_environment_policy@@SAHXZ 004161e0 f i MSVCRTD:exe_main.obj
 0002:00005220       ?set_app_type@__scrt_main_policy@@SAXXZ 00416220 f i MSVCRTD:exe_main.obj
 0002:00005240       ?set_commode@__scrt_file_policy@@SAXXZ 00416240 f i MSVCRTD:exe_main.obj
 0002:00005260       ?set_fmode@__scrt_file_policy@@SAXXZ 00416260 f i MSVCRTD:exe_main.obj
 0002:00005280       _mainCRTStartup            00416280 f   MSVCRTD:exe_main.obj
 0002:00005290       ___raise_securityfailure   00416290 f   MSVCRTD:gs_report.obj
 0002:000052d0       ___report_gsfailure        004162d0 f   MSVCRTD:gs_report.obj
 0002:00005420       ___report_rangecheckfailure 00416420 f   MSVCRTD:gs_report.obj
 0002:00005430       ___report_securityfailure  00416430 f   MSVCRTD:gs_report.obj
 0002:00005540       ___report_securityfailureEx 00416540 f   MSVCRTD:gs_report.obj
 0002:00005760       ?_RTC_AllocaFailure@@YAXPAXPAU_RTC_ALLOCA_NODE@@H@Z 00416760 f   MSVCRTD:_error_.obj
 0002:00005880       ?_RTC_Failure@@YAXPAXH@Z   00416880 f   MSVCRTD:_error_.obj
 0002:000058f0       ?_RTC_StackFailure@@YAXPAXPBD@Z 004168f0 f   MSVCRTD:_error_.obj
 0002:00005da0       __RTC_UninitUse            00416da0 f   MSVCRTD:_error_.obj
 0002:00005e80       __vsprintf_s_l             00416e80 f i MSVCRTD:_error_.obj
 0002:00005ec0       _sprintf_s                 00416ec0 f i MSVCRTD:_error_.obj
 0002:00005ef0       ?_RTC_GetErrorFunc@@YAP6AHHPBDH00ZZPBX@Z 00416ef0 f   MSVCRTD:_userapi_.obj
 0002:00005f00       ?_RTC_GetErrorFuncW@@YAP6AHHPB_WH00ZZPBX@Z 00416f00 f   MSVCRTD:_userapi_.obj
 0002:00005f10       __RTC_GetErrDesc           00416f10 f   MSVCRTD:_userapi_.obj
 0002:00005f30       __RTC_NumErrors            00416f30 f   MSVCRTD:_userapi_.obj
 0002:00005f40       __RTC_SetErrorFunc         00416f40 f   MSVCRTD:_userapi_.obj
 0002:00005f70       __RTC_SetErrorFuncW        00416f70 f   MSVCRTD:_userapi_.obj
 0002:00005fa0       __RTC_SetErrorType         00416fa0 f   MSVCRTD:_userapi_.obj
 0002:00005fd0       ??0bad_alloc@std@@AAE@QBD@Z 00416fd0 f i MSVCRTD:throw_bad_alloc.obj
 0002:00006000       ??0bad_alloc@std@@QAE@ABV01@@Z 00417000 f i MSVCRTD:throw_bad_alloc.obj
 0002:00006030       ??0bad_alloc@std@@QAE@XZ   00417030 f i MSVCRTD:throw_bad_alloc.obj
 0002:00006060       ??0bad_array_new_length@std@@QAE@ABV01@@Z 00417060 f i MSVCRTD:throw_bad_alloc.obj
 0002:00006090       ??0bad_array_new_length@std@@QAE@XZ 00417090 f i MSVCRTD:throw_bad_alloc.obj
 0002:000060c0       ??0exception@std@@QAE@ABV01@@Z 004170c0 f i MSVCRTD:throw_bad_alloc.obj
 0002:00006110       ??0exception@std@@QAE@QBDH@Z 00417110 f i MSVCRTD:throw_bad_alloc.obj
 0002:00006150       ??1bad_alloc@std@@UAE@XZ   00417150 f i MSVCRTD:throw_bad_alloc.obj
 0002:00006170       ??1bad_array_new_length@std@@UAE@XZ 00417170 f i MSVCRTD:throw_bad_alloc.obj
 0002:00006190       ??1exception@std@@UAE@XZ   00417190 f i MSVCRTD:throw_bad_alloc.obj
 0002:000061c0       ??_Gbad_alloc@std@@UAEPAXI@Z 004171c0 f i MSVCRTD:throw_bad_alloc.obj
 0002:000061c0       ??_Ebad_alloc@std@@UAEPAXI@Z 004171c0 f i MSVCRTD:throw_bad_alloc.obj
 0002:00006200       ??_Ebad_array_new_length@std@@UAEPAXI@Z 00417200 f i MSVCRTD:throw_bad_alloc.obj
 0002:00006200       ??_Gbad_array_new_length@std@@UAEPAXI@Z 00417200 f i MSVCRTD:throw_bad_alloc.obj
 0002:00006240       ??_Gexception@std@@UAEPAXI@Z 00417240 f i MSVCRTD:throw_bad_alloc.obj
 0002:00006240       ??_Eexception@std@@UAEPAXI@Z 00417240 f i MSVCRTD:throw_bad_alloc.obj
 0002:00006280       ?__scrt_throw_std_bad_alloc@@YAXXZ 00417280 f   MSVCRTD:throw_bad_alloc.obj
 0002:000062b0       ?__scrt_throw_std_bad_array_new_length@@YAXXZ 004172b0 f   MSVCRTD:throw_bad_alloc.obj
 0002:000062e0       ?what@exception@std@@UBEPBDXZ 004172e0 f i MSVCRTD:throw_bad_alloc.obj
 0002:00006320       ??3@YAXPAX@Z               00417320 f   MSVCRTD:delete_scalar.obj
 0002:00006340       ??$__crt_fast_decode_pointer@PAP6AXXZ@@YAPAP6AXXZQAP6AXXZ@Z 00417340 f i MSVCRTD:utility.obj
 0002:00006370       ??$__crt_fast_encode_pointer@PAP6AXXZ@@YAPAP6AXXZQAP6AXXZ@Z 00417370 f i MSVCRTD:utility.obj
 0002:000063b0       ?__crt_rotate_pointer_value@@YAIIH@Z 004173b0 f i MSVCRTD:utility.obj
 0002:00006500       _NtCurrentTeb              00417500 f i MSVCRTD:utility.obj
 0002:00006510       ___scrt_acquire_startup_lock 00417510 f   MSVCRTD:utility.obj
 0002:00006570       ___scrt_dllmain_after_initialize_c 00417570 f   MSVCRTD:utility.obj
 0002:000065b0       ___scrt_dllmain_before_initialize_c 004175b0 f   MSVCRTD:utility.obj
 0002:000065e0       ___scrt_dllmain_crt_thread_attach 004175e0 f   MSVCRTD:utility.obj
 0002:00006620       ___scrt_dllmain_crt_thread_detach 00417620 f   MSVCRTD:utility.obj
 0002:00006640       ___scrt_dllmain_exception_filter 00417640 f   MSVCRTD:utility.obj
 0002:000066a0       ___scrt_dllmain_uninitialize_c 004176a0 f   MSVCRTD:utility.obj
 0002:000066e0       ___scrt_dllmain_uninitialize_critical 004176e0 f   MSVCRTD:utility.obj
 0002:00006700       ___scrt_initialize_crt     00417700 f   MSVCRTD:utility.obj
 0002:00006760       ___scrt_initialize_onexit_tables 00417760 f   MSVCRTD:utility.obj
 0002:00006880       ___scrt_is_nonwritable_in_current_image 00417880 f   MSVCRTD:utility.obj
 0002:00006a00       ___scrt_release_startup_lock 00417a00 f   MSVCRTD:utility.obj
 0002:00006a30       ___scrt_uninitialize_crt   00417a30 f   MSVCRTD:utility.obj
 0002:00006a80       __onexit                   00417a80 f   MSVCRTD:utility.obj
 0002:00006b10       _at_quick_exit             00417b10 f   MSVCRTD:utility.obj
 0002:00006b70       _atexit                    00417b70 f   MSVCRTD:utility.obj
 0002:00006c40       ___security_init_cookie    00417c40 f   MSVCRTD:gs_support.obj
 0002:00006ce0       __matherr                  00417ce0 f   MSVCRTD:matherr.obj
 0002:00006cf0       __get_startup_argv_mode    00417cf0 f   MSVCRTD:argv_mode.obj
 0002:00006d00       __get_startup_commit_mode  00417d00 f   MSVCRTD:commit_mode.obj
 0002:00006d10       __get_startup_file_mode    00417d10 f   MSVCRTD:file_mode.obj
 0002:00006d20       __get_startup_new_mode     00417d20 f   MSVCRTD:new_mode.obj
 0002:00006d30       __get_startup_thread_locale_mode 00417d30 f   MSVCRTD:thread_locale.obj
 0002:00006d40       ?__scrt_initialize_type_info@@YAXXZ 00417d40 f   MSVCRTD:tncleanup.obj
 0002:00006d60       ?__scrt_uninitialize_type_info@@YAXXZ 00417d60 f   MSVCRTD:tncleanup.obj
 0002:00006d80       __should_initialize_environment 00417d80 f   MSVCRTD:env_mode.obj
 0002:00006d90       __initialize_default_precision 00417d90 f   MSVCRTD:default_precision.obj
 0002:00006dc0       __initialize_invalid_parameter_handler 00417dc0 f   MSVCRTD:invalid_parameter_handler.obj
 0002:00006dd0       __initialize_denormal_control 00417dd0 f   MSVCRTD:denormal_control.obj
 0002:00006de0       ___local_stdio_scanf_options 00417de0 f i MSVCRTD:default_local_stdio_options.obj
 0002:00006df0       ___scrt_initialize_default_local_stdio_options 00417df0 f   MSVCRTD:default_local_stdio_options.obj
 0002:00006e40       ___scrt_is_user_matherr_present 00417e40 f   MSVCRTD:matherr_detection.obj
 0002:00006e70       ___scrt_get_dyn_tls_init_callback 00417e70 f   MSVCRTD:dyn_tls_init.obj
 0002:00006e80       ___scrt_get_dyn_tls_dtor_callback 00417e80 f   MSVCRTD:dyn_tls_dtor.obj
 0002:00006e90       ___scrt_fastfail           00417e90 f   MSVCRTD:utility_desktop.obj
 0002:00007020       ___scrt_get_show_window_mode 00418020 f   MSVCRTD:utility_desktop.obj
 0002:00007070       ___scrt_initialize_mta     00418070 f   MSVCRTD:utility_desktop.obj
 0002:00007080       ___scrt_initialize_winrt   00418080 f   MSVCRTD:utility_desktop.obj
 0002:00007090       ___scrt_is_managed_app     00418090 f   MSVCRTD:utility_desktop.obj
 0002:00007140       ___scrt_set_unhandled_exception_filter 00418140 f   MSVCRTD:utility_desktop.obj
 0002:00007160       ___scrt_exe_initialize_mta 00418160 f   MSVCRTD:utility_desktop.obj
 0002:00007160       ___scrt_stub_for_initialize_mta 00418160 f   MSVCRTD:utility_desktop.obj
 0002:00007170       ___scrt_unhandled_exception_filter@4 00418170 f   MSVCRTD:utility_desktop.obj
 0002:000071f0       __crt_debugger_hook        004181f0 f   MSVCRTD:utility_desktop.obj
 0002:00007210       __RTC_Initialize           00418210 f   MSVCRTD:_initsect_.obj
 0002:00007250       __RTC_Terminate            00418250 f   MSVCRTD:_initsect_.obj
 0002:00007290       __except_handler4          00418290 f   MSVCRTD:_chandler4gs_.obj
 0002:000072c0       @_guard_check_icall_nop@4  004182c0 f i MSVCRTD:guard_support.obj
 0002:000072d0       _ReadNoFence               004182d0 f i MSVCRTD:guard_support.obj
 0002:000072f0       _ReadPointerNoFence        004182f0 f i MSVCRTD:guard_support.obj
 0002:00007310       __guard_icall_checks_enforced 00418310 f i MSVCRTD:guard_support.obj
 0002:000078e0       ?_RTC_GetSrcLine@@YAHPAEPA_WKPAH1K@Z 004188e0 f   MSVCRTD:_pdblkup_.obj
 0002:00007d50       __except_handler4_noexcept 00418d50 f   MSVCRTD:chandler4_noexcept.obj
 0002:00007db0       ___isa_available_init      00418db0 f   MSVCRTD:_cpu_disp_.obj
 0002:00008140       ___scrt_is_ucrt_dll_in_use 00419140 f   MSVCRTD:ucrt_detection.obj
 0002:0000816d       ___CxxFrameHandler3        0041916d f   vcruntimed:VCRUNTIME140D.dll
 0002:00008173       _memset                    00419173 f   vcruntimed:VCRUNTIME140D.dll
 0002:00008179       ___std_exception_copy      00419179 f   vcruntimed:VCRUNTIME140D.dll
 0002:0000817f       ___std_exception_destroy   0041917f f   vcruntimed:VCRUNTIME140D.dll
 0002:00008185       __CxxThrowException@8      00419185 f   vcruntimed:VCRUNTIME140D.dll
 0002:0000818b       ___std_type_info_destroy_list 0041918b f   vcruntimed:VCRUNTIME140D.dll
 0002:00008191       __except_handler4_common   00419191 f   vcruntimed:VCRUNTIME140D.dll
 0002:00008197       ___vcrt_GetModuleFileNameW 00419197 f   vcruntimed:VCRUNTIME140D.dll
 0002:0000819d       ___vcrt_GetModuleHandleW   0041919d f   vcruntimed:VCRUNTIME140D.dll
 0002:000081a3       ___vcrt_LoadLibraryExW     004191a3 f   vcruntimed:VCRUNTIME140D.dll
 0002:000081a9       _malloc                    004191a9 f   ucrtd:ucrtbased.dll
 0002:000081af       ___acrt_iob_func           004191af f   ucrtd:ucrtbased.dll
 0002:000081b5       ___stdio_common_vfprintf   004191b5 f   ucrtd:ucrtbased.dll
 0002:000081bb       __wassert                  004191bb f   ucrtd:ucrtbased.dll
 0002:000081c1       _strlen                    004191c1 f   ucrtd:ucrtbased.dll
 0002:000081c7       __CrtDbgReport             004191c7 f   ucrtd:ucrtbased.dll
 0002:000081cd       __CrtDbgReportW            004191cd f   ucrtd:ucrtbased.dll
 0002:000081d3       __callnewh                 004191d3 f   ucrtd:ucrtbased.dll
 0002:000081d9       __seh_filter_exe           004191d9 f   ucrtd:ucrtbased.dll
 0002:000081df       __set_app_type             004191df f   ucrtd:ucrtbased.dll
 0002:000081e5       ___setusermatherr          004191e5 f   ucrtd:ucrtbased.dll
 0002:000081eb       __configure_narrow_argv    004191eb f   ucrtd:ucrtbased.dll
 0002:000081f1       __initialize_narrow_environment 004191f1 f   ucrtd:ucrtbased.dll
 0002:000081f7       __get_initial_narrow_environment 004191f7 f   ucrtd:ucrtbased.dll
 0002:000081fd       __initterm                 004191fd f   ucrtd:ucrtbased.dll
 0002:00008203       __initterm_e               00419203 f   ucrtd:ucrtbased.dll
 0002:00008209       _exit                      00419209 f   ucrtd:ucrtbased.dll
 0002:0000820f       __exit                     0041920f f   ucrtd:ucrtbased.dll
 0002:00008215       __set_fmode                00419215 f   ucrtd:ucrtbased.dll
 0002:0000821b       ___p___argc                0041921b f   ucrtd:ucrtbased.dll
 0002:00008221       ___p___argv                00419221 f   ucrtd:ucrtbased.dll
 0002:00008227       __cexit                    00419227 f   ucrtd:ucrtbased.dll
 0002:0000822d       __c_exit                   0041922d f   ucrtd:ucrtbased.dll
 0002:00008233       __register_thread_local_exe_atexit_callback 00419233 f   ucrtd:ucrtbased.dll
 0002:00008239       __configthreadlocale       00419239 f   ucrtd:ucrtbased.dll
 0002:0000823f       __set_new_mode             0041923f f   ucrtd:ucrtbased.dll
 0002:00008245       ___p__commode              00419245 f   ucrtd:ucrtbased.dll
 0002:0000824b       _strcpy_s                  0041924b f   ucrtd:ucrtbased.dll
 0002:00008251       _strcat_s                  00419251 f   ucrtd:ucrtbased.dll
 0002:00008257       ___stdio_common_vsprintf_s 00419257 f   ucrtd:ucrtbased.dll
 0002:0000825d       __free_dbg                 0041925d f   ucrtd:ucrtbased.dll
 0002:00008263       __seh_filter_dll           00419263 f   ucrtd:ucrtbased.dll
 0002:00008269       __initialize_onexit_table  00419269 f   ucrtd:ucrtbased.dll
 0002:0000826f       __register_onexit_function 0041926f f   ucrtd:ucrtbased.dll
 0002:00008275       __execute_onexit_table     00419275 f   ucrtd:ucrtbased.dll
 0002:0000827b       __crt_atexit               0041927b f   ucrtd:ucrtbased.dll
 0002:00008281       __crt_at_quick_exit        00419281 f   ucrtd:ucrtbased.dll
 0002:00008287       __controlfp_s              00419287 f   ucrtd:ucrtbased.dll
 0002:0000828d       _terminate                 0041928d f   ucrtd:ucrtbased.dll
 0002:00008293       __wmakepath_s              00419293 f   ucrtd:ucrtbased.dll
 0002:00008299       __wsplitpath_s             00419299 f   ucrtd:ucrtbased.dll
 0002:0000829f       _wcscpy_s                  0041929f f   ucrtd:ucrtbased.dll
 0002:000082a5       _GetCurrentThreadId@0      004192a5 f   kernel32:KERNEL32.dll
 0002:000082ab       _UnhandledExceptionFilter@4 004192ab f   kernel32:KERNEL32.dll
 0002:000082b1       _SetUnhandledExceptionFilter@4 004192b1 f   kernel32:KERNEL32.dll
 0002:000082b7       _GetCurrentProcess@0       004192b7 f   kernel32:KERNEL32.dll
 0002:000082bd       _TerminateProcess@8        004192bd f   kernel32:KERNEL32.dll
 0002:000082c3       _IsProcessorFeaturePresent@4 004192c3 f   kernel32:KERNEL32.dll
 0002:000082c9       _IsDebuggerPresent@0       004192c9 f   kernel32:KERNEL32.dll
 0002:000082cf       _RaiseException@16         004192cf f   kernel32:KERNEL32.dll
 0002:000082d5       _MultiByteToWideChar@24    004192d5 f   kernel32:KERNEL32.dll
 0002:000082db       _WideCharToMultiByte@32    004192db f   kernel32:KERNEL32.dll
 0002:000082e1       _QueryPerformanceCounter@4 004192e1 f   kernel32:KERNEL32.dll
 0002:000082e7       _GetCurrentProcessId@0     004192e7 f   kernel32:KERNEL32.dll
 0002:000082ed       _GetSystemTimeAsFileTime@4 004192ed f   kernel32:KERNEL32.dll
 0002:000082f3       _InitializeSListHead@4     004192f3 f   kernel32:KERNEL32.dll
 0002:000082f9       _GetStartupInfoW@4         004192f9 f   kernel32:KERNEL32.dll
 0002:000082ff       _GetModuleHandleW@4        004192ff f   kernel32:KERNEL32.dll
 0002:00008305       _GetLastError@0            00419305 f   kernel32:KERNEL32.dll
 0002:0000830b       _HeapAlloc@12              0041930b f   kernel32:KERNEL32.dll
 0002:00008311       _HeapFree@12               00419311 f   kernel32:KERNEL32.dll
 0002:00008317       _GetProcessHeap@0          00419317 f   kernel32:KERNEL32.dll
 0002:0000831d       _VirtualQuery@12           0041931d f   kernel32:KERNEL32.dll
 0002:00008323       _FreeLibrary@4             00419323 f   kernel32:KERNEL32.dll
 0002:00008329       _GetProcAddress@8          00419329 f   kernel32:KERNEL32.dll
 0002:00008330       ___acrt_initialize         00419330 f   MSVCRTD:ucrt_stubs.obj
 0002:00008330       ___vcrt_initialize         00419330 f   MSVCRTD:ucrt_stubs.obj
 0002:00008330       ___scrt_stub_for_acrt_initialize 00419330 f   MSVCRTD:ucrt_stubs.obj
 0002:00008340       ___scrt_stub_for_acrt_thread_attach 00419340 f   MSVCRTD:ucrt_stubs.obj
 0002:00008340       ___vcrt_thread_attach      00419340 f   MSVCRTD:ucrt_stubs.obj
 0002:00008340       ___acrt_thread_attach      00419340 f   MSVCRTD:ucrt_stubs.obj
 0002:00008350       ___scrt_stub_for_acrt_thread_detach 00419350 f   MSVCRTD:ucrt_stubs.obj
 0002:00008350       ___vcrt_thread_detach      00419350 f   MSVCRTD:ucrt_stubs.obj
 0002:00008350       ___acrt_thread_detach      00419350 f   MSVCRTD:ucrt_stubs.obj
 0002:00008360       ___vcrt_uninitialize       00419360 f   MSVCRTD:ucrt_stubs.obj
 0002:00008360       ___acrt_uninitialize       00419360 f   MSVCRTD:ucrt_stubs.obj
 0002:00008360       ___scrt_stub_for_acrt_uninitialize 00419360 f   MSVCRTD:ucrt_stubs.obj
 0002:00008370       ___scrt_stub_for_acrt_uninitialize_critical 00419370 f   MSVCRTD:ucrt_stubs.obj
 0002:00008370       ___vcrt_uninitialize_critical 00419370 f   MSVCRTD:ucrt_stubs.obj
 0002:00008370       ___acrt_uninitialize_critical 00419370 f   MSVCRTD:ucrt_stubs.obj
 0002:00008380       ___scrt_stub_for_is_c_termination_complete 00419380 f   MSVCRTD:ucrt_stubs.obj
 0002:00008380       __is_c_termination_complete 00419380 f   MSVCRTD:ucrt_stubs.obj
 0002:00008390       ?RecurseRemove@?$TBinaryTree@MU?$CompareFunction@M@BinaryTreeTemplate@@@BinaryTreeTemplate@@MAE_NPAV?$TNode@M@2@00@Z 00419390 f i Main.obj
 0002:00008550       ?TemplateBinaryTreePractice@@YAXXZ 00419550 f   Main.obj
 0003:00000000       ___xc_a                    0041c000     MSVCRTD:initializers.obj
 0003:00000208       ___xc_z                    0041c208     MSVCRTD:initializers.obj
 0003:0000030c       ___xi_a                    0041c30c     MSVCRTD:initializers.obj
 0003:00000618       ___xi_z                    0041c618     MSVCRTD:initializers.obj
 0003:0000071c       ___xp_a                    0041c71c     MSVCRTD:initializers.obj
 0003:00000820       ___xp_z                    0041c820     MSVCRTD:initializers.obj
 0003:00000924       ___xt_a                    0041c924     MSVCRTD:initializers.obj
 0003:00000a28       ___xt_z                    0041ca28     MSVCRTD:initializers.obj
 0003:00000b34       ??_7?$CompareFunction@H@BinaryTreeTemplate@@6B@ 0041cb34     Main.obj
 0003:00000b40       ??_7?$TBinaryTree@HU?$CompareFunction@H@BinaryTreeTemplate@@@BinaryTreeTemplate@@6B@ 0041cb40     Main.obj
 0003:00000b74       ??_7?$CompareFunction@M@BinaryTreeTemplate@@6B@ 0041cb74     Main.obj
 0003:00000b80       ??_7?$TBinaryTree@MU?$CompareFunction@M@BinaryTreeTemplate@@@BinaryTreeTemplate@@6B@ 0041cb80     Main.obj
 0003:00000bb0       ??_C@_0BF@OHBEEKFJ@?6?5Int?5Implementation@ 0041cbb0     Main.obj
 0003:00000bcc       ??_C@_01EEMJAFIK@?6@       0041cbcc     Main.obj
 0003:00000bd0       ??_C@_0BH@NJADKNDE@?6?5Float?5Implementation@ 0041cbd0     Main.obj
 0003:00000bf0       ??_C@_1KO@BJKKBBNK@?$AAe?$AA?3?$AA?2?$AAd?$AAe?$AAv?$AA?2?$AAp?$AAr?$AAo?$AAj?$AAe?$AAc?$AAt?$AAs@ 0041cbf0     Main.obj
 0003:00000cc0       ??_C@_1DE@ENJOOOIE@?$AA0?$AA?5?$AA?$CG?$AA?$CG?$AA?5?$AA?$CC?$AAS?$AAh?$AAo?$AAu?$AAl?$AAd?$AA?5?$AAn?$AAo@ 0041ccc0     Main.obj
 0003:00000d00       ??_C@_1DK@HELIGCNI@?$AA0?$AA?5?$AA?$CG?$AA?$CG?$AA?5?$AA?$CC?$AAS?$AAh?$AAo?$AAu?$AAl?$AAd?$AA?5?$AAn?$AAe@ 0041cd00     Main.obj
 0003:00000d48       __real@3f8ccccd            0041cd48     Main.obj
 0003:00000d4c       __real@3f99999a            0041cd4c     Main.obj
 0003:00000d50       __real@400ccccd            0041cd50     Main.obj
 0003:00000d54       __real@40533333            0041cd54     Main.obj
 0003:00000d58       __real@408ccccd            0041cd58     Main.obj
 0003:00000d5c       __real@40a33333            0041cd5c     Main.obj
 0003:00000d64       ??_7type_info@@6B@         0041cd64     MSVCRTD:std_type_info_static.obj
 0003:00000e38       ??_C@_0NN@NGPKDKPD@The?5value?5of?5ESP?5was?5not?5proper@ 0041ce38     MSVCRTD:_error_.obj
 0003:00000f48       ??_C@_0BBN@GPMLNJCF@A?5cast?5to?5a?5smaller?5data?5type?5h@ 0041cf48     MSVCRTD:_error_.obj
 0003:000010a0       ??_C@_0BN@FFOINMNJ@Stack?5memory?5was?5corrupted?6?$AN@ 0041d0a0     MSVCRTD:_error_.obj
 0003:000010c4       ??_C@_0DG@HKJMLLLP@A?5local?5variable?5was?5used?5befor@ 0041d0c4     MSVCRTD:_error_.obj
 0003:00001104       ??_C@_0CM@NGINOKPC@Stack?5memory?5around?5_alloca?5was@ 0041d104     MSVCRTD:_error_.obj
 0003:00001138       ??_C@_0BO@GNIAFIKK@Unknown?5Runtime?5Check?5Error?6?$AN@ 0041d138     MSVCRTD:_error_.obj
 0003:00001160       ??_C@_1GM@OLMCBDMB@?$AAR?$AAu?$AAn?$AAt?$AAi?$AAm?$AAe?$AA?5?$AAC?$AAh?$AAe?$AAc?$AAk?$AA?5?$AAE@ 0041d160     MSVCRTD:_error_.obj
 0003:000011e8       ??_C@_1EA@NFKNIFJP@?$AAR?$AAu?$AAn?$AA?9?$AAT?$AAi?$AAm?$AAe?$AA?5?$AAC?$AAh?$AAe?$AAc?$AAk?$AA?5@ 0041d1e8     MSVCRTD:_error_.obj
 0003:00001234       ??_C@_0BB@PFFGGCJP@Unknown?5Filename@ 0041d234     MSVCRTD:_error_.obj
 0003:00001248       ??_C@_0BE@GNBOBNCK@Unknown?5Module?5Name@ 0041d248     MSVCRTD:_error_.obj
 0003:00001260       ??_C@_0CA@IODNCDPG@Run?9Time?5Check?5Failure?5?$CD?$CFd?5?9?5?$CFs@ 0041d260     MSVCRTD:_error_.obj
 0003:00001288       ??_C@_0CG@IAFNJNEE@Stack?5corrupted?5near?5unknown?5va@ 0041d288     MSVCRTD:_error_.obj
 0003:000012b8       ??_C@_05MKKEDADM@?$CF?42X?5@ 0041d2b8     MSVCRTD:_error_.obj
 0003:000012c0       ??_C@_0EJ@LJKNEOLN@Stack?5area?5around?5_alloca?5memor@ 0041d2c0     MSVCRTD:_error_.obj
 0003:00001318       ??_C@_02LLMPMKNF@?$DO?5@   0041d318     MSVCRTD:_error_.obj
 0003:0000131c       ??_C@_08OMAHNMHJ@?6Data?3?5?$DM@ 0041d31c     MSVCRTD:_error_.obj
 0003:00001328       ??_C@_0CK@DKGBICFE@?6Allocation?5number?5within?5this?5@ 0041d328     MSVCRTD:_error_.obj
 0003:0000135c       ??_C@_07DFDJCKFN@?6Size?3?5@ 0041d35c     MSVCRTD:_error_.obj
 0003:00001368       ??_C@_0N@MHFFIMFG@?6Address?3?50x@ 0041d368     MSVCRTD:_error_.obj
 0003:00001378       ??_C@_0EI@CLEPFNGI@Stack?5area?5around?5_alloca?5memor@ 0041d378     MSVCRTD:_error_.obj
 0003:000013d0       ??_C@_0BK@ODNDAGKB@?$CFs?$CFs?$CFp?$CFs?$CFzd?$CFs?$CFd?$CFs?$CFs?$CFs?$CFs?$CFs@ 0041d3d0     MSVCRTD:_error_.obj
 0003:000013f0       ??_C@_0DE@OHJBPMBP@A?5variable?5is?5being?5used?5withou@ 0041d3f0     MSVCRTD:_error_.obj
 0003:00001448       ??_C@_0BJ@HEGAHDFO@Stack?5pointer?5corruption@ 0041d448     MSVCRTD:_userapi_.obj
 0003:00001468       ??_C@_0CK@FEGOIOPB@Cast?5to?5smaller?5type?5causing?5lo@ 0041d468     MSVCRTD:_userapi_.obj
 0003:0000149c       ??_C@_0BI@CIGMDCBH@Stack?5memory?5corruption@ 0041d49c     MSVCRTD:_userapi_.obj
 0003:000014b8       ??_C@_0CK@CNLNOEPB@Local?5variable?5used?5before?5init@ 0041d4b8     MSVCRTD:_userapi_.obj
 0003:000014ec       ??_C@_0BP@OGBCLIBO@Stack?5around?5_alloca?5corrupted@ 0041d4ec     MSVCRTD:_userapi_.obj
 0003:00001518       ??_7exception@std@@6B@     0041d518     MSVCRTD:throw_bad_alloc.obj
 0003:00001524       ??_C@_0BC@EOODALEL@Unknown?5exception@ 0041d524     MSVCRTD:throw_bad_alloc.obj
 0003:00001540       ??_7bad_alloc@std@@6B@     0041d540     MSVCRTD:throw_bad_alloc.obj
 0003:0000154c       ??_C@_0P@GHFPNOJB@bad?5allocation@ 0041d54c     MSVCRTD:throw_bad_alloc.obj
 0003:00001564       ??_7bad_array_new_length@std@@6B@ 0041d564     MSVCRTD:throw_bad_alloc.obj
 0003:00001570       ??_C@_0BF@KINCDENJ@bad?5array?5new?5length@ 0041d570     MSVCRTD:throw_bad_alloc.obj
 0003:000015e8       ??_C@_1EI@MLPKHBGE@?$AAa?$AAp?$AAi?$AA?9?$AAm?$AAs?$AA?9?$AAw?$AAi?$AAn?$AA?9?$AAc?$AAo?$AAr?$AAe@ 0041d5e8     MSVCRTD:_pdblkup_.obj
 0003:00001640       ??_C@_1BK@JHLNAEJL@?$AAa?$AAd?$AAv?$AAa?$AAp?$AAi?$AA3?$AA2?$AA?4?$AAd?$AAl?$AAl@ 0041d640     MSVCRTD:_pdblkup_.obj
 0003:00001660       ??_C@_0O@COHOBMLB@RegOpenKeyExW@ 0041d660     MSVCRTD:_pdblkup_.obj
 0003:00001670       ??_C@_0BB@GLNAEDBD@RegQueryValueExW@ 0041d670     MSVCRTD:_pdblkup_.obj
 0003:00001684       ??_C@_0M@HLOHPNFA@RegCloseKey@ 0041d684     MSVCRTD:_pdblkup_.obj
 0003:00001698       ??_C@_1HE@EBEAGLFB@?$AAS?$AAO?$AAF?$AAT?$AAW?$AAA?$AAR?$AAE?$AA?2?$AAW?$AAo?$AAw?$AA6?$AA4?$AA3@ 0041d698     MSVCRTD:_pdblkup_.obj
 0003:00001724       ??_C@_1BG@EABPBLLF@?$AAP?$AAr?$AAo?$AAd?$AAu?$AAc?$AAt?$AAD?$AAi?$AAr@ 0041d724     MSVCRTD:_pdblkup_.obj
 0003:00001764       ??_C@_1BC@JINFINNJ@?$AAM?$AAS?$AAP?$AAD?$AAB?$AA1?$AA4?$AA0@ 0041d764     MSVCRTD:_pdblkup_.obj
 0003:0000177c       ??_C@_0BB@KCIACLNC@PDBOpenValidate5@ 0041d77c     MSVCRTD:_pdblkup_.obj
 0003:00001790       ??_C@_01KDCPPGHE@r@        0041d790     MSVCRTD:_pdblkup_.obj
 0003:000017d8       __load_config_used         0041d7d8     MSVCRTD:loadcfg.obj
 0003:000019e0       ??_R4?$CompareFunction@H@BinaryTreeTemplate@@6B@ 0041d9e0     Main.obj
 0003:000019f8       ??_R3?$CompareFunction@H@BinaryTreeTemplate@@8 0041d9f8     Main.obj
 0003:00001a0c       ??_R2?$CompareFunction@H@BinaryTreeTemplate@@8 0041da0c     Main.obj
 0003:00001a14       ??_R1A@?0A@EA@?$CompareFunction@H@BinaryTreeTemplate@@8 0041da14     Main.obj
 0003:00001a38       ??_R4?$TBinaryTree@HU?$CompareFunction@H@BinaryTreeTemplate@@@BinaryTreeTemplate@@6B@ 0041da38     Main.obj
 0003:00001a50       ??_R3?$TBinaryTree@HU?$CompareFunction@H@BinaryTreeTemplate@@@BinaryTreeTemplate@@8 0041da50     Main.obj
 0003:00001a64       ??_R2?$TBinaryTree@HU?$CompareFunction@H@BinaryTreeTemplate@@@BinaryTreeTemplate@@8 0041da64     Main.obj
 0003:00001a6c       ??_R1A@?0A@EA@?$TBinaryTree@HU?$CompareFunction@H@BinaryTreeTemplate@@@BinaryTreeTemplate@@8 0041da6c     Main.obj
 0003:00001a90       ??_R4?$CompareFunction@M@BinaryTreeTemplate@@6B@ 0041da90     Main.obj
 0003:00001aa8       ??_R3?$CompareFunction@M@BinaryTreeTemplate@@8 0041daa8     Main.obj
 0003:00001abc       ??_R2?$CompareFunction@M@BinaryTreeTemplate@@8 0041dabc     Main.obj
 0003:00001ac4       ??_R1A@?0A@EA@?$CompareFunction@M@BinaryTreeTemplate@@8 0041dac4     Main.obj
 0003:00001ae8       ??_R4?$TBinaryTree@MU?$CompareFunction@M@BinaryTreeTemplate@@@BinaryTreeTemplate@@6B@ 0041dae8     Main.obj
 0003:00001b00       ??_R3?$TBinaryTree@MU?$CompareFunction@M@BinaryTreeTemplate@@@BinaryTreeTemplate@@8 0041db00     Main.obj
 0003:00001b14       ??_R2?$TBinaryTree@MU?$CompareFunction@M@BinaryTreeTemplate@@@BinaryTreeTemplate@@8 0041db14     Main.obj
 0003:00001b1c       ??_R1A@?0A@EA@?$TBinaryTree@MU?$CompareFunction@M@BinaryTreeTemplate@@@BinaryTreeTemplate@@8 0041db1c     Main.obj
 0003:00001b40       ??_R4type_info@@6B@        0041db40     MSVCRTD:std_type_info_static.obj
 0003:00001b58       ??_R3type_info@@8          0041db58     MSVCRTD:std_type_info_static.obj
 0003:00001b6c       ??_R2type_info@@8          0041db6c     MSVCRTD:std_type_info_static.obj
 0003:00001b74       ??_R1A@?0A@EA@type_info@@8 0041db74     MSVCRTD:std_type_info_static.obj
 0003:00001b98       ??_R4exception@std@@6B@    0041db98     MSVCRTD:throw_bad_alloc.obj
 0003:00001bb0       ??_R3exception@std@@8      0041dbb0     MSVCRTD:throw_bad_alloc.obj
 0003:00001bc4       ??_R2exception@std@@8      0041dbc4     MSVCRTD:throw_bad_alloc.obj
 0003:00001bcc       ??_R1A@?0A@EA@exception@std@@8 0041dbcc     MSVCRTD:throw_bad_alloc.obj
 0003:00001bf0       ??_R4bad_alloc@std@@6B@    0041dbf0     MSVCRTD:throw_bad_alloc.obj
 0003:00001c08       ??_R3bad_alloc@std@@8      0041dc08     MSVCRTD:throw_bad_alloc.obj
 0003:00001c1c       ??_R2bad_alloc@std@@8      0041dc1c     MSVCRTD:throw_bad_alloc.obj
 0003:00001c28       ??_R1A@?0A@EA@bad_alloc@std@@8 0041dc28     MSVCRTD:throw_bad_alloc.obj
 0003:00001c4c       ??_R4bad_array_new_length@std@@6B@ 0041dc4c     MSVCRTD:throw_bad_alloc.obj
 0003:00001c64       ??_R3bad_array_new_length@std@@8 0041dc64     MSVCRTD:throw_bad_alloc.obj
 0003:00001c78       ??_R2bad_array_new_length@std@@8 0041dc78     MSVCRTD:throw_bad_alloc.obj
 0003:00001c88       ??_R1A@?0A@EA@bad_array_new_length@std@@8 0041dc88     MSVCRTD:throw_bad_alloc.obj
 0003:00001f58       ___rtc_iaa                 0041df58     MSVCRTD:_initsect_.obj
 0003:00002168       ___rtc_izz                 0041e168     MSVCRTD:_initsect_.obj
 0003:0000226c       ___rtc_taa                 0041e26c     MSVCRTD:_initsect_.obj
 0003:0000247c       ___rtc_tzz                 0041e47c     MSVCRTD:_initsect_.obj
 0003:00002978       __TI2?AVbad_alloc@std@@    0041e978     MSVCRTD:throw_bad_alloc.obj
 0003:0000298c       __CTA2?AVbad_alloc@std@@   0041e98c     MSVCRTD:throw_bad_alloc.obj
 0003:0000299c       __CT??_R0?AVbad_alloc@std@@@8??0bad_alloc@std@@QAE@ABV01@@Z12 0041e99c     MSVCRTD:throw_bad_alloc.obj
 0003:000029bc       __CT??_R0?AVexception@std@@@8??0exception@std@@QAE@ABV01@@Z12 0041e9bc     MSVCRTD:throw_bad_alloc.obj
 0003:000029dc       __TI3?AVbad_array_new_length@std@@ 0041e9dc     MSVCRTD:throw_bad_alloc.obj
 0003:000029f0       __CTA3?AVbad_array_new_length@std@@ 0041e9f0     MSVCRTD:throw_bad_alloc.obj
 0003:00002a04       __CT??_R0?AVbad_array_new_length@std@@@8??0bad_array_new_length@std@@QAE@ABV01@@Z12 0041ea04     MSVCRTD:throw_bad_alloc.obj
 0004:00000000       ___security_cookie_complement 0041f000     MSVCRTD:gs_cookie.obj
 0004:00000004       ___security_cookie         0041f004     MSVCRTD:gs_cookie.obj
 0004:0000000c       __fltused                  0041f00c     MSVCRTD:fltused.obj
 0004:00000010       ?_RTC_ErrorLevels@@3PAHA   0041f010     MSVCRTD:_error_.obj
 0004:00000028       ___scrt_native_dllmain_reason 0041f028     MSVCRTD:utility.obj
 0004:0000002c       ___scrt_default_matherr    0041f02c     MSVCRTD:matherr.obj
 0004:00000030       ___isa_enabled             0041f030     MSVCRTD:_cpu_disp_.obj
 0004:00000034       ___scrt_ucrt_dll_is_in_use 0041f034     MSVCRTD:ucrt_stubs.obj
 0004:00000140       ??_R0?AU?$CompareFunction@H@BinaryTreeTemplate@@@8 0041f140     Main.obj
 0004:00000180       ??_R0?AV?$TBinaryTree@HU?$CompareFunction@H@BinaryTreeTemplate@@@BinaryTreeTemplate@@@8 0041f180     Main.obj
 0004:000001ec       ??_R0?AU?$CompareFunction@M@BinaryTreeTemplate@@@8 0041f1ec     Main.obj
 0004:00000230       ??_R0?AV?$TBinaryTree@MU?$CompareFunction@M@BinaryTreeTemplate@@@BinaryTreeTemplate@@@8 0041f230     Main.obj
 0004:0000029c       ??_R0?AVtype_info@@@8      0041f29c     MSVCRTD:std_type_info_static.obj
 0004:000002b8       ??_R0?AVbad_alloc@std@@@8  0041f2b8     MSVCRTD:throw_bad_alloc.obj
 0004:000002dc       ??_R0?AVexception@std@@@8  0041f2dc     MSVCRTD:throw_bad_alloc.obj
 0004:00000300       ??_R0?AVbad_array_new_length@std@@@8 0041f300     MSVCRTD:throw_bad_alloc.obj
 0004:00000438       ?_OptionsStorage@?1??__local_stdio_printf_options@@9@4_KA 0041f438     Main.obj
 0004:00000444       ___@@_PchSym_@00@UwveUkilqvxghUehgfwrlkilqvxghUyrmzibgivvkizxgrxvUyrmzibgivvUyrmzibgivvUwvyftUhgwzucOlyq@4B2008FD98C1DD4 0041f444     stdafx.obj
 0004:00000818       ___scrt_current_native_startup_state 0041f818     MSVCRTD:utility.obj
 0004:0000081c       ___scrt_native_startup_lock 0041f81c     MSVCRTD:utility.obj
 0004:00000848       ?__type_info_root_node@@3U__type_info_node@@A 0041f848     MSVCRTD:tncleanup.obj
 0004:00000858       ?_OptionsStorage@?1??__local_stdio_scanf_options@@9@4_KA 0041f858     MSVCRTD:default_local_stdio_options.obj
 0004:00000864       ___scrt_debugger_hook_flag 0041f864     MSVCRTD:utility_desktop.obj
 0004:00000870       ___isa_available           0041f870     MSVCRTD:_cpu_disp_.obj
 0004:00000874       ___favor                   0041f874     MSVCRTD:_cpu_disp_.obj
 0004:0000087c       ___dyn_tls_dtor_callback   0041f87c     <common>
 0004:00000888       ___dyn_tls_init_callback   0041f888     <common>
 0004:00000894       ___DebuggerCurrentSteppingThreadId 0041f894     <common>
 0005:00000000       __imp__GetProcessHeap@0    00420000     kernel32:KERNEL32.dll
 0005:00000004       __imp__UnhandledExceptionFilter@4 00420004     kernel32:KERNEL32.dll
 0005:00000008       __imp__SetUnhandledExceptionFilter@4 00420008     kernel32:KERNEL32.dll
 0005:0000000c       __imp__GetCurrentProcess@0 0042000c     kernel32:KERNEL32.dll
 0005:00000010       __imp__TerminateProcess@8  00420010     kernel32:KERNEL32.dll
 0005:00000014       __imp__IsProcessorFeaturePresent@4 00420014     kernel32:KERNEL32.dll
 0005:00000018       __imp__IsDebuggerPresent@0 00420018     kernel32:KERNEL32.dll
 0005:0000001c       __imp__RaiseException@16   0042001c     kernel32:KERNEL32.dll
 0005:00000020       __imp__MultiByteToWideChar@24 00420020     kernel32:KERNEL32.dll
 0005:00000024       __imp__WideCharToMultiByte@32 00420024     kernel32:KERNEL32.dll
 0005:00000028       __imp__QueryPerformanceCounter@4 00420028     kernel32:KERNEL32.dll
 0005:0000002c       __imp__GetCurrentProcessId@0 0042002c     kernel32:KERNEL32.dll
 0005:00000030       __imp__GetSystemTimeAsFileTime@4 00420030     kernel32:KERNEL32.dll
 0005:00000034       __imp__InitializeSListHead@4 00420034     kernel32:KERNEL32.dll
 0005:00000038       __imp__GetStartupInfoW@4   00420038     kernel32:KERNEL32.dll
 0005:0000003c       __imp__GetModuleHandleW@4  0042003c     kernel32:KERNEL32.dll
 0005:00000040       __imp__GetProcAddress@8    00420040     kernel32:KERNEL32.dll
 0005:00000044       __imp__FreeLibrary@4       00420044     kernel32:KERNEL32.dll
 0005:00000048       __imp__VirtualQuery@12     00420048     kernel32:KERNEL32.dll
 0005:0000004c       __imp__GetCurrentThreadId@0 0042004c     kernel32:KERNEL32.dll
 0005:00000050       __imp__HeapFree@12         00420050     kernel32:KERNEL32.dll
 0005:00000054       __imp__HeapAlloc@12        00420054     kernel32:KERNEL32.dll
 0005:00000058       __imp__GetLastError@0      00420058     kernel32:KERNEL32.dll
 0005:0000005c       \177KERNEL32_NULL_THUNK_DATA 0042005c     kernel32:KERNEL32.dll
 0005:00000098       __imp_?flush@?$basic_ostream@DU?$char_traits@D@std@@@std@@QAEAAV12@XZ 00420098     msvcprtd:MSVCP140D.dll
 0005:0000009c       __imp_??6?$basic_ostream@DU?$char_traits@D@std@@@std@@QAEAAV01@M@Z 0042009c     msvcprtd:MSVCP140D.dll
 0005:000000a0       __imp_??6?$basic_ostream@DU?$char_traits@D@std@@@std@@QAEAAV01@H@Z 004200a0     msvcprtd:MSVCP140D.dll
 0005:000000a4       __imp_?_Osfx@?$basic_ostream@DU?$char_traits@D@std@@@std@@QAEXXZ 004200a4     msvcprtd:MSVCP140D.dll
 0005:000000a8       __imp_?fill@?$basic_ios@DU?$char_traits@D@std@@@std@@QBEDXZ 004200a8     msvcprtd:MSVCP140D.dll
 0005:000000ac       __imp_?rdbuf@?$basic_ios@DU?$char_traits@D@std@@@std@@QBEPAV?$basic_streambuf@DU?$char_traits@D@std@@@2@XZ 004200ac     msvcprtd:MSVCP140D.dll
 0005:000000b0       __imp_?tie@?$basic_ios@DU?$char_traits@D@std@@@std@@QBEPAV?$basic_ostream@DU?$char_traits@D@std@@@2@XZ 004200b0     msvcprtd:MSVCP140D.dll
 0005:000000b4       __imp_?setstate@?$basic_ios@DU?$char_traits@D@std@@@std@@QAEXH_N@Z 004200b4     msvcprtd:MSVCP140D.dll
 0005:000000b8       __imp_?sputn@?$basic_streambuf@DU?$char_traits@D@std@@@std@@QAE_JPBD_J@Z 004200b8     msvcprtd:MSVCP140D.dll
 0005:000000bc       __imp_?sputc@?$basic_streambuf@DU?$char_traits@D@std@@@std@@QAEHD@Z 004200bc     msvcprtd:MSVCP140D.dll
 0005:000000c0       __imp_?width@ios_base@std@@QAE_J_J@Z 004200c0     msvcprtd:MSVCP140D.dll
 0005:000000c4       __imp_?width@ios_base@std@@QBE_JXZ 004200c4     msvcprtd:MSVCP140D.dll
 0005:000000c8       __imp_?flags@ios_base@std@@QBEHXZ 004200c8     msvcprtd:MSVCP140D.dll
 0005:000000cc       __imp_?good@ios_base@std@@QBE_NXZ 004200cc     msvcprtd:MSVCP140D.dll
 0005:000000d0       __imp_?cout@std@@3V?$basic_ostream@DU?$char_traits@D@std@@@1@A 004200d0     msvcprtd:MSVCP140D.dll
 0005:000000d4       __imp_?uncaught_exception@std@@YA_NXZ 004200d4     msvcprtd:MSVCP140D.dll
 0005:000000d8       \177MSVCP140D_NULL_THUNK_DATA 004200d8     msvcprtd:MSVCP140D.dll
 0005:00000110       __imp____std_exception_copy 00420110     vcruntimed:VCRUNTIME140D.dll
 0005:00000114       __imp____std_exception_destroy 00420114     vcruntimed:VCRUNTIME140D.dll
 0005:00000118       __imp___CxxThrowException@8 00420118     vcruntimed:VCRUNTIME140D.dll
 0005:0000011c       __imp____std_type_info_destroy_list 0042011c     vcruntimed:VCRUNTIME140D.dll
 0005:00000120       __imp___except_handler4_common 00420120     vcruntimed:VCRUNTIME140D.dll
 0005:00000124       __imp____vcrt_GetModuleFileNameW 00420124     vcruntimed:VCRUNTIME140D.dll
 0005:00000128       __imp____vcrt_GetModuleHandleW 00420128     vcruntimed:VCRUNTIME140D.dll
 0005:0000012c       __imp____vcrt_LoadLibraryExW 0042012c     vcruntimed:VCRUNTIME140D.dll
 0005:00000130       __imp____CxxFrameHandler3  00420130     vcruntimed:VCRUNTIME140D.dll
 0005:00000134       __imp__memset              00420134     vcruntimed:VCRUNTIME140D.dll
 0005:00000138       \177VCRUNTIME140D_NULL_THUNK_DATA 00420138     vcruntimed:VCRUNTIME140D.dll
 0005:0000016c       __imp___configthreadlocale 0042016c     ucrtd:ucrtbased.dll
 0005:00000170       __imp___set_new_mode       00420170     ucrtd:ucrtbased.dll
 0005:00000174       __imp____p__commode        00420174     ucrtd:ucrtbased.dll
 0005:00000178       __imp__strcpy_s            00420178     ucrtd:ucrtbased.dll
 0005:0000017c       __imp__strcat_s            0042017c     ucrtd:ucrtbased.dll
 0005:00000180       __imp____stdio_common_vsprintf_s 00420180     ucrtd:ucrtbased.dll
 0005:00000184       __imp___free_dbg           00420184     ucrtd:ucrtbased.dll
 0005:00000188       __imp___seh_filter_dll     00420188     ucrtd:ucrtbased.dll
 0005:0000018c       __imp___initialize_onexit_table 0042018c     ucrtd:ucrtbased.dll
 0005:00000190       __imp___register_onexit_function 00420190     ucrtd:ucrtbased.dll
 0005:00000194       __imp___execute_onexit_table 00420194     ucrtd:ucrtbased.dll
 0005:00000198       __imp___crt_atexit         00420198     ucrtd:ucrtbased.dll
 0005:0000019c       __imp___crt_at_quick_exit  0042019c     ucrtd:ucrtbased.dll
 0005:000001a0       __imp___controlfp_s        004201a0     ucrtd:ucrtbased.dll
 0005:000001a4       __imp___c_exit             004201a4     ucrtd:ucrtbased.dll
 0005:000001a8       __imp___wmakepath_s        004201a8     ucrtd:ucrtbased.dll
 0005:000001ac       __imp___wsplitpath_s       004201ac     ucrtd:ucrtbased.dll
 0005:000001b0       __imp__wcscpy_s            004201b0     ucrtd:ucrtbased.dll
 0005:000001b4       __imp___cexit              004201b4     ucrtd:ucrtbased.dll
 0005:000001b8       __imp____setusermatherr    004201b8     ucrtd:ucrtbased.dll
 0005:000001bc       __imp___set_app_type       004201bc     ucrtd:ucrtbased.dll
 0005:000001c0       __imp___seh_filter_exe     004201c0     ucrtd:ucrtbased.dll
 0005:000001c4       __imp___callnewh           004201c4     ucrtd:ucrtbased.dll
 0005:000001c8       __imp___CrtDbgReportW      004201c8     ucrtd:ucrtbased.dll
 0005:000001cc       __imp___CrtDbgReport       004201cc     ucrtd:ucrtbased.dll
 0005:000001d0       __imp__strlen              004201d0     ucrtd:ucrtbased.dll
 0005:000001d4       __imp___wassert            004201d4     ucrtd:ucrtbased.dll
 0005:000001d8       __imp____stdio_common_vfprintf 004201d8     ucrtd:ucrtbased.dll
 0005:000001dc       __imp____acrt_iob_func     004201dc     ucrtd:ucrtbased.dll
 0005:000001e0       __imp__malloc              004201e0     ucrtd:ucrtbased.dll
 0005:000001e4       __imp___register_thread_local_exe_atexit_callback 004201e4     ucrtd:ucrtbased.dll
 0005:000001e8       __imp____p___argv          004201e8     ucrtd:ucrtbased.dll
 0005:000001ec       __imp___configure_narrow_argv 004201ec     ucrtd:ucrtbased.dll
 0005:000001f0       __imp___set_fmode          004201f0     ucrtd:ucrtbased.dll
 0005:000001f4       __imp___exit               004201f4     ucrtd:ucrtbased.dll
 0005:000001f8       __imp__exit                004201f8     ucrtd:ucrtbased.dll
 0005:000001fc       __imp___initterm_e         004201fc     ucrtd:ucrtbased.dll
 0005:00000200       __imp___initterm           00420200     ucrtd:ucrtbased.dll
 0005:00000204       __imp___get_initial_narrow_environment 00420204     ucrtd:ucrtbased.dll
 0005:00000208       __imp__terminate           00420208     ucrtd:ucrtbased.dll
 0005:0000020c       __imp___initialize_narrow_environment 0042020c     ucrtd:ucrtbased.dll
 0005:00000210       __imp____p___argc          00420210     ucrtd:ucrtbased.dll
 0005:00000214       \177ucrtbased_NULL_THUNK_DATA 00420214     ucrtd:ucrtbased.dll
 0005:00000260       __IMPORT_DESCRIPTOR_MSVCP140D 00420260     msvcprtd:MSVCP140D.dll
 0005:00000274       __IMPORT_DESCRIPTOR_VCRUNTIME140D 00420274     vcruntimed:VCRUNTIME140D.dll
 0005:00000288       __IMPORT_DESCRIPTOR_ucrtbased 00420288     ucrtd:ucrtbased.dll
 0005:0000029c       __IMPORT_DESCRIPTOR_KERNEL32 0042029c     kernel32:KERNEL32.dll
 0005:000002b0       __NULL_IMPORT_DESCRIPTOR   004202b0     msvcprtd:MSVCP140D.dll
 0007:00000000       ___guard_check_icall_fptr  00423000     MSVCRTD:guard_support.obj

 entry point at        0002:00000532

 Static symbols

 0000:fffda000       .debug$S                   00400000     ucrtd:ucrtbased.dll
 0000:fffda000       .debug$S                   00400000     msvcprtd:MSVCP140D.dll
 0000:fffda000       .debug$S                   00400000     msvcprtd:MSVCP140D.dll
 0000:fffda000       .debug$S                   00400000     kernel32:KERNEL32.dll
 0000:fffda000       .debug$S                   00400000     kernel32:KERNEL32.dll
 0000:fffda000       .debug$S                   00400000     kernel32:KERNEL32.dll
 0000:fffda000       .debug$S                   00400000     kernel32:KERNEL32.dll
 0000:fffda000       .debug$S                   00400000     kernel32:KERNEL32.dll
 0000:fffda000       .debug$S                   00400000     kernel32:KERNEL32.dll
 0000:fffda000       .debug$S                   00400000     kernel32:KERNEL32.dll
 0000:fffda000       .debug$S                   00400000     kernel32:KERNEL32.dll
 0000:fffda000       .debug$S                   00400000     kernel32:KERNEL32.dll
 0000:fffda000       .debug$S                   00400000     kernel32:KERNEL32.dll
 0000:fffda000       .debug$S                   00400000     kernel32:KERNEL32.dll
 0000:fffda000       .debug$S                   00400000     kernel32:KERNEL32.dll
 0000:fffda000       .debug$S                   00400000     kernel32:KERNEL32.dll
 0000:fffda000       .debug$S                   00400000     kernel32:KERNEL32.dll
 0000:fffda000       .debug$S                   00400000     kernel32:KERNEL32.dll
 0000:fffda000       .debug$S                   00400000     kernel32:KERNEL32.dll
 0000:fffda000       .debug$S                   00400000     kernel32:KERNEL32.dll
 0000:fffda000       .debug$S                   00400000     kernel32:KERNEL32.dll
 0000:fffda000       .debug$S                   00400000     kernel32:KERNEL32.dll
 0000:fffda000       .debug$S                   00400000     kernel32:KERNEL32.dll
 0000:fffda000       .debug$S                   00400000     kernel32:KERNEL32.dll
 0000:fffda000       .debug$S                   00400000     kernel32:KERNEL32.dll
 0000:fffda000       .debug$S                   00400000     kernel32:KERNEL32.dll
 0000:fffda000       .debug$S                   00400000     msvcprtd:MSVCP140D.dll
 0000:fffda000       .debug$S                   00400000     ucrtd:ucrtbased.dll
 0000:fffda000       .debug$S                   00400000     ucrtd:ucrtbased.dll
 0000:fffda000       .debug$S                   00400000     ucrtd:ucrtbased.dll
 0000:fffda000       .debug$S                   00400000     ucrtd:ucrtbased.dll
 0000:fffda000       .debug$S                   00400000     ucrtd:ucrtbased.dll
 0000:fffda000       .debug$S                   00400000     ucrtd:ucrtbased.dll
 0000:fffda000       .debug$S                   00400000     ucrtd:ucrtbased.dll
 0000:fffda000       .debug$S                   00400000     ucrtd:ucrtbased.dll
 0000:fffda000       .debug$S                   00400000     ucrtd:ucrtbased.dll
 0000:fffda000       .debug$S                   00400000     ucrtd:ucrtbased.dll
 0000:fffda000       .debug$S                   00400000     ucrtd:ucrtbased.dll
 0000:fffda000       .debug$S                   00400000     ucrtd:ucrtbased.dll
 0000:fffda000       .debug$S                   00400000     ucrtd:ucrtbased.dll
 0000:fffda000       .debug$S                   00400000     ucrtd:ucrtbased.dll
 0000:fffda000       .debug$S                   00400000     ucrtd:ucrtbased.dll
 0000:fffda000       .debug$S                   00400000     ucrtd:ucrtbased.dll
 0000:fffda000       .debug$S                   00400000     ucrtd:ucrtbased.dll
 0000:fffda000       .debug$S                   00400000     ucrtd:ucrtbased.dll
 0000:fffda000       .debug$S                   00400000     ucrtd:ucrtbased.dll
 0000:fffda000       .debug$S                   00400000     ucrtd:ucrtbased.dll
 0000:fffda000       .debug$S                   00400000     ucrtd:ucrtbased.dll
 0000:fffda000       .debug$S                   00400000     ucrtd:ucrtbased.dll
 0000:fffda000       .debug$S                   00400000     ucrtd:ucrtbased.dll
 0000:fffda000       .debug$S                   00400000     ucrtd:ucrtbased.dll
 0000:fffda000       .debug$S                   00400000     ucrtd:ucrtbased.dll
 0000:fffda000       .debug$S                   00400000     ucrtd:ucrtbased.dll
 0000:fffda000       .debug$S                   00400000     ucrtd:ucrtbased.dll
 0000:fffda000       .debug$S                   00400000     ucrtd:ucrtbased.dll
 0000:fffda000       .debug$S                   00400000     ucrtd:ucrtbased.dll
 0000:fffda000       .debug$S                   00400000     ucrtd:ucrtbased.dll
 0000:fffda000       .debug$S                   00400000     ucrtd:ucrtbased.dll
 0000:fffda000       .debug$S                   00400000     ucrtd:ucrtbased.dll
 0000:fffda000       .debug$S                   00400000     ucrtd:ucrtbased.dll
 0000:fffda000       .debug$S                   00400000     ucrtd:ucrtbased.dll
 0000:fffda000       .debug$S                   00400000     ucrtd:ucrtbased.dll
 0000:fffda000       .debug$S                   00400000     ucrtd:ucrtbased.dll
 0000:fffda000       .debug$S                   00400000     ucrtd:ucrtbased.dll
 0000:fffda000       .debug$S                   00400000     ucrtd:ucrtbased.dll
 0000:fffda000       .debug$S                   00400000     ucrtd:ucrtbased.dll
 0000:fffda000       .debug$S                   00400000     ucrtd:ucrtbased.dll
 0000:fffda000       .debug$S                   00400000     msvcprtd:MSVCP140D.dll
 0000:fffda000       .debug$S                   00400000     vcruntimed:VCRUNTIME140D.dll
 0000:fffda000       .debug$S                   00400000     vcruntimed:VCRUNTIME140D.dll
 0000:fffda000       .debug$S                   00400000     vcruntimed:VCRUNTIME140D.dll
 0000:fffda000       .debug$S                   00400000     ucrtd:ucrtbased.dll
 0000:fffda000       .debug$S                   00400000     vcruntimed:VCRUNTIME140D.dll
 0000:fffda000       .debug$S                   00400000     vcruntimed:VCRUNTIME140D.dll
 0000:fffda000       .debug$S                   00400000     vcruntimed:VCRUNTIME140D.dll
 0000:fffda000       .debug$S                   00400000     vcruntimed:VCRUNTIME140D.dll
 0000:fffda000       .debug$S                   00400000     vcruntimed:VCRUNTIME140D.dll
 0000:fffda000       .debug$S                   00400000     msvcprtd:MSVCP140D.dll
 0000:fffda000       .debug$S                   00400000     msvcprtd:MSVCP140D.dll
 0000:fffde000       __guard_fids___CRT_RTC_INIT 00400000     MSVCRTD:_init_.obj
 0000:fffda000       .debug$S                   00400000     msvcprtd:MSVCP140D.dll
 0000:fffda000       .debug$S                   00400000     vcruntimed:VCRUNTIME140D.dll
 0000:fffde000       __guard_fids___CRT_RTC_INITW 00400000     MSVCRTD:_init_.obj
 0000:fffde000       __guard_fids__             00400000     MSVCRTD:std_type_info_static.obj
 0000:fffde000       __guard_fids__             00400000     MSVCRTD:exe_main.obj
 0000:fffde000       __guard_fids_?pre_c_initialization@@YAHXZ 00400000     MSVCRTD:exe_main.obj
 0000:fffda000       .debug$S                   00400000     msvcprtd:MSVCP140D.dll
 0000:fffda000       .debug$S                   00400000     msvcprtd:MSVCP140D.dll
 0000:fffda000       .debug$S                   00400000     msvcprtd:MSVCP140D.dll
 0000:fffde000       __guard_fids___guard_icall_checks_enforced 00400000     MSVCRTD:guard_support.obj
 0000:fffde000       __guard_fids__             00400000     MSVCRTD:guard_support.obj
 0000:fffde000       __guard_fids___except_handler4 00400000     MSVCRTD:_chandler4gs_.obj
 0000:fffde000       __guard_fids____scrt_set_unhandled_exception_filter 00400000     MSVCRTD:utility_desktop.obj
 0000:fffda000       .debug$S                   00400000     msvcprtd:MSVCP140D.dll
 0000:fffda000       .debug$S                   00400000     msvcprtd:MSVCP140D.dll
 0000:fffda000       .debug$S                   00400000     msvcprtd:MSVCP140D.dll
 0000:fffda000       .debug$S                   00400000     msvcprtd:MSVCP140D.dll
 0000:fffda000       .debug$S                   00400000     msvcprtd:MSVCP140D.dll
 0000:fffda000       .debug$S                   00400000     msvcprtd:MSVCP140D.dll
 0000:fffde000       __guard_fids__             00400000     MSVCRTD:throw_bad_alloc.obj
 0000:fffde000       __guard_fids__             00400000     MSVCRTD:throw_bad_alloc.obj
 0000:fffde000       __guard_fids__             00400000     MSVCRTD:throw_bad_alloc.obj
 0000:fffde000       __guard_fids__             00400000     MSVCRTD:throw_bad_alloc.obj
 0000:fffde000       __guard_fids__             00400000     MSVCRTD:throw_bad_alloc.obj
 0000:fffde000       __guard_fids__             00400000     MSVCRTD:throw_bad_alloc.obj
 0000:fffde000       __guard_fids__             00400000     MSVCRTD:throw_bad_alloc.obj
 0000:fffde000       __guard_fids__             00400000     MSVCRTD:throw_bad_alloc.obj
 0000:fffda000       .debug$S                   00400000     vcruntimed:VCRUNTIME140D.dll
 0000:fffde004       __guard_fids__             00400004     MSVCRTD:exe_main.obj
 0000:fffde008       __guard_fids__             00400008     MSVCRTD:exe_main.obj
 0002:00001464       __catch$??$?6U?$char_traits@D@std@@@std@@YAAAV?$basic_ostream@DU?$char_traits@D@std@@@0@AAV10@PBD@Z$0 00412464 f i Main.obj
 0002:00001514       $LN32                      00412514     Main.obj
 0002:0000151c       $LN31                      0041251c     Main.obj
 0002:00001528       $LN29                      00412528     Main.obj
 0002:000042e0       $LN12                      004152e0     Main.obj
 0002:000042e8       $LN11                      004152e8     Main.obj
 0002:000042f4       $LN9                       004152f4     Main.obj
 0002:00004df0       ?pre_c_initialization@@YAHXZ 00415df0 f   MSVCRTD:exe_main.obj
 0002:00004ed0       ?post_pgo_initialization@@YAHXZ 00415ed0 f   MSVCRTD:exe_main.obj
 0002:00004ee0       ?pre_cpp_initialization@@YAXXZ 00415ee0 f   MSVCRTD:exe_main.obj
 0002:00004f00       ?__scrt_common_main@@YAHXZ 00415f00 f   MSVCRTD:exe_main.obj
 0002:00004f20       ?__scrt_common_main_seh@@YAHXZ 00415f20 f   MSVCRTD:exe_main.obj
 0002:000051f0       ?invoke_main@@YAHXZ        004161f0 f   MSVCRTD:exe_main.obj
 0002:000056b0       ?DebuggerProbe@@YA_NK@Z    004166b0 f   MSVCRTD:_error_.obj
 0002:00005700       ?DebuggerRuntime@@YA_NKHPAXPB_W@Z 00416700 f   MSVCRTD:_error_.obj
 0002:000059d0       ?_getMemBlockDataString@@YAXPAD0PBDI@Z 004169d0 f   MSVCRTD:_error_.obj
 0002:00005a60       ?_strlen_priv@@YAIPBD@Z    00416a60 f   MSVCRTD:_error_.obj
 0002:00005a80       ?failwithmessage@@YAXPAXHHPBD@Z 00416a80 f   MSVCRTD:_error_.obj
 0002:00005d00       ?notify_debugger@@YAXABUtagEXCEPTION_VISUALCPP_DEBUG_INFO@@@Z 00416d00 f   MSVCRTD:_error_.obj
 0002:000063c0       ?find_pe_section@@YAPAU_IMAGE_SECTION_HEADER@@QAEI@Z 004173c0 f   MSVCRTD:utility.obj
 0002:00006470       ?is_potentially_valid_image_base@@YA_NQAX@Z 00417470 f   MSVCRTD:utility.obj
 0002:00006bb0       ___get_entropy             00417bb0 f   MSVCRTD:gs_support.obj
 0002:00007350       ?GetPdbDll@@YAPAUHINSTANCE__@@XZ 00418350 f   MSVCRTD:_pdblkup_.obj
 0002:000074e0       ?GetPdbDllFromInstallPath@@YAPAUHINSTANCE__@@XZ 004184e0 f   MSVCRTD:_pdblkup_.obj
 0002:000077d0       ?GetPdbDllPathFromFilePath@@YAHPB_WPA_WI@Z 004187d0 f   MSVCRTD:_pdblkup_.obj
 0002:000088b8       $LN9                       004198b8     Main.obj
 0002:000088c0       $LN8                       004198c0     Main.obj
 0002:000088d8       $LN6                       004198d8     Main.obj
 0002:000088df       $LN5                       004198df     Main.obj
 0002:000098e0       __ehhandler$??1BinaryTree@@QAE@XZ 0041a8e0 f   BinaryTree.obj
 0002:00009910       __unwindfunclet$??$?6U?$char_traits@D@std@@@std@@YAAAV?$basic_ostream@DU?$char_traits@D@std@@@0@AAV10@PBD@Z$2 0041a910 f   Main.obj
 0002:00009918       __ehhandler$??$?6U?$char_traits@D@std@@@std@@YAAAV?$basic_ostream@DU?$char_traits@D@std@@@0@AAV10@PBD@Z 0041a918 f   Main.obj
 0002:00009950       __unwindfunclet$??0sentry@?$basic_ostream@DU?$char_traits@D@std@@@std@@QAE@AAV12@@Z$0 0041a950 f   Main.obj
 0002:00009958       __ehhandler$??0sentry@?$basic_ostream@DU?$char_traits@D@std@@@std@@QAE@AAV12@@Z 0041a958 f   Main.obj
 0002:00009980       __ehhandler$??1?$TBinaryTree@HU?$CompareFunction@H@BinaryTreeTemplate@@@BinaryTreeTemplate@@UAE@XZ 0041a980 f   Main.obj
 0002:000099b0       __ehhandler$??1?$TBinaryTree@MU?$CompareFunction@M@BinaryTreeTemplate@@@BinaryTreeTemplate@@UAE@XZ 0041a9b0 f   Main.obj
 0002:000099e0       __ehhandler$??1?$TNode@H@BinaryTreeTemplate@@QAE@XZ 0041a9e0 f   Main.obj
 0002:00009a10       __ehhandler$??1?$TNode@M@BinaryTreeTemplate@@QAE@XZ 0041aa10 f   Main.obj
 0002:00009a40       __ehhandler$??1_Sentry_base@?$basic_ostream@DU?$char_traits@D@std@@@std@@QAE@XZ 0041aa40 f   Main.obj
 0002:00009a70       __ehhandler$??1sentry@?$basic_ostream@DU?$char_traits@D@std@@@std@@QAE@XZ 0041aa70 f   Main.obj
 0002:00009aa0       __unwindfunclet$?Put@?$TBinaryTree@HU?$CompareFunction@H@BinaryTreeTemplate@@@BinaryTreeTemplate@@UAE_NABH@Z$0 0041aaa0 f   Main.obj
 0002:00009ab2       __ehhandler$?Put@?$TBinaryTree@HU?$CompareFunction@H@BinaryTreeTemplate@@@BinaryTreeTemplate@@UAE_NABH@Z 0041aab2 f   Main.obj
 0002:00009ae0       __unwindfunclet$?Put@?$TBinaryTree@MU?$CompareFunction@M@BinaryTreeTemplate@@@BinaryTreeTemplate@@UAE_NABM@Z$0 0041aae0 f   Main.obj
 0002:00009af2       __ehhandler$?Put@?$TBinaryTree@MU?$CompareFunction@M@BinaryTreeTemplate@@@BinaryTreeTemplate@@UAE_NABM@Z 0041aaf2 f   Main.obj
 0002:00009b20       __unwindfunclet$?Remove@?$TBinaryTree@HU?$CompareFunction@H@BinaryTreeTemplate@@@BinaryTreeTemplate@@UAE_NABH@Z$0 0041ab20 f   Main.obj
 0002:00009b32       __ehhandler$?Remove@?$TBinaryTree@HU?$CompareFunction@H@BinaryTreeTemplate@@@BinaryTreeTemplate@@UAE_NABH@Z 0041ab32 f   Main.obj
 0002:00009b60       __unwindfunclet$?Remove@?$TBinaryTree@MU?$CompareFunction@M@BinaryTreeTemplate@@@BinaryTreeTemplate@@UAE_NABM@Z$0 0041ab60 f   Main.obj
 0002:00009b72       __ehhandler$?Remove@?$TBinaryTree@MU?$CompareFunction@M@BinaryTreeTemplate@@@BinaryTreeTemplate@@UAE_NABM@Z 0041ab72 f   Main.obj
 0002:00009ba0       __unwindfunclet$?Search@?$TBinaryTree@HU?$CompareFunction@H@BinaryTreeTemplate@@@BinaryTreeTemplate@@UAE_NABH@Z$0 0041aba0 f   Main.obj
 0002:00009bb2       __ehhandler$?Search@?$TBinaryTree@HU?$CompareFunction@H@BinaryTreeTemplate@@@BinaryTreeTemplate@@UAE_NABH@Z 0041abb2 f   Main.obj
 0002:00009be0       __unwindfunclet$?Search@?$TBinaryTree@MU?$CompareFunction@M@BinaryTreeTemplate@@@BinaryTreeTemplate@@UAE_NABM@Z$0 0041abe0 f   Main.obj
 0002:00009bf2       __ehhandler$?Search@?$TBinaryTree@MU?$CompareFunction@M@BinaryTreeTemplate@@@BinaryTreeTemplate@@UAE_NABM@Z 0041abf2 f   Main.obj
 0002:00009c20       __unwindfunclet$?StandardBinaryTreePractice@@YAXXZ$0 0041ac20 f   Main.obj
 0002:00009c32       __ehhandler$?StandardBinaryTreePractice@@YAXXZ 0041ac32 f   Main.obj
 0002:00009c70       __unwindfunclet$?TemplateBinaryTreePractice@@YAXXZ$0 0041ac70 f   Main.obj
 0002:00009c78       __unwindfunclet$?TemplateBinaryTreePractice@@YAXXZ$1 0041ac78 f   Main.obj
 0002:00009c80       __ehhandler$?TemplateBinaryTreePractice@@YAXXZ 0041ac80 f   Main.obj
 0002:00009cc0       __ehhandler$?eof@?$char_traits@D@std@@SAHXZ 0041acc0 f   Main.obj
 0002:00009cf0       __ehhandler$?eq_int_type@?$char_traits@D@std@@SA_NABH0@Z 0041acf0 f   Main.obj
 0002:00009d20       __ehhandler$?length@?$char_traits@D@std@@SAIQBD@Z 0041ad20 f   Main.obj
 0003:00000104       ?pre_cpp_initializer@@3P6AXXZA 0041c104     MSVCRTD:exe_main.obj
 0003:00000410       ?pre_c_initializer@@3P6AHXZA 0041c410     MSVCRTD:exe_main.obj
 0003:00000514       ?post_pgo_initializer@@3P6AHXZA 0041c514     MSVCRTD:exe_main.obj
 0003:00000d6c       _GS_ExceptionPointers      0041cd6c     MSVCRTD:gs_report.obj
 0003:00000d78       ?_RTC_ErrorMessages@@3QBQBDB 0041cd78     MSVCRTD:_error_.obj
 0003:00000d90       ?_RTC_NoFalsePositives@@3QBHB 0041cd90     MSVCRTD:_error_.obj
 0003:00000da8       ?stack_premsg@@3QBDB       0041cda8     MSVCRTD:_error_.obj
 0003:00000dc4       ?stack_postmsg@@3QBDB      0041cdc4     MSVCRTD:_error_.obj
 0003:00000dd8       ?uninit_premsg@@3QBDB      0041cdd8     MSVCRTD:_error_.obj
 0003:00000de8       ?uninit_postmsg@@3QBDB     0041cde8     MSVCRTD:_error_.obj
 0003:00001430       ?_RTC_errlist@@3QBQBDB     0041d430     MSVCRTD:_userapi_.obj
 0003:0000158c       ?mspdbName@@3QB_WB         0041d58c     MSVCRTD:_pdblkup_.obj
 0003:000015b0       ?debugCrtFileName@@3QB_WB  0041d5b0     MSVCRTD:_pdblkup_.obj
 0003:00001740       ?dllExt@?1??GetPdbDllPathFromFilePath@@YAHPB_WPA_WI@Z@4QB_WB 0041d740     MSVCRTD:_pdblkup_.obj
 0003:0000174c       ?mspdbFilename@?1??GetPdbDllPathFromFilePath@@YAHPB_WPA_WI@Z@4QB_WB 0041d74c     MSVCRTD:_pdblkup_.obj
 0003:0000205c       __RTC_InitBase.rtc$IMZ     0041e05c     BinaryTree.obj
 0003:00002060       __RTC_InitBase.rtc$IMZ     0041e060     Main.obj
 0003:00002370       __RTC_Shutdown.rtc$TMZ     0041e370     BinaryTree.obj
 0003:00002374       __RTC_Shutdown.rtc$TMZ     0041e374     Main.obj
 0003:00002580       __ehfuncinfo$??1BinaryTree@@QAE@XZ 0041e580     BinaryTree.obj
 0003:000025a8       __ehfuncinfo$?length@?$char_traits@D@std@@SAIQBD@Z 0041e5a8     Main.obj
 0003:000025d0       __ehfuncinfo$?eq_int_type@?$char_traits@D@std@@SA_NABH0@Z 0041e5d0     Main.obj
 0003:000025f8       __ehfuncinfo$?eof@?$char_traits@D@std@@SAHXZ 0041e5f8     Main.obj
 0003:00002620       __unwindtable$?StandardBinaryTreePractice@@YAXXZ 0041e620     Main.obj
 0003:00002628       __ehfuncinfo$?StandardBinaryTreePractice@@YAXXZ 0041e628     Main.obj
 0003:00002650       __unwindtable$?TemplateBinaryTreePractice@@YAXXZ 0041e650     Main.obj
 0003:00002660       __ehfuncinfo$?TemplateBinaryTreePractice@@YAXXZ 0041e660     Main.obj
 0003:0000268c       __ehfuncinfo$??1?$TBinaryTree@HU?$CompareFunction@H@BinaryTreeTemplate@@@BinaryTreeTemplate@@UAE@XZ 0041e68c     Main.obj
 0003:000026b4       __unwindtable$?Put@?$TBinaryTree@HU?$CompareFunction@H@BinaryTreeTemplate@@@BinaryTreeTemplate@@UAE_NABH@Z 0041e6b4     Main.obj
 0003:000026bc       __ehfuncinfo$?Put@?$TBinaryTree@HU?$CompareFunction@H@BinaryTreeTemplate@@@BinaryTreeTemplate@@UAE_NABH@Z 0041e6bc     Main.obj
 0003:000026e4       __unwindtable$?Remove@?$TBinaryTree@HU?$CompareFunction@H@BinaryTreeTemplate@@@BinaryTreeTemplate@@UAE_NABH@Z 0041e6e4     Main.obj
 0003:000026ec       __ehfuncinfo$?Remove@?$TBinaryTree@HU?$CompareFunction@H@BinaryTreeTemplate@@@BinaryTreeTemplate@@UAE_NABH@Z 0041e6ec     Main.obj
 0003:00002714       __unwindtable$?Search@?$TBinaryTree@HU?$CompareFunction@H@BinaryTreeTemplate@@@BinaryTreeTemplate@@UAE_NABH@Z 0041e714     Main.obj
 0003:0000271c       __ehfuncinfo$?Search@?$TBinaryTree@HU?$CompareFunction@H@BinaryTreeTemplate@@@BinaryTreeTemplate@@UAE_NABH@Z 0041e71c     Main.obj
 0003:00002744       __ehfuncinfo$??1?$TBinaryTree@MU?$CompareFunction@M@BinaryTreeTemplate@@@BinaryTreeTemplate@@UAE@XZ 0041e744     Main.obj
 0003:0000276c       __unwindtable$?Put@?$TBinaryTree@MU?$CompareFunction@M@BinaryTreeTemplate@@@BinaryTreeTemplate@@UAE_NABM@Z 0041e76c     Main.obj
 0003:00002774       __ehfuncinfo$?Put@?$TBinaryTree@MU?$CompareFunction@M@BinaryTreeTemplate@@@BinaryTreeTemplate@@UAE_NABM@Z 0041e774     Main.obj
 0003:0000279c       __unwindtable$?Remove@?$TBinaryTree@MU?$CompareFunction@M@BinaryTreeTemplate@@@BinaryTreeTemplate@@UAE_NABM@Z 0041e79c     Main.obj
 0003:000027a4       __ehfuncinfo$?Remove@?$TBinaryTree@MU?$CompareFunction@M@BinaryTreeTemplate@@@BinaryTreeTemplate@@UAE_NABM@Z 0041e7a4     Main.obj
 0003:000027cc       __unwindtable$?Search@?$TBinaryTree@MU?$CompareFunction@M@BinaryTreeTemplate@@@BinaryTreeTemplate@@UAE_NABM@Z 0041e7cc     Main.obj
 0003:000027d4       __ehfuncinfo$?Search@?$TBinaryTree@MU?$CompareFunction@M@BinaryTreeTemplate@@@BinaryTreeTemplate@@UAE_NABM@Z 0041e7d4     Main.obj
 0003:000027fc       __ehfuncinfo$??1?$TNode@M@BinaryTreeTemplate@@QAE@XZ 0041e7fc     Main.obj
 0003:00002824       __ehfuncinfo$??1?$TNode@H@BinaryTreeTemplate@@QAE@XZ 0041e824     Main.obj
 0003:0000284c       __catchsym$??$?6U?$char_traits@D@std@@@std@@YAAAV?$basic_ostream@DU?$char_traits@D@std@@@0@AAV10@PBD@Z$3 0041e84c     Main.obj
 0003:0000285c       __tryblocktable$??$?6U?$char_traits@D@std@@@std@@YAAAV?$basic_ostream@DU?$char_traits@D@std@@@0@AAV10@PBD@Z 0041e85c     Main.obj
 0003:00002870       __unwindtable$??$?6U?$char_traits@D@std@@@std@@YAAAV?$basic_ostream@DU?$char_traits@D@std@@@0@AAV10@PBD@Z 0041e870     Main.obj
 0003:00002888       __ehfuncinfo$??$?6U?$char_traits@D@std@@@std@@YAAAV?$basic_ostream@DU?$char_traits@D@std@@@0@AAV10@PBD@Z 0041e888     Main.obj
 0003:000028b8       __ehfuncinfo$??1_Sentry_base@?$basic_ostream@DU?$char_traits@D@std@@@std@@QAE@XZ 0041e8b8     Main.obj
 0003:000028e0       __unwindtable$??0sentry@?$basic_ostream@DU?$char_traits@D@std@@@std@@QAE@AAV12@@Z 0041e8e0     Main.obj
 0003:000028e8       __ehfuncinfo$??0sentry@?$basic_ostream@DU?$char_traits@D@std@@@std@@QAE@AAV12@@Z 0041e8e8     Main.obj
 0003:00002910       __ehfuncinfo$??1sentry@?$basic_ostream@DU?$char_traits@D@std@@@std@@QAE@XZ 0041e910     Main.obj
 0003:00002938       __sehtable$?__scrt_common_main_seh@@YAHXZ 0041e938     MSVCRTD:exe_main.obj
 0003:00002958       __sehtable$?notify_debugger@@YAXABUtagEXCEPTION_VISUALCPP_DEBUG_INFO@@@Z 0041e958     MSVCRTD:_error_.obj
 0003:00002a28       __sehtable$___scrt_is_nonwritable_in_current_image 0041ea28     MSVCRTD:utility.obj
 0004:00000448       ?init@?1??_RTC_InitBase@@9@4_NA 0041f448     MSVCRTD:_init_.obj
 0004:00000450       _GS_ExceptionRecord        0041f450     MSVCRTD:gs_report.obj
 0004:000004a0       _GS_ContextRecord          0041f4a0     MSVCRTD:gs_report.obj
 0004:0000080c       ?_RTC_ErrorReportFunc@@3P6AHHPBDH00ZZA 0041f80c     MSVCRTD:_userapi_.obj
 0004:00000810       ?_RTC_ErrorReportFuncW@@3P6AHHPB_WH00ZZA 0041f810     MSVCRTD:_userapi_.obj
 0004:00000820       ?is_initialized_as_dll@@3_NA 0041f820     MSVCRTD:utility.obj
 0004:00000821       ?module_local_atexit_table_initialized@@3_NA 0041f821     MSVCRTD:utility.obj
 0004:00000824       ?module_local_atexit_table@@3U_onexit_table_t@@A 0041f824     MSVCRTD:utility.obj
 0004:00000830       ?module_local_at_quick_exit_table@@3U_onexit_table_t@@A 0041f830     MSVCRTD:utility.obj
 0004:00000868       ?mspdb@@3PAUHINSTANCE__@@A 0041f868     MSVCRTD:_pdblkup_.obj
 0004:0000086c       ?alreadyTried@?1??GetPdbDll@@YAPAUHINSTANCE__@@XZ@4_NA 0041f86c     MSVCRTD:_pdblkup_.obj
 0004:0000086d       ?PDBOK@?1??_RTC_GetSrcLine@@YAHPAEPA_WKPAH1K@Z@4_NA 0041f86d     MSVCRTD:_pdblkup_.obj
 0005:000008ca       .idata$6                   004208ca     msvcprtd:MSVCP140D.dll
 0005:000009c8       .idata$6                   004209c8     vcruntimed:VCRUNTIME140D.dll
 0005:00000cc2       .idata$6                   00420cc2     ucrtd:ucrtbased.dll
 0005:00000ea6       .idata$6                   00420ea6     kernel32:KERNEL32.dll
 0006:00000000       __F5DA006B_stdafx@h        00422000     BinaryTree.obj
 0006:00000001       __C5B81F9F_binarytree@pch  00422001     BinaryTree.obj
 0006:00000002       __6C939DF9_binarytree@h    00422002     BinaryTree.obj
 0006:00000003       __38AF3EB5_binarytree@cpp  00422003     BinaryTree.obj
 0006:00000004       __80164DCD_memory          00422004     BinaryTree.obj
 0006:00000005       __EE59F769_vcruntime_typeinfo@h 00422005     BinaryTree.obj
 0006:00000006       __252C55E8_xatomic0@h      00422006     BinaryTree.obj
 0006:00000007       __911C26AD_xmemory0        00422007     BinaryTree.obj
 0006:00000008       __404FE7FC_xutility        00422008     BinaryTree.obj
 0006:00000009       __F05194C5_iosfwd          00422009     BinaryTree.obj
 0006:0000000a       __78F4D6C6_string@h        0042200a     BinaryTree.obj
 0006:0000000b       __9F081559_corecrt_memory@h 0042200b     BinaryTree.obj
 0006:0000000c       __02751F76_exception       0042200c     BinaryTree.obj
 0006:0000000d       __66FC6D92_vcruntime_exception@h 0042200d     BinaryTree.obj
 0006:0000000e       __6AAA6594_malloc@h        0042200e     BinaryTree.obj
 0006:0000000f       __A890CD55_type_traits     0042200f     BinaryTree.obj
 0006:00000010       __3CB84143_limits          00422010     BinaryTree.obj
 0006:00000011       __4C0A0615_xtgmath@h       00422011     BinaryTree.obj
 0006:00000012       __54E05BE6_cmath           00422012     BinaryTree.obj
 0006:00000013       __25D2DC36_cstdlib         00422013     BinaryTree.obj
 0006:00000014       __EDC08FAA_corecrt_math@h  00422014     BinaryTree.obj
 0006:00000015       __FE874262_stdlib@h        00422015     BinaryTree.obj
 0006:00000016       __0BE25CBD_vcruntime_new@h 00422016     BinaryTree.obj
 0006:0000001b       __F5DA006B_stdafx@h        0042201b     Main.obj
 0006:0000001c       __C5B81F9F_binarytree@pch  0042201c     Main.obj
 0006:0000001d       __E5C0CEAF_xstddef         0042201d     Main.obj
 0006:0000001e       __12DF59BD_utility         0042201e     Main.obj
 0006:0000001f       __899B9D97_streambuf       0042201f     Main.obj
 0006:00000020       __C0B71217_ostream         00422020     Main.obj
 0006:00000021       __A367272D_istream         00422021     Main.obj
 0006:00000022       __0C99BCE2_xstring         00422022     Main.obj
 0006:00000023       __4DA18247_tbinarytree@h   00422023     Main.obj
 0006:00000024       __A3797CDC_stdio@h         00422024     Main.obj
 0006:00000025       __320E01E0_corecrt_stdio_config@h 00422025     Main.obj
 0006:00000026       __EE44C0DB_main@cpp        00422026     Main.obj
 0006:00000027       __AEA0D38F_ios             00422027     Main.obj
 0006:00000028       __5D5F9F21_wchar@h         00422028     Main.obj
 0006:00000029       __4D20AEC4_xlocnum         00422029     Main.obj
 0006:0000002a       __16FC803E_xiosbase        0042202a     Main.obj
 0006:0000002b       __4CADF6E9_system_error    0042202b     Main.obj
 0006:0000002c       __F3F0E4C9_xcall_once@h    0042202c     Main.obj
 0006:0000002d       __D3A7C8D3_xlocale         0042202d     Main.obj
 0006:0000002e       __AC531AC2_xfacet          0042202e     Main.obj
 0006:0000002f       __80164DCD_memory          0042202f     Main.obj
 0006:00000030       __2F19F72D_xlocinfo        00422030     Main.obj
 0006:00000031       __7C512EE2_ctype@h         00422031     Main.obj
 0006:00000032       __EE59F769_vcruntime_typeinfo@h 00422032     Main.obj
 0006:00000033       __8B3B252B_stdexcept       00422033     Main.obj
 0006:00000034       __252C55E8_xatomic0@h      00422034     Main.obj
 0006:00000035       __911C26AD_xmemory0        00422035     Main.obj
 0006:00000036       __404FE7FC_xutility        00422036     Main.obj
 0006:00000037       __F05194C5_iosfwd          00422037     Main.obj
 0006:00000038       __3CB84143_limits          00422038     Main.obj
 0006:00000039       __02751F76_exception       00422039     Main.obj
 0006:0000003a       __66FC6D92_vcruntime_exception@h 0042203a     Main.obj
 0006:0000003b       __6AAA6594_malloc@h        0042203b     Main.obj
 0006:0000003c       __A890CD55_type_traits     0042203c     Main.obj
 0006:0000003d       __78F4D6C6_string@h        0042203d     Main.obj
 0006:0000003e       __9F081559_corecrt_memory@h 0042203e     Main.obj
 0006:0000003f       __4C0A0615_xtgmath@h       0042203f     Main.obj
 0006:00000040       __54E05BE6_cmath           00422040     Main.obj
 0006:00000041       __25D2DC36_cstdlib         00422041     Main.obj
 0006:00000042       __EDC08FAA_corecrt_math@h  00422042     Main.obj
 0006:00000043       __FE874262_stdlib@h        00422043     Main.obj
 0006:00000044       __0BE25CBD_vcruntime_new@h 00422044     Main.obj
 0006:0000004d       __C5B81F9F_binarytree@pch  0042204d     stdafx.obj
 0006:0000004e       __320E01E0_corecrt_stdio_config@h 0042204e     stdafx.obj
 0006:0000004f       __BAC7FC50_corecrt_wstdio@h 0042204f     stdafx.obj
 0006:00000050       __A3797CDC_stdio@h         00422050     stdafx.obj
 0006:00000051       __07523DAF_corecrt_memcpy_s@h 00422051     stdafx.obj
 0006:00000052       __FEB88A67_corecrt_wconio@h 00422052     stdafx.obj
 0006:00000053       __BE076D93_corecrt_wio@h   00422053     stdafx.obj
 0006:00000054       __9CE3A74D_corecrt_wstring@h 00422054     stdafx.obj
 0006:00000055       __90701A18_corecrt_wtime@h 00422055     stdafx.obj
 0006:00000056       __33831CCF_stat@h          00422056     stdafx.obj
 0006:00000057       __5D5F9F21_wchar@h         00422057     stdafx.obj
 0006:00000058       __6CB785BC_tchar@h         00422058     stdafx.obj
 0008:00000170       $R000000                   00424170     * linker generated manifest res *
