 BinaryTree

 Timestamp is 5c4133fe (Thu Jan 17 18:03:42 2019)

 Preferred load address is 00400000

 Start         Length     Name                   Class
 0001:00000000 00010000H .textbss                DATA
 0002:00000000 00009bc0H .text$mn                CODE
 0002:00009bc0 0000148fH .text$x                 CODE
 0003:00000000 00000104H .CRT$XCA                DATA
 0003:00000104 00000104H .CRT$XCAA               DATA
 0003:00000208 00000104H .CRT$XCZ                DATA
 0003:0000030c 00000104H .CRT$XIA                DATA
 0003:00000410 00000104H .CRT$XIAA               DATA
 0003:00000514 00000104H .CRT$XIAC               DATA
 0003:00000618 00000104H .CRT$XIZ                DATA
 0003:0000071c 00000104H .CRT$XPA                DATA
 0003:00000820 00000104H .CRT$XPZ                DATA
 0003:00000924 00000104H .CRT$XTA                DATA
 0003:00000a28 00000108H .CRT$XTZ                DATA
 0003:00000b30 00000e90H .rdata                  DATA
 0003:000019c0 000003dcH .rdata$r                DATA
 0003:00001d9c 0000019cH .rdata$zzzdbg           DATA
 0003:00001f38 00000104H .rtc$IAA                DATA
 0003:0000203c 0000010cH .rtc$IMZ                DATA
 0003:00002148 00000104H .rtc$IZZ                DATA
 0003:0000224c 00000104H .rtc$TAA                DATA
 0003:00002350 0000010cH .rtc$TMZ                DATA
 0003:0000245c 00000104H .rtc$TZZ                DATA
 0003:00002560 0000064cH .xdata$x                DATA
 0003:00002bac 00000000H .edata                  DATA
 0004:00000000 00000140H .data                   DATA
 0004:00000140 000002f8H .data$r                 DATA
 0004:00000438 00000468H .bss                    DATA
 0005:00000000 00000260H .idata$5                DATA
 0005:00000260 00000050H .idata$2                DATA
 0005:000002b0 00000014H .idata$3                DATA
 0005:000002c4 00000260H .idata$4                DATA
 0005:00000524 00000b84H .idata$6                DATA
 0006:00000000 0000015cH .msvcjmc                DATA
 0007:00000000 00000104H .00cfg                  DATA
 0008:00000000 00000170H .rsrc$01                DATA
 0008:00000170 000002ccH .rsrc$02                DATA

  Address         Publics by Value              Rva+Base       Lib:Object

 0000:00000000       ___hybrid_auxiliary_iat    00000000     <absolute>
 0000:00000000       ___guard_longjmp_count     00000000     <absolute>
 0000:00000000       ___safe_se_handler_count   00000000     <absolute>
 0000:00000000       ___hybrid_code_map         00000000     <absolute>
 0000:00000000       ___volatile_metadata       00000000     <absolute>
 0000:00000000       ___dynamic_value_reloc_table 00000000     <absolute>
 0000:00000000       ___safe_se_handler_table   00000000     <absolute>
 0000:00000000       ___guard_longjmp_table     00000000     <absolute>
 0000:00000000       ___guard_fids_table        00000000     <absolute>
 0000:00000000       ___guard_fids_count        00000000     <absolute>
 0000:00000000       ___hybrid_code_map_count   00000000     <absolute>
 0000:00000000       ___guard_iat_table         00000000     <absolute>
 0000:00000000       ___enclave_config          00000000     <absolute>
 0000:00000000       ___guard_iat_count         00000000     <absolute>
 0000:00000100       ___guard_flags             00000100     <absolute>
 0000:00000000       ___ImageBase               00400000     <linker-defined>
 0001:00000000       __enc$textbss$begin        00401000     <linker-defined>
 0001:00010000       __enc$textbss$end          00411000     <linker-defined>
 0002:00000b90       ??0BinaryTree@@QAE@XZ      00411b90 f   BinaryTree.obj
 0002:00000bf0       ??1BinaryTree@@QAE@XZ      00411bf0 f   BinaryTree.obj
 0002:00000c80       ?AddValue@BinaryTree@@QAE_NPAH@Z 00411c80 f   BinaryTree.obj
 0002:00000db0       ?CreateNode@BinaryTree@@IAEPAU_Node@@XZ 00411db0 f   BinaryTree.obj
 0002:00000e40       ?InsertNode@BinaryTree@@IAE_NPAU_Node@@0@Z 00411e40 f   BinaryTree.obj
 0002:00000f30       ?SearchTree@BinaryTree@@QAE_NH@Z 00411f30 f   BinaryTree.obj
 0002:00000fd0       ?Traverse@BinaryTree@@IAE_NPAU_Node@@H@Z 00411fd0 f   BinaryTree.obj
 0002:000010b0       __JustMyCode_Default       004120b0 f i BinaryTree.obj
 0002:000010c0       ??$?6U?$char_traits@D@std@@@std@@YAAAV?$basic_ostream@DU?$char_traits@D@std@@@0@AAV10@PBD@Z 004120c0 f i Main.obj
 0002:000016a0       ??0?$CompareFunction@H@BinaryTreeTemplate@@QAE@XZ 004126a0 f i Main.obj
 0002:000016f0       ??0?$CompareFunction@M@BinaryTreeTemplate@@QAE@XZ 004126f0 f i Main.obj
 0002:00001740       ??0?$TBinaryTree@HU?$CompareFunction@H@BinaryTreeTemplate@@@BinaryTreeTemplate@@QAE@XZ 00412740 f i Main.obj
 0002:000017c0       ??0?$TBinaryTree@MU?$CompareFunction@M@BinaryTreeTemplate@@@BinaryTreeTemplate@@QAE@XZ 004127c0 f i Main.obj
 0002:00001840       ??0?$TNode@H@BinaryTreeTemplate@@QAE@ABH@Z 00412840 f i Main.obj
 0002:000018c0       ??0?$TNode@M@BinaryTreeTemplate@@QAE@ABM@Z 004128c0 f i Main.obj
 0002:00001940       ??0_Sentry_base@?$basic_ostream@DU?$char_traits@D@std@@@std@@QAE@AAV12@@Z 00412940 f i Main.obj
 0002:00001a40       ??0sentry@?$basic_ostream@DU?$char_traits@D@std@@@std@@QAE@AAV12@@Z 00412a40 f i Main.obj
 0002:00001bd0       ??1?$TBinaryTree@HU?$CompareFunction@H@BinaryTreeTemplate@@@BinaryTreeTemplate@@UAE@XZ 00412bd0 f i Main.obj
 0002:00001c80       ??1?$TBinaryTree@MU?$CompareFunction@M@BinaryTreeTemplate@@@BinaryTreeTemplate@@UAE@XZ 00412c80 f i Main.obj
 0002:00001d30       ??1?$TNode@H@BinaryTreeTemplate@@QAE@XZ 00412d30 f i Main.obj
 0002:00001dc0       ??1?$TNode@M@BinaryTreeTemplate@@QAE@XZ 00412dc0 f i Main.obj
 0002:00001e50       ??1_Sentry_base@?$basic_ostream@DU?$char_traits@D@std@@@std@@QAE@XZ 00412e50 f i Main.obj
 0002:00001f70       ??1sentry@?$basic_ostream@DU?$char_traits@D@std@@@std@@QAE@XZ 00412f70 f i Main.obj
 0002:00002030       ??Bsentry@?$basic_ostream@DU?$char_traits@D@std@@@std@@QBE_NXZ 00413030 f i Main.obj
 0002:00002090       ??R?$CompareFunction@H@BinaryTreeTemplate@@UBEKPAV?$TNode@H@1@0@Z 00413090 f i Main.obj
 0002:00002120       ??R?$CompareFunction@M@BinaryTreeTemplate@@UBEKPAV?$TNode@M@1@0@Z 00413120 f i Main.obj
 0002:000021c0       ??_E?$TBinaryTree@HU?$CompareFunction@H@BinaryTreeTemplate@@@BinaryTreeTemplate@@UAEPAXI@Z 004131c0 f i Main.obj
 0002:000021c0       ??_G?$TBinaryTree@HU?$CompareFunction@H@BinaryTreeTemplate@@@BinaryTreeTemplate@@UAEPAXI@Z 004131c0 f i Main.obj
 0002:00002230       ??_G?$TBinaryTree@MU?$CompareFunction@M@BinaryTreeTemplate@@@BinaryTreeTemplate@@UAEPAXI@Z 00413230 f i Main.obj
 0002:00002230       ??_E?$TBinaryTree@MU?$CompareFunction@M@BinaryTreeTemplate@@@BinaryTreeTemplate@@UAEPAXI@Z 00413230 f i Main.obj
 0002:000022a0       ??_G?$TNode@H@BinaryTreeTemplate@@QAEPAXI@Z 004132a0 f i Main.obj
 0002:00002310       ??_G?$TNode@M@BinaryTreeTemplate@@QAEPAXI@Z 00413310 f i Main.obj
 0002:00002380       ?AddNode@?$TBinaryTree@HU?$CompareFunction@H@BinaryTreeTemplate@@@BinaryTreeTemplate@@EAE_NPAV?$TNode@H@2@@Z 00413380 f i Main.obj
 0002:00002420       ?AddNode@?$TBinaryTree@MU?$CompareFunction@M@BinaryTreeTemplate@@@BinaryTreeTemplate@@EAE_NPAV?$TNode@M@2@@Z 00413420 f i Main.obj
 0002:000024c0       ?AddTreeBranch@?$TBinaryTree@HU?$CompareFunction@H@BinaryTreeTemplate@@@BinaryTreeTemplate@@EAE_NPAV?$TNode@H@2@@Z 004134c0 f i Main.obj
 0002:000025d0       ?AddTreeBranch@?$TBinaryTree@MU?$CompareFunction@M@BinaryTreeTemplate@@@BinaryTreeTemplate@@EAE_NPAV?$TNode@M@2@@Z 004135d0 f i Main.obj
 0002:000026e0       ?ClearTree@?$TBinaryTree@HU?$CompareFunction@H@BinaryTreeTemplate@@@BinaryTreeTemplate@@UAE_NXZ 004136e0 f i Main.obj
 0002:00002760       ?ClearTree@?$TBinaryTree@MU?$CompareFunction@M@BinaryTreeTemplate@@@BinaryTreeTemplate@@UAE_NXZ 00413760 f i Main.obj
 0002:000027e0       ?DeleteTree@?$TBinaryTree@HU?$CompareFunction@H@BinaryTreeTemplate@@@BinaryTreeTemplate@@EAE_NPAV?$TNode@H@2@@Z 004137e0 f i Main.obj
 0002:000028f0       ?DeleteTree@?$TBinaryTree@MU?$CompareFunction@M@BinaryTreeTemplate@@@BinaryTreeTemplate@@EAE_NPAV?$TNode@M@2@@Z 004138f0 f i Main.obj
 0002:00002a00       ?PrintTree@?$TBinaryTree@HU?$CompareFunction@H@BinaryTreeTemplate@@@BinaryTreeTemplate@@UAE_NXZ 00413a00 f i Main.obj
 0002:00002a90       ?PrintTree@?$TBinaryTree@MU?$CompareFunction@M@BinaryTreeTemplate@@@BinaryTreeTemplate@@UAE_NXZ 00413a90 f i Main.obj
 0002:00002b20       ?Put@?$TBinaryTree@HU?$CompareFunction@H@BinaryTreeTemplate@@@BinaryTreeTemplate@@UAE_NABH@Z 00413b20 f i Main.obj
 0002:00002c80       ?Put@?$TBinaryTree@MU?$CompareFunction@M@BinaryTreeTemplate@@@BinaryTreeTemplate@@UAE_NABM@Z 00413c80 f i Main.obj
 0002:00002de0       ?RecurseAdd@?$TBinaryTree@HU?$CompareFunction@H@BinaryTreeTemplate@@@BinaryTreeTemplate@@MAE_NPAV?$TNode@H@2@0@Z 00413de0 f i Main.obj
 0002:00002f00       ?RecurseAdd@?$TBinaryTree@MU?$CompareFunction@M@BinaryTreeTemplate@@@BinaryTreeTemplate@@MAE_NPAV?$TNode@M@2@0@Z 00413f00 f i Main.obj
 0002:00003020       ?RecursePrint@?$TBinaryTree@HU?$CompareFunction@H@BinaryTreeTemplate@@@BinaryTreeTemplate@@MAE_NPAV?$TNode@H@2@@Z 00414020 f i Main.obj
 0002:00003110       ?RecursePrint@?$TBinaryTree@MU?$CompareFunction@M@BinaryTreeTemplate@@@BinaryTreeTemplate@@MAE_NPAV?$TNode@M@2@@Z 00414110 f i Main.obj
 0002:00003200       ?RecurseRemove@?$TBinaryTree@HU?$CompareFunction@H@BinaryTreeTemplate@@@BinaryTreeTemplate@@MAE_NPAV?$TNode@H@2@00@Z 00414200 f i Main.obj
 0002:00003420       ?RecurseRemove@?$TBinaryTree@MU?$CompareFunction@M@BinaryTreeTemplate@@@BinaryTreeTemplate@@MAE_NPAV?$TNode@M@2@00@Z 00414420 f i Main.obj
 0002:00003640       ?RecurseSearch@?$TBinaryTree@HU?$CompareFunction@H@BinaryTreeTemplate@@@BinaryTreeTemplate@@MAE_NPAV?$TNode@H@2@0@Z 00414640 f i Main.obj
 0002:000037a0       ?RecurseSearch@?$TBinaryTree@MU?$CompareFunction@M@BinaryTreeTemplate@@@BinaryTreeTemplate@@MAE_NPAV?$TNode@M@2@0@Z 004147a0 f i Main.obj
 0002:00003900       ?Remove@?$TBinaryTree@HU?$CompareFunction@H@BinaryTreeTemplate@@@BinaryTreeTemplate@@UAE_NABH@Z 00414900 f i Main.obj
 0002:00003ab0       ?Remove@?$TBinaryTree@MU?$CompareFunction@M@BinaryTreeTemplate@@@BinaryTreeTemplate@@UAE_NABM@Z 00414ab0 f i Main.obj
 0002:00003c60       ?Search@?$TBinaryTree@HU?$CompareFunction@H@BinaryTreeTemplate@@@BinaryTreeTemplate@@UAE_NABH@Z 00414c60 f i Main.obj
 0002:00003e10       ?Search@?$TBinaryTree@MU?$CompareFunction@M@BinaryTreeTemplate@@@BinaryTreeTemplate@@UAE_NABM@Z 00414e10 f i Main.obj
 0002:00003fc0       ?StandardBinaryTreePractice@@YAXXZ 00414fc0 f   Main.obj
 0002:000041a0       ?TemplateBinaryTreePractice@@YAXXZ 004151a0 f   Main.obj
 0002:00004620       ?__autoclassinit2@?$TBinaryTree@HU?$CompareFunction@H@BinaryTreeTemplate@@@BinaryTreeTemplate@@QAEXI@Z 00415620 f i Main.obj
 0002:00004680       ?__autoclassinit2@?$TBinaryTree@MU?$CompareFunction@M@BinaryTreeTemplate@@@BinaryTreeTemplate@@QAEXI@Z 00415680 f i Main.obj
 0002:000046e0       ?__autoclassinit2@?$TNode@H@BinaryTreeTemplate@@QAEXI@Z 004156e0 f i Main.obj
 0002:00004740       ?__autoclassinit2@?$TNode@M@BinaryTreeTemplate@@QAEXI@Z 00415740 f i Main.obj
 0002:000047a0       ?__autoclassinit2@BinaryTree@@QAEXI@Z 004157a0 f i Main.obj
 0002:00004800       ?__empty_global_delete@@YAXPAX@Z 00415800 f i Main.obj
 0002:00004850       ?__empty_global_delete@@YAXPAXI@Z 00415850 f i Main.obj
 0002:000048a0       ?eof@?$char_traits@D@std@@SAHXZ 004158a0 f i Main.obj
 0002:00004930       ?eq_int_type@?$char_traits@D@std@@SA_NABH0@Z 00415930 f i Main.obj
 0002:000049f0       ?length@?$char_traits@D@std@@SAIQBD@Z 004159f0 f i Main.obj
 0002:00004a80       ___local_stdio_printf_options 00415a80 f i Main.obj
 0002:00004ae0       __vfprintf_l               00415ae0 f i Main.obj
 0002:00004b70       _main                      00415b70 f   Main.obj
 0002:00004bd0       _printf                    00415bd0 f i Main.obj
 0002:00004c63       ?uncaught_exception@std@@YA_NXZ 00415c63 f   msvcprtd:MSVCP140D.dll
 0002:00004c69       ?good@ios_base@std@@QBE_NXZ 00415c69 f   msvcprtd:MSVCP140D.dll
 0002:00004c6f       ?flags@ios_base@std@@QBEHXZ 00415c6f f   msvcprtd:MSVCP140D.dll
 0002:00004c75       ?width@ios_base@std@@QBE_JXZ 00415c75 f   msvcprtd:MSVCP140D.dll
 0002:00004c7b       ?width@ios_base@std@@QAE_J_J@Z 00415c7b f   msvcprtd:MSVCP140D.dll
 0002:00004c81       ?sputc@?$basic_streambuf@DU?$char_traits@D@std@@@std@@QAEHD@Z 00415c81 f   msvcprtd:MSVCP140D.dll
 0002:00004c87       ?sputn@?$basic_streambuf@DU?$char_traits@D@std@@@std@@QAE_JPBD_J@Z 00415c87 f   msvcprtd:MSVCP140D.dll
 0002:00004c8d       ?setstate@?$basic_ios@DU?$char_traits@D@std@@@std@@QAEXH_N@Z 00415c8d f   msvcprtd:MSVCP140D.dll
 0002:00004c93       ?tie@?$basic_ios@DU?$char_traits@D@std@@@std@@QBEPAV?$basic_ostream@DU?$char_traits@D@std@@@2@XZ 00415c93 f   msvcprtd:MSVCP140D.dll
 0002:00004c99       ?rdbuf@?$basic_ios@DU?$char_traits@D@std@@@std@@QBEPAV?$basic_streambuf@DU?$char_traits@D@std@@@2@XZ 00415c99 f   msvcprtd:MSVCP140D.dll
 0002:00004c9f       ?fill@?$basic_ios@DU?$char_traits@D@std@@@std@@QBEDXZ 00415c9f f   msvcprtd:MSVCP140D.dll
 0002:00004ca5       ?_Osfx@?$basic_ostream@DU?$char_traits@D@std@@@std@@QAEXXZ 00415ca5 f   msvcprtd:MSVCP140D.dll
 0002:00004cab       ??6?$basic_ostream@DU?$char_traits@D@std@@@std@@QAEAAV01@H@Z 00415cab f   msvcprtd:MSVCP140D.dll
 0002:00004cb1       ??6?$basic_ostream@DU?$char_traits@D@std@@@std@@QAEAAV01@M@Z 00415cb1 f   msvcprtd:MSVCP140D.dll
 0002:00004cb7       ?flush@?$basic_ostream@DU?$char_traits@D@std@@@std@@QAEAAV12@XZ 00415cb7 f   msvcprtd:MSVCP140D.dll
 0002:00004cc0       @__CheckForDebuggerJustMyCode@4 00415cc0 f   MSVCRTD:debugger_jmc.obj
 0002:00004d10       @__security_check_cookie@4 00415d10 f   MSVCRTD:_secchk_.obj
 0002:00004d30       @_RTC_AllocaHelper@12      00415d30 f   MSVCRTD:_stack_.obj
 0002:00004d70       @_RTC_CheckStackVars2@12   00415d70 f   MSVCRTD:_stack_.obj
 0002:00004e90       @_RTC_CheckStackVars@8     00415e90 f   MSVCRTD:_stack_.obj
 0002:00004f10       __RTC_CheckEsp             00415f10 f   MSVCRTD:_stack_.obj
 0002:00004f50       __CRT_RTC_INIT             00415f50 f   MSVCRTD:_init_.obj
 0002:00004f60       __CRT_RTC_INITW            00415f60 f   MSVCRTD:_init_.obj
 0002:00004f70       __RTC_InitBase             00415f70 f   MSVCRTD:_init_.obj
 0002:00004fb0       __RTC_Shutdown             00415fb0 f   MSVCRTD:_init_.obj
 0002:00004fd0       ??2@YAPAXI@Z               00415fd0 f   MSVCRTD:new_scalar.obj
 0002:00005030       ??3@YAXPAXI@Z              00416030 f   MSVCRTD:delete_scalar_size.obj
 0002:00005050       ??1type_info@@UAE@XZ       00416050 f   MSVCRTD:std_type_info_static.obj
 0002:00005070       ??_Etype_info@@UAEPAXI@Z   00416070 f i MSVCRTD:std_type_info_static.obj
 0002:00005070       ??_Gtype_info@@UAEPAXI@Z   00416070 f i MSVCRTD:std_type_info_static.obj
 0002:00005480       ?configure_argv@__scrt_narrow_argv_policy@@SAHXZ 00416480 f i MSVCRTD:exe_main.obj
 0002:000054a0       ?initialize_environment@__scrt_narrow_environment_policy@@SAHXZ 004164a0 f i MSVCRTD:exe_main.obj
 0002:000054e0       ?set_app_type@__scrt_main_policy@@SAXXZ 004164e0 f i MSVCRTD:exe_main.obj
 0002:00005500       ?set_commode@__scrt_file_policy@@SAXXZ 00416500 f i MSVCRTD:exe_main.obj
 0002:00005520       ?set_fmode@__scrt_file_policy@@SAXXZ 00416520 f i MSVCRTD:exe_main.obj
 0002:00005540       _mainCRTStartup            00416540 f   MSVCRTD:exe_main.obj
 0002:00005550       ___raise_securityfailure   00416550 f   MSVCRTD:gs_report.obj
 0002:00005590       ___report_gsfailure        00416590 f   MSVCRTD:gs_report.obj
 0002:000056e0       ___report_rangecheckfailure 004166e0 f   MSVCRTD:gs_report.obj
 0002:000056f0       ___report_securityfailure  004166f0 f   MSVCRTD:gs_report.obj
 0002:00005800       ___report_securityfailureEx 00416800 f   MSVCRTD:gs_report.obj
 0002:00005a20       ?_RTC_AllocaFailure@@YAXPAXPAU_RTC_ALLOCA_NODE@@H@Z 00416a20 f   MSVCRTD:_error_.obj
 0002:00005b40       ?_RTC_Failure@@YAXPAXH@Z   00416b40 f   MSVCRTD:_error_.obj
 0002:00005bb0       ?_RTC_StackFailure@@YAXPAXPBD@Z 00416bb0 f   MSVCRTD:_error_.obj
 0002:00006060       __RTC_UninitUse            00417060 f   MSVCRTD:_error_.obj
 0002:00006140       __vsprintf_s_l             00417140 f i MSVCRTD:_error_.obj
 0002:00006180       _sprintf_s                 00417180 f i MSVCRTD:_error_.obj
 0002:000061b0       ?_RTC_GetErrorFunc@@YAP6AHHPBDH00ZZPBX@Z 004171b0 f   MSVCRTD:_userapi_.obj
 0002:000061c0       ?_RTC_GetErrorFuncW@@YAP6AHHPB_WH00ZZPBX@Z 004171c0 f   MSVCRTD:_userapi_.obj
 0002:000061d0       __RTC_GetErrDesc           004171d0 f   MSVCRTD:_userapi_.obj
 0002:000061f0       __RTC_NumErrors            004171f0 f   MSVCRTD:_userapi_.obj
 0002:00006200       __RTC_SetErrorFunc         00417200 f   MSVCRTD:_userapi_.obj
 0002:00006230       __RTC_SetErrorFuncW        00417230 f   MSVCRTD:_userapi_.obj
 0002:00006260       __RTC_SetErrorType         00417260 f   MSVCRTD:_userapi_.obj
 0002:00006290       ??0bad_alloc@std@@AAE@QBD@Z 00417290 f i MSVCRTD:throw_bad_alloc.obj
 0002:000062c0       ??0bad_alloc@std@@QAE@ABV01@@Z 004172c0 f i MSVCRTD:throw_bad_alloc.obj
 0002:000062f0       ??0bad_alloc@std@@QAE@XZ   004172f0 f i MSVCRTD:throw_bad_alloc.obj
 0002:00006320       ??0bad_array_new_length@std@@QAE@ABV01@@Z 00417320 f i MSVCRTD:throw_bad_alloc.obj
 0002:00006350       ??0bad_array_new_length@std@@QAE@XZ 00417350 f i MSVCRTD:throw_bad_alloc.obj
 0002:00006380       ??0exception@std@@QAE@ABV01@@Z 00417380 f i MSVCRTD:throw_bad_alloc.obj
 0002:000063d0       ??0exception@std@@QAE@QBDH@Z 004173d0 f i MSVCRTD:throw_bad_alloc.obj
 0002:00006410       ??1bad_alloc@std@@UAE@XZ   00417410 f i MSVCRTD:throw_bad_alloc.obj
 0002:00006430       ??1bad_array_new_length@std@@UAE@XZ 00417430 f i MSVCRTD:throw_bad_alloc.obj
 0002:00006450       ??1exception@std@@UAE@XZ   00417450 f i MSVCRTD:throw_bad_alloc.obj
 0002:00006480       ??_Gbad_alloc@std@@UAEPAXI@Z 00417480 f i MSVCRTD:throw_bad_alloc.obj
 0002:00006480       ??_Ebad_alloc@std@@UAEPAXI@Z 00417480 f i MSVCRTD:throw_bad_alloc.obj
 0002:000064c0       ??_Ebad_array_new_length@std@@UAEPAXI@Z 004174c0 f i MSVCRTD:throw_bad_alloc.obj
 0002:000064c0       ??_Gbad_array_new_length@std@@UAEPAXI@Z 004174c0 f i MSVCRTD:throw_bad_alloc.obj
 0002:00006500       ??_Gexception@std@@UAEPAXI@Z 00417500 f i MSVCRTD:throw_bad_alloc.obj
 0002:00006500       ??_Eexception@std@@UAEPAXI@Z 00417500 f i MSVCRTD:throw_bad_alloc.obj
 0002:00006540       ?__scrt_throw_std_bad_alloc@@YAXXZ 00417540 f   MSVCRTD:throw_bad_alloc.obj
 0002:00006570       ?__scrt_throw_std_bad_array_new_length@@YAXXZ 00417570 f   MSVCRTD:throw_bad_alloc.obj
 0002:000065a0       ?what@exception@std@@UBEPBDXZ 004175a0 f i MSVCRTD:throw_bad_alloc.obj
 0002:000065e0       ??3@YAXPAX@Z               004175e0 f   MSVCRTD:delete_scalar.obj
 0002:00006600       ??$__crt_fast_decode_pointer@PAP6AXXZ@@YAPAP6AXXZQAP6AXXZ@Z 00417600 f i MSVCRTD:utility.obj
 0002:00006630       ??$__crt_fast_encode_pointer@PAP6AXXZ@@YAPAP6AXXZQAP6AXXZ@Z 00417630 f i MSVCRTD:utility.obj
 0002:00006670       ?__crt_rotate_pointer_value@@YAIIH@Z 00417670 f i MSVCRTD:utility.obj
 0002:000067c0       _NtCurrentTeb              004177c0 f i MSVCRTD:utility.obj
 0002:000067d0       ___scrt_acquire_startup_lock 004177d0 f   MSVCRTD:utility.obj
 0002:00006830       ___scrt_dllmain_after_initialize_c 00417830 f   MSVCRTD:utility.obj
 0002:00006870       ___scrt_dllmain_before_initialize_c 00417870 f   MSVCRTD:utility.obj
 0002:000068a0       ___scrt_dllmain_crt_thread_attach 004178a0 f   MSVCRTD:utility.obj
 0002:000068e0       ___scrt_dllmain_crt_thread_detach 004178e0 f   MSVCRTD:utility.obj
 0002:00006900       ___scrt_dllmain_exception_filter 00417900 f   MSVCRTD:utility.obj
 0002:00006960       ___scrt_dllmain_uninitialize_c 00417960 f   MSVCRTD:utility.obj
 0002:000069a0       ___scrt_dllmain_uninitialize_critical 004179a0 f   MSVCRTD:utility.obj
 0002:000069c0       ___scrt_initialize_crt     004179c0 f   MSVCRTD:utility.obj
 0002:00006a20       ___scrt_initialize_onexit_tables 00417a20 f   MSVCRTD:utility.obj
 0002:00006b40       ___scrt_is_nonwritable_in_current_image 00417b40 f   MSVCRTD:utility.obj
 0002:00006cc0       ___scrt_release_startup_lock 00417cc0 f   MSVCRTD:utility.obj
 0002:00006cf0       ___scrt_uninitialize_crt   00417cf0 f   MSVCRTD:utility.obj
 0002:00006d40       __onexit                   00417d40 f   MSVCRTD:utility.obj
 0002:00006dd0       _at_quick_exit             00417dd0 f   MSVCRTD:utility.obj
 0002:00006e30       _atexit                    00417e30 f   MSVCRTD:utility.obj
 0002:00006f00       ___security_init_cookie    00417f00 f   MSVCRTD:gs_support.obj
 0002:00006fa0       __matherr                  00417fa0 f   MSVCRTD:matherr.obj
 0002:00006fb0       __get_startup_argv_mode    00417fb0 f   MSVCRTD:argv_mode.obj
 0002:00006fc0       __get_startup_commit_mode  00417fc0 f   MSVCRTD:commit_mode.obj
 0002:00006fd0       __get_startup_file_mode    00417fd0 f   MSVCRTD:file_mode.obj
 0002:00006fe0       __get_startup_new_mode     00417fe0 f   MSVCRTD:new_mode.obj
 0002:00006ff0       __get_startup_thread_locale_mode 00417ff0 f   MSVCRTD:thread_locale.obj
 0002:00007000       ?__scrt_initialize_type_info@@YAXXZ 00418000 f   MSVCRTD:tncleanup.obj
 0002:00007020       ?__scrt_uninitialize_type_info@@YAXXZ 00418020 f   MSVCRTD:tncleanup.obj
 0002:00007040       __should_initialize_environment 00418040 f   MSVCRTD:env_mode.obj
 0002:00007050       __initialize_default_precision 00418050 f   MSVCRTD:default_precision.obj
 0002:00007080       __initialize_invalid_parameter_handler 00418080 f   MSVCRTD:invalid_parameter_handler.obj
 0002:00007090       __initialize_denormal_control 00418090 f   MSVCRTD:denormal_control.obj
 0002:000070a0       ___local_stdio_scanf_options 004180a0 f i MSVCRTD:default_local_stdio_options.obj
 0002:000070b0       ___scrt_initialize_default_local_stdio_options 004180b0 f   MSVCRTD:default_local_stdio_options.obj
 0002:00007100       ___scrt_is_user_matherr_present 00418100 f   MSVCRTD:matherr_detection.obj
 0002:00007130       ___scrt_get_dyn_tls_init_callback 00418130 f   MSVCRTD:dyn_tls_init.obj
 0002:00007140       ___scrt_get_dyn_tls_dtor_callback 00418140 f   MSVCRTD:dyn_tls_dtor.obj
 0002:00007150       ___scrt_fastfail           00418150 f   MSVCRTD:utility_desktop.obj
 0002:000072e0       ___scrt_get_show_window_mode 004182e0 f   MSVCRTD:utility_desktop.obj
 0002:00007330       ___scrt_initialize_mta     00418330 f   MSVCRTD:utility_desktop.obj
 0002:00007340       ___scrt_initialize_winrt   00418340 f   MSVCRTD:utility_desktop.obj
 0002:00007350       ___scrt_is_managed_app     00418350 f   MSVCRTD:utility_desktop.obj
 0002:00007400       ___scrt_set_unhandled_exception_filter 00418400 f   MSVCRTD:utility_desktop.obj
 0002:00007420       ___scrt_exe_initialize_mta 00418420 f   MSVCRTD:utility_desktop.obj
 0002:00007420       ___scrt_stub_for_initialize_mta 00418420 f   MSVCRTD:utility_desktop.obj
 0002:00007430       ___scrt_unhandled_exception_filter@4 00418430 f   MSVCRTD:utility_desktop.obj
 0002:000074b0       __crt_debugger_hook        004184b0 f   MSVCRTD:utility_desktop.obj
 0002:000074d0       __RTC_Initialize           004184d0 f   MSVCRTD:_initsect_.obj
 0002:00007510       __RTC_Terminate            00418510 f   MSVCRTD:_initsect_.obj
 0002:00007550       __except_handler4          00418550 f   MSVCRTD:_chandler4gs_.obj
 0002:00007580       @_guard_check_icall_nop@4  00418580 f i MSVCRTD:guard_support.obj
 0002:00007590       _ReadNoFence               00418590 f i MSVCRTD:guard_support.obj
 0002:000075b0       _ReadPointerNoFence        004185b0 f i MSVCRTD:guard_support.obj
 0002:000075d0       __guard_icall_checks_enforced 004185d0 f i MSVCRTD:guard_support.obj
 0002:00007ba0       ?_RTC_GetSrcLine@@YAHPAEPA_WKPAH1K@Z 00418ba0 f   MSVCRTD:_pdblkup_.obj
 0002:00008010       __except_handler4_noexcept 00419010 f   MSVCRTD:chandler4_noexcept.obj
 0002:00008070       ___isa_available_init      00419070 f   MSVCRTD:_cpu_disp_.obj
 0002:00008400       ___scrt_is_ucrt_dll_in_use 00419400 f   MSVCRTD:ucrt_detection.obj
 0002:0000842d       ___CxxFrameHandler3        0041942d f   vcruntimed:VCRUNTIME140D.dll
 0002:00008433       _memset                    00419433 f   vcruntimed:VCRUNTIME140D.dll
 0002:00008439       ___std_exception_copy      00419439 f   vcruntimed:VCRUNTIME140D.dll
 0002:0000843f       ___std_exception_destroy   0041943f f   vcruntimed:VCRUNTIME140D.dll
 0002:00008445       __CxxThrowException@8      00419445 f   vcruntimed:VCRUNTIME140D.dll
 0002:0000844b       ___std_type_info_destroy_list 0041944b f   vcruntimed:VCRUNTIME140D.dll
 0002:00008451       __except_handler4_common   00419451 f   vcruntimed:VCRUNTIME140D.dll
 0002:00008457       ___vcrt_GetModuleFileNameW 00419457 f   vcruntimed:VCRUNTIME140D.dll
 0002:0000845d       ___vcrt_GetModuleHandleW   0041945d f   vcruntimed:VCRUNTIME140D.dll
 0002:00008463       ___vcrt_LoadLibraryExW     00419463 f   vcruntimed:VCRUNTIME140D.dll
 0002:00008469       _malloc                    00419469 f   ucrtd:ucrtbased.dll
 0002:0000846f       ___acrt_iob_func           0041946f f   ucrtd:ucrtbased.dll
 0002:00008475       ___stdio_common_vfprintf   00419475 f   ucrtd:ucrtbased.dll
 0002:0000847b       __wassert                  0041947b f   ucrtd:ucrtbased.dll
 0002:00008481       _strlen                    00419481 f   ucrtd:ucrtbased.dll
 0002:00008487       __CrtDbgReport             00419487 f   ucrtd:ucrtbased.dll
 0002:0000848d       __CrtDbgReportW            0041948d f   ucrtd:ucrtbased.dll
 0002:00008493       __callnewh                 00419493 f   ucrtd:ucrtbased.dll
 0002:00008499       __seh_filter_exe           00419499 f   ucrtd:ucrtbased.dll
 0002:0000849f       __set_app_type             0041949f f   ucrtd:ucrtbased.dll
 0002:000084a5       ___setusermatherr          004194a5 f   ucrtd:ucrtbased.dll
 0002:000084ab       __configure_narrow_argv    004194ab f   ucrtd:ucrtbased.dll
 0002:000084b1       __initialize_narrow_environment 004194b1 f   ucrtd:ucrtbased.dll
 0002:000084b7       __get_initial_narrow_environment 004194b7 f   ucrtd:ucrtbased.dll
 0002:000084bd       __initterm                 004194bd f   ucrtd:ucrtbased.dll
 0002:000084c3       __initterm_e               004194c3 f   ucrtd:ucrtbased.dll
 0002:000084c9       _exit                      004194c9 f   ucrtd:ucrtbased.dll
 0002:000084cf       __exit                     004194cf f   ucrtd:ucrtbased.dll
 0002:000084d5       __set_fmode                004194d5 f   ucrtd:ucrtbased.dll
 0002:000084db       ___p___argc                004194db f   ucrtd:ucrtbased.dll
 0002:000084e1       ___p___argv                004194e1 f   ucrtd:ucrtbased.dll
 0002:000084e7       __cexit                    004194e7 f   ucrtd:ucrtbased.dll
 0002:000084ed       __c_exit                   004194ed f   ucrtd:ucrtbased.dll
 0002:000084f3       __register_thread_local_exe_atexit_callback 004194f3 f   ucrtd:ucrtbased.dll
 0002:000084f9       __configthreadlocale       004194f9 f   ucrtd:ucrtbased.dll
 0002:000084ff       __set_new_mode             004194ff f   ucrtd:ucrtbased.dll
 0002:00008505       ___p__commode              00419505 f   ucrtd:ucrtbased.dll
 0002:0000850b       _strcpy_s                  0041950b f   ucrtd:ucrtbased.dll
 0002:00008511       _strcat_s                  00419511 f   ucrtd:ucrtbased.dll
 0002:00008517       ___stdio_common_vsprintf_s 00419517 f   ucrtd:ucrtbased.dll
 0002:0000851d       __free_dbg                 0041951d f   ucrtd:ucrtbased.dll
 0002:00008523       __seh_filter_dll           00419523 f   ucrtd:ucrtbased.dll
 0002:00008529       __initialize_onexit_table  00419529 f   ucrtd:ucrtbased.dll
 0002:0000852f       __register_onexit_function 0041952f f   ucrtd:ucrtbased.dll
 0002:00008535       __execute_onexit_table     00419535 f   ucrtd:ucrtbased.dll
 0002:0000853b       __crt_atexit               0041953b f   ucrtd:ucrtbased.dll
 0002:00008541       __crt_at_quick_exit        00419541 f   ucrtd:ucrtbased.dll
 0002:00008547       __controlfp_s              00419547 f   ucrtd:ucrtbased.dll
 0002:0000854d       _terminate                 0041954d f   ucrtd:ucrtbased.dll
 0002:00008553       __wmakepath_s              00419553 f   ucrtd:ucrtbased.dll
 0002:00008559       __wsplitpath_s             00419559 f   ucrtd:ucrtbased.dll
 0002:0000855f       _wcscpy_s                  0041955f f   ucrtd:ucrtbased.dll
 0002:00008565       _GetCurrentThreadId@0      00419565 f   kernel32:KERNEL32.dll
 0002:0000856b       _UnhandledExceptionFilter@4 0041956b f   kernel32:KERNEL32.dll
 0002:00008571       _SetUnhandledExceptionFilter@4 00419571 f   kernel32:KERNEL32.dll
 0002:00008577       _GetCurrentProcess@0       00419577 f   kernel32:KERNEL32.dll
 0002:0000857d       _TerminateProcess@8        0041957d f   kernel32:KERNEL32.dll
 0002:00008583       _IsProcessorFeaturePresent@4 00419583 f   kernel32:KERNEL32.dll
 0002:00008589       _IsDebuggerPresent@0       00419589 f   kernel32:KERNEL32.dll
 0002:0000858f       _RaiseException@16         0041958f f   kernel32:KERNEL32.dll
 0002:00008595       _MultiByteToWideChar@24    00419595 f   kernel32:KERNEL32.dll
 0002:0000859b       _WideCharToMultiByte@32    0041959b f   kernel32:KERNEL32.dll
 0002:000085a1       _QueryPerformanceCounter@4 004195a1 f   kernel32:KERNEL32.dll
 0002:000085a7       _GetCurrentProcessId@0     004195a7 f   kernel32:KERNEL32.dll
 0002:000085ad       _GetSystemTimeAsFileTime@4 004195ad f   kernel32:KERNEL32.dll
 0002:000085b3       _InitializeSListHead@4     004195b3 f   kernel32:KERNEL32.dll
 0002:000085b9       _GetStartupInfoW@4         004195b9 f   kernel32:KERNEL32.dll
 0002:000085bf       _GetModuleHandleW@4        004195bf f   kernel32:KERNEL32.dll
 0002:000085c5       _GetLastError@0            004195c5 f   kernel32:KERNEL32.dll
 0002:000085cb       _HeapAlloc@12              004195cb f   kernel32:KERNEL32.dll
 0002:000085d1       _HeapFree@12               004195d1 f   kernel32:KERNEL32.dll
 0002:000085d7       _GetProcessHeap@0          004195d7 f   kernel32:KERNEL32.dll
 0002:000085dd       _VirtualQuery@12           004195dd f   kernel32:KERNEL32.dll
 0002:000085e3       _FreeLibrary@4             004195e3 f   kernel32:KERNEL32.dll
 0002:000085e9       _GetProcAddress@8          004195e9 f   kernel32:KERNEL32.dll
 0002:000085f0       ___scrt_stub_for_acrt_initialize 004195f0 f   MSVCRTD:ucrt_stubs.obj
 0002:000085f0       ___vcrt_initialize         004195f0 f   MSVCRTD:ucrt_stubs.obj
 0002:000085f0       ___acrt_initialize         004195f0 f   MSVCRTD:ucrt_stubs.obj
 0002:00008600       ___acrt_thread_attach      00419600 f   MSVCRTD:ucrt_stubs.obj
 0002:00008600       ___vcrt_thread_attach      00419600 f   MSVCRTD:ucrt_stubs.obj
 0002:00008600       ___scrt_stub_for_acrt_thread_attach 00419600 f   MSVCRTD:ucrt_stubs.obj
 0002:00008610       ___vcrt_thread_detach      00419610 f   MSVCRTD:ucrt_stubs.obj
 0002:00008610       ___acrt_thread_detach      00419610 f   MSVCRTD:ucrt_stubs.obj
 0002:00008610       ___scrt_stub_for_acrt_thread_detach 00419610 f   MSVCRTD:ucrt_stubs.obj
 0002:00008620       ___acrt_uninitialize       00419620 f   MSVCRTD:ucrt_stubs.obj
 0002:00008620       ___vcrt_uninitialize       00419620 f   MSVCRTD:ucrt_stubs.obj
 0002:00008620       ___scrt_stub_for_acrt_uninitialize 00419620 f   MSVCRTD:ucrt_stubs.obj
 0002:00008630       ___scrt_stub_for_acrt_uninitialize_critical 00419630 f   MSVCRTD:ucrt_stubs.obj
 0002:00008630       ___vcrt_uninitialize_critical 00419630 f   MSVCRTD:ucrt_stubs.obj
 0002:00008630       ___acrt_uninitialize_critical 00419630 f   MSVCRTD:ucrt_stubs.obj
 0002:00008640       ___scrt_stub_for_is_c_termination_complete 00419640 f   MSVCRTD:ucrt_stubs.obj
 0002:00008640       __is_c_termination_complete 00419640 f   MSVCRTD:ucrt_stubs.obj
 0003:00000000       ___xc_a                    0041d000     MSVCRTD:initializers.obj
 0003:00000208       ___xc_z                    0041d208     MSVCRTD:initializers.obj
 0003:0000030c       ___xi_a                    0041d30c     MSVCRTD:initializers.obj
 0003:00000618       ___xi_z                    0041d618     MSVCRTD:initializers.obj
 0003:0000071c       ___xp_a                    0041d71c     MSVCRTD:initializers.obj
 0003:00000820       ___xp_z                    0041d820     MSVCRTD:initializers.obj
 0003:00000924       ___xt_a                    0041d924     MSVCRTD:initializers.obj
 0003:00000a28       ___xt_z                    0041da28     MSVCRTD:initializers.obj
 0003:00000b34       ??_7?$CompareFunction@H@BinaryTreeTemplate@@6B@ 0041db34     Main.obj
 0003:00000b40       ??_7?$TBinaryTree@HU?$CompareFunction@H@BinaryTreeTemplate@@@BinaryTreeTemplate@@6B@ 0041db40     Main.obj
 0003:00000b84       ??_7?$CompareFunction@M@BinaryTreeTemplate@@6B@ 0041db84     Main.obj
 0003:00000b90       ??_7?$TBinaryTree@MU?$CompareFunction@M@BinaryTreeTemplate@@@BinaryTreeTemplate@@6B@ 0041db90     Main.obj
 0003:00000bd0       ??_C@_0BF@OHBEEKFJ@?6?5Int?5Implementation@ 0041dbd0     Main.obj
 0003:00000bec       ??_C@_01EEMJAFIK@?6@       0041dbec     Main.obj
 0003:00000bf0       ??_C@_0BH@NJADKNDE@?6?5Float?5Implementation@ 0041dbf0     Main.obj
 0003:00000c10       ??_C@_1KO@BJKKBBNK@?$AAe?$AA?3?$AA?2?$AAd?$AAe?$AAv?$AA?2?$AAp?$AAr?$AAo?$AAj?$AAe?$AAc?$AAt?$AAs@ 0041dc10     Main.obj
 0003:00000ce0       ??_C@_1DK@HELIGCNI@?$AA0?$AA?5?$AA?$CG?$AA?$CG?$AA?5?$AA?$CC?$AAS?$AAh?$AAo?$AAu?$AAl?$AAd?$AA?5?$AAn?$AAe@ 0041dce0     Main.obj
 0003:00000d28       __real@3f8ccccd            0041dd28     Main.obj
 0003:00000d2c       __real@3f99999a            0041dd2c     Main.obj
 0003:00000d30       __real@400ccccd            0041dd30     Main.obj
 0003:00000d34       __real@40533333            0041dd34     Main.obj
 0003:00000d38       __real@408ccccd            0041dd38     Main.obj
 0003:00000d3c       __real@40a33333            0041dd3c     Main.obj
 0003:00000d44       ??_7type_info@@6B@         0041dd44     MSVCRTD:std_type_info_static.obj
 0003:00000e18       ??_C@_0NN@NGPKDKPD@The?5value?5of?5ESP?5was?5not?5proper@ 0041de18     MSVCRTD:_error_.obj
 0003:00000f28       ??_C@_0BBN@GPMLNJCF@A?5cast?5to?5a?5smaller?5data?5type?5h@ 0041df28     MSVCRTD:_error_.obj
 0003:00001080       ??_C@_0BN@FFOINMNJ@Stack?5memory?5was?5corrupted?6?$AN@ 0041e080     MSVCRTD:_error_.obj
 0003:000010a4       ??_C@_0DG@HKJMLLLP@A?5local?5variable?5was?5used?5befor@ 0041e0a4     MSVCRTD:_error_.obj
 0003:000010e4       ??_C@_0CM@NGINOKPC@Stack?5memory?5around?5_alloca?5was@ 0041e0e4     MSVCRTD:_error_.obj
 0003:00001118       ??_C@_0BO@GNIAFIKK@Unknown?5Runtime?5Check?5Error?6?$AN@ 0041e118     MSVCRTD:_error_.obj
 0003:00001140       ??_C@_1GM@OLMCBDMB@?$AAR?$AAu?$AAn?$AAt?$AAi?$AAm?$AAe?$AA?5?$AAC?$AAh?$AAe?$AAc?$AAk?$AA?5?$AAE@ 0041e140     MSVCRTD:_error_.obj
 0003:000011c8       ??_C@_1EA@NFKNIFJP@?$AAR?$AAu?$AAn?$AA?9?$AAT?$AAi?$AAm?$AAe?$AA?5?$AAC?$AAh?$AAe?$AAc?$AAk?$AA?5@ 0041e1c8     MSVCRTD:_error_.obj
 0003:00001214       ??_C@_0BB@PFFGGCJP@Unknown?5Filename@ 0041e214     MSVCRTD:_error_.obj
 0003:00001228       ??_C@_0BE@GNBOBNCK@Unknown?5Module?5Name@ 0041e228     MSVCRTD:_error_.obj
 0003:00001240       ??_C@_0CA@IODNCDPG@Run?9Time?5Check?5Failure?5?$CD?$CFd?5?9?5?$CFs@ 0041e240     MSVCRTD:_error_.obj
 0003:00001268       ??_C@_0CG@IAFNJNEE@Stack?5corrupted?5near?5unknown?5va@ 0041e268     MSVCRTD:_error_.obj
 0003:00001298       ??_C@_05MKKEDADM@?$CF?42X?5@ 0041e298     MSVCRTD:_error_.obj
 0003:000012a0       ??_C@_0EJ@LJKNEOLN@Stack?5area?5around?5_alloca?5memor@ 0041e2a0     MSVCRTD:_error_.obj
 0003:000012f8       ??_C@_02LLMPMKNF@?$DO?5@   0041e2f8     MSVCRTD:_error_.obj
 0003:000012fc       ??_C@_08OMAHNMHJ@?6Data?3?5?$DM@ 0041e2fc     MSVCRTD:_error_.obj
 0003:00001308       ??_C@_0CK@DKGBICFE@?6Allocation?5number?5within?5this?5@ 0041e308     MSVCRTD:_error_.obj
 0003:0000133c       ??_C@_07DFDJCKFN@?6Size?3?5@ 0041e33c     MSVCRTD:_error_.obj
 0003:00001348       ??_C@_0N@MHFFIMFG@?6Address?3?50x@ 0041e348     MSVCRTD:_error_.obj
 0003:00001358       ??_C@_0EI@CLEPFNGI@Stack?5area?5around?5_alloca?5memor@ 0041e358     MSVCRTD:_error_.obj
 0003:000013b0       ??_C@_0BK@ODNDAGKB@?$CFs?$CFs?$CFp?$CFs?$CFzd?$CFs?$CFd?$CFs?$CFs?$CFs?$CFs?$CFs@ 0041e3b0     MSVCRTD:_error_.obj
 0003:000013d0       ??_C@_0DE@OHJBPMBP@A?5variable?5is?5being?5used?5withou@ 0041e3d0     MSVCRTD:_error_.obj
 0003:00001428       ??_C@_0BJ@HEGAHDFO@Stack?5pointer?5corruption@ 0041e428     MSVCRTD:_userapi_.obj
 0003:00001448       ??_C@_0CK@FEGOIOPB@Cast?5to?5smaller?5type?5causing?5lo@ 0041e448     MSVCRTD:_userapi_.obj
 0003:0000147c       ??_C@_0BI@CIGMDCBH@Stack?5memory?5corruption@ 0041e47c     MSVCRTD:_userapi_.obj
 0003:00001498       ??_C@_0CK@CNLNOEPB@Local?5variable?5used?5before?5init@ 0041e498     MSVCRTD:_userapi_.obj
 0003:000014cc       ??_C@_0BP@OGBCLIBO@Stack?5around?5_alloca?5corrupted@ 0041e4cc     MSVCRTD:_userapi_.obj
 0003:000014f8       ??_7exception@std@@6B@     0041e4f8     MSVCRTD:throw_bad_alloc.obj
 0003:00001504       ??_C@_0BC@EOODALEL@Unknown?5exception@ 0041e504     MSVCRTD:throw_bad_alloc.obj
 0003:00001520       ??_7bad_alloc@std@@6B@     0041e520     MSVCRTD:throw_bad_alloc.obj
 0003:0000152c       ??_C@_0P@GHFPNOJB@bad?5allocation@ 0041e52c     MSVCRTD:throw_bad_alloc.obj
 0003:00001544       ??_7bad_array_new_length@std@@6B@ 0041e544     MSVCRTD:throw_bad_alloc.obj
 0003:00001550       ??_C@_0BF@KINCDENJ@bad?5array?5new?5length@ 0041e550     MSVCRTD:throw_bad_alloc.obj
 0003:000015c8       ??_C@_1EI@MLPKHBGE@?$AAa?$AAp?$AAi?$AA?9?$AAm?$AAs?$AA?9?$AAw?$AAi?$AAn?$AA?9?$AAc?$AAo?$AAr?$AAe@ 0041e5c8     MSVCRTD:_pdblkup_.obj
 0003:00001620       ??_C@_1BK@JHLNAEJL@?$AAa?$AAd?$AAv?$AAa?$AAp?$AAi?$AA3?$AA2?$AA?4?$AAd?$AAl?$AAl@ 0041e620     MSVCRTD:_pdblkup_.obj
 0003:00001640       ??_C@_0O@COHOBMLB@RegOpenKeyExW@ 0041e640     MSVCRTD:_pdblkup_.obj
 0003:00001650       ??_C@_0BB@GLNAEDBD@RegQueryValueExW@ 0041e650     MSVCRTD:_pdblkup_.obj
 0003:00001664       ??_C@_0M@HLOHPNFA@RegCloseKey@ 0041e664     MSVCRTD:_pdblkup_.obj
 0003:00001678       ??_C@_1HE@EBEAGLFB@?$AAS?$AAO?$AAF?$AAT?$AAW?$AAA?$AAR?$AAE?$AA?2?$AAW?$AAo?$AAw?$AA6?$AA4?$AA3@ 0041e678     MSVCRTD:_pdblkup_.obj
 0003:00001704       ??_C@_1BG@EABPBLLF@?$AAP?$AAr?$AAo?$AAd?$AAu?$AAc?$AAt?$AAD?$AAi?$AAr@ 0041e704     MSVCRTD:_pdblkup_.obj
 0003:00001744       ??_C@_1BC@JINFINNJ@?$AAM?$AAS?$AAP?$AAD?$AAB?$AA1?$AA4?$AA0@ 0041e744     MSVCRTD:_pdblkup_.obj
 0003:0000175c       ??_C@_0BB@KCIACLNC@PDBOpenValidate5@ 0041e75c     MSVCRTD:_pdblkup_.obj
 0003:00001770       ??_C@_01KDCPPGHE@r@        0041e770     MSVCRTD:_pdblkup_.obj
 0003:000017b8       __load_config_used         0041e7b8     MSVCRTD:loadcfg.obj
 0003:000019c0       ??_R4?$CompareFunction@H@BinaryTreeTemplate@@6B@ 0041e9c0     Main.obj
 0003:000019d8       ??_R3?$CompareFunction@H@BinaryTreeTemplate@@8 0041e9d8     Main.obj
 0003:000019ec       ??_R2?$CompareFunction@H@BinaryTreeTemplate@@8 0041e9ec     Main.obj
 0003:000019f4       ??_R1A@?0A@EA@?$CompareFunction@H@BinaryTreeTemplate@@8 0041e9f4     Main.obj
 0003:00001a18       ??_R4?$TBinaryTree@HU?$CompareFunction@H@BinaryTreeTemplate@@@BinaryTreeTemplate@@6B@ 0041ea18     Main.obj
 0003:00001a30       ??_R3?$TBinaryTree@HU?$CompareFunction@H@BinaryTreeTemplate@@@BinaryTreeTemplate@@8 0041ea30     Main.obj
 0003:00001a44       ??_R2?$TBinaryTree@HU?$CompareFunction@H@BinaryTreeTemplate@@@BinaryTreeTemplate@@8 0041ea44     Main.obj
 0003:00001a4c       ??_R1A@?0A@EA@?$TBinaryTree@HU?$CompareFunction@H@BinaryTreeTemplate@@@BinaryTreeTemplate@@8 0041ea4c     Main.obj
 0003:00001a70       ??_R4?$CompareFunction@M@BinaryTreeTemplate@@6B@ 0041ea70     Main.obj
 0003:00001a88       ??_R3?$CompareFunction@M@BinaryTreeTemplate@@8 0041ea88     Main.obj
 0003:00001a9c       ??_R2?$CompareFunction@M@BinaryTreeTemplate@@8 0041ea9c     Main.obj
 0003:00001aa4       ??_R1A@?0A@EA@?$CompareFunction@M@BinaryTreeTemplate@@8 0041eaa4     Main.obj
 0003:00001ac8       ??_R4?$TBinaryTree@MU?$CompareFunction@M@BinaryTreeTemplate@@@BinaryTreeTemplate@@6B@ 0041eac8     Main.obj
 0003:00001ae0       ??_R3?$TBinaryTree@MU?$CompareFunction@M@BinaryTreeTemplate@@@BinaryTreeTemplate@@8 0041eae0     Main.obj
 0003:00001af4       ??_R2?$TBinaryTree@MU?$CompareFunction@M@BinaryTreeTemplate@@@BinaryTreeTemplate@@8 0041eaf4     Main.obj
 0003:00001afc       ??_R1A@?0A@EA@?$TBinaryTree@MU?$CompareFunction@M@BinaryTreeTemplate@@@BinaryTreeTemplate@@8 0041eafc     Main.obj
 0003:00001b20       ??_R4type_info@@6B@        0041eb20     MSVCRTD:std_type_info_static.obj
 0003:00001b38       ??_R3type_info@@8          0041eb38     MSVCRTD:std_type_info_static.obj
 0003:00001b4c       ??_R2type_info@@8          0041eb4c     MSVCRTD:std_type_info_static.obj
 0003:00001b54       ??_R1A@?0A@EA@type_info@@8 0041eb54     MSVCRTD:std_type_info_static.obj
 0003:00001b78       ??_R4exception@std@@6B@    0041eb78     MSVCRTD:throw_bad_alloc.obj
 0003:00001b90       ??_R3exception@std@@8      0041eb90     MSVCRTD:throw_bad_alloc.obj
 0003:00001ba4       ??_R2exception@std@@8      0041eba4     MSVCRTD:throw_bad_alloc.obj
 0003:00001bac       ??_R1A@?0A@EA@exception@std@@8 0041ebac     MSVCRTD:throw_bad_alloc.obj
 0003:00001bd0       ??_R4bad_alloc@std@@6B@    0041ebd0     MSVCRTD:throw_bad_alloc.obj
 0003:00001be8       ??_R3bad_alloc@std@@8      0041ebe8     MSVCRTD:throw_bad_alloc.obj
 0003:00001bfc       ??_R2bad_alloc@std@@8      0041ebfc     MSVCRTD:throw_bad_alloc.obj
 0003:00001c08       ??_R1A@?0A@EA@bad_alloc@std@@8 0041ec08     MSVCRTD:throw_bad_alloc.obj
 0003:00001c2c       ??_R4bad_array_new_length@std@@6B@ 0041ec2c     MSVCRTD:throw_bad_alloc.obj
 0003:00001c44       ??_R3bad_array_new_length@std@@8 0041ec44     MSVCRTD:throw_bad_alloc.obj
 0003:00001c58       ??_R2bad_array_new_length@std@@8 0041ec58     MSVCRTD:throw_bad_alloc.obj
 0003:00001c68       ??_R1A@?0A@EA@bad_array_new_length@std@@8 0041ec68     MSVCRTD:throw_bad_alloc.obj
 0003:00001f38       ___rtc_iaa                 0041ef38     MSVCRTD:_initsect_.obj
 0003:00002148       ___rtc_izz                 0041f148     MSVCRTD:_initsect_.obj
 0003:0000224c       ___rtc_taa                 0041f24c     MSVCRTD:_initsect_.obj
 0003:0000245c       ___rtc_tzz                 0041f45c     MSVCRTD:_initsect_.obj
 0003:00002958       __TI2?AVbad_alloc@std@@    0041f958     MSVCRTD:throw_bad_alloc.obj
 0003:0000296c       __CTA2?AVbad_alloc@std@@   0041f96c     MSVCRTD:throw_bad_alloc.obj
 0003:0000297c       __CT??_R0?AVbad_alloc@std@@@8??0bad_alloc@std@@QAE@ABV01@@Z12 0041f97c     MSVCRTD:throw_bad_alloc.obj
 0003:0000299c       __CT??_R0?AVexception@std@@@8??0exception@std@@QAE@ABV01@@Z12 0041f99c     MSVCRTD:throw_bad_alloc.obj
 0003:000029bc       __TI3?AVbad_array_new_length@std@@ 0041f9bc     MSVCRTD:throw_bad_alloc.obj
 0003:000029d0       __CTA3?AVbad_array_new_length@std@@ 0041f9d0     MSVCRTD:throw_bad_alloc.obj
 0003:000029e4       __CT??_R0?AVbad_array_new_length@std@@@8??0bad_array_new_length@std@@QAE@ABV01@@Z12 0041f9e4     MSVCRTD:throw_bad_alloc.obj
 0004:00000000       ___security_cookie_complement 00420000     MSVCRTD:gs_cookie.obj
 0004:00000004       ___security_cookie         00420004     MSVCRTD:gs_cookie.obj
 0004:0000000c       __fltused                  0042000c     MSVCRTD:fltused.obj
 0004:00000010       ?_RTC_ErrorLevels@@3PAHA   00420010     MSVCRTD:_error_.obj
 0004:00000028       ___scrt_native_dllmain_reason 00420028     MSVCRTD:utility.obj
 0004:0000002c       ___scrt_default_matherr    0042002c     MSVCRTD:matherr.obj
 0004:00000030       ___isa_enabled             00420030     MSVCRTD:_cpu_disp_.obj
 0004:00000034       ___scrt_ucrt_dll_is_in_use 00420034     MSVCRTD:ucrt_stubs.obj
 0004:00000140       ??_R0?AU?$CompareFunction@H@BinaryTreeTemplate@@@8 00420140     Main.obj
 0004:00000180       ??_R0?AV?$TBinaryTree@HU?$CompareFunction@H@BinaryTreeTemplate@@@BinaryTreeTemplate@@@8 00420180     Main.obj
 0004:000001ec       ??_R0?AU?$CompareFunction@M@BinaryTreeTemplate@@@8 004201ec     Main.obj
 0004:00000230       ??_R0?AV?$TBinaryTree@MU?$CompareFunction@M@BinaryTreeTemplate@@@BinaryTreeTemplate@@@8 00420230     Main.obj
 0004:0000029c       ??_R0?AVtype_info@@@8      0042029c     MSVCRTD:std_type_info_static.obj
 0004:000002b8       ??_R0?AVbad_alloc@std@@@8  004202b8     MSVCRTD:throw_bad_alloc.obj
 0004:000002dc       ??_R0?AVexception@std@@@8  004202dc     MSVCRTD:throw_bad_alloc.obj
 0004:00000300       ??_R0?AVbad_array_new_length@std@@@8 00420300     MSVCRTD:throw_bad_alloc.obj
 0004:00000438       ?_OptionsStorage@?1??__local_stdio_printf_options@@9@4_KA 00420438     Main.obj
 0004:00000444       ___@@_PchSym_@00@UwveUkilqvxghUehgfwrlkilqvxghUyrmzibgivvkizxgrxvUyrmzibgivvUyrmzibgivvUwvyftUhgwzucOlyq@4B2008FD98C1DD4 00420444     stdafx.obj
 0004:00000818       ___scrt_current_native_startup_state 00420818     MSVCRTD:utility.obj
 0004:0000081c       ___scrt_native_startup_lock 0042081c     MSVCRTD:utility.obj
 0004:00000848       ?__type_info_root_node@@3U__type_info_node@@A 00420848     MSVCRTD:tncleanup.obj
 0004:00000858       ?_OptionsStorage@?1??__local_stdio_scanf_options@@9@4_KA 00420858     MSVCRTD:default_local_stdio_options.obj
 0004:00000864       ___scrt_debugger_hook_flag 00420864     MSVCRTD:utility_desktop.obj
 0004:00000870       ___isa_available           00420870     MSVCRTD:_cpu_disp_.obj
 0004:00000874       ___favor                   00420874     MSVCRTD:_cpu_disp_.obj
 0004:0000087c       ___dyn_tls_dtor_callback   0042087c     <common>
 0004:00000888       ___dyn_tls_init_callback   00420888     <common>
 0004:00000894       ___DebuggerCurrentSteppingThreadId 00420894     <common>
 0005:00000000       __imp__GetProcessHeap@0    00421000     kernel32:KERNEL32.dll
 0005:00000004       __imp__UnhandledExceptionFilter@4 00421004     kernel32:KERNEL32.dll
 0005:00000008       __imp__SetUnhandledExceptionFilter@4 00421008     kernel32:KERNEL32.dll
 0005:0000000c       __imp__GetCurrentProcess@0 0042100c     kernel32:KERNEL32.dll
 0005:00000010       __imp__TerminateProcess@8  00421010     kernel32:KERNEL32.dll
 0005:00000014       __imp__IsProcessorFeaturePresent@4 00421014     kernel32:KERNEL32.dll
 0005:00000018       __imp__IsDebuggerPresent@0 00421018     kernel32:KERNEL32.dll
 0005:0000001c       __imp__RaiseException@16   0042101c     kernel32:KERNEL32.dll
 0005:00000020       __imp__MultiByteToWideChar@24 00421020     kernel32:KERNEL32.dll
 0005:00000024       __imp__WideCharToMultiByte@32 00421024     kernel32:KERNEL32.dll
 0005:00000028       __imp__QueryPerformanceCounter@4 00421028     kernel32:KERNEL32.dll
 0005:0000002c       __imp__GetCurrentProcessId@0 0042102c     kernel32:KERNEL32.dll
 0005:00000030       __imp__GetSystemTimeAsFileTime@4 00421030     kernel32:KERNEL32.dll
 0005:00000034       __imp__InitializeSListHead@4 00421034     kernel32:KERNEL32.dll
 0005:00000038       __imp__GetStartupInfoW@4   00421038     kernel32:KERNEL32.dll
 0005:0000003c       __imp__GetModuleHandleW@4  0042103c     kernel32:KERNEL32.dll
 0005:00000040       __imp__GetProcAddress@8    00421040     kernel32:KERNEL32.dll
 0005:00000044       __imp__FreeLibrary@4       00421044     kernel32:KERNEL32.dll
 0005:00000048       __imp__VirtualQuery@12     00421048     kernel32:KERNEL32.dll
 0005:0000004c       __imp__GetCurrentThreadId@0 0042104c     kernel32:KERNEL32.dll
 0005:00000050       __imp__HeapFree@12         00421050     kernel32:KERNEL32.dll
 0005:00000054       __imp__HeapAlloc@12        00421054     kernel32:KERNEL32.dll
 0005:00000058       __imp__GetLastError@0      00421058     kernel32:KERNEL32.dll
 0005:0000005c       \177KERNEL32_NULL_THUNK_DATA 0042105c     kernel32:KERNEL32.dll
 0005:00000098       __imp_?flush@?$basic_ostream@DU?$char_traits@D@std@@@std@@QAEAAV12@XZ 00421098     msvcprtd:MSVCP140D.dll
 0005:0000009c       __imp_??6?$basic_ostream@DU?$char_traits@D@std@@@std@@QAEAAV01@M@Z 0042109c     msvcprtd:MSVCP140D.dll
 0005:000000a0       __imp_??6?$basic_ostream@DU?$char_traits@D@std@@@std@@QAEAAV01@H@Z 004210a0     msvcprtd:MSVCP140D.dll
 0005:000000a4       __imp_?_Osfx@?$basic_ostream@DU?$char_traits@D@std@@@std@@QAEXXZ 004210a4     msvcprtd:MSVCP140D.dll
 0005:000000a8       __imp_?fill@?$basic_ios@DU?$char_traits@D@std@@@std@@QBEDXZ 004210a8     msvcprtd:MSVCP140D.dll
 0005:000000ac       __imp_?rdbuf@?$basic_ios@DU?$char_traits@D@std@@@std@@QBEPAV?$basic_streambuf@DU?$char_traits@D@std@@@2@XZ 004210ac     msvcprtd:MSVCP140D.dll
 0005:000000b0       __imp_?tie@?$basic_ios@DU?$char_traits@D@std@@@std@@QBEPAV?$basic_ostream@DU?$char_traits@D@std@@@2@XZ 004210b0     msvcprtd:MSVCP140D.dll
 0005:000000b4       __imp_?setstate@?$basic_ios@DU?$char_traits@D@std@@@std@@QAEXH_N@Z 004210b4     msvcprtd:MSVCP140D.dll
 0005:000000b8       __imp_?sputn@?$basic_streambuf@DU?$char_traits@D@std@@@std@@QAE_JPBD_J@Z 004210b8     msvcprtd:MSVCP140D.dll
 0005:000000bc       __imp_?sputc@?$basic_streambuf@DU?$char_traits@D@std@@@std@@QAEHD@Z 004210bc     msvcprtd:MSVCP140D.dll
 0005:000000c0       __imp_?width@ios_base@std@@QAE_J_J@Z 004210c0     msvcprtd:MSVCP140D.dll
 0005:000000c4       __imp_?width@ios_base@std@@QBE_JXZ 004210c4     msvcprtd:MSVCP140D.dll
 0005:000000c8       __imp_?flags@ios_base@std@@QBEHXZ 004210c8     msvcprtd:MSVCP140D.dll
 0005:000000cc       __imp_?good@ios_base@std@@QBE_NXZ 004210cc     msvcprtd:MSVCP140D.dll
 0005:000000d0       __imp_?cout@std@@3V?$basic_ostream@DU?$char_traits@D@std@@@1@A 004210d0     msvcprtd:MSVCP140D.dll
 0005:000000d4       __imp_?uncaught_exception@std@@YA_NXZ 004210d4     msvcprtd:MSVCP140D.dll
 0005:000000d8       \177MSVCP140D_NULL_THUNK_DATA 004210d8     msvcprtd:MSVCP140D.dll
 0005:00000110       __imp____std_exception_copy 00421110     vcruntimed:VCRUNTIME140D.dll
 0005:00000114       __imp____std_exception_destroy 00421114     vcruntimed:VCRUNTIME140D.dll
 0005:00000118       __imp___CxxThrowException@8 00421118     vcruntimed:VCRUNTIME140D.dll
 0005:0000011c       __imp____std_type_info_destroy_list 0042111c     vcruntimed:VCRUNTIME140D.dll
 0005:00000120       __imp___except_handler4_common 00421120     vcruntimed:VCRUNTIME140D.dll
 0005:00000124       __imp____vcrt_GetModuleFileNameW 00421124     vcruntimed:VCRUNTIME140D.dll
 0005:00000128       __imp____vcrt_GetModuleHandleW 00421128     vcruntimed:VCRUNTIME140D.dll
 0005:0000012c       __imp____vcrt_LoadLibraryExW 0042112c     vcruntimed:VCRUNTIME140D.dll
 0005:00000130       __imp____CxxFrameHandler3  00421130     vcruntimed:VCRUNTIME140D.dll
 0005:00000134       __imp__memset              00421134     vcruntimed:VCRUNTIME140D.dll
 0005:00000138       \177VCRUNTIME140D_NULL_THUNK_DATA 00421138     vcruntimed:VCRUNTIME140D.dll
 0005:0000016c       __imp___configthreadlocale 0042116c     ucrtd:ucrtbased.dll
 0005:00000170       __imp___set_new_mode       00421170     ucrtd:ucrtbased.dll
 0005:00000174       __imp____p__commode        00421174     ucrtd:ucrtbased.dll
 0005:00000178       __imp__strcpy_s            00421178     ucrtd:ucrtbased.dll
 0005:0000017c       __imp__strcat_s            0042117c     ucrtd:ucrtbased.dll
 0005:00000180       __imp____stdio_common_vsprintf_s 00421180     ucrtd:ucrtbased.dll
 0005:00000184       __imp___free_dbg           00421184     ucrtd:ucrtbased.dll
 0005:00000188       __imp___seh_filter_dll     00421188     ucrtd:ucrtbased.dll
 0005:0000018c       __imp___initialize_onexit_table 0042118c     ucrtd:ucrtbased.dll
 0005:00000190       __imp___register_onexit_function 00421190     ucrtd:ucrtbased.dll
 0005:00000194       __imp___execute_onexit_table 00421194     ucrtd:ucrtbased.dll
 0005:00000198       __imp___crt_atexit         00421198     ucrtd:ucrtbased.dll
 0005:0000019c       __imp___crt_at_quick_exit  0042119c     ucrtd:ucrtbased.dll
 0005:000001a0       __imp___controlfp_s        004211a0     ucrtd:ucrtbased.dll
 0005:000001a4       __imp___c_exit             004211a4     ucrtd:ucrtbased.dll
 0005:000001a8       __imp___wmakepath_s        004211a8     ucrtd:ucrtbased.dll
 0005:000001ac       __imp___wsplitpath_s       004211ac     ucrtd:ucrtbased.dll
 0005:000001b0       __imp__wcscpy_s            004211b0     ucrtd:ucrtbased.dll
 0005:000001b4       __imp___cexit              004211b4     ucrtd:ucrtbased.dll
 0005:000001b8       __imp____setusermatherr    004211b8     ucrtd:ucrtbased.dll
 0005:000001bc       __imp___set_app_type       004211bc     ucrtd:ucrtbased.dll
 0005:000001c0       __imp___seh_filter_exe     004211c0     ucrtd:ucrtbased.dll
 0005:000001c4       __imp___callnewh           004211c4     ucrtd:ucrtbased.dll
 0005:000001c8       __imp___CrtDbgReportW      004211c8     ucrtd:ucrtbased.dll
 0005:000001cc       __imp___CrtDbgReport       004211cc     ucrtd:ucrtbased.dll
 0005:000001d0       __imp__strlen              004211d0     ucrtd:ucrtbased.dll
 0005:000001d4       __imp___wassert            004211d4     ucrtd:ucrtbased.dll
 0005:000001d8       __imp____stdio_common_vfprintf 004211d8     ucrtd:ucrtbased.dll
 0005:000001dc       __imp____acrt_iob_func     004211dc     ucrtd:ucrtbased.dll
 0005:000001e0       __imp__malloc              004211e0     ucrtd:ucrtbased.dll
 0005:000001e4       __imp___register_thread_local_exe_atexit_callback 004211e4     ucrtd:ucrtbased.dll
 0005:000001e8       __imp____p___argv          004211e8     ucrtd:ucrtbased.dll
 0005:000001ec       __imp___configure_narrow_argv 004211ec     ucrtd:ucrtbased.dll
 0005:000001f0       __imp___set_fmode          004211f0     ucrtd:ucrtbased.dll
 0005:000001f4       __imp___exit               004211f4     ucrtd:ucrtbased.dll
 0005:000001f8       __imp__exit                004211f8     ucrtd:ucrtbased.dll
 0005:000001fc       __imp___initterm_e         004211fc     ucrtd:ucrtbased.dll
 0005:00000200       __imp___initterm           00421200     ucrtd:ucrtbased.dll
 0005:00000204       __imp___get_initial_narrow_environment 00421204     ucrtd:ucrtbased.dll
 0005:00000208       __imp__terminate           00421208     ucrtd:ucrtbased.dll
 0005:0000020c       __imp___initialize_narrow_environment 0042120c     ucrtd:ucrtbased.dll
 0005:00000210       __imp____p___argc          00421210     ucrtd:ucrtbased.dll
 0005:00000214       \177ucrtbased_NULL_THUNK_DATA 00421214     ucrtd:ucrtbased.dll
 0005:00000260       __IMPORT_DESCRIPTOR_MSVCP140D 00421260     msvcprtd:MSVCP140D.dll
 0005:00000274       __IMPORT_DESCRIPTOR_VCRUNTIME140D 00421274     vcruntimed:VCRUNTIME140D.dll
 0005:00000288       __IMPORT_DESCRIPTOR_ucrtbased 00421288     ucrtd:ucrtbased.dll
 0005:0000029c       __IMPORT_DESCRIPTOR_KERNEL32 0042129c     kernel32:KERNEL32.dll
 0005:000002b0       __NULL_IMPORT_DESCRIPTOR   004212b0     msvcprtd:MSVCP140D.dll
 0007:00000000       ___guard_check_icall_fptr  00424000     MSVCRTD:guard_support.obj

 entry point at        0002:00000550

 Static symbols

 0000:fffd9000       .debug$S                   00400000     ucrtd:ucrtbased.dll
 0000:fffd9000       .debug$S                   00400000     msvcprtd:MSVCP140D.dll
 0000:fffd9000       .debug$S                   00400000     msvcprtd:MSVCP140D.dll
 0000:fffd9000       .debug$S                   00400000     kernel32:KERNEL32.dll
 0000:fffd9000       .debug$S                   00400000     kernel32:KERNEL32.dll
 0000:fffd9000       .debug$S                   00400000     kernel32:KERNEL32.dll
 0000:fffd9000       .debug$S                   00400000     kernel32:KERNEL32.dll
 0000:fffd9000       .debug$S                   00400000     kernel32:KERNEL32.dll
 0000:fffd9000       .debug$S                   00400000     kernel32:KERNEL32.dll
 0000:fffd9000       .debug$S                   00400000     kernel32:KERNEL32.dll
 0000:fffd9000       .debug$S                   00400000     kernel32:KERNEL32.dll
 0000:fffd9000       .debug$S                   00400000     kernel32:KERNEL32.dll
 0000:fffd9000       .debug$S                   00400000     kernel32:KERNEL32.dll
 0000:fffd9000       .debug$S                   00400000     kernel32:KERNEL32.dll
 0000:fffd9000       .debug$S                   00400000     kernel32:KERNEL32.dll
 0000:fffd9000       .debug$S                   00400000     kernel32:KERNEL32.dll
 0000:fffd9000       .debug$S                   00400000     kernel32:KERNEL32.dll
 0000:fffd9000       .debug$S                   00400000     kernel32:KERNEL32.dll
 0000:fffd9000       .debug$S                   00400000     kernel32:KERNEL32.dll
 0000:fffd9000       .debug$S                   00400000     kernel32:KERNEL32.dll
 0000:fffd9000       .debug$S                   00400000     kernel32:KERNEL32.dll
 0000:fffd9000       .debug$S                   00400000     kernel32:KERNEL32.dll
 0000:fffd9000       .debug$S                   00400000     kernel32:KERNEL32.dll
 0000:fffd9000       .debug$S                   00400000     kernel32:KERNEL32.dll
 0000:fffd9000       .debug$S                   00400000     kernel32:KERNEL32.dll
 0000:fffd9000       .debug$S                   00400000     kernel32:KERNEL32.dll
 0000:fffd9000       .debug$S                   00400000     msvcprtd:MSVCP140D.dll
 0000:fffd9000       .debug$S                   00400000     ucrtd:ucrtbased.dll
 0000:fffd9000       .debug$S                   00400000     ucrtd:ucrtbased.dll
 0000:fffd9000       .debug$S                   00400000     ucrtd:ucrtbased.dll
 0000:fffd9000       .debug$S                   00400000     ucrtd:ucrtbased.dll
 0000:fffd9000       .debug$S                   00400000     ucrtd:ucrtbased.dll
 0000:fffd9000       .debug$S                   00400000     ucrtd:ucrtbased.dll
 0000:fffd9000       .debug$S                   00400000     ucrtd:ucrtbased.dll
 0000:fffd9000       .debug$S                   00400000     ucrtd:ucrtbased.dll
 0000:fffd9000       .debug$S                   00400000     ucrtd:ucrtbased.dll
 0000:fffd9000       .debug$S                   00400000     ucrtd:ucrtbased.dll
 0000:fffd9000       .debug$S                   00400000     ucrtd:ucrtbased.dll
 0000:fffd9000       .debug$S                   00400000     ucrtd:ucrtbased.dll
 0000:fffd9000       .debug$S                   00400000     ucrtd:ucrtbased.dll
 0000:fffd9000       .debug$S                   00400000     ucrtd:ucrtbased.dll
 0000:fffd9000       .debug$S                   00400000     ucrtd:ucrtbased.dll
 0000:fffd9000       .debug$S                   00400000     ucrtd:ucrtbased.dll
 0000:fffd9000       .debug$S                   00400000     ucrtd:ucrtbased.dll
 0000:fffd9000       .debug$S                   00400000     ucrtd:ucrtbased.dll
 0000:fffd9000       .debug$S                   00400000     ucrtd:ucrtbased.dll
 0000:fffd9000       .debug$S                   00400000     ucrtd:ucrtbased.dll
 0000:fffd9000       .debug$S                   00400000     ucrtd:ucrtbased.dll
 0000:fffd9000       .debug$S                   00400000     ucrtd:ucrtbased.dll
 0000:fffd9000       .debug$S                   00400000     ucrtd:ucrtbased.dll
 0000:fffd9000       .debug$S                   00400000     ucrtd:ucrtbased.dll
 0000:fffd9000       .debug$S                   00400000     ucrtd:ucrtbased.dll
 0000:fffd9000       .debug$S                   00400000     ucrtd:ucrtbased.dll
 0000:fffd9000       .debug$S                   00400000     ucrtd:ucrtbased.dll
 0000:fffd9000       .debug$S                   00400000     ucrtd:ucrtbased.dll
 0000:fffd9000       .debug$S                   00400000     ucrtd:ucrtbased.dll
 0000:fffd9000       .debug$S                   00400000     ucrtd:ucrtbased.dll
 0000:fffd9000       .debug$S                   00400000     ucrtd:ucrtbased.dll
 0000:fffd9000       .debug$S                   00400000     ucrtd:ucrtbased.dll
 0000:fffd9000       .debug$S                   00400000     ucrtd:ucrtbased.dll
 0000:fffd9000       .debug$S                   00400000     ucrtd:ucrtbased.dll
 0000:fffd9000       .debug$S                   00400000     ucrtd:ucrtbased.dll
 0000:fffd9000       .debug$S                   00400000     ucrtd:ucrtbased.dll
 0000:fffd9000       .debug$S                   00400000     ucrtd:ucrtbased.dll
 0000:fffd9000       .debug$S                   00400000     ucrtd:ucrtbased.dll
 0000:fffd9000       .debug$S                   00400000     ucrtd:ucrtbased.dll
 0000:fffd9000       .debug$S                   00400000     ucrtd:ucrtbased.dll
 0000:fffd9000       .debug$S                   00400000     msvcprtd:MSVCP140D.dll
 0000:fffd9000       .debug$S                   00400000     vcruntimed:VCRUNTIME140D.dll
 0000:fffd9000       .debug$S                   00400000     vcruntimed:VCRUNTIME140D.dll
 0000:fffd9000       .debug$S                   00400000     vcruntimed:VCRUNTIME140D.dll
 0000:fffd9000       .debug$S                   00400000     ucrtd:ucrtbased.dll
 0000:fffd9000       .debug$S                   00400000     vcruntimed:VCRUNTIME140D.dll
 0000:fffd9000       .debug$S                   00400000     vcruntimed:VCRUNTIME140D.dll
 0000:fffd9000       .debug$S                   00400000     vcruntimed:VCRUNTIME140D.dll
 0000:fffd9000       .debug$S                   00400000     vcruntimed:VCRUNTIME140D.dll
 0000:fffd9000       .debug$S                   00400000     vcruntimed:VCRUNTIME140D.dll
 0000:fffd9000       .debug$S                   00400000     msvcprtd:MSVCP140D.dll
 0000:fffd9000       .debug$S                   00400000     msvcprtd:MSVCP140D.dll
 0000:fffdd000       __guard_fids___CRT_RTC_INIT 00400000     MSVCRTD:_init_.obj
 0000:fffd9000       .debug$S                   00400000     msvcprtd:MSVCP140D.dll
 0000:fffd9000       .debug$S                   00400000     vcruntimed:VCRUNTIME140D.dll
 0000:fffdd000       __guard_fids___CRT_RTC_INITW 00400000     MSVCRTD:_init_.obj
 0000:fffdd000       __guard_fids__             00400000     MSVCRTD:std_type_info_static.obj
 0000:fffdd000       __guard_fids__             00400000     MSVCRTD:exe_main.obj
 0000:fffdd000       __guard_fids_?pre_c_initialization@@YAHXZ 00400000     MSVCRTD:exe_main.obj
 0000:fffd9000       .debug$S                   00400000     msvcprtd:MSVCP140D.dll
 0000:fffd9000       .debug$S                   00400000     msvcprtd:MSVCP140D.dll
 0000:fffd9000       .debug$S                   00400000     msvcprtd:MSVCP140D.dll
 0000:fffdd000       __guard_fids___guard_icall_checks_enforced 00400000     MSVCRTD:guard_support.obj
 0000:fffdd000       __guard_fids__             00400000     MSVCRTD:guard_support.obj
 0000:fffdd000       __guard_fids___except_handler4 00400000     MSVCRTD:_chandler4gs_.obj
 0000:fffdd000       __guard_fids____scrt_set_unhandled_exception_filter 00400000     MSVCRTD:utility_desktop.obj
 0000:fffd9000       .debug$S                   00400000     msvcprtd:MSVCP140D.dll
 0000:fffd9000       .debug$S                   00400000     msvcprtd:MSVCP140D.dll
 0000:fffd9000       .debug$S                   00400000     msvcprtd:MSVCP140D.dll
 0000:fffd9000       .debug$S                   00400000     msvcprtd:MSVCP140D.dll
 0000:fffd9000       .debug$S                   00400000     msvcprtd:MSVCP140D.dll
 0000:fffd9000       .debug$S                   00400000     msvcprtd:MSVCP140D.dll
 0000:fffdd000       __guard_fids__             00400000     MSVCRTD:throw_bad_alloc.obj
 0000:fffdd000       __guard_fids__             00400000     MSVCRTD:throw_bad_alloc.obj
 0000:fffdd000       __guard_fids__             00400000     MSVCRTD:throw_bad_alloc.obj
 0000:fffdd000       __guard_fids__             00400000     MSVCRTD:throw_bad_alloc.obj
 0000:fffdd000       __guard_fids__             00400000     MSVCRTD:throw_bad_alloc.obj
 0000:fffdd000       __guard_fids__             00400000     MSVCRTD:throw_bad_alloc.obj
 0000:fffdd000       __guard_fids__             00400000     MSVCRTD:throw_bad_alloc.obj
 0000:fffdd000       __guard_fids__             00400000     MSVCRTD:throw_bad_alloc.obj
 0000:fffd9000       .debug$S                   00400000     vcruntimed:VCRUNTIME140D.dll
 0000:fffdd004       __guard_fids__             00400004     MSVCRTD:exe_main.obj
 0000:fffdd008       __guard_fids__             00400008     MSVCRTD:exe_main.obj
 0002:000014a4       __catch$??$?6U?$char_traits@D@std@@@std@@YAAAV?$basic_ostream@DU?$char_traits@D@std@@@0@AAV10@PBD@Z$0 004124a4 f i Main.obj
 0002:00001554       $LN32                      00412554     Main.obj
 0002:0000155c       $LN31                      0041255c     Main.obj
 0002:00001568       $LN29                      00412568     Main.obj
 0002:00004120       $LN12                      00415120     Main.obj
 0002:00004128       $LN11                      00415128     Main.obj
 0002:00004134       $LN9                       00415134     Main.obj
 0002:00004570       $LN9                       00415570     Main.obj
 0002:00004578       $LN8                       00415578     Main.obj
 0002:00004590       $LN6                       00415590     Main.obj
 0002:00004597       $LN5                       00415597     Main.obj
 0002:000050b0       ?pre_c_initialization@@YAHXZ 004160b0 f   MSVCRTD:exe_main.obj
 0002:00005190       ?post_pgo_initialization@@YAHXZ 00416190 f   MSVCRTD:exe_main.obj
 0002:000051a0       ?pre_cpp_initialization@@YAXXZ 004161a0 f   MSVCRTD:exe_main.obj
 0002:000051c0       ?__scrt_common_main@@YAHXZ 004161c0 f   MSVCRTD:exe_main.obj
 0002:000051e0       ?__scrt_common_main_seh@@YAHXZ 004161e0 f   MSVCRTD:exe_main.obj
 0002:000054b0       ?invoke_main@@YAHXZ        004164b0 f   MSVCRTD:exe_main.obj
 0002:00005970       ?DebuggerProbe@@YA_NK@Z    00416970 f   MSVCRTD:_error_.obj
 0002:000059c0       ?DebuggerRuntime@@YA_NKHPAXPB_W@Z 004169c0 f   MSVCRTD:_error_.obj
 0002:00005c90       ?_getMemBlockDataString@@YAXPAD0PBDI@Z 00416c90 f   MSVCRTD:_error_.obj
 0002:00005d20       ?_strlen_priv@@YAIPBD@Z    00416d20 f   MSVCRTD:_error_.obj
 0002:00005d40       ?failwithmessage@@YAXPAXHHPBD@Z 00416d40 f   MSVCRTD:_error_.obj
 0002:00005fc0       ?notify_debugger@@YAXABUtagEXCEPTION_VISUALCPP_DEBUG_INFO@@@Z 00416fc0 f   MSVCRTD:_error_.obj
 0002:00006680       ?find_pe_section@@YAPAU_IMAGE_SECTION_HEADER@@QAEI@Z 00417680 f   MSVCRTD:utility.obj
 0002:00006730       ?is_potentially_valid_image_base@@YA_NQAX@Z 00417730 f   MSVCRTD:utility.obj
 0002:00006e70       ___get_entropy             00417e70 f   MSVCRTD:gs_support.obj
 0002:00007610       ?GetPdbDll@@YAPAUHINSTANCE__@@XZ 00418610 f   MSVCRTD:_pdblkup_.obj
 0002:000077a0       ?GetPdbDllFromInstallPath@@YAPAUHINSTANCE__@@XZ 004187a0 f   MSVCRTD:_pdblkup_.obj
 0002:00007a90       ?GetPdbDllPathFromFilePath@@YAHPB_WPA_WI@Z 00418a90 f   MSVCRTD:_pdblkup_.obj
 0002:00009bc0       __ehhandler$??1BinaryTree@@QAE@XZ 0041abc0 f   BinaryTree.obj
 0002:00009bf0       __unwindfunclet$??$?6U?$char_traits@D@std@@@std@@YAAAV?$basic_ostream@DU?$char_traits@D@std@@@0@AAV10@PBD@Z$2 0041abf0 f   Main.obj
 0002:00009bf8       __ehhandler$??$?6U?$char_traits@D@std@@@std@@YAAAV?$basic_ostream@DU?$char_traits@D@std@@@0@AAV10@PBD@Z 0041abf8 f   Main.obj
 0002:00009c30       __unwindfunclet$??0sentry@?$basic_ostream@DU?$char_traits@D@std@@@std@@QAE@AAV12@@Z$0 0041ac30 f   Main.obj
 0002:00009c38       __ehhandler$??0sentry@?$basic_ostream@DU?$char_traits@D@std@@@std@@QAE@AAV12@@Z 0041ac38 f   Main.obj
 0002:00009c60       __ehhandler$??1?$TBinaryTree@HU?$CompareFunction@H@BinaryTreeTemplate@@@BinaryTreeTemplate@@UAE@XZ 0041ac60 f   Main.obj
 0002:00009c90       __ehhandler$??1?$TBinaryTree@MU?$CompareFunction@M@BinaryTreeTemplate@@@BinaryTreeTemplate@@UAE@XZ 0041ac90 f   Main.obj
 0002:00009cc0       __ehhandler$??1?$TNode@H@BinaryTreeTemplate@@QAE@XZ 0041acc0 f   Main.obj
 0002:00009cf0       __ehhandler$??1?$TNode@M@BinaryTreeTemplate@@QAE@XZ 0041acf0 f   Main.obj
 0002:00009d20       __ehhandler$??1_Sentry_base@?$basic_ostream@DU?$char_traits@D@std@@@std@@QAE@XZ 0041ad20 f   Main.obj
 0002:00009d50       __ehhandler$??1sentry@?$basic_ostream@DU?$char_traits@D@std@@@std@@QAE@XZ 0041ad50 f   Main.obj
 0002:00009d80       __unwindfunclet$?Put@?$TBinaryTree@HU?$CompareFunction@H@BinaryTreeTemplate@@@BinaryTreeTemplate@@UAE_NABH@Z$0 0041ad80 f   Main.obj
 0002:00009d92       __ehhandler$?Put@?$TBinaryTree@HU?$CompareFunction@H@BinaryTreeTemplate@@@BinaryTreeTemplate@@UAE_NABH@Z 0041ad92 f   Main.obj
 0002:00009dc0       __unwindfunclet$?Put@?$TBinaryTree@MU?$CompareFunction@M@BinaryTreeTemplate@@@BinaryTreeTemplate@@UAE_NABM@Z$0 0041adc0 f   Main.obj
 0002:00009dd2       __ehhandler$?Put@?$TBinaryTree@MU?$CompareFunction@M@BinaryTreeTemplate@@@BinaryTreeTemplate@@UAE_NABM@Z 0041add2 f   Main.obj
 0002:00009e00       __unwindfunclet$?Remove@?$TBinaryTree@HU?$CompareFunction@H@BinaryTreeTemplate@@@BinaryTreeTemplate@@UAE_NABH@Z$0 0041ae00 f   Main.obj
 0002:00009e12       __ehhandler$?Remove@?$TBinaryTree@HU?$CompareFunction@H@BinaryTreeTemplate@@@BinaryTreeTemplate@@UAE_NABH@Z 0041ae12 f   Main.obj
 0002:00009e40       __unwindfunclet$?Remove@?$TBinaryTree@MU?$CompareFunction@M@BinaryTreeTemplate@@@BinaryTreeTemplate@@UAE_NABM@Z$0 0041ae40 f   Main.obj
 0002:00009e52       __ehhandler$?Remove@?$TBinaryTree@MU?$CompareFunction@M@BinaryTreeTemplate@@@BinaryTreeTemplate@@UAE_NABM@Z 0041ae52 f   Main.obj
 0002:00009e80       __unwindfunclet$?Search@?$TBinaryTree@HU?$CompareFunction@H@BinaryTreeTemplate@@@BinaryTreeTemplate@@UAE_NABH@Z$0 0041ae80 f   Main.obj
 0002:00009e92       __ehhandler$?Search@?$TBinaryTree@HU?$CompareFunction@H@BinaryTreeTemplate@@@BinaryTreeTemplate@@UAE_NABH@Z 0041ae92 f   Main.obj
 0002:00009ec0       __unwindfunclet$?Search@?$TBinaryTree@MU?$CompareFunction@M@BinaryTreeTemplate@@@BinaryTreeTemplate@@UAE_NABM@Z$0 0041aec0 f   Main.obj
 0002:00009ed2       __ehhandler$?Search@?$TBinaryTree@MU?$CompareFunction@M@BinaryTreeTemplate@@@BinaryTreeTemplate@@UAE_NABM@Z 0041aed2 f   Main.obj
 0002:00009f00       __unwindfunclet$?StandardBinaryTreePractice@@YAXXZ$0 0041af00 f   Main.obj
 0002:00009f12       __ehhandler$?StandardBinaryTreePractice@@YAXXZ 0041af12 f   Main.obj
 0002:00009f50       __unwindfunclet$?TemplateBinaryTreePractice@@YAXXZ$0 0041af50 f   Main.obj
 0002:00009f58       __unwindfunclet$?TemplateBinaryTreePractice@@YAXXZ$1 0041af58 f   Main.obj
 0002:00009f60       __ehhandler$?TemplateBinaryTreePractice@@YAXXZ 0041af60 f   Main.obj
 0002:00009fa0       __ehhandler$?eof@?$char_traits@D@std@@SAHXZ 0041afa0 f   Main.obj
 0002:00009fd0       __ehhandler$?eq_int_type@?$char_traits@D@std@@SA_NABH0@Z 0041afd0 f   Main.obj
 0002:0000a000       __ehhandler$?length@?$char_traits@D@std@@SAIQBD@Z 0041b000 f   Main.obj
 0003:00000104       ?pre_cpp_initializer@@3P6AXXZA 0041d104     MSVCRTD:exe_main.obj
 0003:00000410       ?pre_c_initializer@@3P6AHXZA 0041d410     MSVCRTD:exe_main.obj
 0003:00000514       ?post_pgo_initializer@@3P6AHXZA 0041d514     MSVCRTD:exe_main.obj
 0003:00000d4c       _GS_ExceptionPointers      0041dd4c     MSVCRTD:gs_report.obj
 0003:00000d58       ?_RTC_ErrorMessages@@3QBQBDB 0041dd58     MSVCRTD:_error_.obj
 0003:00000d70       ?_RTC_NoFalsePositives@@3QBHB 0041dd70     MSVCRTD:_error_.obj
 0003:00000d88       ?stack_premsg@@3QBDB       0041dd88     MSVCRTD:_error_.obj
 0003:00000da4       ?stack_postmsg@@3QBDB      0041dda4     MSVCRTD:_error_.obj
 0003:00000db8       ?uninit_premsg@@3QBDB      0041ddb8     MSVCRTD:_error_.obj
 0003:00000dc8       ?uninit_postmsg@@3QBDB     0041ddc8     MSVCRTD:_error_.obj
 0003:00001410       ?_RTC_errlist@@3QBQBDB     0041e410     MSVCRTD:_userapi_.obj
 0003:0000156c       ?mspdbName@@3QB_WB         0041e56c     MSVCRTD:_pdblkup_.obj
 0003:00001590       ?debugCrtFileName@@3QB_WB  0041e590     MSVCRTD:_pdblkup_.obj
 0003:00001720       ?dllExt@?1??GetPdbDllPathFromFilePath@@YAHPB_WPA_WI@Z@4QB_WB 0041e720     MSVCRTD:_pdblkup_.obj
 0003:0000172c       ?mspdbFilename@?1??GetPdbDllPathFromFilePath@@YAHPB_WPA_WI@Z@4QB_WB 0041e72c     MSVCRTD:_pdblkup_.obj
 0003:0000203c       __RTC_InitBase.rtc$IMZ     0041f03c     BinaryTree.obj
 0003:00002040       __RTC_InitBase.rtc$IMZ     0041f040     Main.obj
 0003:00002350       __RTC_Shutdown.rtc$TMZ     0041f350     BinaryTree.obj
 0003:00002354       __RTC_Shutdown.rtc$TMZ     0041f354     Main.obj
 0003:00002560       __ehfuncinfo$??1BinaryTree@@QAE@XZ 0041f560     BinaryTree.obj
 0003:00002588       __ehfuncinfo$?length@?$char_traits@D@std@@SAIQBD@Z 0041f588     Main.obj
 0003:000025b0       __ehfuncinfo$?eq_int_type@?$char_traits@D@std@@SA_NABH0@Z 0041f5b0     Main.obj
 0003:000025d8       __ehfuncinfo$?eof@?$char_traits@D@std@@SAHXZ 0041f5d8     Main.obj
 0003:00002600       __unwindtable$?StandardBinaryTreePractice@@YAXXZ 0041f600     Main.obj
 0003:00002608       __ehfuncinfo$?StandardBinaryTreePractice@@YAXXZ 0041f608     Main.obj
 0003:00002630       __unwindtable$?TemplateBinaryTreePractice@@YAXXZ 0041f630     Main.obj
 0003:00002640       __ehfuncinfo$?TemplateBinaryTreePractice@@YAXXZ 0041f640     Main.obj
 0003:0000266c       __ehfuncinfo$??1?$TBinaryTree@HU?$CompareFunction@H@BinaryTreeTemplate@@@BinaryTreeTemplate@@UAE@XZ 0041f66c     Main.obj
 0003:00002694       __unwindtable$?Put@?$TBinaryTree@HU?$CompareFunction@H@BinaryTreeTemplate@@@BinaryTreeTemplate@@UAE_NABH@Z 0041f694     Main.obj
 0003:0000269c       __ehfuncinfo$?Put@?$TBinaryTree@HU?$CompareFunction@H@BinaryTreeTemplate@@@BinaryTreeTemplate@@UAE_NABH@Z 0041f69c     Main.obj
 0003:000026c4       __unwindtable$?Remove@?$TBinaryTree@HU?$CompareFunction@H@BinaryTreeTemplate@@@BinaryTreeTemplate@@UAE_NABH@Z 0041f6c4     Main.obj
 0003:000026cc       __ehfuncinfo$?Remove@?$TBinaryTree@HU?$CompareFunction@H@BinaryTreeTemplate@@@BinaryTreeTemplate@@UAE_NABH@Z 0041f6cc     Main.obj
 0003:000026f4       __unwindtable$?Search@?$TBinaryTree@HU?$CompareFunction@H@BinaryTreeTemplate@@@BinaryTreeTemplate@@UAE_NABH@Z 0041f6f4     Main.obj
 0003:000026fc       __ehfuncinfo$?Search@?$TBinaryTree@HU?$CompareFunction@H@BinaryTreeTemplate@@@BinaryTreeTemplate@@UAE_NABH@Z 0041f6fc     Main.obj
 0003:00002724       __ehfuncinfo$??1?$TBinaryTree@MU?$CompareFunction@M@BinaryTreeTemplate@@@BinaryTreeTemplate@@UAE@XZ 0041f724     Main.obj
 0003:0000274c       __unwindtable$?Put@?$TBinaryTree@MU?$CompareFunction@M@BinaryTreeTemplate@@@BinaryTreeTemplate@@UAE_NABM@Z 0041f74c     Main.obj
 0003:00002754       __ehfuncinfo$?Put@?$TBinaryTree@MU?$CompareFunction@M@BinaryTreeTemplate@@@BinaryTreeTemplate@@UAE_NABM@Z 0041f754     Main.obj
 0003:0000277c       __unwindtable$?Remove@?$TBinaryTree@MU?$CompareFunction@M@BinaryTreeTemplate@@@BinaryTreeTemplate@@UAE_NABM@Z 0041f77c     Main.obj
 0003:00002784       __ehfuncinfo$?Remove@?$TBinaryTree@MU?$CompareFunction@M@BinaryTreeTemplate@@@BinaryTreeTemplate@@UAE_NABM@Z 0041f784     Main.obj
 0003:000027ac       __unwindtable$?Search@?$TBinaryTree@MU?$CompareFunction@M@BinaryTreeTemplate@@@BinaryTreeTemplate@@UAE_NABM@Z 0041f7ac     Main.obj
 0003:000027b4       __ehfuncinfo$?Search@?$TBinaryTree@MU?$CompareFunction@M@BinaryTreeTemplate@@@BinaryTreeTemplate@@UAE_NABM@Z 0041f7b4     Main.obj
 0003:000027dc       __ehfuncinfo$??1?$TNode@M@BinaryTreeTemplate@@QAE@XZ 0041f7dc     Main.obj
 0003:00002804       __ehfuncinfo$??1?$TNode@H@BinaryTreeTemplate@@QAE@XZ 0041f804     Main.obj
 0003:0000282c       __catchsym$??$?6U?$char_traits@D@std@@@std@@YAAAV?$basic_ostream@DU?$char_traits@D@std@@@0@AAV10@PBD@Z$3 0041f82c     Main.obj
 0003:0000283c       __tryblocktable$??$?6U?$char_traits@D@std@@@std@@YAAAV?$basic_ostream@DU?$char_traits@D@std@@@0@AAV10@PBD@Z 0041f83c     Main.obj
 0003:00002850       __unwindtable$??$?6U?$char_traits@D@std@@@std@@YAAAV?$basic_ostream@DU?$char_traits@D@std@@@0@AAV10@PBD@Z 0041f850     Main.obj
 0003:00002868       __ehfuncinfo$??$?6U?$char_traits@D@std@@@std@@YAAAV?$basic_ostream@DU?$char_traits@D@std@@@0@AAV10@PBD@Z 0041f868     Main.obj
 0003:00002898       __ehfuncinfo$??1_Sentry_base@?$basic_ostream@DU?$char_traits@D@std@@@std@@QAE@XZ 0041f898     Main.obj
 0003:000028c0       __unwindtable$??0sentry@?$basic_ostream@DU?$char_traits@D@std@@@std@@QAE@AAV12@@Z 0041f8c0     Main.obj
 0003:000028c8       __ehfuncinfo$??0sentry@?$basic_ostream@DU?$char_traits@D@std@@@std@@QAE@AAV12@@Z 0041f8c8     Main.obj
 0003:000028f0       __ehfuncinfo$??1sentry@?$basic_ostream@DU?$char_traits@D@std@@@std@@QAE@XZ 0041f8f0     Main.obj
 0003:00002918       __sehtable$?__scrt_common_main_seh@@YAHXZ 0041f918     MSVCRTD:exe_main.obj
 0003:00002938       __sehtable$?notify_debugger@@YAXABUtagEXCEPTION_VISUALCPP_DEBUG_INFO@@@Z 0041f938     MSVCRTD:_error_.obj
 0003:00002a08       __sehtable$___scrt_is_nonwritable_in_current_image 0041fa08     MSVCRTD:utility.obj
 0004:00000448       ?init@?1??_RTC_InitBase@@9@4_NA 00420448     MSVCRTD:_init_.obj
 0004:00000450       _GS_ExceptionRecord        00420450     MSVCRTD:gs_report.obj
 0004:000004a0       _GS_ContextRecord          004204a0     MSVCRTD:gs_report.obj
 0004:0000080c       ?_RTC_ErrorReportFunc@@3P6AHHPBDH00ZZA 0042080c     MSVCRTD:_userapi_.obj
 0004:00000810       ?_RTC_ErrorReportFuncW@@3P6AHHPB_WH00ZZA 00420810     MSVCRTD:_userapi_.obj
 0004:00000820       ?is_initialized_as_dll@@3_NA 00420820     MSVCRTD:utility.obj
 0004:00000821       ?module_local_atexit_table_initialized@@3_NA 00420821     MSVCRTD:utility.obj
 0004:00000824       ?module_local_atexit_table@@3U_onexit_table_t@@A 00420824     MSVCRTD:utility.obj
 0004:00000830       ?module_local_at_quick_exit_table@@3U_onexit_table_t@@A 00420830     MSVCRTD:utility.obj
 0004:00000868       ?mspdb@@3PAUHINSTANCE__@@A 00420868     MSVCRTD:_pdblkup_.obj
 0004:0000086c       ?alreadyTried@?1??GetPdbDll@@YAPAUHINSTANCE__@@XZ@4_NA 0042086c     MSVCRTD:_pdblkup_.obj
 0004:0000086d       ?PDBOK@?1??_RTC_GetSrcLine@@YAHPAEPA_WKPAH1K@Z@4_NA 0042086d     MSVCRTD:_pdblkup_.obj
 0005:000008ca       .idata$6                   004218ca     msvcprtd:MSVCP140D.dll
 0005:000009c8       .idata$6                   004219c8     vcruntimed:VCRUNTIME140D.dll
 0005:00000cc2       .idata$6                   00421cc2     ucrtd:ucrtbased.dll
 0005:00000ea6       .idata$6                   00421ea6     kernel32:KERNEL32.dll
 0006:00000000       __F5DA006B_stdafx@h        00423000     BinaryTree.obj
 0006:00000001       __C5B81F9F_binarytree@pch  00423001     BinaryTree.obj
 0006:00000002       __6C939DF9_binarytree@h    00423002     BinaryTree.obj
 0006:00000003       __38AF3EB5_binarytree@cpp  00423003     BinaryTree.obj
 0006:00000004       __80164DCD_memory          00423004     BinaryTree.obj
 0006:00000005       __EE59F769_vcruntime_typeinfo@h 00423005     BinaryTree.obj
 0006:00000006       __252C55E8_xatomic0@h      00423006     BinaryTree.obj
 0006:00000007       __911C26AD_xmemory0        00423007     BinaryTree.obj
 0006:00000008       __404FE7FC_xutility        00423008     BinaryTree.obj
 0006:00000009       __F05194C5_iosfwd          00423009     BinaryTree.obj
 0006:0000000a       __78F4D6C6_string@h        0042300a     BinaryTree.obj
 0006:0000000b       __9F081559_corecrt_memory@h 0042300b     BinaryTree.obj
 0006:0000000c       __02751F76_exception       0042300c     BinaryTree.obj
 0006:0000000d       __66FC6D92_vcruntime_exception@h 0042300d     BinaryTree.obj
 0006:0000000e       __6AAA6594_malloc@h        0042300e     BinaryTree.obj
 0006:0000000f       __A890CD55_type_traits     0042300f     BinaryTree.obj
 0006:00000010       __3CB84143_limits          00423010     BinaryTree.obj
 0006:00000011       __4C0A0615_xtgmath@h       00423011     BinaryTree.obj
 0006:00000012       __54E05BE6_cmath           00423012     BinaryTree.obj
 0006:00000013       __25D2DC36_cstdlib         00423013     BinaryTree.obj
 0006:00000014       __EDC08FAA_corecrt_math@h  00423014     BinaryTree.obj
 0006:00000015       __FE874262_stdlib@h        00423015     BinaryTree.obj
 0006:00000016       __0BE25CBD_vcruntime_new@h 00423016     BinaryTree.obj
 0006:0000001b       __F5DA006B_stdafx@h        0042301b     Main.obj
 0006:0000001c       __C5B81F9F_binarytree@pch  0042301c     Main.obj
 0006:0000001d       __E5C0CEAF_xstddef         0042301d     Main.obj
 0006:0000001e       __12DF59BD_utility         0042301e     Main.obj
 0006:0000001f       __899B9D97_streambuf       0042301f     Main.obj
 0006:00000020       __C0B71217_ostream         00423020     Main.obj
 0006:00000021       __A367272D_istream         00423021     Main.obj
 0006:00000022       __0C99BCE2_xstring         00423022     Main.obj
 0006:00000023       __4DA18247_tbinarytree@h   00423023     Main.obj
 0006:00000024       __A3797CDC_stdio@h         00423024     Main.obj
 0006:00000025       __320E01E0_corecrt_stdio_config@h 00423025     Main.obj
 0006:00000026       __EE44C0DB_main@cpp        00423026     Main.obj
 0006:00000027       __AEA0D38F_ios             00423027     Main.obj
 0006:00000028       __5D5F9F21_wchar@h         00423028     Main.obj
 0006:00000029       __4D20AEC4_xlocnum         00423029     Main.obj
 0006:0000002a       __16FC803E_xiosbase        0042302a     Main.obj
 0006:0000002b       __4CADF6E9_system_error    0042302b     Main.obj
 0006:0000002c       __F3F0E4C9_xcall_once@h    0042302c     Main.obj
 0006:0000002d       __D3A7C8D3_xlocale         0042302d     Main.obj
 0006:0000002e       __AC531AC2_xfacet          0042302e     Main.obj
 0006:0000002f       __80164DCD_memory          0042302f     Main.obj
 0006:00000030       __2F19F72D_xlocinfo        00423030     Main.obj
 0006:00000031       __7C512EE2_ctype@h         00423031     Main.obj
 0006:00000032       __EE59F769_vcruntime_typeinfo@h 00423032     Main.obj
 0006:00000033       __8B3B252B_stdexcept       00423033     Main.obj
 0006:00000034       __252C55E8_xatomic0@h      00423034     Main.obj
 0006:00000035       __911C26AD_xmemory0        00423035     Main.obj
 0006:00000036       __404FE7FC_xutility        00423036     Main.obj
 0006:00000037       __F05194C5_iosfwd          00423037     Main.obj
 0006:00000038       __3CB84143_limits          00423038     Main.obj
 0006:00000039       __02751F76_exception       00423039     Main.obj
 0006:0000003a       __66FC6D92_vcruntime_exception@h 0042303a     Main.obj
 0006:0000003b       __6AAA6594_malloc@h        0042303b     Main.obj
 0006:0000003c       __A890CD55_type_traits     0042303c     Main.obj
 0006:0000003d       __78F4D6C6_string@h        0042303d     Main.obj
 0006:0000003e       __9F081559_corecrt_memory@h 0042303e     Main.obj
 0006:0000003f       __4C0A0615_xtgmath@h       0042303f     Main.obj
 0006:00000040       __54E05BE6_cmath           00423040     Main.obj
 0006:00000041       __25D2DC36_cstdlib         00423041     Main.obj
 0006:00000042       __EDC08FAA_corecrt_math@h  00423042     Main.obj
 0006:00000043       __FE874262_stdlib@h        00423043     Main.obj
 0006:00000044       __0BE25CBD_vcruntime_new@h 00423044     Main.obj
 0006:0000004d       __C5B81F9F_binarytree@pch  0042304d     stdafx.obj
 0006:0000004e       __320E01E0_corecrt_stdio_config@h 0042304e     stdafx.obj
 0006:0000004f       __BAC7FC50_corecrt_wstdio@h 0042304f     stdafx.obj
 0006:00000050       __A3797CDC_stdio@h         00423050     stdafx.obj
 0006:00000051       __07523DAF_corecrt_memcpy_s@h 00423051     stdafx.obj
 0006:00000052       __FEB88A67_corecrt_wconio@h 00423052     stdafx.obj
 0006:00000053       __BE076D93_corecrt_wio@h   00423053     stdafx.obj
 0006:00000054       __9CE3A74D_corecrt_wstring@h 00423054     stdafx.obj
 0006:00000055       __90701A18_corecrt_wtime@h 00423055     stdafx.obj
 0006:00000056       __33831CCF_stat@h          00423056     stdafx.obj
 0006:00000057       __5D5F9F21_wchar@h         00423057     stdafx.obj
 0006:00000058       __6CB785BC_tchar@h         00423058     stdafx.obj
 0008:00000170       $R000000                   00425170     * linker generated manifest res *
