 BinaryTree

 Timestamp is 5c43a236 (Sat Jan 19 14:18:30 2019)

 Preferred load address is 00400000

 Start         Length     Name                   Class
 0001:00000000 00010000H .textbss                DATA
 0002:00000000 0000ab90H .text$mn                CODE
 0002:0000ab90 000017dbH .text$x                 CODE
 0003:00000000 00000104H .CRT$XCA                DATA
 0003:00000104 00000104H .CRT$XCAA               DATA
 0003:00000208 00000104H .CRT$XCZ                DATA
 0003:0000030c 00000104H .CRT$XIA                DATA
 0003:00000410 00000104H .CRT$XIAA               DATA
 0003:00000514 00000104H .CRT$XIAC               DATA
 0003:00000618 00000104H .CRT$XIZ                DATA
 0003:0000071c 00000104H .CRT$XPA                DATA
 0003:00000820 00000104H .CRT$XPZ                DATA
 0003:00000924 00000104H .CRT$XTA                DATA
 0003:00000a28 00000108H .CRT$XTZ                DATA
 0003:00000b30 00000fa0H .rdata                  DATA
 0003:00001ad0 000003dcH .rdata$r                DATA
 0003:00001eac 0000019cH .rdata$zzzdbg           DATA
 0003:00002048 00000104H .rtc$IAA                DATA
 0003:0000214c 0000010cH .rtc$IMZ                DATA
 0003:00002258 00000104H .rtc$IZZ                DATA
 0003:0000235c 00000104H .rtc$TAA                DATA
 0003:00002460 0000010cH .rtc$TMZ                DATA
 0003:0000256c 00000104H .rtc$TZZ                DATA
 0003:00002670 0000092bH .xdata$x                DATA
 0003:00002f9b 00000000H .edata                  DATA
 0004:00000000 00000148H .data                   DATA
 0004:00000148 000002f8H .data$r                 DATA
 0004:00000440 00000468H .bss                    DATA
 0005:00000000 00000278H .idata$5                DATA
 0005:00000278 00000050H .idata$2                DATA
 0005:000002c8 00000014H .idata$3                DATA
 0005:000002dc 00000278H .idata$4                DATA
 0005:00000554 00000bf2H .idata$6                DATA
 0006:00000000 00000166H .msvcjmc                DATA
 0007:00000000 00000104H .00cfg                  DATA
 0008:00000000 00000170H .rsrc$01                DATA
 0008:00000170 000002ccH .rsrc$02                DATA

  Address         Publics by Value              Rva+Base       Lib:Object

 0000:00000000       ___hybrid_code_map_count   00000000     <absolute>
 0000:00000000       ___hybrid_auxiliary_iat    00000000     <absolute>
 0000:00000000       ___guard_iat_table         00000000     <absolute>
 0000:00000000       ___hybrid_code_map         00000000     <absolute>
 0000:00000000       ___dynamic_value_reloc_table 00000000     <absolute>
 0000:00000000       ___safe_se_handler_table   00000000     <absolute>
 0000:00000000       ___guard_fids_table        00000000     <absolute>
 0000:00000000       ___guard_iat_count         00000000     <absolute>
 0000:00000000       ___safe_se_handler_count   00000000     <absolute>
 0000:00000000       ___volatile_metadata       00000000     <absolute>
 0000:00000000       ___guard_fids_count        00000000     <absolute>
 0000:00000000       ___guard_longjmp_table     00000000     <absolute>
 0000:00000000       ___guard_longjmp_count     00000000     <absolute>
 0000:00000000       ___enclave_config          00000000     <absolute>
 0000:00000100       ___guard_flags             00000100     <absolute>
 0000:00000000       ___ImageBase               00400000     <linker-defined>
 0001:00000000       __enc$textbss$begin        00401000     <linker-defined>
 0001:00010000       __enc$textbss$end          00411000     <linker-defined>
 0002:00000c40       ??0BinaryTree@@QAE@XZ      00411c40 f   BinaryTree.obj
 0002:00000ce0       ??1BinaryTree@@QAE@XZ      00411ce0 f   BinaryTree.obj
 0002:00000d70       ?AddValue@BinaryTree@@QAE_NPAH@Z 00411d70 f   BinaryTree.obj
 0002:00000ea0       ?CreateNode@BinaryTree@@IAEPAU_Node@@XZ 00411ea0 f   BinaryTree.obj
 0002:00000f60       ?InsertNode@BinaryTree@@IAE_NPAU_Node@@0@Z 00411f60 f   BinaryTree.obj
 0002:00001090       ?SearchTree@BinaryTree@@QAE_NH@Z 00412090 f   BinaryTree.obj
 0002:00001130       ?Traverse@BinaryTree@@IAE_NPAU_Node@@H@Z 00412130 f   BinaryTree.obj
 0002:00001240       __JustMyCode_Default       00412240 f i BinaryTree.obj
 0002:00001250       ??$?6U?$char_traits@D@std@@@std@@YAAAV?$basic_ostream@DU?$char_traits@D@std@@@0@AAV10@PBD@Z 00412250 f i Main.obj
 0002:00001830       ??0?$CompareFunction@H@BinaryTreeTemplate@@QAE@XZ 00412830 f i Main.obj
 0002:00001880       ??0?$CompareFunction@M@BinaryTreeTemplate@@QAE@XZ 00412880 f i Main.obj
 0002:000018d0       ??0?$TBinaryTree@HU?$CompareFunction@H@BinaryTreeTemplate@@@BinaryTreeTemplate@@QAE@XZ 004128d0 f i Main.obj
 0002:00001990       ??0?$TBinaryTree@MU?$CompareFunction@M@BinaryTreeTemplate@@@BinaryTreeTemplate@@QAE@XZ 00412990 f i Main.obj
 0002:00001a50       ??0?$TNode@H@BinaryTreeTemplate@@QAE@ABH@Z 00412a50 f i Main.obj
 0002:00001b10       ??0?$TNode@M@BinaryTreeTemplate@@QAE@ABM@Z 00412b10 f i Main.obj
 0002:00001bd0       ??0?$lock_guard@Vmutex@std@@@std@@QAE@AAVmutex@1@@Z 00412bd0 f i Main.obj
 0002:00001c40       ??0_Mutex_base@std@@QAE@H@Z 00412c40 f i Main.obj
 0002:00001cf0       ??0_Sentry_base@?$basic_ostream@DU?$char_traits@D@std@@@std@@QAE@AAV12@@Z 00412cf0 f i Main.obj
 0002:00001df0       ??0mutex@std@@QAE@XZ       00412df0 f i Main.obj
 0002:00001e90       ??0sentry@?$basic_ostream@DU?$char_traits@D@std@@@std@@QAE@AAV12@@Z 00412e90 f i Main.obj
 0002:00002020       ??1?$TBinaryTree@HU?$CompareFunction@H@BinaryTreeTemplate@@@BinaryTreeTemplate@@UAE@XZ 00413020 f i Main.obj
 0002:000020e0       ??1?$TBinaryTree@MU?$CompareFunction@M@BinaryTreeTemplate@@@BinaryTreeTemplate@@UAE@XZ 004130e0 f i Main.obj
 0002:000021a0       ??1?$TNode@H@BinaryTreeTemplate@@QAE@XZ 004131a0 f i Main.obj
 0002:00002230       ??1?$TNode@M@BinaryTreeTemplate@@QAE@XZ 00413230 f i Main.obj
 0002:000022c0       ??1?$lock_guard@Vmutex@std@@@std@@QAE@XZ 004132c0 f i Main.obj
 0002:00002360       ??1_Mutex_base@std@@QAE@XZ 00413360 f i Main.obj
 0002:00002400       ??1_Sentry_base@?$basic_ostream@DU?$char_traits@D@std@@@std@@QAE@XZ 00413400 f i Main.obj
 0002:00002520       ??1mutex@std@@QAE@XZ       00413520 f i Main.obj
 0002:00002570       ??1sentry@?$basic_ostream@DU?$char_traits@D@std@@@std@@QAE@XZ 00413570 f i Main.obj
 0002:00002630       ??Bsentry@?$basic_ostream@DU?$char_traits@D@std@@@std@@QBE_NXZ 00413630 f i Main.obj
 0002:00002690       ??R?$CompareFunction@H@BinaryTreeTemplate@@UBEKPAV?$TNode@H@1@0@Z 00413690 f i Main.obj
 0002:00002750       ??R?$CompareFunction@M@BinaryTreeTemplate@@UBEKPAV?$TNode@M@1@0@Z 00413750 f i Main.obj
 0002:00002820       ??_G?$TBinaryTree@HU?$CompareFunction@H@BinaryTreeTemplate@@@BinaryTreeTemplate@@UAEPAXI@Z 00413820 f i Main.obj
 0002:00002820       ??_E?$TBinaryTree@HU?$CompareFunction@H@BinaryTreeTemplate@@@BinaryTreeTemplate@@UAEPAXI@Z 00413820 f i Main.obj
 0002:00002890       ??_G?$TBinaryTree@MU?$CompareFunction@M@BinaryTreeTemplate@@@BinaryTreeTemplate@@UAEPAXI@Z 00413890 f i Main.obj
 0002:00002890       ??_E?$TBinaryTree@MU?$CompareFunction@M@BinaryTreeTemplate@@@BinaryTreeTemplate@@UAEPAXI@Z 00413890 f i Main.obj
 0002:00002900       ??_G?$TNode@H@BinaryTreeTemplate@@QAEPAXI@Z 00413900 f i Main.obj
 0002:00002970       ??_G?$TNode@M@BinaryTreeTemplate@@QAEPAXI@Z 00413970 f i Main.obj
 0002:000029e0       ?AddNode@?$TBinaryTree@HU?$CompareFunction@H@BinaryTreeTemplate@@@BinaryTreeTemplate@@EAE_NPAV?$TNode@H@2@@Z 004139e0 f i Main.obj
 0002:00002a80       ?AddNode@?$TBinaryTree@MU?$CompareFunction@M@BinaryTreeTemplate@@@BinaryTreeTemplate@@EAE_NPAV?$TNode@M@2@@Z 00413a80 f i Main.obj
 0002:00002b20       ?AddTreeBranch@?$TBinaryTree@HU?$CompareFunction@H@BinaryTreeTemplate@@@BinaryTreeTemplate@@EAE_NPAV?$TNode@H@2@@Z 00413b20 f i Main.obj
 0002:00002c30       ?AddTreeBranch@?$TBinaryTree@MU?$CompareFunction@M@BinaryTreeTemplate@@@BinaryTreeTemplate@@EAE_NPAV?$TNode@M@2@@Z 00413c30 f i Main.obj
 0002:00002d40       ?ClearTree@?$TBinaryTree@HU?$CompareFunction@H@BinaryTreeTemplate@@@BinaryTreeTemplate@@UAE_NXZ 00413d40 f i Main.obj
 0002:00002e70       ?ClearTree@?$TBinaryTree@MU?$CompareFunction@M@BinaryTreeTemplate@@@BinaryTreeTemplate@@UAE_NXZ 00413e70 f i Main.obj
 0002:00002fa0       ?DeleteTree@?$TBinaryTree@HU?$CompareFunction@H@BinaryTreeTemplate@@@BinaryTreeTemplate@@EAE_NPAV?$TNode@H@2@@Z 00413fa0 f i Main.obj
 0002:000030b0       ?DeleteTree@?$TBinaryTree@MU?$CompareFunction@M@BinaryTreeTemplate@@@BinaryTreeTemplate@@EAE_NPAV?$TNode@M@2@@Z 004140b0 f i Main.obj
 0002:000031c0       ?PrintTree@?$TBinaryTree@HU?$CompareFunction@H@BinaryTreeTemplate@@@BinaryTreeTemplate@@UAE_NXZ 004141c0 f i Main.obj
 0002:00003320       ?PrintTree@?$TBinaryTree@MU?$CompareFunction@M@BinaryTreeTemplate@@@BinaryTreeTemplate@@UAE_NXZ 00414320 f i Main.obj
 0002:00003480       ?Put@?$TBinaryTree@HU?$CompareFunction@H@BinaryTreeTemplate@@@BinaryTreeTemplate@@UAE_NABH@Z 00414480 f i Main.obj
 0002:00003660       ?Put@?$TBinaryTree@MU?$CompareFunction@M@BinaryTreeTemplate@@@BinaryTreeTemplate@@UAE_NABM@Z 00414660 f i Main.obj
 0002:00003840       ?RecurseAdd@?$TBinaryTree@HU?$CompareFunction@H@BinaryTreeTemplate@@@BinaryTreeTemplate@@MAE_NPAV?$TNode@H@2@0@Z 00414840 f i Main.obj
 0002:00003960       ?RecurseAdd@?$TBinaryTree@MU?$CompareFunction@M@BinaryTreeTemplate@@@BinaryTreeTemplate@@MAE_NPAV?$TNode@M@2@0@Z 00414960 f i Main.obj
 0002:00003a80       ?RecursePrint@?$TBinaryTree@HU?$CompareFunction@H@BinaryTreeTemplate@@@BinaryTreeTemplate@@MAE_NPAV?$TNode@H@2@@Z 00414a80 f i Main.obj
 0002:00003b70       ?RecursePrint@?$TBinaryTree@MU?$CompareFunction@M@BinaryTreeTemplate@@@BinaryTreeTemplate@@MAE_NPAV?$TNode@M@2@@Z 00414b70 f i Main.obj
 0002:00003c60       ?RecurseRemove@?$TBinaryTree@HU?$CompareFunction@H@BinaryTreeTemplate@@@BinaryTreeTemplate@@MAE_NPAV?$TNode@H@2@00@Z 00414c60 f i Main.obj
 0002:00003e80       ?RecurseRemove@?$TBinaryTree@MU?$CompareFunction@M@BinaryTreeTemplate@@@BinaryTreeTemplate@@MAE_NPAV?$TNode@M@2@00@Z 00414e80 f i Main.obj
 0002:000040a0       ?RecurseSearch@?$TBinaryTree@HU?$CompareFunction@H@BinaryTreeTemplate@@@BinaryTreeTemplate@@MAE_NPAV?$TNode@H@2@0@Z 004150a0 f i Main.obj
 0002:00004200       ?RecurseSearch@?$TBinaryTree@MU?$CompareFunction@M@BinaryTreeTemplate@@@BinaryTreeTemplate@@MAE_NPAV?$TNode@M@2@0@Z 00415200 f i Main.obj
 0002:00004360       ?Remove@?$TBinaryTree@HU?$CompareFunction@H@BinaryTreeTemplate@@@BinaryTreeTemplate@@UAE_NABH@Z 00415360 f i Main.obj
 0002:00004570       ?Remove@?$TBinaryTree@MU?$CompareFunction@M@BinaryTreeTemplate@@@BinaryTreeTemplate@@UAE_NABM@Z 00415570 f i Main.obj
 0002:00004780       ?Search@?$TBinaryTree@HU?$CompareFunction@H@BinaryTreeTemplate@@@BinaryTreeTemplate@@UAE_NABH@Z 00415780 f i Main.obj
 0002:000049c0       ?Search@?$TBinaryTree@MU?$CompareFunction@M@BinaryTreeTemplate@@@BinaryTreeTemplate@@UAE_NABM@Z 004159c0 f i Main.obj
 0002:00004c00       ?StandardBinaryTreePractice@@YAXXZ 00415c00 f   Main.obj
 0002:00004d90       ?TemplateBinaryTreePractice@@YAXXZ 00415d90 f   Main.obj
 0002:000052d0       ?_Check_C_return@std@@YAHH@Z 004162d0 f i Main.obj
 0002:00005340       ?_Mtx_lockX@std@@YAHPAU_Mtx_internal_imp_t@@@Z 00416340 f i Main.obj
 0002:000053b0       ?_Mtx_unlockX@std@@YAHPAU_Mtx_internal_imp_t@@@Z 004163b0 f i Main.obj
 0002:00005420       ?_Mymtx@_Mutex_base@std@@AAEPAU_Mtx_internal_imp_t@@XZ 00416420 f i Main.obj
 0002:000054b0       ?__autoclassinit2@?$TBinaryTree@HU?$CompareFunction@H@BinaryTreeTemplate@@@BinaryTreeTemplate@@QAEXI@Z 004164b0 f i Main.obj
 0002:00005510       ?__autoclassinit2@?$TBinaryTree@MU?$CompareFunction@M@BinaryTreeTemplate@@@BinaryTreeTemplate@@QAEXI@Z 00416510 f i Main.obj
 0002:00005570       ?__autoclassinit2@?$TNode@H@BinaryTreeTemplate@@QAEXI@Z 00416570 f i Main.obj
 0002:000055d0       ?__autoclassinit2@?$TNode@M@BinaryTreeTemplate@@QAEXI@Z 004165d0 f i Main.obj
 0002:00005630       ?__autoclassinit2@BinaryTree@@QAEXI@Z 00416630 f i Main.obj
 0002:00005690       ?__empty_global_delete@@YAXPAX@Z 00416690 f i Main.obj
 0002:000056e0       ?__empty_global_delete@@YAXPAXI@Z 004166e0 f i Main.obj
 0002:00005730       ?eof@?$char_traits@D@std@@SAHXZ 00416730 f i Main.obj
 0002:000057c0       ?eq_int_type@?$char_traits@D@std@@SA_NABH0@Z 004167c0 f i Main.obj
 0002:00005880       ?length@?$char_traits@D@std@@SAIQBD@Z 00416880 f i Main.obj
 0002:00005910       ?lock@_Mutex_base@std@@QAEXXZ 00416910 f i Main.obj
 0002:00005980       ?unlock@_Mutex_base@std@@QAEXXZ 00416980 f i Main.obj
 0002:000059f0       ___local_stdio_printf_options 004169f0 f i Main.obj
 0002:00005a50       __vfprintf_l               00416a50 f i Main.obj
 0002:00005ae0       _main                      00416ae0 f   Main.obj
 0002:00005b40       _printf                    00416b40 f i Main.obj
 0002:00005bd3       ?uncaught_exception@std@@YA_NXZ 00416bd3 f   msvcprtd:MSVCP140D.dll
 0002:00005bd9       ?good@ios_base@std@@QBE_NXZ 00416bd9 f   msvcprtd:MSVCP140D.dll
 0002:00005bdf       ?flags@ios_base@std@@QBEHXZ 00416bdf f   msvcprtd:MSVCP140D.dll
 0002:00005be5       ?width@ios_base@std@@QBE_JXZ 00416be5 f   msvcprtd:MSVCP140D.dll
 0002:00005beb       ?width@ios_base@std@@QAE_J_J@Z 00416beb f   msvcprtd:MSVCP140D.dll
 0002:00005bf1       ?sputc@?$basic_streambuf@DU?$char_traits@D@std@@@std@@QAEHD@Z 00416bf1 f   msvcprtd:MSVCP140D.dll
 0002:00005bf7       ?sputn@?$basic_streambuf@DU?$char_traits@D@std@@@std@@QAE_JPBD_J@Z 00416bf7 f   msvcprtd:MSVCP140D.dll
 0002:00005bfd       ?setstate@?$basic_ios@DU?$char_traits@D@std@@@std@@QAEXH_N@Z 00416bfd f   msvcprtd:MSVCP140D.dll
 0002:00005c03       ?tie@?$basic_ios@DU?$char_traits@D@std@@@std@@QBEPAV?$basic_ostream@DU?$char_traits@D@std@@@2@XZ 00416c03 f   msvcprtd:MSVCP140D.dll
 0002:00005c09       ?rdbuf@?$basic_ios@DU?$char_traits@D@std@@@std@@QBEPAV?$basic_streambuf@DU?$char_traits@D@std@@@2@XZ 00416c09 f   msvcprtd:MSVCP140D.dll
 0002:00005c0f       ?fill@?$basic_ios@DU?$char_traits@D@std@@@std@@QBEDXZ 00416c0f f   msvcprtd:MSVCP140D.dll
 0002:00005c15       ?_Osfx@?$basic_ostream@DU?$char_traits@D@std@@@std@@QAEXXZ 00416c15 f   msvcprtd:MSVCP140D.dll
 0002:00005c1b       ??6?$basic_ostream@DU?$char_traits@D@std@@@std@@QAEAAV01@H@Z 00416c1b f   msvcprtd:MSVCP140D.dll
 0002:00005c21       ??6?$basic_ostream@DU?$char_traits@D@std@@@std@@QAEAAV01@M@Z 00416c21 f   msvcprtd:MSVCP140D.dll
 0002:00005c27       ?flush@?$basic_ostream@DU?$char_traits@D@std@@@std@@QAEAAV12@XZ 00416c27 f   msvcprtd:MSVCP140D.dll
 0002:00005c2d       __Mtx_init_in_situ         00416c2d f   msvcprtd:MSVCP140D.dll
 0002:00005c33       __Mtx_destroy_in_situ      00416c33 f   msvcprtd:MSVCP140D.dll
 0002:00005c39       __Mtx_lock                 00416c39 f   msvcprtd:MSVCP140D.dll
 0002:00005c3f       __Mtx_unlock               00416c3f f   msvcprtd:MSVCP140D.dll
 0002:00005c45       ?_Throw_C_error@std@@YAXH@Z 00416c45 f   msvcprtd:MSVCP140D.dll
 0002:00005c50       @__CheckForDebuggerJustMyCode@4 00416c50 f   MSVCRTD:debugger_jmc.obj
 0002:00005ca0       @__security_check_cookie@4 00416ca0 f   MSVCRTD:secchk.obj
 0002:00005cc0       @_RTC_AllocaHelper@12      00416cc0 f   MSVCRTD:stack.obj
 0002:00005d00       @_RTC_CheckStackVars2@12   00416d00 f   MSVCRTD:stack.obj
 0002:00005e20       @_RTC_CheckStackVars@8     00416e20 f   MSVCRTD:stack.obj
 0002:00005ea0       __RTC_CheckEsp             00416ea0 f   MSVCRTD:stack.obj
 0002:00005ee0       __CRT_RTC_INIT             00416ee0 f   MSVCRTD:init.obj
 0002:00005ef0       __CRT_RTC_INITW            00416ef0 f   MSVCRTD:init.obj
 0002:00005f00       __RTC_InitBase             00416f00 f   MSVCRTD:init.obj
 0002:00005f40       __RTC_Shutdown             00416f40 f   MSVCRTD:init.obj
 0002:00005f60       ??2@YAPAXI@Z               00416f60 f   MSVCRTD:new_scalar.obj
 0002:00005fc0       ??3@YAXPAXI@Z              00416fc0 f   MSVCRTD:delete_scalar_size.obj
 0002:00005fe0       ??1type_info@@UAE@XZ       00416fe0 f   MSVCRTD:std_type_info_static.obj
 0002:00006000       ??_Gtype_info@@UAEPAXI@Z   00417000 f i MSVCRTD:std_type_info_static.obj
 0002:00006000       ??_Etype_info@@UAEPAXI@Z   00417000 f i MSVCRTD:std_type_info_static.obj
 0002:00006410       ?configure_argv@__scrt_narrow_argv_policy@@SAHXZ 00417410 f i MSVCRTD:exe_main.obj
 0002:00006430       ?initialize_environment@__scrt_narrow_environment_policy@@SAHXZ 00417430 f i MSVCRTD:exe_main.obj
 0002:00006470       ?set_app_type@__scrt_main_policy@@SAXXZ 00417470 f i MSVCRTD:exe_main.obj
 0002:00006490       ?set_commode@__scrt_file_policy@@SAXXZ 00417490 f i MSVCRTD:exe_main.obj
 0002:000064b0       ?set_fmode@__scrt_file_policy@@SAXXZ 004174b0 f i MSVCRTD:exe_main.obj
 0002:000064d0       _mainCRTStartup            004174d0 f   MSVCRTD:exe_main.obj
 0002:000064e0       ___raise_securityfailure   004174e0 f   MSVCRTD:gs_report.obj
 0002:00006520       ___report_gsfailure        00417520 f   MSVCRTD:gs_report.obj
 0002:00006670       ___report_rangecheckfailure 00417670 f   MSVCRTD:gs_report.obj
 0002:00006680       ___report_securityfailure  00417680 f   MSVCRTD:gs_report.obj
 0002:00006790       ___report_securityfailureEx 00417790 f   MSVCRTD:gs_report.obj
 0002:000069b0       ?_RTC_AllocaFailure@@YAXPAXPAU_RTC_ALLOCA_NODE@@H@Z 004179b0 f   MSVCRTD:error.obj
 0002:00006ad0       ?_RTC_Failure@@YAXPAXH@Z   00417ad0 f   MSVCRTD:error.obj
 0002:00006b40       ?_RTC_StackFailure@@YAXPAXPBD@Z 00417b40 f   MSVCRTD:error.obj
 0002:00006ff0       __RTC_UninitUse            00417ff0 f   MSVCRTD:error.obj
 0002:000070d0       __vsprintf_s_l             004180d0 f i MSVCRTD:error.obj
 0002:00007110       _sprintf_s                 00418110 f i MSVCRTD:error.obj
 0002:00007140       ?_RTC_GetErrorFunc@@YAP6AHHPBDH00ZZPBX@Z 00418140 f   MSVCRTD:userapi.obj
 0002:00007150       ?_RTC_GetErrorFuncW@@YAP6AHHPB_WH00ZZPBX@Z 00418150 f   MSVCRTD:userapi.obj
 0002:00007160       __RTC_GetErrDesc           00418160 f   MSVCRTD:userapi.obj
 0002:00007180       __RTC_NumErrors            00418180 f   MSVCRTD:userapi.obj
 0002:00007190       __RTC_SetErrorFunc         00418190 f   MSVCRTD:userapi.obj
 0002:000071c0       __RTC_SetErrorFuncW        004181c0 f   MSVCRTD:userapi.obj
 0002:000071f0       __RTC_SetErrorType         004181f0 f   MSVCRTD:userapi.obj
 0002:00007220       ??0bad_alloc@std@@AAE@QBD@Z 00418220 f i MSVCRTD:throw_bad_alloc.obj
 0002:00007250       ??0bad_alloc@std@@QAE@ABV01@@Z 00418250 f i MSVCRTD:throw_bad_alloc.obj
 0002:00007280       ??0bad_alloc@std@@QAE@XZ   00418280 f i MSVCRTD:throw_bad_alloc.obj
 0002:000072b0       ??0bad_array_new_length@std@@QAE@ABV01@@Z 004182b0 f i MSVCRTD:throw_bad_alloc.obj
 0002:000072e0       ??0bad_array_new_length@std@@QAE@XZ 004182e0 f i MSVCRTD:throw_bad_alloc.obj
 0002:00007310       ??0exception@std@@QAE@ABV01@@Z 00418310 f i MSVCRTD:throw_bad_alloc.obj
 0002:00007360       ??0exception@std@@QAE@QBDH@Z 00418360 f i MSVCRTD:throw_bad_alloc.obj
 0002:000073a0       ??1bad_alloc@std@@UAE@XZ   004183a0 f i MSVCRTD:throw_bad_alloc.obj
 0002:000073c0       ??1bad_array_new_length@std@@UAE@XZ 004183c0 f i MSVCRTD:throw_bad_alloc.obj
 0002:000073e0       ??1exception@std@@UAE@XZ   004183e0 f i MSVCRTD:throw_bad_alloc.obj
 0002:00007410       ??_Ebad_alloc@std@@UAEPAXI@Z 00418410 f i MSVCRTD:throw_bad_alloc.obj
 0002:00007410       ??_Gbad_alloc@std@@UAEPAXI@Z 00418410 f i MSVCRTD:throw_bad_alloc.obj
 0002:00007450       ??_Ebad_array_new_length@std@@UAEPAXI@Z 00418450 f i MSVCRTD:throw_bad_alloc.obj
 0002:00007450       ??_Gbad_array_new_length@std@@UAEPAXI@Z 00418450 f i MSVCRTD:throw_bad_alloc.obj
 0002:00007490       ??_Gexception@std@@UAEPAXI@Z 00418490 f i MSVCRTD:throw_bad_alloc.obj
 0002:00007490       ??_Eexception@std@@UAEPAXI@Z 00418490 f i MSVCRTD:throw_bad_alloc.obj
 0002:000074d0       ?__scrt_throw_std_bad_alloc@@YAXXZ 004184d0 f   MSVCRTD:throw_bad_alloc.obj
 0002:00007500       ?__scrt_throw_std_bad_array_new_length@@YAXXZ 00418500 f   MSVCRTD:throw_bad_alloc.obj
 0002:00007530       ?what@exception@std@@UBEPBDXZ 00418530 f i MSVCRTD:throw_bad_alloc.obj
 0002:00007570       ??3@YAXPAX@Z               00418570 f   MSVCRTD:delete_scalar.obj
 0002:00007590       ??$__crt_fast_decode_pointer@PAP6AXXZ@@YAPAP6AXXZQAP6AXXZ@Z 00418590 f i MSVCRTD:utility.obj
 0002:000075c0       ??$__crt_fast_encode_pointer@PAP6AXXZ@@YAPAP6AXXZQAP6AXXZ@Z 004185c0 f i MSVCRTD:utility.obj
 0002:00007600       ?__crt_rotate_pointer_value@@YAIIH@Z 00418600 f i MSVCRTD:utility.obj
 0002:00007750       _NtCurrentTeb              00418750 f i MSVCRTD:utility.obj
 0002:00007760       ___scrt_acquire_startup_lock 00418760 f   MSVCRTD:utility.obj
 0002:000077c0       ___scrt_dllmain_after_initialize_c 004187c0 f   MSVCRTD:utility.obj
 0002:00007800       ___scrt_dllmain_before_initialize_c 00418800 f   MSVCRTD:utility.obj
 0002:00007830       ___scrt_dllmain_crt_thread_attach 00418830 f   MSVCRTD:utility.obj
 0002:00007870       ___scrt_dllmain_crt_thread_detach 00418870 f   MSVCRTD:utility.obj
 0002:00007890       ___scrt_dllmain_exception_filter 00418890 f   MSVCRTD:utility.obj
 0002:000078f0       ___scrt_dllmain_uninitialize_c 004188f0 f   MSVCRTD:utility.obj
 0002:00007930       ___scrt_dllmain_uninitialize_critical 00418930 f   MSVCRTD:utility.obj
 0002:00007950       ___scrt_initialize_crt     00418950 f   MSVCRTD:utility.obj
 0002:000079b0       ___scrt_initialize_onexit_tables 004189b0 f   MSVCRTD:utility.obj
 0002:00007ad0       ___scrt_is_nonwritable_in_current_image 00418ad0 f   MSVCRTD:utility.obj
 0002:00007c50       ___scrt_release_startup_lock 00418c50 f   MSVCRTD:utility.obj
 0002:00007c80       ___scrt_uninitialize_crt   00418c80 f   MSVCRTD:utility.obj
 0002:00007cd0       __onexit                   00418cd0 f   MSVCRTD:utility.obj
 0002:00007d60       _at_quick_exit             00418d60 f   MSVCRTD:utility.obj
 0002:00007dc0       _atexit                    00418dc0 f   MSVCRTD:utility.obj
 0002:00007e90       ___security_init_cookie    00418e90 f   MSVCRTD:gs_support.obj
 0002:00007f30       __matherr                  00418f30 f   MSVCRTD:matherr.obj
 0002:00007f40       __get_startup_argv_mode    00418f40 f   MSVCRTD:argv_mode.obj
 0002:00007f50       __get_startup_commit_mode  00418f50 f   MSVCRTD:commit_mode.obj
 0002:00007f60       __get_startup_file_mode    00418f60 f   MSVCRTD:file_mode.obj
 0002:00007f70       __get_startup_new_mode     00418f70 f   MSVCRTD:new_mode.obj
 0002:00007f80       __get_startup_thread_locale_mode 00418f80 f   MSVCRTD:thread_locale.obj
 0002:00007f90       ?__scrt_initialize_type_info@@YAXXZ 00418f90 f   MSVCRTD:tncleanup.obj
 0002:00007fb0       ?__scrt_uninitialize_type_info@@YAXXZ 00418fb0 f   MSVCRTD:tncleanup.obj
 0002:00007fd0       __should_initialize_environment 00418fd0 f   MSVCRTD:env_mode.obj
 0002:00007fe0       __initialize_default_precision 00418fe0 f   MSVCRTD:default_precision.obj
 0002:00008010       __initialize_invalid_parameter_handler 00419010 f   MSVCRTD:invalid_parameter_handler.obj
 0002:00008020       __initialize_denormal_control 00419020 f   MSVCRTD:denormal_control.obj
 0002:00008030       ___local_stdio_scanf_options 00419030 f i MSVCRTD:default_local_stdio_options.obj
 0002:00008040       ___scrt_initialize_default_local_stdio_options 00419040 f   MSVCRTD:default_local_stdio_options.obj
 0002:00008090       ___scrt_is_user_matherr_present 00419090 f   MSVCRTD:matherr_detection.obj
 0002:000080c0       ___scrt_get_dyn_tls_init_callback 004190c0 f   MSVCRTD:dyn_tls_init.obj
 0002:000080d0       ___scrt_get_dyn_tls_dtor_callback 004190d0 f   MSVCRTD:dyn_tls_dtor.obj
 0002:000080e0       ___scrt_fastfail           004190e0 f   MSVCRTD:utility_desktop.obj
 0002:00008270       ___scrt_get_show_window_mode 00419270 f   MSVCRTD:utility_desktop.obj
 0002:000082c0       ___scrt_initialize_mta     004192c0 f   MSVCRTD:utility_desktop.obj
 0002:000082d0       ___scrt_initialize_winrt   004192d0 f   MSVCRTD:utility_desktop.obj
 0002:000082e0       ___scrt_is_managed_app     004192e0 f   MSVCRTD:utility_desktop.obj
 0002:00008390       ___scrt_set_unhandled_exception_filter 00419390 f   MSVCRTD:utility_desktop.obj
 0002:000083b0       ___scrt_stub_for_initialize_mta 004193b0 f   MSVCRTD:utility_desktop.obj
 0002:000083b0       ___scrt_exe_initialize_mta 004193b0 f   MSVCRTD:utility_desktop.obj
 0002:000083c0       ___scrt_unhandled_exception_filter@4 004193c0 f   MSVCRTD:utility_desktop.obj
 0002:00008440       __crt_debugger_hook        00419440 f   MSVCRTD:utility_desktop.obj
 0002:00008460       __RTC_Initialize           00419460 f   MSVCRTD:initsect.obj
 0002:000084a0       __RTC_Terminate            004194a0 f   MSVCRTD:initsect.obj
 0002:000084e0       __except_handler4          004194e0 f   MSVCRTD:chandler4gs.obj
 0002:00008510       @_guard_check_icall_nop@4  00419510 f i MSVCRTD:guard_support.obj
 0002:00008520       _ReadNoFence               00419520 f i MSVCRTD:guard_support.obj
 0002:00008540       _ReadPointerNoFence        00419540 f i MSVCRTD:guard_support.obj
 0002:00008560       __guard_icall_checks_enforced 00419560 f i MSVCRTD:guard_support.obj
 0002:00008b30       ?_RTC_GetSrcLine@@YAHPAEPA_WKPAH1K@Z 00419b30 f   MSVCRTD:pdblkup.obj
 0002:00008fa0       __except_handler4_noexcept 00419fa0 f   MSVCRTD:chandler4_noexcept.obj
 0002:00009000       ___isa_available_init      0041a000 f   MSVCRTD:cpu_disp.obj
 0002:00009390       ___scrt_is_ucrt_dll_in_use 0041a390 f   MSVCRTD:ucrt_detection.obj
 0002:000093bd       ___CxxFrameHandler3        0041a3bd f   vcruntimed:VCRUNTIME140D.dll
 0002:000093c3       _memset                    0041a3c3 f   vcruntimed:VCRUNTIME140D.dll
 0002:000093c9       ___std_exception_copy      0041a3c9 f   vcruntimed:VCRUNTIME140D.dll
 0002:000093cf       ___std_exception_destroy   0041a3cf f   vcruntimed:VCRUNTIME140D.dll
 0002:000093d5       __CxxThrowException@8      0041a3d5 f   vcruntimed:VCRUNTIME140D.dll
 0002:000093db       ___std_type_info_destroy_list 0041a3db f   vcruntimed:VCRUNTIME140D.dll
 0002:000093e1       __except_handler4_common   0041a3e1 f   vcruntimed:VCRUNTIME140D.dll
 0002:000093e7       ___vcrt_GetModuleFileNameW 0041a3e7 f   vcruntimed:VCRUNTIME140D.dll
 0002:000093ed       ___vcrt_GetModuleHandleW   0041a3ed f   vcruntimed:VCRUNTIME140D.dll
 0002:000093f3       ___vcrt_LoadLibraryExW     0041a3f3 f   vcruntimed:VCRUNTIME140D.dll
 0002:000093f9       _malloc                    0041a3f9 f   ucrtd:ucrtbased.dll
 0002:000093ff       __wassert                  0041a3ff f   ucrtd:ucrtbased.dll
 0002:00009405       ___acrt_iob_func           0041a405 f   ucrtd:ucrtbased.dll
 0002:0000940b       ___stdio_common_vfprintf   0041a40b f   ucrtd:ucrtbased.dll
 0002:00009411       _strlen                    0041a411 f   ucrtd:ucrtbased.dll
 0002:00009417       __CrtDbgReport             0041a417 f   ucrtd:ucrtbased.dll
 0002:0000941d       __CrtDbgReportW            0041a41d f   ucrtd:ucrtbased.dll
 0002:00009423       __callnewh                 0041a423 f   ucrtd:ucrtbased.dll
 0002:00009429       __seh_filter_exe           0041a429 f   ucrtd:ucrtbased.dll
 0002:0000942f       __set_app_type             0041a42f f   ucrtd:ucrtbased.dll
 0002:00009435       ___setusermatherr          0041a435 f   ucrtd:ucrtbased.dll
 0002:0000943b       __configure_narrow_argv    0041a43b f   ucrtd:ucrtbased.dll
 0002:00009441       __initialize_narrow_environment 0041a441 f   ucrtd:ucrtbased.dll
 0002:00009447       __get_initial_narrow_environment 0041a447 f   ucrtd:ucrtbased.dll
 0002:0000944d       __initterm                 0041a44d f   ucrtd:ucrtbased.dll
 0002:00009453       __initterm_e               0041a453 f   ucrtd:ucrtbased.dll
 0002:00009459       _exit                      0041a459 f   ucrtd:ucrtbased.dll
 0002:0000945f       __exit                     0041a45f f   ucrtd:ucrtbased.dll
 0002:00009465       __set_fmode                0041a465 f   ucrtd:ucrtbased.dll
 0002:0000946b       ___p___argc                0041a46b f   ucrtd:ucrtbased.dll
 0002:00009471       ___p___argv                0041a471 f   ucrtd:ucrtbased.dll
 0002:00009477       __cexit                    0041a477 f   ucrtd:ucrtbased.dll
 0002:0000947d       __c_exit                   0041a47d f   ucrtd:ucrtbased.dll
 0002:00009483       __register_thread_local_exe_atexit_callback 0041a483 f   ucrtd:ucrtbased.dll
 0002:00009489       __configthreadlocale       0041a489 f   ucrtd:ucrtbased.dll
 0002:0000948f       __set_new_mode             0041a48f f   ucrtd:ucrtbased.dll
 0002:00009495       ___p__commode              0041a495 f   ucrtd:ucrtbased.dll
 0002:0000949b       _strcpy_s                  0041a49b f   ucrtd:ucrtbased.dll
 0002:000094a1       _strcat_s                  0041a4a1 f   ucrtd:ucrtbased.dll
 0002:000094a7       ___stdio_common_vsprintf_s 0041a4a7 f   ucrtd:ucrtbased.dll
 0002:000094ad       __free_dbg                 0041a4ad f   ucrtd:ucrtbased.dll
 0002:000094b3       __seh_filter_dll           0041a4b3 f   ucrtd:ucrtbased.dll
 0002:000094b9       __initialize_onexit_table  0041a4b9 f   ucrtd:ucrtbased.dll
 0002:000094bf       __register_onexit_function 0041a4bf f   ucrtd:ucrtbased.dll
 0002:000094c5       __execute_onexit_table     0041a4c5 f   ucrtd:ucrtbased.dll
 0002:000094cb       __crt_atexit               0041a4cb f   ucrtd:ucrtbased.dll
 0002:000094d1       __crt_at_quick_exit        0041a4d1 f   ucrtd:ucrtbased.dll
 0002:000094d7       __controlfp_s              0041a4d7 f   ucrtd:ucrtbased.dll
 0002:000094dd       _terminate                 0041a4dd f   ucrtd:ucrtbased.dll
 0002:000094e3       __wmakepath_s              0041a4e3 f   ucrtd:ucrtbased.dll
 0002:000094e9       __wsplitpath_s             0041a4e9 f   ucrtd:ucrtbased.dll
 0002:000094ef       _wcscpy_s                  0041a4ef f   ucrtd:ucrtbased.dll
 0002:000094f5       _GetCurrentThreadId@0      0041a4f5 f   kernel32:KERNEL32.dll
 0002:000094fb       _UnhandledExceptionFilter@4 0041a4fb f   kernel32:KERNEL32.dll
 0002:00009501       _SetUnhandledExceptionFilter@4 0041a501 f   kernel32:KERNEL32.dll
 0002:00009507       _GetCurrentProcess@0       0041a507 f   kernel32:KERNEL32.dll
 0002:0000950d       _TerminateProcess@8        0041a50d f   kernel32:KERNEL32.dll
 0002:00009513       _IsProcessorFeaturePresent@4 0041a513 f   kernel32:KERNEL32.dll
 0002:00009519       _IsDebuggerPresent@0       0041a519 f   kernel32:KERNEL32.dll
 0002:0000951f       _RaiseException@16         0041a51f f   kernel32:KERNEL32.dll
 0002:00009525       _MultiByteToWideChar@24    0041a525 f   kernel32:KERNEL32.dll
 0002:0000952b       _WideCharToMultiByte@32    0041a52b f   kernel32:KERNEL32.dll
 0002:00009531       _QueryPerformanceCounter@4 0041a531 f   kernel32:KERNEL32.dll
 0002:00009537       _GetCurrentProcessId@0     0041a537 f   kernel32:KERNEL32.dll
 0002:0000953d       _GetSystemTimeAsFileTime@4 0041a53d f   kernel32:KERNEL32.dll
 0002:00009543       _InitializeSListHead@4     0041a543 f   kernel32:KERNEL32.dll
 0002:00009549       _GetStartupInfoW@4         0041a549 f   kernel32:KERNEL32.dll
 0002:0000954f       _GetModuleHandleW@4        0041a54f f   kernel32:KERNEL32.dll
 0002:00009555       _GetLastError@0            0041a555 f   kernel32:KERNEL32.dll
 0002:0000955b       _HeapAlloc@12              0041a55b f   kernel32:KERNEL32.dll
 0002:00009561       _HeapFree@12               0041a561 f   kernel32:KERNEL32.dll
 0002:00009567       _GetProcessHeap@0          0041a567 f   kernel32:KERNEL32.dll
 0002:0000956d       _VirtualQuery@12           0041a56d f   kernel32:KERNEL32.dll
 0002:00009573       _FreeLibrary@4             0041a573 f   kernel32:KERNEL32.dll
 0002:00009579       _GetProcAddress@8          0041a579 f   kernel32:KERNEL32.dll
 0002:00009580       ___acrt_initialize         0041a580 f   MSVCRTD:ucrt_stubs.obj
 0002:00009580       ___scrt_stub_for_acrt_initialize 0041a580 f   MSVCRTD:ucrt_stubs.obj
 0002:00009580       ___vcrt_initialize         0041a580 f   MSVCRTD:ucrt_stubs.obj
 0002:00009590       ___scrt_stub_for_acrt_thread_attach 0041a590 f   MSVCRTD:ucrt_stubs.obj
 0002:00009590       ___acrt_thread_attach      0041a590 f   MSVCRTD:ucrt_stubs.obj
 0002:00009590       ___vcrt_thread_attach      0041a590 f   MSVCRTD:ucrt_stubs.obj
 0002:000095a0       ___scrt_stub_for_acrt_thread_detach 0041a5a0 f   MSVCRTD:ucrt_stubs.obj
 0002:000095a0       ___vcrt_thread_detach      0041a5a0 f   MSVCRTD:ucrt_stubs.obj
 0002:000095a0       ___acrt_thread_detach      0041a5a0 f   MSVCRTD:ucrt_stubs.obj
 0002:000095b0       ___acrt_uninitialize       0041a5b0 f   MSVCRTD:ucrt_stubs.obj
 0002:000095b0       ___vcrt_uninitialize       0041a5b0 f   MSVCRTD:ucrt_stubs.obj
 0002:000095b0       ___scrt_stub_for_acrt_uninitialize 0041a5b0 f   MSVCRTD:ucrt_stubs.obj
 0002:000095c0       ___acrt_uninitialize_critical 0041a5c0 f   MSVCRTD:ucrt_stubs.obj
 0002:000095c0       ___scrt_stub_for_acrt_uninitialize_critical 0041a5c0 f   MSVCRTD:ucrt_stubs.obj
 0002:000095c0       ___vcrt_uninitialize_critical 0041a5c0 f   MSVCRTD:ucrt_stubs.obj
 0002:000095d0       __is_c_termination_complete 0041a5d0 f   MSVCRTD:ucrt_stubs.obj
 0002:000095d0       ___scrt_stub_for_is_c_termination_complete 0041a5d0 f   MSVCRTD:ucrt_stubs.obj
 0003:00000000       ___xc_a                    0041e000     MSVCRTD:initializers.obj
 0003:00000208       ___xc_z                    0041e208     MSVCRTD:initializers.obj
 0003:0000030c       ___xi_a                    0041e30c     MSVCRTD:initializers.obj
 0003:00000618       ___xi_z                    0041e618     MSVCRTD:initializers.obj
 0003:0000071c       ___xp_a                    0041e71c     MSVCRTD:initializers.obj
 0003:00000820       ___xp_z                    0041e820     MSVCRTD:initializers.obj
 0003:00000924       ___xt_a                    0041e924     MSVCRTD:initializers.obj
 0003:00000a28       ___xt_z                    0041ea28     MSVCRTD:initializers.obj
 0003:00000b30       ??_C@_1LA@INKOLKAE@?$AAe?$AA?3?$AA?2?$AAd?$AAe?$AAv?$AA?2?$AAp?$AAr?$AAo?$AAj?$AAe?$AAc?$AAt?$AAs@ 0041eb30     BinaryTree.obj
 0003:00000c04       ??_C@_1BE@CHMNMEBK@?$AA_?$AAp?$AAC?$AAu?$AAr?$AAN?$AAo?$AAd?$AAe@ 0041ec04     BinaryTree.obj
 0003:00000c1c       ??_C@_1O@GNLELHNO@?$AA_?$AAp?$AAN?$AAo?$AAd?$AAe@ 0041ec1c     BinaryTree.obj
 0003:00000c30       ??_7?$CompareFunction@H@BinaryTreeTemplate@@6B@ 0041ec30     Main.obj
 0003:00000c3c       ??_7?$TBinaryTree@HU?$CompareFunction@H@BinaryTreeTemplate@@@BinaryTreeTemplate@@6B@ 0041ec3c     Main.obj
 0003:00000c80       ??_7?$CompareFunction@M@BinaryTreeTemplate@@6B@ 0041ec80     Main.obj
 0003:00000c8c       ??_7?$TBinaryTree@MU?$CompareFunction@M@BinaryTreeTemplate@@@BinaryTreeTemplate@@6B@ 0041ec8c     Main.obj
 0003:00000ccc       ??_C@_0BF@OHBEEKFJ@?6?5Int?5Implementation@ 0041eccc     Main.obj
 0003:00000ce8       ??_C@_01EEMJAFIK@?6@       0041ece8     Main.obj
 0003:00000cec       ??_C@_0BH@NJADKNDE@?6?5Float?5Implementation@ 0041ecec     Main.obj
 0003:00000d08       ??_C@_1KO@BJKKBBNK@?$AAe?$AA?3?$AA?2?$AAd?$AAe?$AAv?$AA?2?$AAp?$AAr?$AAo?$AAj?$AAe?$AAc?$AAt?$AAs@ 0041ed08     Main.obj
 0003:00000dd8       ??_C@_1DK@HELIGCNI@?$AA0?$AA?5?$AA?$CG?$AA?$CG?$AA?5?$AA?$CC?$AAS?$AAh?$AAo?$AAu?$AAl?$AAd?$AA?5?$AAn?$AAe@ 0041edd8     Main.obj
 0003:00000e20       ??_C@_1BI@DNIIDNFP@?$AAp?$AAS?$AAe?$AAa?$AAr?$AAc?$AAh?$AAN?$AAo?$AAd?$AAe@ 0041ee20     Main.obj
 0003:00000e3c       __real@3f8ccccd            0041ee3c     Main.obj
 0003:00000e40       __real@3f99999a            0041ee40     Main.obj
 0003:00000e44       __real@400ccccd            0041ee44     Main.obj
 0003:00000e48       __real@40533333            0041ee48     Main.obj
 0003:00000e4c       __real@408ccccd            0041ee4c     Main.obj
 0003:00000e50       __real@40a33333            0041ee50     Main.obj
 0003:00000e58       ??_7type_info@@6B@         0041ee58     MSVCRTD:std_type_info_static.obj
 0003:00000f28       ??_C@_0NN@NGPKDKPD@The?5value?5of?5ESP?5was?5not?5proper@ 0041ef28     MSVCRTD:error.obj
 0003:00001038       ??_C@_0BBN@GPMLNJCF@A?5cast?5to?5a?5smaller?5data?5type?5h@ 0041f038     MSVCRTD:error.obj
 0003:00001190       ??_C@_0BN@FFOINMNJ@Stack?5memory?5was?5corrupted?6?$AN@ 0041f190     MSVCRTD:error.obj
 0003:000011b4       ??_C@_0DG@HKJMLLLP@A?5local?5variable?5was?5used?5befor@ 0041f1b4     MSVCRTD:error.obj
 0003:000011f4       ??_C@_0CM@NGINOKPC@Stack?5memory?5around?5_alloca?5was@ 0041f1f4     MSVCRTD:error.obj
 0003:00001228       ??_C@_0BO@GNIAFIKK@Unknown?5Runtime?5Check?5Error?6?$AN@ 0041f228     MSVCRTD:error.obj
 0003:00001250       ??_C@_1GM@OLMCBDMB@?$AAR?$AAu?$AAn?$AAt?$AAi?$AAm?$AAe?$AA?5?$AAC?$AAh?$AAe?$AAc?$AAk?$AA?5?$AAE@ 0041f250     MSVCRTD:error.obj
 0003:000012d8       ??_C@_1EA@NFKNIFJP@?$AAR?$AAu?$AAn?$AA?9?$AAT?$AAi?$AAm?$AAe?$AA?5?$AAC?$AAh?$AAe?$AAc?$AAk?$AA?5@ 0041f2d8     MSVCRTD:error.obj
 0003:00001324       ??_C@_0BB@PFFGGCJP@Unknown?5Filename@ 0041f324     MSVCRTD:error.obj
 0003:00001338       ??_C@_0BE@GNBOBNCK@Unknown?5Module?5Name@ 0041f338     MSVCRTD:error.obj
 0003:00001350       ??_C@_0CA@IODNCDPG@Run?9Time?5Check?5Failure?5?$CD?$CFd?5?9?5?$CFs@ 0041f350     MSVCRTD:error.obj
 0003:00001378       ??_C@_0CG@IAFNJNEE@Stack?5corrupted?5near?5unknown?5va@ 0041f378     MSVCRTD:error.obj
 0003:000013a8       ??_C@_05MKKEDADM@?$CF?42X?5@ 0041f3a8     MSVCRTD:error.obj
 0003:000013b0       ??_C@_0EJ@LJKNEOLN@Stack?5area?5around?5_alloca?5memor@ 0041f3b0     MSVCRTD:error.obj
 0003:00001408       ??_C@_02LLMPMKNF@?$DO?5@   0041f408     MSVCRTD:error.obj
 0003:0000140c       ??_C@_08OMAHNMHJ@?6Data?3?5?$DM@ 0041f40c     MSVCRTD:error.obj
 0003:00001418       ??_C@_0CK@DKGBICFE@?6Allocation?5number?5within?5this?5@ 0041f418     MSVCRTD:error.obj
 0003:0000144c       ??_C@_07DFDJCKFN@?6Size?3?5@ 0041f44c     MSVCRTD:error.obj
 0003:00001458       ??_C@_0N@MHFFIMFG@?6Address?3?50x@ 0041f458     MSVCRTD:error.obj
 0003:00001468       ??_C@_0EI@CLEPFNGI@Stack?5area?5around?5_alloca?5memor@ 0041f468     MSVCRTD:error.obj
 0003:000014c0       ??_C@_0BK@ODNDAGKB@?$CFs?$CFs?$CFp?$CFs?$CFzd?$CFs?$CFd?$CFs?$CFs?$CFs?$CFs?$CFs@ 0041f4c0     MSVCRTD:error.obj
 0003:000014e0       ??_C@_0DE@OHJBPMBP@A?5variable?5is?5being?5used?5withou@ 0041f4e0     MSVCRTD:error.obj
 0003:00001538       ??_C@_0BJ@HEGAHDFO@Stack?5pointer?5corruption@ 0041f538     MSVCRTD:userapi.obj
 0003:00001558       ??_C@_0CK@FEGOIOPB@Cast?5to?5smaller?5type?5causing?5lo@ 0041f558     MSVCRTD:userapi.obj
 0003:0000158c       ??_C@_0BI@CIGMDCBH@Stack?5memory?5corruption@ 0041f58c     MSVCRTD:userapi.obj
 0003:000015a8       ??_C@_0CK@CNLNOEPB@Local?5variable?5used?5before?5init@ 0041f5a8     MSVCRTD:userapi.obj
 0003:000015dc       ??_C@_0BP@OGBCLIBO@Stack?5around?5_alloca?5corrupted@ 0041f5dc     MSVCRTD:userapi.obj
 0003:00001608       ??_7exception@std@@6B@     0041f608     MSVCRTD:throw_bad_alloc.obj
 0003:00001614       ??_C@_0BC@EOODALEL@Unknown?5exception@ 0041f614     MSVCRTD:throw_bad_alloc.obj
 0003:00001630       ??_7bad_alloc@std@@6B@     0041f630     MSVCRTD:throw_bad_alloc.obj
 0003:0000163c       ??_C@_0P@GHFPNOJB@bad?5allocation@ 0041f63c     MSVCRTD:throw_bad_alloc.obj
 0003:00001654       ??_7bad_array_new_length@std@@6B@ 0041f654     MSVCRTD:throw_bad_alloc.obj
 0003:00001660       ??_C@_0BF@KINCDENJ@bad?5array?5new?5length@ 0041f660     MSVCRTD:throw_bad_alloc.obj
 0003:000016d8       ??_C@_1EI@MLPKHBGE@?$AAa?$AAp?$AAi?$AA?9?$AAm?$AAs?$AA?9?$AAw?$AAi?$AAn?$AA?9?$AAc?$AAo?$AAr?$AAe@ 0041f6d8     MSVCRTD:pdblkup.obj
 0003:00001730       ??_C@_1BK@JHLNAEJL@?$AAa?$AAd?$AAv?$AAa?$AAp?$AAi?$AA3?$AA2?$AA?4?$AAd?$AAl?$AAl@ 0041f730     MSVCRTD:pdblkup.obj
 0003:00001750       ??_C@_0O@COHOBMLB@RegOpenKeyExW@ 0041f750     MSVCRTD:pdblkup.obj
 0003:00001760       ??_C@_0BB@GLNAEDBD@RegQueryValueExW@ 0041f760     MSVCRTD:pdblkup.obj
 0003:00001774       ??_C@_0M@HLOHPNFA@RegCloseKey@ 0041f774     MSVCRTD:pdblkup.obj
 0003:00001788       ??_C@_1HE@EBEAGLFB@?$AAS?$AAO?$AAF?$AAT?$AAW?$AAA?$AAR?$AAE?$AA?2?$AAW?$AAo?$AAw?$AA6?$AA4?$AA3@ 0041f788     MSVCRTD:pdblkup.obj
 0003:00001814       ??_C@_1BG@EABPBLLF@?$AAP?$AAr?$AAo?$AAd?$AAu?$AAc?$AAt?$AAD?$AAi?$AAr@ 0041f814     MSVCRTD:pdblkup.obj
 0003:00001854       ??_C@_1BC@JINFINNJ@?$AAM?$AAS?$AAP?$AAD?$AAB?$AA1?$AA4?$AA0@ 0041f854     MSVCRTD:pdblkup.obj
 0003:0000186c       ??_C@_0BB@KCIACLNC@PDBOpenValidate5@ 0041f86c     MSVCRTD:pdblkup.obj
 0003:00001880       ??_C@_01KDCPPGHE@r@        0041f880     MSVCRTD:pdblkup.obj
 0003:000018c8       __load_config_used         0041f8c8     MSVCRTD:loadcfg.obj
 0003:00001ad0       ??_R4?$CompareFunction@H@BinaryTreeTemplate@@6B@ 0041fad0     Main.obj
 0003:00001ae8       ??_R3?$CompareFunction@H@BinaryTreeTemplate@@8 0041fae8     Main.obj
 0003:00001afc       ??_R2?$CompareFunction@H@BinaryTreeTemplate@@8 0041fafc     Main.obj
 0003:00001b04       ??_R1A@?0A@EA@?$CompareFunction@H@BinaryTreeTemplate@@8 0041fb04     Main.obj
 0003:00001b28       ??_R4?$TBinaryTree@HU?$CompareFunction@H@BinaryTreeTemplate@@@BinaryTreeTemplate@@6B@ 0041fb28     Main.obj
 0003:00001b40       ??_R3?$TBinaryTree@HU?$CompareFunction@H@BinaryTreeTemplate@@@BinaryTreeTemplate@@8 0041fb40     Main.obj
 0003:00001b54       ??_R2?$TBinaryTree@HU?$CompareFunction@H@BinaryTreeTemplate@@@BinaryTreeTemplate@@8 0041fb54     Main.obj
 0003:00001b5c       ??_R1A@?0A@EA@?$TBinaryTree@HU?$CompareFunction@H@BinaryTreeTemplate@@@BinaryTreeTemplate@@8 0041fb5c     Main.obj
 0003:00001b80       ??_R4?$CompareFunction@M@BinaryTreeTemplate@@6B@ 0041fb80     Main.obj
 0003:00001b98       ??_R3?$CompareFunction@M@BinaryTreeTemplate@@8 0041fb98     Main.obj
 0003:00001bac       ??_R2?$CompareFunction@M@BinaryTreeTemplate@@8 0041fbac     Main.obj
 0003:00001bb4       ??_R1A@?0A@EA@?$CompareFunction@M@BinaryTreeTemplate@@8 0041fbb4     Main.obj
 0003:00001bd8       ??_R4?$TBinaryTree@MU?$CompareFunction@M@BinaryTreeTemplate@@@BinaryTreeTemplate@@6B@ 0041fbd8     Main.obj
 0003:00001bf0       ??_R3?$TBinaryTree@MU?$CompareFunction@M@BinaryTreeTemplate@@@BinaryTreeTemplate@@8 0041fbf0     Main.obj
 0003:00001c04       ??_R2?$TBinaryTree@MU?$CompareFunction@M@BinaryTreeTemplate@@@BinaryTreeTemplate@@8 0041fc04     Main.obj
 0003:00001c0c       ??_R1A@?0A@EA@?$TBinaryTree@MU?$CompareFunction@M@BinaryTreeTemplate@@@BinaryTreeTemplate@@8 0041fc0c     Main.obj
 0003:00001c30       ??_R4type_info@@6B@        0041fc30     MSVCRTD:std_type_info_static.obj
 0003:00001c48       ??_R3type_info@@8          0041fc48     MSVCRTD:std_type_info_static.obj
 0003:00001c5c       ??_R2type_info@@8          0041fc5c     MSVCRTD:std_type_info_static.obj
 0003:00001c64       ??_R1A@?0A@EA@type_info@@8 0041fc64     MSVCRTD:std_type_info_static.obj
 0003:00001c88       ??_R4exception@std@@6B@    0041fc88     MSVCRTD:throw_bad_alloc.obj
 0003:00001ca0       ??_R3exception@std@@8      0041fca0     MSVCRTD:throw_bad_alloc.obj
 0003:00001cb4       ??_R2exception@std@@8      0041fcb4     MSVCRTD:throw_bad_alloc.obj
 0003:00001cbc       ??_R1A@?0A@EA@exception@std@@8 0041fcbc     MSVCRTD:throw_bad_alloc.obj
 0003:00001ce0       ??_R4bad_alloc@std@@6B@    0041fce0     MSVCRTD:throw_bad_alloc.obj
 0003:00001cf8       ??_R3bad_alloc@std@@8      0041fcf8     MSVCRTD:throw_bad_alloc.obj
 0003:00001d0c       ??_R2bad_alloc@std@@8      0041fd0c     MSVCRTD:throw_bad_alloc.obj
 0003:00001d18       ??_R1A@?0A@EA@bad_alloc@std@@8 0041fd18     MSVCRTD:throw_bad_alloc.obj
 0003:00001d3c       ??_R4bad_array_new_length@std@@6B@ 0041fd3c     MSVCRTD:throw_bad_alloc.obj
 0003:00001d54       ??_R3bad_array_new_length@std@@8 0041fd54     MSVCRTD:throw_bad_alloc.obj
 0003:00001d68       ??_R2bad_array_new_length@std@@8 0041fd68     MSVCRTD:throw_bad_alloc.obj
 0003:00001d78       ??_R1A@?0A@EA@bad_array_new_length@std@@8 0041fd78     MSVCRTD:throw_bad_alloc.obj
 0003:00002048       ___rtc_iaa                 00420048     MSVCRTD:initsect.obj
 0003:00002258       ___rtc_izz                 00420258     MSVCRTD:initsect.obj
 0003:0000235c       ___rtc_taa                 0042035c     MSVCRTD:initsect.obj
 0003:0000256c       ___rtc_tzz                 0042056c     MSVCRTD:initsect.obj
 0003:00002d00       __TI2?AVbad_alloc@std@@    00420d00     MSVCRTD:throw_bad_alloc.obj
 0003:00002d14       __CTA2?AVbad_alloc@std@@   00420d14     MSVCRTD:throw_bad_alloc.obj
 0003:00002d24       __CT??_R0?AVbad_alloc@std@@@8??0bad_alloc@std@@QAE@ABV01@@Z12 00420d24     MSVCRTD:throw_bad_alloc.obj
 0003:00002d44       __CT??_R0?AVexception@std@@@8??0exception@std@@QAE@ABV01@@Z12 00420d44     MSVCRTD:throw_bad_alloc.obj
 0003:00002d64       __TI3?AVbad_array_new_length@std@@ 00420d64     MSVCRTD:throw_bad_alloc.obj
 0003:00002d78       __CTA3?AVbad_array_new_length@std@@ 00420d78     MSVCRTD:throw_bad_alloc.obj
 0003:00002d8c       __CT??_R0?AVbad_array_new_length@std@@@8??0bad_array_new_length@std@@QAE@ABV01@@Z12 00420d8c     MSVCRTD:throw_bad_alloc.obj
 0004:00000000       ?__LINE__Var@?0??InsertNode@BinaryTree@@IAE_NPAU_Node@@0@Z@4JA 00421000     BinaryTree.obj
 0004:00000004       ?__LINE__Var@?0??Traverse@BinaryTree@@IAE_NPAU_Node@@H@Z@4JA 00421004     BinaryTree.obj
 0004:00000008       ___security_cookie_complement 00421008     MSVCRTD:gs_cookie.obj
 0004:0000000c       ___security_cookie         0042100c     MSVCRTD:gs_cookie.obj
 0004:00000014       __fltused                  00421014     MSVCRTD:fltused.obj
 0004:00000018       ?_RTC_ErrorLevels@@3PAHA   00421018     MSVCRTD:error.obj
 0004:00000030       ___scrt_native_dllmain_reason 00421030     MSVCRTD:utility.obj
 0004:00000034       ___scrt_default_matherr    00421034     MSVCRTD:matherr.obj
 0004:00000038       ___isa_enabled             00421038     MSVCRTD:cpu_disp.obj
 0004:0000003c       ___scrt_ucrt_dll_is_in_use 0042103c     MSVCRTD:ucrt_stubs.obj
 0004:00000148       ??_R0?AU?$CompareFunction@H@BinaryTreeTemplate@@@8 00421148     Main.obj
 0004:00000188       ??_R0?AV?$TBinaryTree@HU?$CompareFunction@H@BinaryTreeTemplate@@@BinaryTreeTemplate@@@8 00421188     Main.obj
 0004:000001f4       ??_R0?AU?$CompareFunction@M@BinaryTreeTemplate@@@8 004211f4     Main.obj
 0004:00000238       ??_R0?AV?$TBinaryTree@MU?$CompareFunction@M@BinaryTreeTemplate@@@BinaryTreeTemplate@@@8 00421238     Main.obj
 0004:000002a4       ??_R0?AVtype_info@@@8      004212a4     MSVCRTD:std_type_info_static.obj
 0004:000002c0       ??_R0?AVbad_alloc@std@@@8  004212c0     MSVCRTD:throw_bad_alloc.obj
 0004:000002e4       ??_R0?AVexception@std@@@8  004212e4     MSVCRTD:throw_bad_alloc.obj
 0004:00000308       ??_R0?AVbad_array_new_length@std@@@8 00421308     MSVCRTD:throw_bad_alloc.obj
 0004:00000440       ?_OptionsStorage@?1??__local_stdio_printf_options@@9@4_KA 00421440     Main.obj
 0004:0000044c       ___@@_PchSym_@00@UwveUkilqvxghUehgfwrlkilqvxghUyrmzibgivvkizxgrxvUyrmzibgivvUyrmzibgivvUwvyftUhgwzucOlyq@4B2008FD98C1DD4 0042144c     stdafx.obj
 0004:00000820       ___scrt_current_native_startup_state 00421820     MSVCRTD:utility.obj
 0004:00000824       ___scrt_native_startup_lock 00421824     MSVCRTD:utility.obj
 0004:00000850       ?__type_info_root_node@@3U__type_info_node@@A 00421850     MSVCRTD:tncleanup.obj
 0004:00000860       ?_OptionsStorage@?1??__local_stdio_scanf_options@@9@4_KA 00421860     MSVCRTD:default_local_stdio_options.obj
 0004:0000086c       ___scrt_debugger_hook_flag 0042186c     MSVCRTD:utility_desktop.obj
 0004:00000878       ___isa_available           00421878     MSVCRTD:cpu_disp.obj
 0004:0000087c       ___favor                   0042187c     MSVCRTD:cpu_disp.obj
 0004:00000884       ___dyn_tls_dtor_callback   00421884     <common>
 0004:00000890       ___dyn_tls_init_callback   00421890     <common>
 0004:0000089c       ___DebuggerCurrentSteppingThreadId 0042189c     <common>
 0005:00000000       __imp__FreeLibrary@4       00422000     kernel32:KERNEL32.dll
 0005:00000004       __imp__UnhandledExceptionFilter@4 00422004     kernel32:KERNEL32.dll
 0005:00000008       __imp__SetUnhandledExceptionFilter@4 00422008     kernel32:KERNEL32.dll
 0005:0000000c       __imp__GetCurrentProcess@0 0042200c     kernel32:KERNEL32.dll
 0005:00000010       __imp__TerminateProcess@8  00422010     kernel32:KERNEL32.dll
 0005:00000014       __imp__IsProcessorFeaturePresent@4 00422014     kernel32:KERNEL32.dll
 0005:00000018       __imp__IsDebuggerPresent@0 00422018     kernel32:KERNEL32.dll
 0005:0000001c       __imp__RaiseException@16   0042201c     kernel32:KERNEL32.dll
 0005:00000020       __imp__MultiByteToWideChar@24 00422020     kernel32:KERNEL32.dll
 0005:00000024       __imp__WideCharToMultiByte@32 00422024     kernel32:KERNEL32.dll
 0005:00000028       __imp__QueryPerformanceCounter@4 00422028     kernel32:KERNEL32.dll
 0005:0000002c       __imp__GetCurrentProcessId@0 0042202c     kernel32:KERNEL32.dll
 0005:00000030       __imp__GetSystemTimeAsFileTime@4 00422030     kernel32:KERNEL32.dll
 0005:00000034       __imp__InitializeSListHead@4 00422034     kernel32:KERNEL32.dll
 0005:00000038       __imp__GetStartupInfoW@4   00422038     kernel32:KERNEL32.dll
 0005:0000003c       __imp__GetModuleHandleW@4  0042203c     kernel32:KERNEL32.dll
 0005:00000040       __imp__GetLastError@0      00422040     kernel32:KERNEL32.dll
 0005:00000044       __imp__HeapAlloc@12        00422044     kernel32:KERNEL32.dll
 0005:00000048       __imp__HeapFree@12         00422048     kernel32:KERNEL32.dll
 0005:0000004c       __imp__GetProcessHeap@0    0042204c     kernel32:KERNEL32.dll
 0005:00000050       __imp__VirtualQuery@12     00422050     kernel32:KERNEL32.dll
 0005:00000054       __imp__GetProcAddress@8    00422054     kernel32:KERNEL32.dll
 0005:00000058       __imp__GetCurrentThreadId@0 00422058     kernel32:KERNEL32.dll
 0005:0000005c       \177KERNEL32_NULL_THUNK_DATA 0042205c     kernel32:KERNEL32.dll
 0005:00000098       __imp_?_Throw_C_error@std@@YAXH@Z 00422098     msvcprtd:MSVCP140D.dll
 0005:0000009c       __imp___Mtx_unlock         0042209c     msvcprtd:MSVCP140D.dll
 0005:000000a0       __imp___Mtx_lock           004220a0     msvcprtd:MSVCP140D.dll
 0005:000000a4       __imp___Mtx_destroy_in_situ 004220a4     msvcprtd:MSVCP140D.dll
 0005:000000a8       __imp___Mtx_init_in_situ   004220a8     msvcprtd:MSVCP140D.dll
 0005:000000ac       __imp_?flush@?$basic_ostream@DU?$char_traits@D@std@@@std@@QAEAAV12@XZ 004220ac     msvcprtd:MSVCP140D.dll
 0005:000000b0       __imp_??6?$basic_ostream@DU?$char_traits@D@std@@@std@@QAEAAV01@M@Z 004220b0     msvcprtd:MSVCP140D.dll
 0005:000000b4       __imp_??6?$basic_ostream@DU?$char_traits@D@std@@@std@@QAEAAV01@H@Z 004220b4     msvcprtd:MSVCP140D.dll
 0005:000000b8       __imp_?_Osfx@?$basic_ostream@DU?$char_traits@D@std@@@std@@QAEXXZ 004220b8     msvcprtd:MSVCP140D.dll
 0005:000000bc       __imp_?fill@?$basic_ios@DU?$char_traits@D@std@@@std@@QBEDXZ 004220bc     msvcprtd:MSVCP140D.dll
 0005:000000c0       __imp_?rdbuf@?$basic_ios@DU?$char_traits@D@std@@@std@@QBEPAV?$basic_streambuf@DU?$char_traits@D@std@@@2@XZ 004220c0     msvcprtd:MSVCP140D.dll
 0005:000000c4       __imp_?tie@?$basic_ios@DU?$char_traits@D@std@@@std@@QBEPAV?$basic_ostream@DU?$char_traits@D@std@@@2@XZ 004220c4     msvcprtd:MSVCP140D.dll
 0005:000000c8       __imp_?setstate@?$basic_ios@DU?$char_traits@D@std@@@std@@QAEXH_N@Z 004220c8     msvcprtd:MSVCP140D.dll
 0005:000000cc       __imp_?sputn@?$basic_streambuf@DU?$char_traits@D@std@@@std@@QAE_JPBD_J@Z 004220cc     msvcprtd:MSVCP140D.dll
 0005:000000d0       __imp_?sputc@?$basic_streambuf@DU?$char_traits@D@std@@@std@@QAEHD@Z 004220d0     msvcprtd:MSVCP140D.dll
 0005:000000d4       __imp_?width@ios_base@std@@QAE_J_J@Z 004220d4     msvcprtd:MSVCP140D.dll
 0005:000000d8       __imp_?width@ios_base@std@@QBE_JXZ 004220d8     msvcprtd:MSVCP140D.dll
 0005:000000dc       __imp_?flags@ios_base@std@@QBEHXZ 004220dc     msvcprtd:MSVCP140D.dll
 0005:000000e0       __imp_?good@ios_base@std@@QBE_NXZ 004220e0     msvcprtd:MSVCP140D.dll
 0005:000000e4       __imp_?cout@std@@3V?$basic_ostream@DU?$char_traits@D@std@@@1@A 004220e4     msvcprtd:MSVCP140D.dll
 0005:000000e8       __imp_?uncaught_exception@std@@YA_NXZ 004220e8     msvcprtd:MSVCP140D.dll
 0005:000000ec       \177MSVCP140D_NULL_THUNK_DATA 004220ec     msvcprtd:MSVCP140D.dll
 0005:00000128       __imp____std_exception_copy 00422128     vcruntimed:VCRUNTIME140D.dll
 0005:0000012c       __imp____std_exception_destroy 0042212c     vcruntimed:VCRUNTIME140D.dll
 0005:00000130       __imp___CxxThrowException@8 00422130     vcruntimed:VCRUNTIME140D.dll
 0005:00000134       __imp____std_type_info_destroy_list 00422134     vcruntimed:VCRUNTIME140D.dll
 0005:00000138       __imp___except_handler4_common 00422138     vcruntimed:VCRUNTIME140D.dll
 0005:0000013c       __imp____vcrt_GetModuleFileNameW 0042213c     vcruntimed:VCRUNTIME140D.dll
 0005:00000140       __imp____vcrt_GetModuleHandleW 00422140     vcruntimed:VCRUNTIME140D.dll
 0005:00000144       __imp____vcrt_LoadLibraryExW 00422144     vcruntimed:VCRUNTIME140D.dll
 0005:00000148       __imp____CxxFrameHandler3  00422148     vcruntimed:VCRUNTIME140D.dll
 0005:0000014c       __imp__memset              0042214c     vcruntimed:VCRUNTIME140D.dll
 0005:00000150       \177VCRUNTIME140D_NULL_THUNK_DATA 00422150     vcruntimed:VCRUNTIME140D.dll
 0005:00000184       __imp___configthreadlocale 00422184     ucrtd:ucrtbased.dll
 0005:00000188       __imp___set_new_mode       00422188     ucrtd:ucrtbased.dll
 0005:0000018c       __imp____p__commode        0042218c     ucrtd:ucrtbased.dll
 0005:00000190       __imp__strcpy_s            00422190     ucrtd:ucrtbased.dll
 0005:00000194       __imp__strcat_s            00422194     ucrtd:ucrtbased.dll
 0005:00000198       __imp____stdio_common_vsprintf_s 00422198     ucrtd:ucrtbased.dll
 0005:0000019c       __imp___free_dbg           0042219c     ucrtd:ucrtbased.dll
 0005:000001a0       __imp___seh_filter_dll     004221a0     ucrtd:ucrtbased.dll
 0005:000001a4       __imp___initialize_onexit_table 004221a4     ucrtd:ucrtbased.dll
 0005:000001a8       __imp___register_onexit_function 004221a8     ucrtd:ucrtbased.dll
 0005:000001ac       __imp___execute_onexit_table 004221ac     ucrtd:ucrtbased.dll
 0005:000001b0       __imp___crt_atexit         004221b0     ucrtd:ucrtbased.dll
 0005:000001b4       __imp___crt_at_quick_exit  004221b4     ucrtd:ucrtbased.dll
 0005:000001b8       __imp___controlfp_s        004221b8     ucrtd:ucrtbased.dll
 0005:000001bc       __imp___c_exit             004221bc     ucrtd:ucrtbased.dll
 0005:000001c0       __imp___wmakepath_s        004221c0     ucrtd:ucrtbased.dll
 0005:000001c4       __imp___wsplitpath_s       004221c4     ucrtd:ucrtbased.dll
 0005:000001c8       __imp__wcscpy_s            004221c8     ucrtd:ucrtbased.dll
 0005:000001cc       __imp___cexit              004221cc     ucrtd:ucrtbased.dll
 0005:000001d0       __imp____setusermatherr    004221d0     ucrtd:ucrtbased.dll
 0005:000001d4       __imp___set_app_type       004221d4     ucrtd:ucrtbased.dll
 0005:000001d8       __imp___seh_filter_exe     004221d8     ucrtd:ucrtbased.dll
 0005:000001dc       __imp___callnewh           004221dc     ucrtd:ucrtbased.dll
 0005:000001e0       __imp___CrtDbgReportW      004221e0     ucrtd:ucrtbased.dll
 0005:000001e4       __imp___CrtDbgReport       004221e4     ucrtd:ucrtbased.dll
 0005:000001e8       __imp__strlen              004221e8     ucrtd:ucrtbased.dll
 0005:000001ec       __imp____stdio_common_vfprintf 004221ec     ucrtd:ucrtbased.dll
 0005:000001f0       __imp____acrt_iob_func     004221f0     ucrtd:ucrtbased.dll
 0005:000001f4       __imp___wassert            004221f4     ucrtd:ucrtbased.dll
 0005:000001f8       __imp__malloc              004221f8     ucrtd:ucrtbased.dll
 0005:000001fc       __imp___register_thread_local_exe_atexit_callback 004221fc     ucrtd:ucrtbased.dll
 0005:00000200       __imp____p___argv          00422200     ucrtd:ucrtbased.dll
 0005:00000204       __imp____p___argc          00422204     ucrtd:ucrtbased.dll
 0005:00000208       __imp___set_fmode          00422208     ucrtd:ucrtbased.dll
 0005:0000020c       __imp___configure_narrow_argv 0042220c     ucrtd:ucrtbased.dll
 0005:00000210       __imp__exit                00422210     ucrtd:ucrtbased.dll
 0005:00000214       __imp___initterm_e         00422214     ucrtd:ucrtbased.dll
 0005:00000218       __imp___initterm           00422218     ucrtd:ucrtbased.dll
 0005:0000021c       __imp___get_initial_narrow_environment 0042221c     ucrtd:ucrtbased.dll
 0005:00000220       __imp__terminate           00422220     ucrtd:ucrtbased.dll
 0005:00000224       __imp___initialize_narrow_environment 00422224     ucrtd:ucrtbased.dll
 0005:00000228       __imp___exit               00422228     ucrtd:ucrtbased.dll
 0005:0000022c       \177ucrtbased_NULL_THUNK_DATA 0042222c     ucrtd:ucrtbased.dll
 0005:00000278       __IMPORT_DESCRIPTOR_MSVCP140D 00422278     msvcprtd:MSVCP140D.dll
 0005:0000028c       __IMPORT_DESCRIPTOR_VCRUNTIME140D 0042228c     vcruntimed:VCRUNTIME140D.dll
 0005:000002a0       __IMPORT_DESCRIPTOR_ucrtbased 004222a0     ucrtd:ucrtbased.dll
 0005:000002b4       __IMPORT_DESCRIPTOR_KERNEL32 004222b4     kernel32:KERNEL32.dll
 0005:000002c8       __NULL_IMPORT_DESCRIPTOR   004222c8     msvcprtd:MSVCP140D.dll
 0007:00000000       ___guard_check_icall_fptr  00425000     MSVCRTD:guard_support.obj

 entry point at        0002:000005a5

 Static symbols

 0000:fffd8000       .debug$S                   00400000     msvcprtd:MSVCP140D.dll
 0000:fffdc000       __guard_fids__             00400000     MSVCRTD:exe_main.obj
 0000:fffd8000       .debug$S                   00400000     kernel32:KERNEL32.dll
 0000:fffd8000       .debug$S                   00400000     kernel32:KERNEL32.dll
 0000:fffd8000       .debug$S                   00400000     kernel32:KERNEL32.dll
 0000:fffd8000       .debug$S                   00400000     kernel32:KERNEL32.dll
 0000:fffd8000       .debug$S                   00400000     kernel32:KERNEL32.dll
 0000:fffd8000       .debug$S                   00400000     kernel32:KERNEL32.dll
 0000:fffd8000       .debug$S                   00400000     kernel32:KERNEL32.dll
 0000:fffd8000       .debug$S                   00400000     kernel32:KERNEL32.dll
 0000:fffd8000       .debug$S                   00400000     kernel32:KERNEL32.dll
 0000:fffd8000       .debug$S                   00400000     kernel32:KERNEL32.dll
 0000:fffd8000       .debug$S                   00400000     kernel32:KERNEL32.dll
 0000:fffd8000       .debug$S                   00400000     kernel32:KERNEL32.dll
 0000:fffd8000       .debug$S                   00400000     kernel32:KERNEL32.dll
 0000:fffd8000       .debug$S                   00400000     kernel32:KERNEL32.dll
 0000:fffd8000       .debug$S                   00400000     kernel32:KERNEL32.dll
 0000:fffd8000       .debug$S                   00400000     kernel32:KERNEL32.dll
 0000:fffd8000       .debug$S                   00400000     kernel32:KERNEL32.dll
 0000:fffd8000       .debug$S                   00400000     kernel32:KERNEL32.dll
 0000:fffd8000       .debug$S                   00400000     kernel32:KERNEL32.dll
 0000:fffd8000       .debug$S                   00400000     kernel32:KERNEL32.dll
 0000:fffd8000       .debug$S                   00400000     kernel32:KERNEL32.dll
 0000:fffd8000       .debug$S                   00400000     kernel32:KERNEL32.dll
 0000:fffd8000       .debug$S                   00400000     kernel32:KERNEL32.dll
 0000:fffdc000       __guard_fids_?pre_c_initialization@@YAHXZ 00400000     MSVCRTD:exe_main.obj
 0000:fffd8000       .debug$S                   00400000     ucrtd:ucrtbased.dll
 0000:fffd8000       .debug$S                   00400000     ucrtd:ucrtbased.dll
 0000:fffd8000       .debug$S                   00400000     ucrtd:ucrtbased.dll
 0000:fffd8000       .debug$S                   00400000     ucrtd:ucrtbased.dll
 0000:fffd8000       .debug$S                   00400000     ucrtd:ucrtbased.dll
 0000:fffd8000       .debug$S                   00400000     ucrtd:ucrtbased.dll
 0000:fffd8000       .debug$S                   00400000     ucrtd:ucrtbased.dll
 0000:fffd8000       .debug$S                   00400000     ucrtd:ucrtbased.dll
 0000:fffd8000       .debug$S                   00400000     ucrtd:ucrtbased.dll
 0000:fffd8000       .debug$S                   00400000     ucrtd:ucrtbased.dll
 0000:fffd8000       .debug$S                   00400000     ucrtd:ucrtbased.dll
 0000:fffd8000       .debug$S                   00400000     ucrtd:ucrtbased.dll
 0000:fffd8000       .debug$S                   00400000     ucrtd:ucrtbased.dll
 0000:fffd8000       .debug$S                   00400000     ucrtd:ucrtbased.dll
 0000:fffd8000       .debug$S                   00400000     ucrtd:ucrtbased.dll
 0000:fffd8000       .debug$S                   00400000     ucrtd:ucrtbased.dll
 0000:fffd8000       .debug$S                   00400000     ucrtd:ucrtbased.dll
 0000:fffd8000       .debug$S                   00400000     ucrtd:ucrtbased.dll
 0000:fffd8000       .debug$S                   00400000     ucrtd:ucrtbased.dll
 0000:fffd8000       .debug$S                   00400000     ucrtd:ucrtbased.dll
 0000:fffd8000       .debug$S                   00400000     ucrtd:ucrtbased.dll
 0000:fffd8000       .debug$S                   00400000     ucrtd:ucrtbased.dll
 0000:fffd8000       .debug$S                   00400000     ucrtd:ucrtbased.dll
 0000:fffd8000       .debug$S                   00400000     ucrtd:ucrtbased.dll
 0000:fffd8000       .debug$S                   00400000     ucrtd:ucrtbased.dll
 0000:fffd8000       .debug$S                   00400000     ucrtd:ucrtbased.dll
 0000:fffd8000       .debug$S                   00400000     ucrtd:ucrtbased.dll
 0000:fffd8000       .debug$S                   00400000     ucrtd:ucrtbased.dll
 0000:fffd8000       .debug$S                   00400000     ucrtd:ucrtbased.dll
 0000:fffd8000       .debug$S                   00400000     ucrtd:ucrtbased.dll
 0000:fffd8000       .debug$S                   00400000     ucrtd:ucrtbased.dll
 0000:fffd8000       .debug$S                   00400000     ucrtd:ucrtbased.dll
 0000:fffd8000       .debug$S                   00400000     ucrtd:ucrtbased.dll
 0000:fffd8000       .debug$S                   00400000     ucrtd:ucrtbased.dll
 0000:fffd8000       .debug$S                   00400000     ucrtd:ucrtbased.dll
 0000:fffd8000       .debug$S                   00400000     ucrtd:ucrtbased.dll
 0000:fffd8000       .debug$S                   00400000     ucrtd:ucrtbased.dll
 0000:fffd8000       .debug$S                   00400000     ucrtd:ucrtbased.dll
 0000:fffd8000       .debug$S                   00400000     ucrtd:ucrtbased.dll
 0000:fffd8000       .debug$S                   00400000     ucrtd:ucrtbased.dll
 0000:fffd8000       .debug$S                   00400000     ucrtd:ucrtbased.dll
 0000:fffd8000       .debug$S                   00400000     ucrtd:ucrtbased.dll
 0000:fffdc000       __guard_fids__             00400000     MSVCRTD:std_type_info_static.obj
 0000:fffd8000       .debug$S                   00400000     vcruntimed:VCRUNTIME140D.dll
 0000:fffd8000       .debug$S                   00400000     vcruntimed:VCRUNTIME140D.dll
 0000:fffd8000       .debug$S                   00400000     vcruntimed:VCRUNTIME140D.dll
 0000:fffd8000       .debug$S                   00400000     vcruntimed:VCRUNTIME140D.dll
 0000:fffd8000       .debug$S                   00400000     vcruntimed:VCRUNTIME140D.dll
 0000:fffd8000       .debug$S                   00400000     vcruntimed:VCRUNTIME140D.dll
 0000:fffd8000       .debug$S                   00400000     vcruntimed:VCRUNTIME140D.dll
 0000:fffd8000       .debug$S                   00400000     vcruntimed:VCRUNTIME140D.dll
 0000:fffd8000       .debug$S                   00400000     vcruntimed:VCRUNTIME140D.dll
 0000:fffd8000       .debug$S                   00400000     vcruntimed:VCRUNTIME140D.dll
 0000:fffdc000       __guard_fids___CRT_RTC_INITW 00400000     MSVCRTD:init.obj
 0000:fffdc000       __guard_fids___CRT_RTC_INIT 00400000     MSVCRTD:init.obj
 0000:fffd8000       .debug$S                   00400000     msvcprtd:MSVCP140D.dll
 0000:fffd8000       .debug$S                   00400000     msvcprtd:MSVCP140D.dll
 0000:fffd8000       .debug$S                   00400000     msvcprtd:MSVCP140D.dll
 0000:fffd8000       .debug$S                   00400000     msvcprtd:MSVCP140D.dll
 0000:fffd8000       .debug$S                   00400000     msvcprtd:MSVCP140D.dll
 0000:fffd8000       .debug$S                   00400000     msvcprtd:MSVCP140D.dll
 0000:fffd8000       .debug$S                   00400000     msvcprtd:MSVCP140D.dll
 0000:fffd8000       .debug$S                   00400000     msvcprtd:MSVCP140D.dll
 0000:fffdc000       __guard_fids___guard_icall_checks_enforced 00400000     MSVCRTD:guard_support.obj
 0000:fffdc000       __guard_fids__             00400000     MSVCRTD:guard_support.obj
 0000:fffdc000       __guard_fids___except_handler4 00400000     MSVCRTD:chandler4gs.obj
 0000:fffdc000       __guard_fids____scrt_set_unhandled_exception_filter 00400000     MSVCRTD:utility_desktop.obj
 0000:fffd8000       .debug$S                   00400000     msvcprtd:MSVCP140D.dll
 0000:fffd8000       .debug$S                   00400000     msvcprtd:MSVCP140D.dll
 0000:fffd8000       .debug$S                   00400000     msvcprtd:MSVCP140D.dll
 0000:fffd8000       .debug$S                   00400000     msvcprtd:MSVCP140D.dll
 0000:fffd8000       .debug$S                   00400000     msvcprtd:MSVCP140D.dll
 0000:fffd8000       .debug$S                   00400000     msvcprtd:MSVCP140D.dll
 0000:fffd8000       .debug$S                   00400000     msvcprtd:MSVCP140D.dll
 0000:fffd8000       .debug$S                   00400000     msvcprtd:MSVCP140D.dll
 0000:fffdc000       __guard_fids__             00400000     MSVCRTD:throw_bad_alloc.obj
 0000:fffdc000       __guard_fids__             00400000     MSVCRTD:throw_bad_alloc.obj
 0000:fffdc000       __guard_fids__             00400000     MSVCRTD:throw_bad_alloc.obj
 0000:fffdc000       __guard_fids__             00400000     MSVCRTD:throw_bad_alloc.obj
 0000:fffdc000       __guard_fids__             00400000     MSVCRTD:throw_bad_alloc.obj
 0000:fffdc000       __guard_fids__             00400000     MSVCRTD:throw_bad_alloc.obj
 0000:fffdc000       __guard_fids__             00400000     MSVCRTD:throw_bad_alloc.obj
 0000:fffdc000       __guard_fids__             00400000     MSVCRTD:throw_bad_alloc.obj
 0000:fffd8000       .debug$S                   00400000     msvcprtd:MSVCP140D.dll
 0000:fffd8000       .debug$S                   00400000     msvcprtd:MSVCP140D.dll
 0000:fffd8000       .debug$S                   00400000     msvcprtd:MSVCP140D.dll
 0000:fffd8000       .debug$S                   00400000     msvcprtd:MSVCP140D.dll
 0000:fffdc004       __guard_fids__             00400004     MSVCRTD:exe_main.obj
 0000:fffdc008       __guard_fids__             00400008     MSVCRTD:exe_main.obj
 0002:00001634       __catch$??$?6U?$char_traits@D@std@@@std@@YAAAV?$basic_ostream@DU?$char_traits@D@std@@@0@AAV10@PBD@Z$0 00412634 f i Main.obj
 0002:000016e4       $LN32                      004126e4     Main.obj
 0002:000016ec       $LN31                      004126ec     Main.obj
 0002:000016f8       $LN29                      004126f8     Main.obj
 0002:00002e18       $LN7                       00413e18     Main.obj
 0002:00002e20       $LN6                       00413e20     Main.obj
 0002:00002e2c       $LN4                       00413e2c     Main.obj
 0002:00002f48       $LN7                       00413f48     Main.obj
 0002:00002f50       $LN6                       00413f50     Main.obj
 0002:00002f5c       $LN4                       00413f5c     Main.obj
 0002:000032c0       $LN8                       004142c0     Main.obj
 0002:000032c8       $LN7                       004142c8     Main.obj
 0002:000032d4       $LN5                       004142d4     Main.obj
 0002:00003420       $LN8                       00414420     Main.obj
 0002:00003428       $LN7                       00414428     Main.obj
 0002:00003434       $LN5                       00414434     Main.obj
 0002:000035e0       $LN10                      004145e0     Main.obj
 0002:000035e8       $LN9                       004145e8     Main.obj
 0002:000035f4       $LN7                       004145f4     Main.obj
 0002:000037c0       $LN10                      004147c0     Main.obj
 0002:000037c8       $LN9                       004147c8     Main.obj
 0002:000037d4       $LN7                       004147d4     Main.obj
 0002:000044e8       $LN13                      004154e8     Main.obj
 0002:000044f0       $LN12                      004154f0     Main.obj
 0002:000044fc       $LN10                      004154fc     Main.obj
 0002:000046f8       $LN13                      004156f8     Main.obj
 0002:00004700       $LN12                      00415700     Main.obj
 0002:0000470c       $LN10                      0041570c     Main.obj
 0002:0000492c       $LN14                      0041592c     Main.obj
 0002:00004934       $LN13                      00415934     Main.obj
 0002:00004940       $LN11                      00415940     Main.obj
 0002:00004b6c       $LN14                      00415b6c     Main.obj
 0002:00004b74       $LN13                      00415b74     Main.obj
 0002:00004b80       $LN11                      00415b80     Main.obj
 0002:00004d20       $LN10                      00415d20     Main.obj
 0002:00004d28       $LN9                       00415d28     Main.obj
 0002:00004d34       $LN8                       00415d34     Main.obj
 0002:0000518c       $LN9                       0041618c     Main.obj
 0002:00005194       $LN8                       00416194     Main.obj
 0002:000051ac       $LN6                       004161ac     Main.obj
 0002:000051b3       $LN5                       004161b3     Main.obj
 0002:00006040       ?pre_c_initialization@@YAHXZ 00417040 f   MSVCRTD:exe_main.obj
 0002:00006120       ?post_pgo_initialization@@YAHXZ 00417120 f   MSVCRTD:exe_main.obj
 0002:00006130       ?pre_cpp_initialization@@YAXXZ 00417130 f   MSVCRTD:exe_main.obj
 0002:00006150       ?__scrt_common_main@@YAHXZ 00417150 f   MSVCRTD:exe_main.obj
 0002:00006170       ?__scrt_common_main_seh@@YAHXZ 00417170 f   MSVCRTD:exe_main.obj
 0002:00006440       ?invoke_main@@YAHXZ        00417440 f   MSVCRTD:exe_main.obj
 0002:00006900       ?DebuggerProbe@@YA_NK@Z    00417900 f   MSVCRTD:error.obj
 0002:00006950       ?DebuggerRuntime@@YA_NKHPAXPB_W@Z 00417950 f   MSVCRTD:error.obj
 0002:00006c20       ?_getMemBlockDataString@@YAXPAD0PBDI@Z 00417c20 f   MSVCRTD:error.obj
 0002:00006cb0       ?_strlen_priv@@YAIPBD@Z    00417cb0 f   MSVCRTD:error.obj
 0002:00006cd0       ?failwithmessage@@YAXPAXHHPBD@Z 00417cd0 f   MSVCRTD:error.obj
 0002:00006f50       ?notify_debugger@@YAXABUtagEXCEPTION_VISUALCPP_DEBUG_INFO@@@Z 00417f50 f   MSVCRTD:error.obj
 0002:00007610       ?find_pe_section@@YAPAU_IMAGE_SECTION_HEADER@@QAEI@Z 00418610 f   MSVCRTD:utility.obj
 0002:000076c0       ?is_potentially_valid_image_base@@YA_NQAX@Z 004186c0 f   MSVCRTD:utility.obj
 0002:00007e00       ___get_entropy             00418e00 f   MSVCRTD:gs_support.obj
 0002:000085a0       ?GetPdbDll@@YAPAUHINSTANCE__@@XZ 004195a0 f   MSVCRTD:pdblkup.obj
 0002:00008730       ?GetPdbDllFromInstallPath@@YAPAUHINSTANCE__@@XZ 00419730 f   MSVCRTD:pdblkup.obj
 0002:00008a20       ?GetPdbDllPathFromFilePath@@YAHPB_WPA_WI@Z 00419a20 f   MSVCRTD:pdblkup.obj
 0002:0000ab90       __ehhandler$??0BinaryTree@@QAE@XZ 0041bb90 f   BinaryTree.obj
 0002:0000abc0       __ehhandler$??1BinaryTree@@QAE@XZ 0041bbc0 f   BinaryTree.obj
 0002:0000abf0       __ehhandler$?CreateNode@BinaryTree@@IAEPAU_Node@@XZ 0041bbf0 f   BinaryTree.obj
 0002:0000ac20       __unwindfunclet$??$?6U?$char_traits@D@std@@@std@@YAAAV?$basic_ostream@DU?$char_traits@D@std@@@0@AAV10@PBD@Z$2 0041bc20 f   Main.obj
 0002:0000ac28       __ehhandler$??$?6U?$char_traits@D@std@@@std@@YAAAV?$basic_ostream@DU?$char_traits@D@std@@@0@AAV10@PBD@Z 0041bc28 f   Main.obj
 0002:0000ac60       __ehhandler$??0?$TBinaryTree@HU?$CompareFunction@H@BinaryTreeTemplate@@@BinaryTreeTemplate@@QAE@XZ 0041bc60 f   Main.obj
 0002:0000ac90       __ehhandler$??0?$TBinaryTree@MU?$CompareFunction@M@BinaryTreeTemplate@@@BinaryTreeTemplate@@QAE@XZ 0041bc90 f   Main.obj
 0002:0000acc0       __ehhandler$??0?$TNode@H@BinaryTreeTemplate@@QAE@ABH@Z 0041bcc0 f   Main.obj
 0002:0000acf0       __ehhandler$??0?$TNode@M@BinaryTreeTemplate@@QAE@ABM@Z 0041bcf0 f   Main.obj
 0002:0000ad20       __ehhandler$??0_Mutex_base@std@@QAE@H@Z 0041bd20 f   Main.obj
 0002:0000ad50       __ehhandler$??0mutex@std@@QAE@XZ 0041bd50 f   Main.obj
 0002:0000ad80       __unwindfunclet$??0sentry@?$basic_ostream@DU?$char_traits@D@std@@@std@@QAE@AAV12@@Z$0 0041bd80 f   Main.obj
 0002:0000ad88       __ehhandler$??0sentry@?$basic_ostream@DU?$char_traits@D@std@@@std@@QAE@AAV12@@Z 0041bd88 f   Main.obj
 0002:0000adb0       __ehhandler$??1?$TBinaryTree@HU?$CompareFunction@H@BinaryTreeTemplate@@@BinaryTreeTemplate@@UAE@XZ 0041bdb0 f   Main.obj
 0002:0000ade0       __ehhandler$??1?$TBinaryTree@MU?$CompareFunction@M@BinaryTreeTemplate@@@BinaryTreeTemplate@@UAE@XZ 0041bde0 f   Main.obj
 0002:0000ae10       __ehhandler$??1?$TNode@H@BinaryTreeTemplate@@QAE@XZ 0041be10 f   Main.obj
 0002:0000ae40       __ehhandler$??1?$TNode@M@BinaryTreeTemplate@@QAE@XZ 0041be40 f   Main.obj
 0002:0000ae70       __ehhandler$??1?$lock_guard@Vmutex@std@@@std@@QAE@XZ 0041be70 f   Main.obj
 0002:0000aea0       __ehhandler$??1_Mutex_base@std@@QAE@XZ 0041bea0 f   Main.obj
 0002:0000aed0       __ehhandler$??1_Sentry_base@?$basic_ostream@DU?$char_traits@D@std@@@std@@QAE@XZ 0041bed0 f   Main.obj
 0002:0000af00       __ehhandler$??1sentry@?$basic_ostream@DU?$char_traits@D@std@@@std@@QAE@XZ 0041bf00 f   Main.obj
 0002:0000af30       __ehhandler$??R?$CompareFunction@H@BinaryTreeTemplate@@UBEKPAV?$TNode@H@1@0@Z 0041bf30 f   Main.obj
 0002:0000af60       __ehhandler$??R?$CompareFunction@M@BinaryTreeTemplate@@UBEKPAV?$TNode@M@1@0@Z 0041bf60 f   Main.obj
 0002:0000af90       __unwindfunclet$?ClearTree@?$TBinaryTree@HU?$CompareFunction@H@BinaryTreeTemplate@@@BinaryTreeTemplate@@UAE_NXZ$0 0041bf90 f   Main.obj
 0002:0000af98       __ehhandler$?ClearTree@?$TBinaryTree@HU?$CompareFunction@H@BinaryTreeTemplate@@@BinaryTreeTemplate@@UAE_NXZ 0041bf98 f   Main.obj
 0002:0000afd0       __unwindfunclet$?ClearTree@?$TBinaryTree@MU?$CompareFunction@M@BinaryTreeTemplate@@@BinaryTreeTemplate@@UAE_NXZ$0 0041bfd0 f   Main.obj
 0002:0000afd8       __ehhandler$?ClearTree@?$TBinaryTree@MU?$CompareFunction@M@BinaryTreeTemplate@@@BinaryTreeTemplate@@UAE_NXZ 0041bfd8 f   Main.obj
 0002:0000b010       __unwindfunclet$?PrintTree@?$TBinaryTree@HU?$CompareFunction@H@BinaryTreeTemplate@@@BinaryTreeTemplate@@UAE_NXZ$0 0041c010 f   Main.obj
 0002:0000b018       __ehhandler$?PrintTree@?$TBinaryTree@HU?$CompareFunction@H@BinaryTreeTemplate@@@BinaryTreeTemplate@@UAE_NXZ 0041c018 f   Main.obj
 0002:0000b050       __unwindfunclet$?PrintTree@?$TBinaryTree@MU?$CompareFunction@M@BinaryTreeTemplate@@@BinaryTreeTemplate@@UAE_NXZ$0 0041c050 f   Main.obj
 0002:0000b058       __ehhandler$?PrintTree@?$TBinaryTree@MU?$CompareFunction@M@BinaryTreeTemplate@@@BinaryTreeTemplate@@UAE_NXZ 0041c058 f   Main.obj
 0002:0000b090       __unwindfunclet$?Put@?$TBinaryTree@HU?$CompareFunction@H@BinaryTreeTemplate@@@BinaryTreeTemplate@@UAE_NABH@Z$0 0041c090 f   Main.obj
 0002:0000b098       __ehhandler$?Put@?$TBinaryTree@HU?$CompareFunction@H@BinaryTreeTemplate@@@BinaryTreeTemplate@@UAE_NABH@Z 0041c098 f   Main.obj
 0002:0000b0d0       __unwindfunclet$?Put@?$TBinaryTree@MU?$CompareFunction@M@BinaryTreeTemplate@@@BinaryTreeTemplate@@UAE_NABM@Z$0 0041c0d0 f   Main.obj
 0002:0000b0d8       __ehhandler$?Put@?$TBinaryTree@MU?$CompareFunction@M@BinaryTreeTemplate@@@BinaryTreeTemplate@@UAE_NABM@Z 0041c0d8 f   Main.obj
 0002:0000b110       __unwindfunclet$?Remove@?$TBinaryTree@HU?$CompareFunction@H@BinaryTreeTemplate@@@BinaryTreeTemplate@@UAE_NABH@Z$0 0041c110 f   Main.obj
 0002:0000b118       __ehhandler$?Remove@?$TBinaryTree@HU?$CompareFunction@H@BinaryTreeTemplate@@@BinaryTreeTemplate@@UAE_NABH@Z 0041c118 f   Main.obj
 0002:0000b150       __unwindfunclet$?Remove@?$TBinaryTree@MU?$CompareFunction@M@BinaryTreeTemplate@@@BinaryTreeTemplate@@UAE_NABM@Z$0 0041c150 f   Main.obj
 0002:0000b158       __ehhandler$?Remove@?$TBinaryTree@MU?$CompareFunction@M@BinaryTreeTemplate@@@BinaryTreeTemplate@@UAE_NABM@Z 0041c158 f   Main.obj
 0002:0000b190       __unwindfunclet$?Search@?$TBinaryTree@HU?$CompareFunction@H@BinaryTreeTemplate@@@BinaryTreeTemplate@@UAE_NABH@Z$0 0041c190 f   Main.obj
 0002:0000b198       __ehhandler$?Search@?$TBinaryTree@HU?$CompareFunction@H@BinaryTreeTemplate@@@BinaryTreeTemplate@@UAE_NABH@Z 0041c198 f   Main.obj
 0002:0000b1d0       __unwindfunclet$?Search@?$TBinaryTree@MU?$CompareFunction@M@BinaryTreeTemplate@@@BinaryTreeTemplate@@UAE_NABM@Z$0 0041c1d0 f   Main.obj
 0002:0000b1d8       __ehhandler$?Search@?$TBinaryTree@MU?$CompareFunction@M@BinaryTreeTemplate@@@BinaryTreeTemplate@@UAE_NABM@Z 0041c1d8 f   Main.obj
 0002:0000b210       __unwindfunclet$?TemplateBinaryTreePractice@@YAXXZ$0 0041c210 f   Main.obj
 0002:0000b218       __unwindfunclet$?TemplateBinaryTreePractice@@YAXXZ$1 0041c218 f   Main.obj
 0002:0000b223       __ehhandler$?TemplateBinaryTreePractice@@YAXXZ 0041c223 f   Main.obj
 0002:0000b260       __ehhandler$?_Mymtx@_Mutex_base@std@@AAEPAU_Mtx_internal_imp_t@@XZ 0041c260 f   Main.obj
 0002:0000b290       __ehhandler$?eof@?$char_traits@D@std@@SAHXZ 0041c290 f   Main.obj
 0002:0000b2c0       __ehhandler$?eq_int_type@?$char_traits@D@std@@SA_NABH0@Z 0041c2c0 f   Main.obj
 0002:0000b2f0       __ehhandler$?length@?$char_traits@D@std@@SAIQBD@Z 0041c2f0 f   Main.obj
 0003:00000104       ?pre_cpp_initializer@@3P6AXXZA 0041e104     MSVCRTD:exe_main.obj
 0003:00000410       ?pre_c_initializer@@3P6AHXZA 0041e410     MSVCRTD:exe_main.obj
 0003:00000514       ?post_pgo_initializer@@3P6AHXZA 0041e514     MSVCRTD:exe_main.obj
 0003:00000e60       _GS_ExceptionPointers      0041ee60     MSVCRTD:gs_report.obj
 0003:00000e6c       ?_RTC_ErrorMessages@@3QBQBDB 0041ee6c     MSVCRTD:error.obj
 0003:00000e84       ?_RTC_NoFalsePositives@@3QBHB 0041ee84     MSVCRTD:error.obj
 0003:00000e9c       ?stack_premsg@@3QBDB       0041ee9c     MSVCRTD:error.obj
 0003:00000eb8       ?stack_postmsg@@3QBDB      0041eeb8     MSVCRTD:error.obj
 0003:00000ecc       ?uninit_premsg@@3QBDB      0041eecc     MSVCRTD:error.obj
 0003:00000edc       ?uninit_postmsg@@3QBDB     0041eedc     MSVCRTD:error.obj
 0003:00001520       ?_RTC_errlist@@3QBQBDB     0041f520     MSVCRTD:userapi.obj
 0003:0000167c       ?mspdbName@@3QB_WB         0041f67c     MSVCRTD:pdblkup.obj
 0003:000016a0       ?debugCrtFileName@@3QB_WB  0041f6a0     MSVCRTD:pdblkup.obj
 0003:00001830       ?dllExt@?1??GetPdbDllPathFromFilePath@@YAHPB_WPA_WI@Z@4QB_WB 0041f830     MSVCRTD:pdblkup.obj
 0003:0000183c       ?mspdbFilename@?1??GetPdbDllPathFromFilePath@@YAHPB_WPA_WI@Z@4QB_WB 0041f83c     MSVCRTD:pdblkup.obj
 0003:0000214c       __RTC_InitBase.rtc$IMZ     0042014c     BinaryTree.obj
 0003:00002150       __RTC_InitBase.rtc$IMZ     00420150     Main.obj
 0003:00002460       __RTC_Shutdown.rtc$TMZ     00420460     BinaryTree.obj
 0003:00002464       __RTC_Shutdown.rtc$TMZ     00420464     Main.obj
 0003:00002670       __ehfuncinfo$?CreateNode@BinaryTree@@IAEPAU_Node@@XZ 00420670     BinaryTree.obj
 0003:00002698       __ehfuncinfo$??0BinaryTree@@QAE@XZ 00420698     BinaryTree.obj
 0003:000026c0       __ehfuncinfo$??1BinaryTree@@QAE@XZ 004206c0     BinaryTree.obj
 0003:000026e8       __ehfuncinfo$?length@?$char_traits@D@std@@SAIQBD@Z 004206e8     Main.obj
 0003:00002710       __ehfuncinfo$?eq_int_type@?$char_traits@D@std@@SA_NABH0@Z 00420710     Main.obj
 0003:00002738       __ehfuncinfo$?eof@?$char_traits@D@std@@SAHXZ 00420738     Main.obj
 0003:00002760       __ehfuncinfo$??0_Mutex_base@std@@QAE@H@Z 00420760     Main.obj
 0003:00002788       __ehfuncinfo$??1_Mutex_base@std@@QAE@XZ 00420788     Main.obj
 0003:000027b0       __ehfuncinfo$?_Mymtx@_Mutex_base@std@@AAEPAU_Mtx_internal_imp_t@@XZ 004207b0     Main.obj
 0003:000027d8       __ehfuncinfo$??0mutex@std@@QAE@XZ 004207d8     Main.obj
 0003:00002800       __ehfuncinfo$??1?$lock_guard@Vmutex@std@@@std@@QAE@XZ 00420800     Main.obj
 0003:00002828       __unwindtable$?TemplateBinaryTreePractice@@YAXXZ 00420828     Main.obj
 0003:00002838       __ehfuncinfo$?TemplateBinaryTreePractice@@YAXXZ 00420838     Main.obj
 0003:00002864       __ehfuncinfo$??R?$CompareFunction@H@BinaryTreeTemplate@@UBEKPAV?$TNode@H@1@0@Z 00420864     Main.obj
 0003:0000288c       __ehfuncinfo$??0?$TBinaryTree@HU?$CompareFunction@H@BinaryTreeTemplate@@@BinaryTreeTemplate@@QAE@XZ 0042088c     Main.obj
 0003:000028b4       __ehfuncinfo$??1?$TBinaryTree@HU?$CompareFunction@H@BinaryTreeTemplate@@@BinaryTreeTemplate@@UAE@XZ 004208b4     Main.obj
 0003:000028dc       __unwindtable$?Put@?$TBinaryTree@HU?$CompareFunction@H@BinaryTreeTemplate@@@BinaryTreeTemplate@@UAE_NABH@Z 004208dc     Main.obj
 0003:000028e4       __ehfuncinfo$?Put@?$TBinaryTree@HU?$CompareFunction@H@BinaryTreeTemplate@@@BinaryTreeTemplate@@UAE_NABH@Z 004208e4     Main.obj
 0003:0000290c       __unwindtable$?Remove@?$TBinaryTree@HU?$CompareFunction@H@BinaryTreeTemplate@@@BinaryTreeTemplate@@UAE_NABH@Z 0042090c     Main.obj
 0003:00002914       __ehfuncinfo$?Remove@?$TBinaryTree@HU?$CompareFunction@H@BinaryTreeTemplate@@@BinaryTreeTemplate@@UAE_NABH@Z 00420914     Main.obj
 0003:0000293c       __unwindtable$?Search@?$TBinaryTree@HU?$CompareFunction@H@BinaryTreeTemplate@@@BinaryTreeTemplate@@UAE_NABH@Z 0042093c     Main.obj
 0003:00002944       __ehfuncinfo$?Search@?$TBinaryTree@HU?$CompareFunction@H@BinaryTreeTemplate@@@BinaryTreeTemplate@@UAE_NABH@Z 00420944     Main.obj
 0003:0000296c       __unwindtable$?ClearTree@?$TBinaryTree@HU?$CompareFunction@H@BinaryTreeTemplate@@@BinaryTreeTemplate@@UAE_NXZ 0042096c     Main.obj
 0003:00002974       __ehfuncinfo$?ClearTree@?$TBinaryTree@HU?$CompareFunction@H@BinaryTreeTemplate@@@BinaryTreeTemplate@@UAE_NXZ 00420974     Main.obj
 0003:0000299c       __unwindtable$?PrintTree@?$TBinaryTree@HU?$CompareFunction@H@BinaryTreeTemplate@@@BinaryTreeTemplate@@UAE_NXZ 0042099c     Main.obj
 0003:000029a4       __ehfuncinfo$?PrintTree@?$TBinaryTree@HU?$CompareFunction@H@BinaryTreeTemplate@@@BinaryTreeTemplate@@UAE_NXZ 004209a4     Main.obj
 0003:000029cc       __ehfuncinfo$??R?$CompareFunction@M@BinaryTreeTemplate@@UBEKPAV?$TNode@M@1@0@Z 004209cc     Main.obj
 0003:000029f4       __ehfuncinfo$??0?$TBinaryTree@MU?$CompareFunction@M@BinaryTreeTemplate@@@BinaryTreeTemplate@@QAE@XZ 004209f4     Main.obj
 0003:00002a1c       __ehfuncinfo$??1?$TBinaryTree@MU?$CompareFunction@M@BinaryTreeTemplate@@@BinaryTreeTemplate@@UAE@XZ 00420a1c     Main.obj
 0003:00002a44       __unwindtable$?Put@?$TBinaryTree@MU?$CompareFunction@M@BinaryTreeTemplate@@@BinaryTreeTemplate@@UAE_NABM@Z 00420a44     Main.obj
 0003:00002a4c       __ehfuncinfo$?Put@?$TBinaryTree@MU?$CompareFunction@M@BinaryTreeTemplate@@@BinaryTreeTemplate@@UAE_NABM@Z 00420a4c     Main.obj
 0003:00002a74       __unwindtable$?Remove@?$TBinaryTree@MU?$CompareFunction@M@BinaryTreeTemplate@@@BinaryTreeTemplate@@UAE_NABM@Z 00420a74     Main.obj
 0003:00002a7c       __ehfuncinfo$?Remove@?$TBinaryTree@MU?$CompareFunction@M@BinaryTreeTemplate@@@BinaryTreeTemplate@@UAE_NABM@Z 00420a7c     Main.obj
 0003:00002aa4       __unwindtable$?Search@?$TBinaryTree@MU?$CompareFunction@M@BinaryTreeTemplate@@@BinaryTreeTemplate@@UAE_NABM@Z 00420aa4     Main.obj
 0003:00002aac       __ehfuncinfo$?Search@?$TBinaryTree@MU?$CompareFunction@M@BinaryTreeTemplate@@@BinaryTreeTemplate@@UAE_NABM@Z 00420aac     Main.obj
 0003:00002ad4       __unwindtable$?ClearTree@?$TBinaryTree@MU?$CompareFunction@M@BinaryTreeTemplate@@@BinaryTreeTemplate@@UAE_NXZ 00420ad4     Main.obj
 0003:00002adc       __ehfuncinfo$?ClearTree@?$TBinaryTree@MU?$CompareFunction@M@BinaryTreeTemplate@@@BinaryTreeTemplate@@UAE_NXZ 00420adc     Main.obj
 0003:00002b04       __unwindtable$?PrintTree@?$TBinaryTree@MU?$CompareFunction@M@BinaryTreeTemplate@@@BinaryTreeTemplate@@UAE_NXZ 00420b04     Main.obj
 0003:00002b0c       __ehfuncinfo$?PrintTree@?$TBinaryTree@MU?$CompareFunction@M@BinaryTreeTemplate@@@BinaryTreeTemplate@@UAE_NXZ 00420b0c     Main.obj
 0003:00002b34       __ehfuncinfo$??0?$TNode@M@BinaryTreeTemplate@@QAE@ABM@Z 00420b34     Main.obj
 0003:00002b5c       __ehfuncinfo$??1?$TNode@M@BinaryTreeTemplate@@QAE@XZ 00420b5c     Main.obj
 0003:00002b84       __ehfuncinfo$??0?$TNode@H@BinaryTreeTemplate@@QAE@ABH@Z 00420b84     Main.obj
 0003:00002bac       __ehfuncinfo$??1?$TNode@H@BinaryTreeTemplate@@QAE@XZ 00420bac     Main.obj
 0003:00002bd4       __catchsym$??$?6U?$char_traits@D@std@@@std@@YAAAV?$basic_ostream@DU?$char_traits@D@std@@@0@AAV10@PBD@Z$3 00420bd4     Main.obj
 0003:00002be4       __tryblocktable$??$?6U?$char_traits@D@std@@@std@@YAAAV?$basic_ostream@DU?$char_traits@D@std@@@0@AAV10@PBD@Z 00420be4     Main.obj
 0003:00002bf8       __unwindtable$??$?6U?$char_traits@D@std@@@std@@YAAAV?$basic_ostream@DU?$char_traits@D@std@@@0@AAV10@PBD@Z 00420bf8     Main.obj
 0003:00002c10       __ehfuncinfo$??$?6U?$char_traits@D@std@@@std@@YAAAV?$basic_ostream@DU?$char_traits@D@std@@@0@AAV10@PBD@Z 00420c10     Main.obj
 0003:00002c40       __ehfuncinfo$??1_Sentry_base@?$basic_ostream@DU?$char_traits@D@std@@@std@@QAE@XZ 00420c40     Main.obj
 0003:00002c68       __unwindtable$??0sentry@?$basic_ostream@DU?$char_traits@D@std@@@std@@QAE@AAV12@@Z 00420c68     Main.obj
 0003:00002c70       __ehfuncinfo$??0sentry@?$basic_ostream@DU?$char_traits@D@std@@@std@@QAE@AAV12@@Z 00420c70     Main.obj
 0003:00002c98       __ehfuncinfo$??1sentry@?$basic_ostream@DU?$char_traits@D@std@@@std@@QAE@XZ 00420c98     Main.obj
 0003:00002cc0       __sehtable$?__scrt_common_main_seh@@YAHXZ 00420cc0     MSVCRTD:exe_main.obj
 0003:00002ce0       __sehtable$?notify_debugger@@YAXABUtagEXCEPTION_VISUALCPP_DEBUG_INFO@@@Z 00420ce0     MSVCRTD:error.obj
 0003:00002db0       __sehtable$___scrt_is_nonwritable_in_current_image 00420db0     MSVCRTD:utility.obj
 0004:00000450       ?init@?1??_RTC_InitBase@@9@4_NA 00421450     MSVCRTD:init.obj
 0004:00000458       _GS_ExceptionRecord        00421458     MSVCRTD:gs_report.obj
 0004:000004a8       _GS_ContextRecord          004214a8     MSVCRTD:gs_report.obj
 0004:00000814       ?_RTC_ErrorReportFunc@@3P6AHHPBDH00ZZA 00421814     MSVCRTD:userapi.obj
 0004:00000818       ?_RTC_ErrorReportFuncW@@3P6AHHPB_WH00ZZA 00421818     MSVCRTD:userapi.obj
 0004:00000828       ?is_initialized_as_dll@@3_NA 00421828     MSVCRTD:utility.obj
 0004:00000829       ?module_local_atexit_table_initialized@@3_NA 00421829     MSVCRTD:utility.obj
 0004:0000082c       ?module_local_atexit_table@@3U_onexit_table_t@@A 0042182c     MSVCRTD:utility.obj
 0004:00000838       ?module_local_at_quick_exit_table@@3U_onexit_table_t@@A 00421838     MSVCRTD:utility.obj
 0004:00000870       ?mspdb@@3PAUHINSTANCE__@@A 00421870     MSVCRTD:pdblkup.obj
 0004:00000874       ?alreadyTried@?1??GetPdbDll@@YAPAUHINSTANCE__@@XZ@4_NA 00421874     MSVCRTD:pdblkup.obj
 0004:00000875       ?PDBOK@?1??_RTC_GetSrcLine@@YAHPAEPA_WKPAH1K@Z@4_NA 00421875     MSVCRTD:pdblkup.obj
 0005:0000095e       .idata$6                   0042295e     msvcprtd:MSVCP140D.dll
 0005:00000a5c       .idata$6                   00422a5c     vcruntimed:VCRUNTIME140D.dll
 0005:00000d56       .idata$6                   00422d56     ucrtd:ucrtbased.dll
 0005:00000f3a       .idata$6                   00422f3a     kernel32:KERNEL32.dll
 0006:00000000       __F5DA006B_stdafx@h        00424000     BinaryTree.obj
 0006:00000001       __C5B81F9F_binarytree@pch  00424001     BinaryTree.obj
 0006:00000002       __6C939DF9_binarytree@h    00424002     BinaryTree.obj
 0006:00000003       __38AF3EB5_binarytree@cpp  00424003     BinaryTree.obj
 0006:00000004       __F5FBB7A7_memory          00424004     BinaryTree.obj
 0006:00000005       __C93D61D9_vcruntime_typeinfo@h 00424005     BinaryTree.obj
 0006:00000006       __025BBC9B_xatomic0@h      00424006     BinaryTree.obj
 0006:00000007       __5366CB6F_xmemory0        00424007     BinaryTree.obj
 0006:00000008       __82350A3E_xutility        00424008     BinaryTree.obj
 0006:00000009       __85BC6EAF_iosfwd          00424009     BinaryTree.obj
 0006:0000000a       __78F4D6C6_string@h        0042400a     BinaryTree.obj
 0006:0000000b       __9F081559_corecrt_memory@h 0042400b     BinaryTree.obj
 0006:0000000c       __77DDC607_exception       0042400c     BinaryTree.obj
 0006:0000000d       __ADBABA88_vcruntime_exception@h 0042400d     BinaryTree.obj
 0006:0000000e       __6AAA6594_malloc@h        0042400e     BinaryTree.obj
 0006:0000000f       __61BB9A3A_type_traits     0042400f     BinaryTree.obj
 0006:00000010       __4955BB29_limits          00424010     BinaryTree.obj
 0006:00000011       __39A2DF64_xtgmath@h       00424011     BinaryTree.obj
 0006:00000012       __D3B9AD24_cmath           00424012     BinaryTree.obj
 0006:00000013       __88C0B98A_cstdlib         00424013     BinaryTree.obj
 0006:00000014       __EDC08FAA_corecrt_math@h  00424014     BinaryTree.obj
 0006:00000015       __FE874262_stdlib@h        00424015     BinaryTree.obj
 0006:00000016       __959C04A0_vcruntime_new@h 00424016     BinaryTree.obj
 0006:0000001b       __F5DA006B_stdafx@h        0042401b     Main.obj
 0006:0000001c       __C5B81F9F_binarytree@pch  0042401c     Main.obj
 0006:0000001d       __48D2AB13_xstddef         0042401d     Main.obj
 0006:0000001e       __BFCD3C01_utility         0042401e     Main.obj
 0006:0000001f       __FC3344E6_streambuf       0042401f     Main.obj
 0006:00000020       __6DA577AB_ostream         00424020     Main.obj
 0006:00000021       __0E754291_istream         00424021     Main.obj
 0006:00000022       __A18BD95E_xstring         00424022     Main.obj
 0006:00000023       __4DA18247_tbinarytree@h   00424023     Main.obj
 0006:00000024       __A3797CDC_stdio@h         00424024     Main.obj
 0006:00000025       __320E01E0_corecrt_stdio_config@h 00424025     Main.obj
 0006:00000026       __EE44C0DB_main@cpp        00424026     Main.obj
 0006:00000027       __ADA73EDA_mutex           00424027     Main.obj
 0006:00000028       __2EB6CF11_thread          00424028     Main.obj
 0006:00000029       __C239FACB_xthread         00424029     Main.obj
 0006:0000002a       __986A21A8_functional      0042402a     Main.obj
 0006:0000002b       __759AB465_tuple           0042402b     Main.obj
 0006:0000002c       __2DB8BDA3_chrono          0042402c     Main.obj
 0006:0000002d       __42C6E78E_time@h          0042402d     Main.obj
 0006:0000002e       __BF0A348A_ratio           0042402e     Main.obj
 0006:0000002f       __25B078BE_ios             0042402f     Main.obj
 0006:00000030       __5D5F9F21_wchar@h         00424030     Main.obj
 0006:00000031       __E032CB78_xlocnum         00424031     Main.obj
 0006:00000032       __D4866DFC_xiosbase        00424032     Main.obj
 0006:00000033       __9169A177_system_error    00424033     Main.obj
 0006:00000034       __2E34B357_xcall_once@h    00424034     Main.obj
 0006:00000035       __7EB5AD6F_xlocale         00424035     Main.obj
 0006:00000036       __D9BEE0A8_xfacet          00424036     Main.obj
 0006:00000037       __F5FBB7A7_memory          00424037     Main.obj
 0006:00000038       __ED631AEF_xlocinfo        00424038     Main.obj
 0006:00000039       __7C512EE2_ctype@h         00424039     Main.obj
 0006:0000003a       __C93D61D9_vcruntime_typeinfo@h 0042403a     Main.obj
 0006:0000003b       __FE93FC5A_stdexcept       0042403b     Main.obj
 0006:0000003c       __025BBC9B_xatomic0@h      0042403c     Main.obj
 0006:0000003d       __5366CB6F_xmemory0        0042403d     Main.obj
 0006:0000003e       __82350A3E_xutility        0042403e     Main.obj
 0006:0000003f       __85BC6EAF_iosfwd          0042403f     Main.obj
 0006:00000040       __4955BB29_limits          00424040     Main.obj
 0006:00000041       __77DDC607_exception       00424041     Main.obj
 0006:00000042       __ADBABA88_vcruntime_exception@h 00424042     Main.obj
 0006:00000043       __6AAA6594_malloc@h        00424043     Main.obj
 0006:00000044       __61BB9A3A_type_traits     00424044     Main.obj
 0006:00000045       __78F4D6C6_string@h        00424045     Main.obj
 0006:00000046       __9F081559_corecrt_memory@h 00424046     Main.obj
 0006:00000047       __39A2DF64_xtgmath@h       00424047     Main.obj
 0006:00000048       __D3B9AD24_cmath           00424048     Main.obj
 0006:00000049       __88C0B98A_cstdlib         00424049     Main.obj
 0006:0000004a       __EDC08FAA_corecrt_math@h  0042404a     Main.obj
 0006:0000004b       __FE874262_stdlib@h        0042404b     Main.obj
 0006:0000004c       __959C04A0_vcruntime_new@h 0042404c     Main.obj
 0006:00000057       __C5B81F9F_binarytree@pch  00424057     stdafx.obj
 0006:00000058       __320E01E0_corecrt_stdio_config@h 00424058     stdafx.obj
 0006:00000059       __BAC7FC50_corecrt_wstdio@h 00424059     stdafx.obj
 0006:0000005a       __A3797CDC_stdio@h         0042405a     stdafx.obj
 0006:0000005b       __07523DAF_corecrt_memcpy_s@h 0042405b     stdafx.obj
 0006:0000005c       __FEB88A67_corecrt_wconio@h 0042405c     stdafx.obj
 0006:0000005d       __BE076D93_corecrt_wio@h   0042405d     stdafx.obj
 0006:0000005e       __9CE3A74D_corecrt_wstring@h 0042405e     stdafx.obj
 0006:0000005f       __90701A18_corecrt_wtime@h 0042405f     stdafx.obj
 0006:00000060       __33831CCF_stat@h          00424060     stdafx.obj
 0006:00000061       __5D5F9F21_wchar@h         00424061     stdafx.obj
 0006:00000062       __6CB785BC_tchar@h         00424062     stdafx.obj
 0008:00000170       $R000000                   00426170     * linker generated manifest res *

 Exports

  ordinal    name

